09-21 21:51:03.149   709   709 D android.hardware.lights-service.mediatek: write 88 to /sys/class/leds/lcd-backlight/brightness, result: 0
09-21 21:51:03.150   709   709 D android.hardware.lights-service.mediatek: write 88 to /sys/class/leds/sublcd-backlight/brightness
09-21 21:51:03.150   709   709 D android.hardware.lights-service.mediatek: write 88 to /sys/class/leds/sublcd-backlight/brightness, result: 0
09-21 21:51:03.154   954  1085 D AAL     : onBacklightChanged: 365/1023 -> 353/1023(phy:1413/4095)
09-21 21:51:03.164   709   709 D android.hardware.lights-service.mediatek: Lights setting state for id=0, color=ff555555
09-21 21:51:03.164   709   709 D android.hardware.lights-service.mediatek: read 1 from /sys/devices/platform/shengyou_spec/hdmi_ctrl_sta
09-21 21:51:03.164   709   709 D android.hardware.lights-service.mediatek: read_int, val=1, ret=2, path=/sys/devices/platform/shengyou_spec/hdmi_ctrl_sta
09-21 21:51:03.164   709   709 D android.hardware.lights-service.mediatek: read 1 from /sys/devices/platform/shengyou_spec/hdmi_bl_sta
09-21 21:51:03.164   709   709 D android.hardware.lights-service.mediatek: read_int, val=1, ret=2, path=/sys/devices/platform/shengyou_spec/hdmi_bl_sta
09-21 21:51:03.164   709   709 D android.hardware.lights-service.mediatek: set_light_backlight, hdmi_state=1, hdmi_backlight=1, level=85, onMS=0, offMS=0
09-21 21:51:03.164   709   709 D android.hardware.lights-service.mediatek: write 85 to /sys/class/leds/lcd-backlight/brightness
09-21 21:51:03.165   709   709 D android.hardware.lights-service.mediatek: write 85 to /sys/class/leds/lcd-backlight/brightness, result: 0
09-21 21:51:03.165   709   709 D android.hardware.lights-service.mediatek: write 85 to /sys/class/leds/sublcd-backlight/brightness
09-21 21:51:03.165   709   709 D android.hardware.lights-service.mediatek: write 85 to /sys/class/leds/sublcd-backlight/brightness, result: 0
09-21 21:51:03.174   954  1085 D AAL     : onBacklightChanged: 353/1023 -> 341/1023(phy:1365/4095)
09-21 21:51:03.174   954  1085 D AAL     : 09-21 09:51:03.097 BL= 313,ESS= 256, 09-21 09:51:03.116 BL= 300,ESS= 256, 09-21 09:51:03.136 BL= 286,ESS= 256, 09-21 09:51:03.155 BL= 275,ESS= 256, 09-21 09:51:03.174 BL= 267,ESS= 256, 
09-21 21:51:03.181   709   709 D android.hardware.lights-service.mediatek: Lights setting state for id=0, color=ff525252
09-21 21:51:03.181   709   709 D android.hardware.lights-service.mediatek: read 1 from /sys/devices/platform/shengyou_spec/hdmi_ctrl_sta
09-21 21:51:03.182   709   709 D android.hardware.lights-service.mediatek: read_int, val=1, ret=2, path=/sys/devices/platform/shengyou_spec/hdmi_ctrl_sta
09-21 21:51:03.183   709   709 D android.hardware.lights-service.mediatek: read 1 from /sys/devices/platform/shengyou_spec/hdmi_bl_sta
09-21 21:51:03.184   709   709 D android.hardware.lights-service.mediatek: read_int, val=1, ret=2, path=/sys/devices/platform/shengyou_spec/hdmi_bl_sta
09-21 21:51:03.186   709   709 D android.hardware.lights-service.mediatek: set_light_backlight, hdmi_state=1, hdmi_backlight=1, level=82, onMS=0, offMS=0
09-21 21:51:03.186   709   709 D android.hardware.lights-service.mediatek: write 82 to /sys/class/leds/lcd-backlight/brightness
09-21 21:51:03.186   709   709 D android.hardware.lights-service.mediatek: write 82 to /sys/class/leds/lcd-backlight/brightness, result: 0
09-21 21:51:03.187   709   709 D android.hardware.lights-service.mediatek: write 82 to /sys/class/leds/sublcd-backlight/brightness
09-21 21:51:03.188   709   709 D android.hardware.lights-service.mediatek: write 82 to /sys/class/leds/sublcd-backlight/brightness, result: 0
09-21 21:51:03.191   709   709 D android.hardware.lights-service.mediatek: Lights setting state for id=0, color=ff505050
09-21 21:51:03.192   709   709 D android.hardware.lights-service.mediatek: read 1 from /sys/devices/platform/shengyou_spec/hdmi_ctrl_sta
09-21 21:51:03.192   709   709 D android.hardware.lights-service.mediatek: read_int, val=1, ret=2, path=/sys/devices/platform/shengyou_spec/hdmi_ctrl_sta
09-21 21:51:03.192   709   709 D android.hardware.lights-service.mediatek: read 1 from /sys/devices/platform/shengyou_spec/hdmi_bl_sta
09-21 21:51:03.192   709   709 D android.hardware.lights-service.mediatek: read_int, val=1, ret=2, path=/sys/devices/platform/shengyou_spec/hdmi_bl_sta
09-21 21:51:03.192   709   709 D android.hardware.lights-service.mediatek: set_light_backlight, hdmi_state=1, hdmi_backlight=1, level=80, onMS=0, offMS=0
09-21 21:51:03.192   709   709 D android.hardware.lights-service.mediatek: write 80 to /sys/class/leds/lcd-backlight/brightness
09-21 21:51:03.193   954  1085 D AAL     : onBacklightChanged: 341/1023 -> 321/1023(phy:1285/4095)
09-21 21:51:03.193   709   709 D android.hardware.lights-service.mediatek: write 80 to /sys/class/leds/lcd-backlight/brightness, result: 0
09-21 21:51:03.193   709   709 D android.hardware.lights-service.mediatek: write 80 to /sys/class/leds/sublcd-backlight/brightness
09-21 21:51:03.193   709   709 D android.hardware.lights-service.mediatek: write 80 to /sys/class/leds/sublcd-backlight/brightness, result: 0
09-21 21:51:03.207   709   709 D android.hardware.lights-service.mediatek: Lights setting state for id=0, color=ff4d4d4d
09-21 21:51:03.207   709   709 D android.hardware.lights-service.mediatek: read 1 from /sys/devices/platform/shengyou_spec/hdmi_ctrl_sta
09-21 21:51:03.208   709   709 D android.hardware.lights-service.mediatek: read_int, val=1, ret=2, path=/sys/devices/platform/shengyou_spec/hdmi_ctrl_sta
09-21 21:51:03.208   709   709 D android.hardware.lights-service.mediatek: read 1 from /sys/devices/platform/shengyou_spec/hdmi_bl_sta
09-21 21:51:03.208   709   709 D android.hardware.lights-service.mediatek: read_int, val=1, ret=2, path=/sys/devices/platform/shengyou_spec/hdmi_bl_sta
09-21 21:51:03.208   709   709 D android.hardware.lights-service.mediatek: set_light_backlight, hdmi_state=1, hdmi_backlight=1, level=77, onMS=0, offMS=0
09-21 21:51:03.208   709   709 D android.hardware.lights-service.mediatek: write 77 to /sys/class/leds/lcd-backlight/brightness
09-21 21:51:03.211   709   709 D android.hardware.lights-service.mediatek: write 77 to /sys/class/leds/lcd-backlight/brightness, result: 0
09-21 21:51:03.211   709   709 D android.hardware.lights-service.mediatek: write 77 to /sys/class/leds/sublcd-backlight/brightness
09-21 21:51:03.212   709   709 D android.hardware.lights-service.mediatek: write 77 to /sys/class/leds/sublcd-backlight/brightness, result: 0
09-21 21:51:03.213   954  1085 D AAL     : onBacklightChanged: 321/1023 -> 309/1023(phy:1237/4095)
09-21 21:51:03.222   709   709 D android.hardware.lights-service.mediatek: Lights setting state for id=0, color=ff4b4b4b
09-21 21:51:03.222   709   709 D android.hardware.lights-service.mediatek: read 1 from /sys/devices/platform/shengyou_spec/hdmi_ctrl_sta
09-21 21:51:03.223   709   709 D android.hardware.lights-service.mediatek: read_int, val=1, ret=2, path=/sys/devices/platform/shengyou_spec/hdmi_ctrl_sta
09-21 21:51:03.223   709   709 D android.hardware.lights-service.mediatek: read 1 from /sys/devices/platform/shengyou_spec/hdmi_bl_sta
09-21 21:51:03.224   709   709 D android.hardware.lights-service.mediatek: read_int, val=1, ret=2, path=/sys/devices/platform/shengyou_spec/hdmi_bl_sta
09-21 21:51:03.225   709   709 D android.hardware.lights-service.mediatek: set_light_backlight, hdmi_state=1, hdmi_backlight=1, level=75, onMS=0, offMS=0
09-21 21:51:03.225   709   709 D android.hardware.lights-service.mediatek: write 75 to /sys/class/leds/lcd-backlight/brightness
09-21 21:51:03.226   709   709 D android.hardware.lights-service.mediatek: write 75 to /sys/class/leds/lcd-backlight/brightness, result: 0
09-21 21:51:03.226   709   709 D android.hardware.lights-service.mediatek: write 75 to /sys/class/leds/sublcd-backlight/brightness
09-21 21:51:03.227   709   709 D android.hardware.lights-service.mediatek: write 75 to /sys/class/leds/sublcd-backlight/brightness, result: 0
09-21 21:51:03.232   954  1085 D AAL     : onBacklightChanged: 309/1023 -> 301/1023(phy:1205/4095)
09-21 21:51:03.238   709   709 D android.hardware.lights-service.mediatek: Lights setting state for id=0, color=ff484848
09-21 21:51:03.238   709   709 D android.hardware.lights-service.mediatek: read 1 from /sys/devices/platform/shengyou_spec/hdmi_ctrl_sta
09-21 21:51:03.238   709   709 D android.hardware.lights-service.mediatek: read_int, val=1, ret=2, path=/sys/devices/platform/shengyou_spec/hdmi_ctrl_sta
09-21 21:51:03.238   709   709 D android.hardware.lights-service.mediatek: read 1 from /sys/devices/platform/shengyou_spec/hdmi_bl_sta
09-21 21:51:03.238   709   709 D android.hardware.lights-service.mediatek: read_int, val=1, ret=2, path=/sys/devices/platform/shengyou_spec/hdmi_bl_sta
09-21 21:51:03.239   709   709 D android.hardware.lights-service.mediatek: set_light_backlight, hdmi_state=1, hdmi_backlight=1, level=72, onMS=0, offMS=0
09-21 21:51:03.239   709   709 D android.hardware.lights-service.mediatek: write 72 to /sys/class/leds/lcd-backlight/brightness
09-21 21:51:03.239   709   709 D android.hardware.lights-service.mediatek: write 72 to /sys/class/leds/lcd-backlight/brightness, result: 0
09-21 21:51:03.240   709   709 D android.hardware.lights-service.mediatek: write 72 to /sys/class/leds/sublcd-backlight/brightness
09-21 21:51:03.240   709   709 D android.hardware.lights-service.mediatek: write 72 to /sys/class/leds/sublcd-backlight/brightness, result: 0
09-21 21:51:03.254   709   709 D android.hardware.lights-service.mediatek: Lights setting state for id=0, color=ff454545
09-21 21:51:03.255   709   709 D android.hardware.lights-service.mediatek: read 1 from /sys/devices/platform/shengyou_spec/hdmi_ctrl_sta
09-21 21:51:03.255   709   709 D android.hardware.lights-service.mediatek: read_int, val=1, ret=2, path=/sys/devices/platform/shengyou_spec/hdmi_ctrl_sta
09-21 21:51:03.255   709   709 D android.hardware.lights-service.mediatek: read 1 from /sys/devices/platform/shengyou_spec/hdmi_bl_sta
09-21 21:51:03.256   709   709 D android.hardware.lights-service.mediatek: read_int, val=1, ret=2, path=/sys/devices/platform/shengyou_spec/hdmi_bl_sta
09-21 21:51:03.256   709   709 D android.hardware.lights-service.mediatek: set_light_backlight, hdmi_state=1, hdmi_backlight=1, level=69, onMS=0, offMS=0
09-21 21:51:03.256   709   709 D android.hardware.lights-service.mediatek: write 69 to /sys/class/leds/lcd-backlight/brightness
09-21 21:51:03.257   709   709 D android.hardware.lights-service.mediatek: write 69 to /sys/class/leds/lcd-backlight/brightness, result: 0
09-21 21:51:03.257   709   709 D android.hardware.lights-service.mediatek: write 69 to /sys/class/leds/sublcd-backlight/brightness
09-21 21:51:03.257   709   709 D android.hardware.lights-service.mediatek: write 69 to /sys/class/leds/sublcd-backlight/brightness, result: 0
09-21 21:51:03.269   709   709 D android.hardware.lights-service.mediatek: Lights setting state for id=0, color=ff424242
09-21 21:51:03.270   709   709 D android.hardware.lights-service.mediatek: read 1 from /sys/devices/platform/shengyou_spec/hdmi_ctrl_sta
09-21 21:51:03.270   709   709 D android.hardware.lights-service.mediatek: read_int, val=1, ret=2, path=/sys/devices/platform/shengyou_spec/hdmi_ctrl_sta
09-21 21:51:03.270   709   709 D android.hardware.lights-service.mediatek: read 1 from /sys/devices/platform/shengyou_spec/hdmi_bl_sta
09-21 21:51:03.271   709   709 D android.hardware.lights-service.mediatek: read_int, val=1, ret=2, path=/sys/devices/platform/shengyou_spec/hdmi_bl_sta
09-21 21:51:03.271   709   709 D android.hardware.lights-service.mediatek: set_light_backlight, hdmi_state=1, hdmi_backlight=1, level=66, onMS=0, offMS=0
09-21 21:51:03.271   709   709 D android.hardware.lights-service.mediatek: write 66 to /sys/class/leds/lcd-backlight/brightness
09-21 21:51:03.271   709   709 D android.hardware.lights-service.mediatek: write 66 to /sys/class/leds/lcd-backlight/brightness, result: 0
09-21 21:51:03.271   709   709 D android.hardware.lights-service.mediatek: write 66 to /sys/class/leds/sublcd-backlight/brightness
09-21 21:51:03.272   709   709 D android.hardware.lights-service.mediatek: write 66 to /sys/class/leds/sublcd-backlight/brightness, result: 0
09-21 21:51:03.272   954  1085 D AAL     : onBacklightChanged: 301/1023 -> 265/1023(phy:1061/4095)
09-21 21:51:03.285   709   709 D android.hardware.lights-service.mediatek: Lights setting state for id=0, color=ff3f3f3f
09-21 21:51:03.285   709   709 D android.hardware.lights-service.mediatek: read 1 from /sys/devices/platform/shengyou_spec/hdmi_ctrl_sta
09-21 21:51:03.285   709   709 D android.hardware.lights-service.mediatek: read_int, val=1, ret=2, path=/sys/devices/platform/shengyou_spec/hdmi_ctrl_sta
09-21 21:51:03.285   709   709 D android.hardware.lights-service.mediatek: read 1 from /sys/devices/platform/shengyou_spec/hdmi_bl_sta
09-21 21:51:03.285   709   709 D android.hardware.lights-service.mediatek: read_int, val=1, ret=2, path=/sys/devices/platform/shengyou_spec/hdmi_bl_sta
09-21 21:51:03.285   709   709 D android.hardware.lights-service.mediatek: set_light_backlight, hdmi_state=1, hdmi_backlight=1, level=63, onMS=0, offMS=0
09-21 21:51:03.285   709   709 D android.hardware.lights-service.mediatek: write 63 to /sys/class/leds/lcd-backlight/brightness
09-21 21:51:03.285   709   709 D android.hardware.lights-service.mediatek: write 63 to /sys/class/leds/lcd-backlight/brightness, result: 0
09-21 21:51:03.285   709   709 D android.hardware.lights-service.mediatek: write 63 to /sys/class/leds/sublcd-backlight/brightness
09-21 21:51:03.286   709   709 D android.hardware.lights-service.mediatek: write 63 to /sys/class/leds/sublcd-backlight/brightness, result: 0
09-21 21:51:03.290   954  1085 D AAL     : onBacklightChanged: 265/1023 -> 253/1023(phy:1012/4095)
09-21 21:51:03.291   954  1085 D AAL     : 09-21 09:51:03.194 BL= 254,ESS= 256, 09-21 09:51:03.213 BL= 241,ESS= 256, 09-21 09:51:03.272 BL= 235,ESS= 256, 09-21 09:51:03.273 BL= 224,ESS= 256, 09-21 09:51:03.291 BL= 212,ESS= 256, 
09-21 21:51:03.300   709   709 D android.hardware.lights-service.mediatek: Lights setting state for id=0, color=ff3d3d3d
09-21 21:51:03.300   709   709 D android.hardware.lights-service.mediatek: read 1 from /sys/devices/platform/shengyou_spec/hdmi_ctrl_sta
09-21 21:51:03.300   709   709 D android.hardware.lights-service.mediatek: read_int, val=1, ret=2, path=/sys/devices/platform/shengyou_spec/hdmi_ctrl_sta
09-21 21:51:03.300   709   709 D android.hardware.lights-service.mediatek: read 1 from /sys/devices/platform/shengyou_spec/hdmi_bl_sta
09-21 21:51:03.300   709   709 D android.hardware.lights-service.mediatek: read_int, val=1, ret=2, path=/sys/devices/platform/shengyou_spec/hdmi_bl_sta
09-21 21:51:03.300   709   709 D android.hardware.lights-service.mediatek: set_light_backlight, hdmi_state=1, hdmi_backlight=1, level=61, onMS=0, offMS=0
09-21 21:51:03.300   709   709 D android.hardware.lights-service.mediatek: write 61 to /sys/class/leds/lcd-backlight/brightness
09-21 21:51:03.301   709   709 D android.hardware.lights-service.mediatek: write 61 to /sys/class/leds/lcd-backlight/brightness, result: 0
09-21 21:51:03.301   709   709 D android.hardware.lights-service.mediatek: write 61 to /sys/class/leds/sublcd-backlight/brightness
09-21 21:51:03.301   709   709 D android.hardware.lights-service.mediatek: write 61 to /sys/class/leds/sublcd-backlight/brightness, result: 0
09-21 21:51:03.310   954  1085 D AAL     : onBacklightChanged: 253/1023 -> 245/1023(phy:980/4095)
09-21 21:51:03.315   709   709 D android.hardware.lights-service.mediatek: Lights setting state for id=0, color=ff3a3a3a
09-21 21:51:03.315   709   709 D android.hardware.lights-service.mediatek: read 1 from /sys/devices/platform/shengyou_spec/hdmi_ctrl_sta
09-21 21:51:03.315   709   709 D android.hardware.lights-service.mediatek: read_int, val=1, ret=2, path=/sys/devices/platform/shengyou_spec/hdmi_ctrl_sta
09-21 21:51:03.315   709   709 D android.hardware.lights-service.mediatek: read 1 from /sys/devices/platform/shengyou_spec/hdmi_bl_sta
09-21 21:51:03.315   709   709 D android.hardware.lights-service.mediatek: read_int, val=1, ret=2, path=/sys/devices/platform/shengyou_spec/hdmi_bl_sta
09-21 21:51:03.316   709   709 D android.hardware.lights-service.mediatek: set_light_backlight, hdmi_state=1, hdmi_backlight=1, level=58, onMS=0, offMS=0
09-21 21:51:03.316   709   709 D android.hardware.lights-service.mediatek: write 58 to /sys/class/leds/lcd-backlight/brightness
09-21 21:51:03.316   709   709 D android.hardware.lights-service.mediatek: write 58 to /sys/class/leds/lcd-backlight/brightness, result: 0
09-21 21:51:03.316   709   709 D android.hardware.lights-service.mediatek: write 58 to /sys/class/leds/sublcd-backlight/brightness
09-21 21:51:03.316   709   709 D android.hardware.lights-service.mediatek: write 58 to /sys/class/leds/sublcd-backlight/brightness, result: 0
09-21 21:51:03.329   954  1085 D AAL     : onBacklightChanged: 245/1023 -> 233/1023(phy:932/4095)
09-21 21:51:03.332   709   709 D android.hardware.lights-service.mediatek: Lights setting state for id=0, color=ff373737
09-21 21:51:03.332   709   709 D android.hardware.lights-service.mediatek: read 1 from /sys/devices/platform/shengyou_spec/hdmi_ctrl_sta
09-21 21:51:03.332   709   709 D android.hardware.lights-service.mediatek: read_int, val=1, ret=2, path=/sys/devices/platform/shengyou_spec/hdmi_ctrl_sta
09-21 21:51:03.332   709   709 D android.hardware.lights-service.mediatek: read 1 from /sys/devices/platform/shengyou_spec/hdmi_bl_sta
09-21 21:51:03.332   709   709 D android.hardware.lights-service.mediatek: read_int, val=1, ret=2, path=/sys/devices/platform/shengyou_spec/hdmi_bl_sta
09-21 21:51:03.332   709   709 D android.hardware.lights-service.mediatek: set_light_backlight, hdmi_state=1, hdmi_backlight=1, level=55, onMS=0, offMS=0
09-21 21:51:03.332   709   709 D android.hardware.lights-service.mediatek: write 55 to /sys/class/leds/lcd-backlight/brightness
09-21 21:51:03.332   709   709 D android.hardware.lights-service.mediatek: write 55 to /sys/class/leds/lcd-backlight/brightness, result: 0
09-21 21:51:03.332   709   709 D android.hardware.lights-service.mediatek: write 55 to /sys/class/leds/sublcd-backlight/brightness
09-21 21:51:03.333   709   709 D android.hardware.lights-service.mediatek: write 55 to /sys/class/leds/sublcd-backlight/brightness, result: 0
09-21 21:51:03.340  1582  1582 I WifiHAL : Get link layer stats
09-21 21:51:03.340  1582  1582 I WifiHAL : GetLinkStatsCommand::create
09-21 21:51:03.340  1582  1582 D android.hardware.wifi@1.0-service-lazy: WifiRequest::create vendor command to iface 31, vendor_id=0x1a11, subcmd=0x1200, res=0
09-21 21:51:03.340  1582  1582 I WifiHAL : GetLinkStatsCommand::handleResponse
09-21 21:51:03.340  1582  1582 E WifiHAL : handleResponse: data=0xb4000075c6e306b0, len=392
09-21 21:51:03.340  1582  1582 I WifiHAL : check_data_sanity: confirmed_size=380, len=392
09-21 21:51:03.340  1582  1582 I WifiHAL : handleResponse: iface_stat_ptr=0xb4000075c6e306b0, num_radios=0, radio_stats_ptr=0xb4000075c6e3082c
09-21 21:51:03.340  1582  1582 E android.hardware.wifi@1.0-service-lazy: Invalid radio stats in link layer stats
09-21 21:51:03.340  1582  1582 I android.hardware.wifi@1.0-service-lazy: WifiCommand::requestResponse err=-1
09-21 21:51:03.340  1582  1582 I WifiHAL : wifi_get_link_stats: result=-1
09-21 21:51:03.341  1362  1518 E WifiStaIfaceHidlImpl: getLinkLayerStatsV1_5 failed with status: {.code = ERROR_UNKNOWN, .description = unknown}
09-21 21:51:03.348   709   709 D android.hardware.lights-service.mediatek: Lights setting state for id=0, color=ff343434
09-21 21:51:03.348   709   709 D android.hardware.lights-service.mediatek: read 1 from /sys/devices/platform/shengyou_spec/hdmi_ctrl_sta
09-21 21:51:03.348   709   709 D android.hardware.lights-service.mediatek: read_int, val=1, ret=2, path=/sys/devices/platform/shengyou_spec/hdmi_ctrl_sta
09-21 21:51:03.348   709   709 D android.hardware.lights-service.mediatek: read 1 from /sys/devices/platform/shengyou_spec/hdmi_bl_sta
09-21 21:51:03.348   709   709 D android.hardware.lights-service.mediatek: read_int, val=1, ret=2, path=/sys/devices/platform/shengyou_spec/hdmi_bl_sta
09-21 21:51:03.348   709   709 D android.hardware.lights-service.mediatek: set_light_backlight, hdmi_state=1, hdmi_backlight=1, level=52, onMS=0, offMS=0
09-21 21:51:03.348   709   709 D android.hardware.lights-service.mediatek: write 52 to /sys/class/leds/lcd-backlight/brightness
09-21 21:51:03.349   954  1085 D AAL     : onBacklightChanged: 233/1023 -> 209/1023(phy:836/4095)
09-21 21:51:03.349   709   709 D android.hardware.lights-service.mediatek: write 52 to /sys/class/leds/lcd-backlight/brightness, result: 0
09-21 21:51:03.349   709   709 D android.hardware.lights-service.mediatek: write 52 to /sys/class/leds/sublcd-backlight/brightness
09-21 21:51:03.349   709   709 D android.hardware.lights-service.mediatek: write 52 to /sys/class/leds/sublcd-backlight/brightness, result: 0
09-21 21:51:03.362   709   709 D android.hardware.lights-service.mediatek: Lights setting state for id=0, color=ff313131
09-21 21:51:03.362   709   709 D android.hardware.lights-service.mediatek: read 1 from /sys/devices/platform/shengyou_spec/hdmi_ctrl_sta
09-21 21:51:03.363   709   709 D android.hardware.lights-service.mediatek: read_int, val=1, ret=2, path=/sys/devices/platform/shengyou_spec/hdmi_ctrl_sta
09-21 21:51:03.363   709   709 D android.hardware.lights-service.mediatek: read 1 from /sys/devices/platform/shengyou_spec/hdmi_bl_sta
09-21 21:51:03.363   709   709 D android.hardware.lights-service.mediatek: read_int, val=1, ret=2, path=/sys/devices/platform/shengyou_spec/hdmi_bl_sta
09-21 21:51:03.363   709   709 D android.hardware.lights-service.mediatek: set_light_backlight, hdmi_state=1, hdmi_backlight=1, level=49, onMS=0, offMS=0
09-21 21:51:03.363   709   709 D android.hardware.lights-service.mediatek: write 49 to /sys/class/leds/lcd-backlight/brightness
09-21 21:51:03.363   709   709 D android.hardware.lights-service.mediatek: write 49 to /sys/class/leds/lcd-backlight/brightness, result: 0
09-21 21:51:03.363   709   709 D android.hardware.lights-service.mediatek: write 49 to /sys/class/leds/sublcd-backlight/brightness
09-21 21:51:03.363   709   709 D android.hardware.lights-service.mediatek: write 49 to /sys/class/leds/sublcd-backlight/brightness, result: 0
09-21 21:51:03.368   954  1085 D AAL     : onBacklightChanged: 209/1023 -> 197/1023(phy:788/4095)
09-21 21:51:03.378   709   709 D android.hardware.lights-service.mediatek: Lights setting state for id=0, color=ff2f2f2f
09-21 21:51:03.378   709   709 D android.hardware.lights-service.mediatek: read 1 from /sys/devices/platform/shengyou_spec/hdmi_ctrl_sta
09-21 21:51:03.378   709   709 D android.hardware.lights-service.mediatek: read_int, val=1, ret=2, path=/sys/devices/platform/shengyou_spec/hdmi_ctrl_sta
09-21 21:51:03.378   709   709 D android.hardware.lights-service.mediatek: read 1 from /sys/devices/platform/shengyou_spec/hdmi_bl_sta
09-21 21:51:03.378   709   709 D android.hardware.lights-service.mediatek: read_int, val=1, ret=2, path=/sys/devices/platform/shengyou_spec/hdmi_bl_sta
09-21 21:51:03.378   709   709 D android.hardware.lights-service.mediatek: set_light_backlight, hdmi_state=1, hdmi_backlight=1, level=47, onMS=0, offMS=0
09-21 21:51:03.378   709   709 D android.hardware.lights-service.mediatek: write 47 to /sys/class/leds/lcd-backlight/brightness
09-21 21:51:03.378   709   709 D android.hardware.lights-service.mediatek: write 47 to /sys/class/leds/lcd-backlight/brightness, result: 0
09-21 21:51:03.378   709   709 D android.hardware.lights-service.mediatek: write 47 to /sys/class/leds/sublcd-backlight/brightness
09-21 21:51:03.379   709   709 D android.hardware.lights-service.mediatek: write 47 to /sys/class/leds/sublcd-backlight/brightness, result: 0
09-21 21:51:03.387   954  1085 D AAL     : onBacklightChanged: 197/1023 -> 189/1023(phy:756/4095)
09-21 21:51:03.388   954  1085 D AAL     : 09-21 09:51:03.310 BL= 200,ESS= 256, 09-21 09:51:03.330 BL= 189,ESS= 256, 09-21 09:51:03.349 BL= 173,ESS= 256, 09-21 09:51:03.369 BL= 157,ESS= 256, 09-21 09:51:03.388 BL= 147,ESS= 256, 
09-21 21:51:03.393   709   709 D android.hardware.lights-service.mediatek: Lights setting state for id=0, color=ff2c2c2c
09-21 21:51:03.393   709   709 D android.hardware.lights-service.mediatek: read 1 from /sys/devices/platform/shengyou_spec/hdmi_ctrl_sta
09-21 21:51:03.393   709   709 D android.hardware.lights-service.mediatek: read_int, val=1, ret=2, path=/sys/devices/platform/shengyou_spec/hdmi_ctrl_sta
09-21 21:51:03.393   709   709 D android.hardware.lights-service.mediatek: read 1 from /sys/devices/platform/shengyou_spec/hdmi_bl_sta
09-21 21:51:03.394   709   709 D android.hardware.lights-service.mediatek: read_int, val=1, ret=2, path=/sys/devices/platform/shengyou_spec/hdmi_bl_sta
09-21 21:51:03.394   709   709 D android.hardware.lights-service.mediatek: set_light_backlight, hdmi_state=1, hdmi_backlight=1, level=44, onMS=0, offMS=0
09-21 21:51:03.394   709   709 D android.hardware.lights-service.mediatek: write 44 to /sys/class/leds/lcd-backlight/brightness
09-21 21:51:03.394   709   709 D android.hardware.lights-service.mediatek: write 44 to /sys/class/leds/lcd-backlight/brightness, result: 0
09-21 21:51:03.394   709   709 D android.hardware.lights-service.mediatek: write 44 to /sys/class/leds/sublcd-backlight/brightness
09-21 21:51:03.394   709   709 D android.hardware.lights-service.mediatek: write 44 to /sys/class/leds/sublcd-backlight/brightness, result: 0
09-21 21:51:03.407   954  1085 D AAL     : onBacklightChanged: 189/1023 -> 177/1023(phy:708/4095)
09-21 21:51:03.409   709   709 D android.hardware.lights-service.mediatek: Lights setting state for id=0, color=ff292929
09-21 21:51:03.409   709   709 D android.hardware.lights-service.mediatek: read 1 from /sys/devices/platform/shengyou_spec/hdmi_ctrl_sta
09-21 21:51:03.409   709   709 D android.hardware.lights-service.mediatek: read_int, val=1, ret=2, path=/sys/devices/platform/shengyou_spec/hdmi_ctrl_sta
09-21 21:51:03.410   709   709 D android.hardware.lights-service.mediatek: read 1 from /sys/devices/platform/shengyou_spec/hdmi_bl_sta
09-21 21:51:03.410   709   709 D android.hardware.lights-service.mediatek: read_int, val=1, ret=2, path=/sys/devices/platform/shengyou_spec/hdmi_bl_sta
09-21 21:51:03.410   709   709 D android.hardware.lights-service.mediatek: set_light_backlight, hdmi_state=1, hdmi_backlight=1, level=41, onMS=0, offMS=0
09-21 21:51:03.410   709   709 D android.hardware.lights-service.mediatek: write 41 to /sys/class/leds/lcd-backlight/brightness
09-21 21:51:03.410   709   709 D android.hardware.lights-service.mediatek: write 41 to /sys/class/leds/lcd-backlight/brightness, result: 0
09-21 21:51:03.410   709   709 D android.hardware.lights-service.mediatek: write 41 to /sys/class/leds/sublcd-backlight/brightness
09-21 21:51:03.410   709   709 D android.hardware.lights-service.mediatek: write 41 to /sys/class/leds/sublcd-backlight/brightness, result: 0
09-21 21:51:03.425   709   709 D android.hardware.lights-service.mediatek: Lights setting state for id=0, color=ff262626
09-21 21:51:03.425   709   709 D android.hardware.lights-service.mediatek: read 1 from /sys/devices/platform/shengyou_spec/hdmi_ctrl_sta
09-21 21:51:03.425   709   709 D android.hardware.lights-service.mediatek: read_int, val=1, ret=2, path=/sys/devices/platform/shengyou_spec/hdmi_ctrl_sta
09-21 21:51:03.425   709   709 D android.hardware.lights-service.mediatek: read 1 from /sys/devices/platform/shengyou_spec/hdmi_bl_sta
09-21 21:51:03.425   709   709 D android.hardware.lights-service.mediatek: read_int, val=1, ret=2, path=/sys/devices/platform/shengyou_spec/hdmi_bl_sta
09-21 21:51:03.425   709   709 D android.hardware.lights-service.mediatek: set_light_backlight, hdmi_state=1, hdmi_backlight=1, level=38, onMS=0, offMS=0
09-21 21:51:03.425   709   709 D android.hardware.lights-service.mediatek: write 38 to /sys/class/leds/lcd-backlight/brightness
09-21 21:51:03.425   709   709 D android.hardware.lights-service.mediatek: write 38 to /sys/class/leds/lcd-backlight/brightness, result: 0
09-21 21:51:03.425   709   709 D android.hardware.lights-service.mediatek: write 38 to /sys/class/leds/sublcd-backlight/brightness
09-21 21:51:03.425   709   709 D android.hardware.lights-service.mediatek: write 38 to /sys/class/leds/sublcd-backlight/brightness, result: 0
09-21 21:51:03.426   954  1085 D AAL     : onBacklightChanged: 177/1023 -> 152/1023(phy:608/4095)
09-21 21:51:03.440   709   709 D android.hardware.lights-service.mediatek: Lights setting state for id=0, color=ff242424
09-21 21:51:03.440   709   709 D android.hardware.lights-service.mediatek: read 1 from /sys/devices/platform/shengyou_spec/hdmi_ctrl_sta
09-21 21:51:03.441   709   709 D android.hardware.lights-service.mediatek: read_int, val=1, ret=2, path=/sys/devices/platform/shengyou_spec/hdmi_ctrl_sta
09-21 21:51:03.441   709   709 D android.hardware.lights-service.mediatek: read 1 from /sys/devices/platform/shengyou_spec/hdmi_bl_sta
09-21 21:51:03.441   709   709 D android.hardware.lights-service.mediatek: read_int, val=1, ret=2, path=/sys/devices/platform/shengyou_spec/hdmi_bl_sta
09-21 21:51:03.441   709   709 D android.hardware.lights-service.mediatek: set_light_backlight, hdmi_state=1, hdmi_backlight=1, level=36, onMS=0, offMS=0
09-21 21:51:03.441   709   709 D android.hardware.lights-service.mediatek: write 36 to /sys/class/leds/lcd-backlight/brightness
09-21 21:51:03.441   709   709 D android.hardware.lights-service.mediatek: write 36 to /sys/class/leds/lcd-backlight/brightness, result: 0
09-21 21:51:03.441   709   709 D android.hardware.lights-service.mediatek: write 36 to /sys/class/leds/sublcd-backlight/brightness
09-21 21:51:03.441   709   709 D android.hardware.lights-service.mediatek: write 36 to /sys/class/leds/sublcd-backlight/brightness, result: 0
09-21 21:51:03.446   954  1085 D AAL     : onBacklightChanged: 152/1023 -> 144/1023(phy:576/4095)
09-21 21:51:03.456   709   709 D android.hardware.lights-service.mediatek: Lights setting state for id=0, color=ff212121
09-21 21:51:03.456   709   709 D android.hardware.lights-service.mediatek: read 1 from /sys/devices/platform/shengyou_spec/hdmi_ctrl_sta
09-21 21:51:03.456   709   709 D android.hardware.lights-service.mediatek: read_int, val=1, ret=2, path=/sys/devices/platform/shengyou_spec/hdmi_ctrl_sta
09-21 21:51:03.456   709   709 D android.hardware.lights-service.mediatek: read 1 from /sys/devices/platform/shengyou_spec/hdmi_bl_sta
09-21 21:51:03.456   709   709 D android.hardware.lights-service.mediatek: read_int, val=1, ret=2, path=/sys/devices/platform/shengyou_spec/hdmi_bl_sta
09-21 21:51:03.456   709   709 D android.hardware.lights-service.mediatek: set_light_backlight, hdmi_state=1, hdmi_backlight=1, level=33, onMS=0, offMS=0
09-21 21:51:03.456   709   709 D android.hardware.lights-service.mediatek: write 33 to /sys/class/leds/lcd-backlight/brightness
09-21 21:51:03.457   709   709 D android.hardware.lights-service.mediatek: write 33 to /sys/class/leds/lcd-backlight/brightness, result: 0
09-21 21:51:03.457   709   709 D android.hardware.lights-service.mediatek: write 33 to /sys/class/leds/sublcd-backlight/brightness
09-21 21:51:03.457   709   709 D android.hardware.lights-service.mediatek: write 33 to /sys/class/leds/sublcd-backlight/brightness, result: 0
09-21 21:51:03.465   954  1085 D AAL     : onBacklightChanged: 144/1023 -> 132/1023(phy:528/4095)
09-21 21:51:03.471   709   709 D android.hardware.lights-service.mediatek: Lights setting state for id=0, color=ff1e1e1e
09-21 21:51:03.471   709   709 D android.hardware.lights-service.mediatek: read 1 from /sys/devices/platform/shengyou_spec/hdmi_ctrl_sta
09-21 21:51:03.471   709   709 D android.hardware.lights-service.mediatek: read_int, val=1, ret=2, path=/sys/devices/platform/shengyou_spec/hdmi_ctrl_sta
09-21 21:51:03.471   709   709 D android.hardware.lights-service.mediatek: read 1 from /sys/devices/platform/shengyou_spec/hdmi_bl_sta
09-21 21:51:03.471   709   709 D android.hardware.lights-service.mediatek: read_int, val=1, ret=2, path=/sys/devices/platform/shengyou_spec/hdmi_bl_sta
09-21 21:51:03.471   709   709 D android.hardware.lights-service.mediatek: set_light_backlight, hdmi_state=1, hdmi_backlight=1, level=30, onMS=0, offMS=0
09-21 21:51:03.471   709   709 D android.hardware.lights-service.mediatek: write 30 to /sys/class/leds/lcd-backlight/brightness
09-21 21:51:03.472   709   709 D android.hardware.lights-service.mediatek: write 30 to /sys/class/leds/lcd-backlight/brightness, result: 0
09-21 21:51:03.472   709   709 D android.hardware.lights-service.mediatek: write 30 to /sys/class/leds/sublcd-backlight/brightness
09-21 21:51:03.472   709   709 D android.hardware.lights-service.mediatek: write 30 to /sys/class/leds/sublcd-backlight/brightness, result: 0
09-21 21:51:03.485   954  1085 D AAL     : onBacklightChanged: 132/1023 -> 120/1023(phy:480/4095)
09-21 21:51:03.485   954  1085 D AAL     : 09-21 09:51:03.408 BL= 139,ESS= 256, 09-21 09:51:03.427 BL= 122,ESS= 256, 09-21 09:51:03.447 BL= 112,ESS= 256, 09-21 09:51:03.466 BL= 104,ESS= 256, 09-21 09:51:03.485 BL=  96,ESS= 256, 
09-21 21:51:03.487   709   709 D android.hardware.lights-service.mediatek: Lights setting state for id=0, color=ff1b1b1b
09-21 21:51:03.487   709   709 D android.hardware.lights-service.mediatek: read 1 from /sys/devices/platform/shengyou_spec/hdmi_ctrl_sta
09-21 21:51:03.487   709   709 D android.hardware.lights-service.mediatek: read_int, val=1, ret=2, path=/sys/devices/platform/shengyou_spec/hdmi_ctrl_sta
09-21 21:51:03.488   709   709 D android.hardware.lights-service.mediatek: read 1 from /sys/devices/platform/shengyou_spec/hdmi_bl_sta
09-21 21:51:03.488   709   709 D android.hardware.lights-service.mediatek: read_int, val=1, ret=2, path=/sys/devices/platform/shengyou_spec/hdmi_bl_sta
09-21 21:51:03.488   709   709 D android.hardware.lights-service.mediatek: set_light_backlight, hdmi_state=1, hdmi_backlight=1, level=27, onMS=0, offMS=0
09-21 21:51:03.488   709   709 D android.hardware.lights-service.mediatek: write 27 to /sys/class/leds/lcd-backlight/brightness
09-21 21:51:03.488   709   709 D android.hardware.lights-service.mediatek: write 27 to /sys/class/leds/lcd-backlight/brightness, result: 0
09-21 21:51:03.488   709   709 D android.hardware.lights-service.mediatek: write 27 to /sys/class/leds/sublcd-backlight/brightness
09-21 21:51:03.488   709   709 D android.hardware.lights-service.mediatek: write 27 to /sys/class/leds/sublcd-backlight/brightness, result: 0
09-21 21:51:03.502   709   709 D android.hardware.lights-service.mediatek: Lights setting state for id=0, color=ff181818
09-21 21:51:03.503   709   709 D android.hardware.lights-service.mediatek: read 1 from /sys/devices/platform/shengyou_spec/hdmi_ctrl_sta
09-21 21:51:03.503   709   709 D android.hardware.lights-service.mediatek: read_int, val=1, ret=2, path=/sys/devices/platform/shengyou_spec/hdmi_ctrl_sta
09-21 21:51:03.503   709   709 D android.hardware.lights-service.mediatek: read 1 from /sys/devices/platform/shengyou_spec/hdmi_bl_sta
09-21 21:51:03.503   709   709 D android.hardware.lights-service.mediatek: read_int, val=1, ret=2, path=/sys/devices/platform/shengyou_spec/hdmi_bl_sta
09-21 21:51:03.503   709   709 D android.hardware.lights-service.mediatek: set_light_backlight, hdmi_state=1, hdmi_backlight=1, level=24, onMS=0, offMS=0
09-21 21:51:03.503   709   709 D android.hardware.lights-service.mediatek: write 24 to /sys/class/leds/lcd-backlight/brightness
09-21 21:51:03.503   709   709 D android.hardware.lights-service.mediatek: write 24 to /sys/class/leds/lcd-backlight/brightness, result: 0
09-21 21:51:03.503   709   709 D android.hardware.lights-service.mediatek: write 24 to /sys/class/leds/sublcd-backlight/brightness
09-21 21:51:03.503   709   709 D android.hardware.lights-service.mediatek: write 24 to /sys/class/leds/sublcd-backlight/brightness, result: 0
09-21 21:51:03.504   954  1085 D AAL     : onBacklightChanged: 120/1023 -> 96/1023(phy:384/4095)
09-21 21:51:03.518   709   709 D android.hardware.lights-service.mediatek: Lights setting state for id=0, color=ff161616
09-21 21:51:03.518   709   709 D android.hardware.lights-service.mediatek: read 1 from /sys/devices/platform/shengyou_spec/hdmi_ctrl_sta
09-21 21:51:03.518   709   709 D android.hardware.lights-service.mediatek: read_int, val=1, ret=2, path=/sys/devices/platform/shengyou_spec/hdmi_ctrl_sta
09-21 21:51:03.518   709   709 D android.hardware.lights-service.mediatek: read 1 from /sys/devices/platform/shengyou_spec/hdmi_bl_sta
09-21 21:51:03.518   709   709 D android.hardware.lights-service.mediatek: read_int, val=1, ret=2, path=/sys/devices/platform/shengyou_spec/hdmi_bl_sta
09-21 21:51:03.519   709   709 D android.hardware.lights-service.mediatek: set_light_backlight, hdmi_state=1, hdmi_backlight=1, level=22, onMS=0, offMS=0
09-21 21:51:03.519   709   709 D android.hardware.lights-service.mediatek: write 22 to /sys/class/leds/lcd-backlight/brightness
09-21 21:51:03.519   709   709 D android.hardware.lights-service.mediatek: write 22 to /sys/class/leds/lcd-backlight/brightness, result: 0
09-21 21:51:03.519   709   709 D android.hardware.lights-service.mediatek: write 22 to /sys/class/leds/sublcd-backlight/brightness
09-21 21:51:03.519   709   709 D android.hardware.lights-service.mediatek: write 22 to /sys/class/leds/sublcd-backlight/brightness, result: 0
09-21 21:51:03.524   954  1085 D AAL     : onBacklightChanged: 96/1023 -> 88/1023(phy:352/4095)
09-21 21:51:03.533   709   709 D android.hardware.lights-service.mediatek: Lights setting state for id=0, color=ff131313
09-21 21:51:03.534   709   709 D android.hardware.lights-service.mediatek: read 1 from /sys/devices/platform/shengyou_spec/hdmi_ctrl_sta
09-21 21:51:03.534   709   709 D android.hardware.lights-service.mediatek: read_int, val=1, ret=2, path=/sys/devices/platform/shengyou_spec/hdmi_ctrl_sta
09-21 21:51:03.534   709   709 D android.hardware.lights-service.mediatek: read 1 from /sys/devices/platform/shengyou_spec/hdmi_bl_sta
09-21 21:51:03.534   709   709 D android.hardware.lights-service.mediatek: read_int, val=1, ret=2, path=/sys/devices/platform/shengyou_spec/hdmi_bl_sta
09-21 21:51:03.534   709   709 D android.hardware.lights-service.mediatek: set_light_backlight, hdmi_state=1, hdmi_backlight=1, level=19, onMS=0, offMS=0
09-21 21:51:03.534   709   709 D android.hardware.lights-service.mediatek: write 19 to /sys/class/leds/lcd-backlight/brightness
09-21 21:51:03.534   709   709 D android.hardware.lights-service.mediatek: write 19 to /sys/class/leds/lcd-backlight/brightness, result: 0
09-21 21:51:03.534   709   709 D android.hardware.lights-service.mediatek: write 19 to /sys/class/leds/sublcd-backlight/brightness
09-21 21:51:03.534   709   709 D android.hardware.lights-service.mediatek: write 19 to /sys/class/leds/sublcd-backlight/brightness, result: 0
09-21 21:51:03.543   954  1085 D AAL     : onBacklightChanged: 88/1023 -> 76/1023(phy:304/4095)
09-21 21:51:03.549   709   709 D android.hardware.lights-service.mediatek: Lights setting state for id=0, color=ff101010
09-21 21:51:03.549   709   709 D android.hardware.lights-service.mediatek: read 1 from /sys/devices/platform/shengyou_spec/hdmi_ctrl_sta
09-21 21:51:03.549   709   709 D android.hardware.lights-service.mediatek: read_int, val=1, ret=2, path=/sys/devices/platform/shengyou_spec/hdmi_ctrl_sta
09-21 21:51:03.549   709   709 D android.hardware.lights-service.mediatek: read 1 from /sys/devices/platform/shengyou_spec/hdmi_bl_sta
09-21 21:51:03.549   709   709 D android.hardware.lights-service.mediatek: read_int, val=1, ret=2, path=/sys/devices/platform/shengyou_spec/hdmi_bl_sta
09-21 21:51:03.550   709   709 D android.hardware.lights-service.mediatek: set_light_backlight, hdmi_state=1, hdmi_backlight=1, level=16, onMS=0, offMS=0
09-21 21:51:03.550   709   709 D android.hardware.lights-service.mediatek: write 16 to /sys/class/leds/lcd-backlight/brightness
09-21 21:51:03.550   709   709 D android.hardware.lights-service.mediatek: write 16 to /sys/class/leds/lcd-backlight/brightness, result: 0
09-21 21:51:03.550   709   709 D android.hardware.lights-service.mediatek: write 16 to /sys/class/leds/sublcd-backlight/brightness
09-21 21:51:03.550   709   709 D android.hardware.lights-service.mediatek: write 16 to /sys/class/leds/sublcd-backlight/brightness, result: 0
09-21 21:51:03.552   703 11367 D StNfcHal: (#0275F) Rx 6f 02 0f (hidden)
09-21 21:51:03.553  2627 11364 I libnfc_nci: [INFO:nfc_ncif.cc(628)] nfc_ncif_process_event; NFC received ntf gid:15
09-21 21:51:03.553  2627 11364 I libnfc_nci: [INFO:StFwNtfManager.cpp(1446)] StFwNtfManager::handleVsLogData; data_len: 0x0012 
09-21 21:51:03.562   954  1085 D AAL     : onBacklightChanged: 76/1023 -> 64/1023(phy:256/4095)
09-21 21:51:03.565   709   709 D android.hardware.lights-service.mediatek: Lights setting state for id=0, color=ff0e0e0e
09-21 21:51:03.565   709   709 D android.hardware.lights-service.mediatek: read 1 from /sys/devices/platform/shengyou_spec/hdmi_ctrl_sta
09-21 21:51:03.565   709   709 D android.hardware.lights-service.mediatek: read_int, val=1, ret=2, path=/sys/devices/platform/shengyou_spec/hdmi_ctrl_sta
09-21 21:51:03.565   709   709 D android.hardware.lights-service.mediatek: read 1 from /sys/devices/platform/shengyou_spec/hdmi_bl_sta
09-21 21:51:03.565   709   709 D android.hardware.lights-service.mediatek: read_int, val=1, ret=2, path=/sys/devices/platform/shengyou_spec/hdmi_bl_sta
09-21 21:51:03.565   709   709 D android.hardware.lights-service.mediatek: set_light_backlight, hdmi_state=1, hdmi_backlight=1, level=14, onMS=0, offMS=0
09-21 21:51:03.565   709   709 D android.hardware.lights-service.mediatek: write 14 to /sys/class/leds/lcd-backlight/brightness
09-21 21:51:03.565   709   709 D android.hardware.lights-service.mediatek: write 14 to /sys/class/leds/lcd-backlight/brightness, result: 0
09-21 21:51:03.565   709   709 D android.hardware.lights-service.mediatek: write 14 to /sys/class/leds/sublcd-backlight/brightness
09-21 21:51:03.566   709   709 D android.hardware.lights-service.mediatek: write 14 to /sys/class/leds/sublcd-backlight/brightness, result: 0
09-21 21:51:03.582   954  1085 D AAL     : onBacklightChanged: 64/1023 -> 56/1023(phy:224/4095)
09-21 21:51:03.583   954  1085 D AAL     : 09-21 09:51:03.505 BL=  79,ESS= 256, 09-21 09:51:03.524 BL=  68,ESS= 256, 09-21 09:51:03.544 BL=  60,ESS= 256, 09-21 09:51:03.563 BL=  52,ESS= 256, 09-21 09:51:03.583 BL=  44,ESS= 256, 
09-21 21:51:03.621   954  1085 D AAL     : 09-21 09:51:03.602 BL=  43,ESS= 256, 
09-21 21:51:03.808   703 11367 D StNfcHal: (#02760) Rx 6f 02 27 (hidden)
09-21 21:51:03.809  2627 11364 I libnfc_nci: [INFO:nfc_ncif.cc(628)] nfc_ncif_process_event; NFC received ntf gid:15
09-21 21:51:03.809  2627 11364 I libnfc_nci: [INFO:StFwNtfManager.cpp(1446)] StFwNtfManager::handleVsLogData; data_len: 0x002A 
09-21 21:51:03.993   949   949 V thermal_src: TA_DAEMON_CMD_SET_TTJ cmd=0x4, len=4 Tj=57000
09-21 21:51:04.053   710   776 I libPerfCtl: xgfGetFPS pid:1618 fps:-1
09-21 21:51:04.112   703 11367 D StNfcHal: (#02761) Rx 6f 02 0f (hidden)
09-21 21:51:04.113  2627 11364 I libnfc_nci: [INFO:nfc_ncif.cc(628)] nfc_ncif_process_event; NFC received ntf gid:15
09-21 21:51:04.113  2627 11364 I libnfc_nci: [INFO:StFwNtfManager.cpp(1446)] StFwNtfManager::handleVsLogData; data_len: 0x0012 
09-21 21:51:04.367   703 11367 D StNfcHal: (#02762) Rx 6f 02 27 (hidden)
09-21 21:51:04.368  2627 11364 I libnfc_nci: [INFO:nfc_ncif.cc(628)] nfc_ncif_process_event; NFC received ntf gid:15
09-21 21:51:04.368  2627 11364 I libnfc_nci: [INFO:StFwNtfManager.cpp(1446)] StFwNtfManager::handleVsLogData; data_len: 0x002A 
09-21 21:51:05.017   949   949 V thermal_src: TA_DAEMON_CMD_SET_TTJ cmd=0x4, len=4 Tj=57000
09-21 21:51:05.027  1362  1883 D BatteryService: Processing new values: info=android.hardware.health.HealthInfo@a395561, mBatteryLevelCritical=false, mPlugType=1
09-21 21:51:05.027  1362  1883 D hcz     : mHealthInfo.batteryTemperatureTenthsCelsius==305
09-21 21:51:05.027  1362  1883 D BatteryService: Sending ACTION_BATTERY_CHANGED. scale:100, info:android.hardware.health.HealthInfo@a395561
09-21 21:51:05.035  1618  3263 D PowerUI : can't show warning due to - plugged: true status unknown: false
09-21 21:51:05.053   710   776 I libPerfCtl: xgfGetFPS pid:1618 fps:-1
09-21 21:51:05.063   715   715 I BufferQueueProducer: [StatusBar#408](this:0xb400007deeeccc28,id:-1,api:0,p:-1,c:715) queueBuffer: fps=0.20 dur=4999.19 max=4999.19 min=4999.19
09-21 21:51:05.076   715   715 I BufferQueueProducer: [FramebufferSurface](this:0xb400007d2ec7e540,id:-1,api:1,p:715,c:715) queueBuffer: fps=0.20 dur=4998.78 max=4998.78 min=4998.78
09-21 21:51:05.077   699   699 I hwcomposer: [HWCDisplay] [Display_0 (type:1)] fps:0.200045,dur:4998.88,max:4998.88,min:4998.88  
09-21 21:51:05.084   715   715 I BufferQueueProducer: [FramebufferSurface](this:0xb400007d2ec8ccb0,id:-1,api:1,p:715,c:715) queueBuffer: fps=0.20 dur=4998.29 max=4998.29 min=4998.29
09-21 21:51:05.085   699   699 I hwcomposer: [HWCDisplay] [Display_1 (type:1)] fps:0.200059,dur:4998.54,max:4998.54,min:4998.54  
09-21 21:51:06.040   949   949 V thermal_src: TA_DAEMON_CMD_SET_TTJ cmd=0x4, len=4 Tj=57000
09-21 21:51:06.053   710   776 I libPerfCtl: xgfGetFPS pid:1618 fps:-1
09-21 21:51:06.363  1582  1582 I WifiHAL : Get link layer stats
09-21 21:51:06.363  1582  1582 I WifiHAL : GetLinkStatsCommand::create
09-21 21:51:06.363  1582  1582 D android.hardware.wifi@1.0-service-lazy: WifiRequest::create vendor command to iface 31, vendor_id=0x1a11, subcmd=0x1200, res=0
09-21 21:51:06.363  1582  1582 I WifiHAL : GetLinkStatsCommand::handleResponse
09-21 21:51:06.363  1582  1582 E WifiHAL : handleResponse: data=0xb4000075c6e306b0, len=392
09-21 21:51:06.363  1582  1582 I WifiHAL : check_data_sanity: confirmed_size=380, len=392
09-21 21:51:06.363  1582  1582 I WifiHAL : handleResponse: iface_stat_ptr=0xb4000075c6e306b0, num_radios=0, radio_stats_ptr=0xb4000075c6e3082c
09-21 21:51:06.364  1582  1582 E android.hardware.wifi@1.0-service-lazy: Invalid radio stats in link layer stats
09-21 21:51:06.364  1582  1582 I android.hardware.wifi@1.0-service-lazy: WifiCommand::requestResponse err=-1
09-21 21:51:06.364  1582  1582 I WifiHAL : wifi_get_link_stats: result=-1
09-21 21:51:06.366  1362  1518 E WifiStaIfaceHidlImpl: getLinkLayerStatsV1_5 failed with status: {.code = ERROR_UNKNOWN, .description = unknown}
09-21 21:51:07.054   710   776 I libPerfCtl: xgfGetFPS pid:1618 fps:-1
09-21 21:51:07.064   949   949 V thermal_src: TA_DAEMON_CMD_SET_TTJ cmd=0x4, len=4 Tj=57000
09-21 21:51:07.745   703 11367 D StNfcHal: (#02763) Rx 6f 02 0f (hidden)
09-21 21:51:07.747  2627 11364 I libnfc_nci: [INFO:nfc_ncif.cc(628)] nfc_ncif_process_event; NFC received ntf gid:15
09-21 21:51:07.747  2627 11364 I libnfc_nci: [INFO:StFwNtfManager.cpp(1446)] StFwNtfManager::handleVsLogData; data_len: 0x0012 
09-21 21:51:07.999   703 11367 D StNfcHal: (#02764) Rx 6f 02 27 (hidden)
09-21 21:51:08.000  2627 11364 I libnfc_nci: [INFO:nfc_ncif.cc(628)] nfc_ncif_process_event; NFC received ntf gid:15
09-21 21:51:08.000  2627 11364 I libnfc_nci: [INFO:StFwNtfManager.cpp(1446)] StFwNtfManager::handleVsLogData; data_len: 0x002A 
09-21 21:51:08.054   710   776 I libPerfCtl: xgfGetFPS pid:1618 fps:-1
09-21 21:51:08.089   949   949 V thermal_src: TA_DAEMON_CMD_SET_TTJ cmd=0x4, len=4 Tj=57000
09-21 21:51:08.146  1789  2234 I bt_shim_scanner: handle_remote_properties: handle_remote_properties Update device_type=0x2 addr_type=0x1
09-21 21:51:08.146  1789  2234 I bt_shim_scanner: handle_remote_properties: handle_remote_properties  device_type= 2
09-21 21:51:08.919   703 11367 D StNfcHal: (#02765) Rx 6f 02 0f (hidden)
09-21 21:51:08.920  2627 11364 I libnfc_nci: [INFO:nfc_ncif.cc(628)] nfc_ncif_process_event; NFC received ntf gid:15
09-21 21:51:08.920  2627 11364 I libnfc_nci: [INFO:StFwNtfManager.cpp(1446)] StFwNtfManager::handleVsLogData; data_len: 0x0012 
09-21 21:51:09.054   710   776 I libPerfCtl: xgfGetFPS pid:1618 fps:-1
09-21 21:51:09.113   949   949 V thermal_src: TA_DAEMON_CMD_SET_TTJ cmd=0x4, len=4 Tj=57000
09-21 21:51:09.173   703 11367 D StNfcHal: (#02766) Rx 6f 02 27 (hidden)
09-21 21:51:09.174  2627 11364 I libnfc_nci: [INFO:nfc_ncif.cc(628)] nfc_ncif_process_event; NFC received ntf gid:15
09-21 21:51:09.174  2627 11364 I libnfc_nci: [INFO:StFwNtfManager.cpp(1446)] StFwNtfManager::handleVsLogData; data_len: 0x002A 
09-21 21:51:09.379  1582  1582 I WifiHAL : Get link layer stats
09-21 21:51:09.379  1582  1582 I WifiHAL : GetLinkStatsCommand::create
09-21 21:51:09.379  1582  1582 D android.hardware.wifi@1.0-service-lazy: WifiRequest::create vendor command to iface 31, vendor_id=0x1a11, subcmd=0x1200, res=0
09-21 21:51:09.379  1582  1582 I WifiHAL : GetLinkStatsCommand::handleResponse
09-21 21:51:09.379  1582  1582 E WifiHAL : handleResponse: data=0xb4000075c6e306b0, len=392
09-21 21:51:09.379  1582  1582 I WifiHAL : check_data_sanity: confirmed_size=380, len=392
09-21 21:51:09.379  1582  1582 I WifiHAL : handleResponse: iface_stat_ptr=0xb4000075c6e306b0, num_radios=0, radio_stats_ptr=0xb4000075c6e3082c
09-21 21:51:09.380  1582  1582 E android.hardware.wifi@1.0-service-lazy: Invalid radio stats in link layer stats
09-21 21:51:09.380  1582  1582 I android.hardware.wifi@1.0-service-lazy: WifiCommand::requestResponse err=-1
09-21 21:51:09.380  1582  1582 I WifiHAL : wifi_get_link_stats: result=-1
09-21 21:51:09.381  1362  1518 E WifiStaIfaceHidlImpl: getLinkLayerStatsV1_5 failed with status: {.code = ERROR_UNKNOWN, .description = unknown}
09-21 21:51:09.386  2131 14200 I NearbyMediums: Found Fast Ble Advertisements :
