09-21 21:37:36.137  1362  1395 V WindowManager:     info={id=621 t=TO_FRONT f=0x80 trk=0 r=[0@Point(0, 0)] c=[{WCT{RemoteToken{95f04c4 Task{ab3ecc8 #1 type=home}}} m=TO_FRONT f=SHOW_WALLPAPER|MOVE_TO_TOP leash=Surface(name=Task=1)/@0x7f3096d sb=Rect(0, 0 - 800, 1280) eb=Rect(0, 0 - 800, 1280) d=0},{WCT{RemoteToken{18f3da6 Task{3a0afb3 #110 type=standard A=10198:com.omnilypro.pos}}} m=TO_BACK f=NONE leash=Surface(name=Task=110)/@0x1ec0691 sb=Rect(0, 0 - 800, 1280) eb=Rect(0, 0 - 800, 1280) d=0},{null m=TO_FRONT f=IS_WALLPAPER leash=Surface(name=WallpaperWindowToken{92a6e7f token=android.os.Binder@96ad39e})/@0x3ad0797 sb=Rect(0, 0 - 800, 1280) eb=Rect(0, 0 - 800, 1280) d=0}]}
09-21 21:37:36.138  1362  1496 E HandwritingModeController: Cannot get requestId: Handwriting was not initialized.
09-21 21:37:36.139  1618  1666 V ShellRecents: [68050430] RecentsController.setInputConsumerEnabled: set focus to recents
09-21 21:37:36.142  1362  1496 E HandwritingModeController: Cannot get requestId: Handwriting was not initialized.
09-21 21:37:36.143  1362  1388 W WindowManager: Changing focus from Window{f8e3ffc u0 com.omnilypro.pos/com.omnilypro.pos.MainActivityFinal} to Window{5bfbff0 u0 com.android.launcher3/com.android.searchlauncher.SearchLauncher} displayId=0 Callers=com.android.server.wm.RootWindowContainer.updateFocusedWindowLocked:455 com.android.server.wm.WindowManagerService.updateFocusedWindowLocked:6219 com.android.server.wm.ActivityTaskManagerService.setLastResumedActivityUncheckLocked:4862 com.android.server.wm.ActivityTaskManagerService.setFocusedTask:2052 
09-21 21:37:36.167  1362  1496 E HandwritingModeController: Cannot get requestId: Handwriting was not initialized.
09-21 21:37:36.518  1618  7506 V ShellRecents: [68050430] RecentsController.screenshotTask: taskId=110
09-21 21:37:36.590  1618  7506 V ShellRecents: [68050430] RecentsController.detachNavigationBarFromApp
09-21 21:37:37.333  1618  1666 V ShellRecents: [68050430] RecentsController.finishInner: toHome=true userLeave=false willFinishToHome=true state=0
09-21 21:37:37.333  1618  1666 V ShellRecents:   normal finish
09-21 21:37:37.333  1618  1666 V ShellRecents: [68050430] RecentsController.cleanup
09-21 21:37:37.333  1618  1666 V WindowManagerShell: Transition animation finished (aborted=false), notifying core (#621)android.os.BinderProxy@b35995f@0
09-21 21:37:37.335  1362  1395 V WindowManager: Finish Transition #621: created at 09-21 21:37:36.008 collect-started=0.228ms started=0.306ms ready=10.938ms sent=108.245ms finished=1326.404ms
09-21 21:37:37.341  1618  1666 V WindowManagerShell: Track 0 became idle
09-21 21:37:37.341  1618  1666 V WindowManagerShell: All active transition animations finished
09-21 21:37:37.343  1362  1362 D MBrainLocalService: isVendorFreezeConditionPass is false
09-21 21:37:37.343  1362  1362 E MBrainLocalService: notifyAppSwitch failed
09-21 21:37:37.356  1362  1398 V WindowManager: Unknown focus tokens, dropping reportFocusChanged
09-21 21:37:37.386  1362  2760 D CoreBackPreview: Window{f8e3ffc u0 com.omnilypro.pos/com.omnilypro.pos.MainActivityFinal}: Setting back callback null
09-21 21:37:37.402  1362  2754 W PackageConfigPersister: App-specific configuration not found for packageName: com.android.launcher3 and userId: 0
09-21 21:37:37.413  1362  2760 D WindowManager: setParent old=ActivityRecord{9aeeea3 u0 com.omnilypro.pos/.MainActivityFinal t110 f}},new=null,this window=Window{f8e3ffc u0 com.omnilypro.pos/com.omnilypro.pos.MainActivityFinal},callers=com.android.server.wm.WindowContainer.removeChild:761 com.android.server.wm.ActivityRecord.removeChild:4462 com.android.server.wm.ActivityRecord.removeChild:399 com.android.server.wm.WindowContainer.removeImmediately:819 com.android.server.wm.WindowState.removeImmediately:2386 com.android.server.wm.WindowState.removeIfPossible:2546 
09-21 21:37:37.430  1362  1398 I ActivityManager: Killing 13083:com.omnilypro.pos/u0a198 (adj 905): remove task
09-21 21:37:37.431  1362  1398 I ActivityManager: Killing 13182:com.google.android.webview:sandboxed_process0:org.chromium.content.app.SandboxedProcessService0:0/u0a198i53 (adj 905): remove task
09-21 21:37:37.432  1362  3333 D WindowManager: setParent old=Task{3a0afb3 #110 type=standard A=10198:com.omnilypro.pos},new=null,this window=ActivityRecord{9aeeea3 u0 com.omnilypro.pos/.MainActivityFinal t110 f}},callers=com.android.server.wm.WindowContainer.removeChild:761 com.android.server.wm.TaskFragment.removeChild:2797 com.android.server.wm.Task.removeChild:1500 com.android.server.wm.Task.removeChild:1483 com.android.server.wm.WindowContainer.removeImmediately:819 com.android.server.wm.WindowToken.removeImmediately:365 
09-21 21:37:37.443  1362  3333 D WindowManager: setParent old=DefaultTaskDisplayArea@27842480,new=null,this window=Task{3a0afb3 #110 type=standard A=10198:com.omnilypro.pos},callers=com.android.server.wm.WindowContainer.removeChild:761 com.android.server.wm.TaskDisplayArea.removeChildTask:351 com.android.server.wm.TaskDisplayArea.removeChild:342 com.android.server.wm.WindowContainer.removeImmediately:819 com.android.server.wm.TaskFragment.removeImmediately:2881 com.android.server.wm.Task.removeImmediately:2603 
09-21 21:37:37.510  1362  3333 V ActivityManager: Death received in com.android.server.am.ActivityManagerService$AppDeathRecipient@355c87b for thread android.os.BinderProxy@8be0698
09-21 21:37:37.512  1362  3333 W ActivityManager: Scheduling restart of crashed service com.omnilypro.pos/org.chromium.content.app.SandboxedProcessService0:0 in 1000ms for connection
09-21 21:37:37.515  1362  1396 D DisplayManagerService: Drop pending events for gone uid 99053
09-21 21:37:37.542  1362  1422 E KernelCpuSpeedReader: Failed to read cpu-freq: /sys/devices/system/cpu/cpu0/cpufreq/stats/time_in_state: open failed: ENOENT (No such file or directory)
09-21 21:37:37.571  1362  3278 V ActivityManager: Death received in com.android.server.am.ActivityManagerService$AppDeathRecipient@2b58aa3 for thread android.os.BinderProxy@49be1a0
09-21 21:37:37.577  1362  1396 D DisplayManagerService: Drop pending events for gone uid 10198
09-21 21:37:38.024  1582  1582 E android.hardware.wifi@1.0-service-lazy: Invalid radio stats in link layer stats
09-21 21:37:40.749  1362  1362 D MBrainLocalService: isVendorFreezeConditionPass is false
09-21 21:37:40.749  1362  1362 E MBrainLocalService: notifyAppSwitch failed
09-21 21:37:40.753  1618  1666 V WindowManagerShell: Transition requested: android.os.BinderProxy@f1d14e5 TransitionRequestInfo { type = OPEN, triggerTask = TaskInfo{userId=0 taskId=112 displayId=0 isRunning=true baseIntent=Intent { act=android.intent.action.MAIN cat=[android.intent.category.LAUNCHER] flg=0x10200000 cmp=com.omnilypro.pos/.MainActivityFinal } baseActivity=ComponentInfo{com.omnilypro.pos/com.omnilypro.pos.MainActivityFinal} topActivity=ComponentInfo{com.omnilypro.pos/com.omnilypro.pos.MainActivityFinal} origActivity=null realActivity=ComponentInfo{com.omnilypro.pos/com.omnilypro.pos.MainActivityFinal} numActivities=1 lastActiveTime=99048498 supportsMultiWindow=true resizeMode=1 isResizeable=true minWidth=-1 minHeight=-1 defaultMinSize=220 token=WCT{android.window.IWindowContainerToken$Stub$Proxy@9dddbba} topActivityType=1 pictureInPictureParams=null shouldDockBigOverlays=false launchIntoPipHostTaskId=-1 lastParentTaskIdBeforePip=-1 displayCutoutSafeInsets=null topActivityInfo=ActivityInfo{8456a6b com.omnilypro.pos.MainActivityFinal} launchCookies=[android.os.BinderProxy@5bd19c8] positionInParent=Point(0, 0) parentTaskId=-1 isFocused=false isVisible=false isVisibleRequested=false isSleeping=false topActivityInSizeCompat=false topActivityEligibleForLetterboxEducation= false topActivityLetterboxed= false isFromDoubleTap= false topActivityLetterboxVerticalPosition= -1 topActivityLetterboxHorizontalPosition= -1 topActivityLetterboxWidth=-1 topActivityLetterboxHeight=-1 locusId=null displayAreaFeatureId=1 cameraCompatControlState=hidden}, remoteTransition = RemoteTransition { remoteTransition = android.window.IRemoteTransition$Stub$Proxy@80f1a61, appThread = android.app.IApplicationThread$Stub$Proxy@7df986, debugName = QuickstepLaunch }, displayChange = null }
09-21 21:37:40.753  1618  1666 V WindowManagerShell: RemoteTransition directly requested for android.os.BinderProxy@f1d14e5: RemoteTransition { remoteTransition = android.window.IRemoteTransition$Stub$Proxy@80f1a61, appThread = android.app.IApplicationThread$Stub$Proxy@7df986, debugName = QuickstepLaunch }
09-21 21:37:40.753  1362  3278 I ActivityTaskManager: START u0 {act=android.intent.action.MAIN cat=[android.intent.category.LAUNCHER] flg=0x10200000 cmp=com.omnilypro.pos/.MainActivityFinal bnds=[400,838][594,1018]} with LAUNCH_SINGLE_TOP from uid 10121 (BAL_ALLOW_ALLOWLISTED_COMPONENT) result code=0
09-21 21:37:40.760  1362  1398 D CompatibilityChangeReporter: Compat change id reported: 135634846; UID 10198; state: DISABLED
09-21 21:37:40.760  1362  1398 D CompatibilityChangeReporter: Compat change id reported: 177438394; UID 10198; state: DISABLED
09-21 21:37:40.760  1362  1398 D CompatibilityChangeReporter: Compat change id reported: 135772972; UID 10198; state: DISABLED
09-21 21:37:40.760  1362  1398 D CompatibilityChangeReporter: Compat change id reported: 135754954; UID 10198; state: ENABLED
09-21 21:37:40.767  1362  1416 D CompatibilityChangeReporter: Compat change id reported: 143937733; UID 10198; state: ENABLED
09-21 21:37:40.775  1362  1412 D DexOptExtImpl: com.omnilypro.pos reason is 1 abi is arm64-v8a
09-21 21:37:40.776  1362  1398 W ProcessStats: Tracking association SourceState{6b9e731 com.google.android.gms/10100 BTop #45854} whose proc state 2 is better than process ProcessState{ce6aedc com.google.android.adservices.api/10151 pkg=com.google.android.adservices.api} proc state 8 (156 skipped)
09-21 21:37:40.782  1362  1396 E MBrainLocalService: MBrainJava launch failed: SecurityException
09-21 21:37:40.786  1362  1416 I ActivityManager: Start proc 13860:com.omnilypro.pos/u0a198 for next-top-activity {com.omnilypro.pos/com.omnilypro.pos.MainActivityFinal}
09-21 21:37:40.794  1362  2944 W WindowManager: Changing focus from Window{5bfbff0 u0 com.android.launcher3/com.android.searchlauncher.SearchLauncher} to null displayId=0 Callers=com.android.server.wm.RootWindowContainer.updateFocusedWindowLocked:455 com.android.server.wm.WindowManagerService.updateFocusedWindowLocked:6219 com.android.server.wm.WindowManagerService.relayoutWindow:2520 com.android.server.wm.Session.relayout:259 
09-21 21:37:40.796  1362  3278 D CoreBackPreview: Window{659ace4 u0 Splash Screen com.omnilypro.pos}: Setting back callback OnBackInvokedCallbackInfo{mCallback=android.window.IOnBackInvokedCallback$Stub$Proxy@ab6d513, mPriority=0, mIsAnimationCallback=false}
09-21 21:37:40.810  1362  2944 W WindowManager: finishDrawingWindow: Window{659ace4 u0 Splash Screen com.omnilypro.pos} mDrawState=DRAW_PENDING
09-21 21:37:40.814  1362  1399 W WindowManager: real show surface:Surface(name=Splash Screen com.omnilypro.pos)/@0x10ce949
09-21 21:37:40.823  1362  1395 V WindowManager: Sent Transition #622 createdAt=09-21 21:37:40.726 via request=TransitionRequestInfo { type = OPEN, triggerTask = TaskInfo{userId=0 taskId=112 displayId=0 isRunning=true baseIntent=Intent { act=android.intent.action.MAIN cat=[android.intent.category.LAUNCHER] flg=0x10200000 cmp=com.omnilypro.pos/.MainActivityFinal } baseActivity=ComponentInfo{com.omnilypro.pos/com.omnilypro.pos.MainActivityFinal} topActivity=ComponentInfo{com.omnilypro.pos/com.omnilypro.pos.MainActivityFinal} origActivity=null realActivity=ComponentInfo{com.omnilypro.pos/com.omnilypro.pos.MainActivityFinal} numActivities=1 lastActiveTime=99048498 supportsMultiWindow=true resizeMode=1 isResizeable=true minWidth=-1 minHeight=-1 defaultMinSize=220 token=WCT{RemoteToken{943b55a Task{b167538 #112 type=standard A=10198:com.omnilypro.pos}}} topActivityType=1 pictureInPictureParams=null shouldDockBigOverlays=false launchIntoPipHostTaskId=-1 lastParentTaskIdBeforePip=-1 displayCutoutSafeInsets=null topActivityInfo=ActivityInfo{b1d38b com.omnilypro.pos.MainActivityFinal} launchCookies=[android.os.BinderProxy@2ad9c68] positionInParent=Point(0, 0) parentTaskId=-1 isFocused=false isVisible=false isVisibleRequested=false isSleeping=false topActivityInSizeCompat=false topActivityEligibleForLetterboxEducation= false topActivityLetterboxed= false isFromDoubleTap= false topActivityLetterboxVerticalPosition= -1 topActivityLetterboxHorizontalPosition= -1 topActivityLetterboxWidth=-1 topActivityLetterboxHeight=-1 locusId=null displayAreaFeatureId=1 cameraCompatControlState=hidden}, remoteTransition = RemoteTransition { remoteTransition = android.window.IRemoteTransition$Stub$Proxy@a037881, appThread = android.app.IApplicationThread$Stub$Proxy@6f7cd26, debugName = QuickstepLaunch }, displayChange = null }
09-21 21:37:40.824  1362  1395 V WindowManager:     startWCT=WindowContainerTransaction { changes = {} hops = [] errorCallbackToken=null taskFragmentOrganizer=null }
09-21 21:37:40.824  1618  1666 V WindowManagerShell: onTransitionReady android.os.BinderProxy@f1d14e5: {id=622 t=OPEN f=0x0 trk=0 r=[0@Point(0, 0)] c=[{WCT{android.window.IWindowContainerToken$Stub$Proxy@ce2f8a4} m=OPEN f=NONE leash=Surface(name=Task=112)/@0xf425dd1 sb=Rect(0, 0 - 800, 1280) eb=Rect(0, 0 - 800, 1280) d=0},{WCT{android.window.IWindowContainerToken$Stub$Proxy@73e060d} m=TO_BACK f=SHOW_WALLPAPER leash=Surface(name=Task=1)/@0x87dd036 sb=Rect(0, 0 - 800, 1280) eb=Rect(0, 0 - 800, 1280) d=0}]}
09-21 21:37:40.824  1362  1395 V WindowManager:     info={id=622 t=OPEN f=0x0 trk=0 r=[0@Point(0, 0)] c=[{WCT{RemoteToken{943b55a Task{b167538 #112 type=standard A=10198:com.omnilypro.pos}}} m=OPEN f=NONE leash=Surface(name=Task=112)/@0x909c24e sb=Rect(0, 0 - 800, 1280) eb=Rect(0, 0 - 800, 1280) d=0},{WCT{RemoteToken{95f04c4 Task{ab3ecc8 #1 type=home}}} m=TO_BACK f=SHOW_WALLPAPER leash=Surface(name=Task=1)/@0x7f3096d sb=Rect(0, 0 - 800, 1280) eb=Rect(0, 0 - 800, 1280) d=0}]}
09-21 21:37:40.824  1618  1666 V WindowManagerShell: Playing animation for (#622)android.os.BinderProxy@f1d14e5@0
09-21 21:37:40.824  1618  1666 V WindowManagerShell:  try firstHandler com.android.wm.shell.transition.DefaultMixedHandler@f7fe8ed
09-21 21:37:40.824  1618  1666 V WindowManagerShell:  Delegate animation for #622 to RemoteTransition { remoteTransition = android.window.IRemoteTransition$Stub$Proxy@80f1a61, appThread = android.app.IApplicationThread$Stub$Proxy@7df986, debugName = QuickstepLaunch }
09-21 21:37:40.827  1618  1666 V WindowManagerShell:  animated by firstHandler
09-21 21:37:40.862  1362  2754 V ActivityManager: New death recipient com.android.server.am.ActivityManagerService$AppDeathRecipient@e8395b2 for thread android.os.BinderProxy@f4f2903
09-21 21:37:40.868  1362  2754 I AppsFilter: interaction: PackageSetting{73f813c com.omnilypro.pos/10198} -> PackageSetting{260c204 com.android.launcher3/10121} BLOCKED
09-21 21:37:40.872  1362  1362 D MBrainLocalService: isVendorFreezeConditionPass is false
09-21 21:37:40.872  1362  1362 E MBrainLocalService: notifyAppSwitch failed
09-21 21:37:40.889  1362  1396 E MBrainLocalService: MBrainJava launch failed: SecurityException
09-21 21:37:41.036  1582  1582 E android.hardware.wifi@1.0-service-lazy: Invalid radio stats in link layer stats
09-21 21:37:41.209  1362  1857 I ActivityManager: Flag disabled. Ignoring finishAttachApplication from uid: 10198. pid: 13860
09-21 21:37:41.360  1618  1666 V WindowManagerShell: Transition animation finished (aborted=false), notifying core (#622)android.os.BinderProxy@f1d14e5@0
09-21 21:37:41.364  1362  1395 V WindowManager: Finish Transition #622: created at 09-21 21:37:40.726 collect-started=0.14ms request-sent=24.821ms started=47.077ms ready=86.007ms sent=94.612ms finished=635.013ms
09-21 21:37:41.370  1618  1666 V WindowManagerShell: Track 0 became idle
09-21 21:37:41.370  1618  1666 V WindowManagerShell: All active transition animations finished
09-21 21:37:41.409  1362  3278 I AppsFilter: interaction: PackageSetting{73f813c com.omnilypro.pos/10198} -> PackageSetting{fd27ec5 com.android.cts.priv.ctsshim/10142} BLOCKED
09-21 21:37:41.409  1362  3278 I AppsFilter: interaction: PackageSetting{73f813c com.omnilypro.pos/10198} -> PackageSetting{5878d51 com.android.internal.display.cutout.emulation.corner/10018} BLOCKED
09-21 21:37:41.409  1362  3278 I AppsFilter: interaction: PackageSetting{73f813c com.omnilypro.pos/10198} -> PackageSetting{56c09b6 com.android.internal.display.cutout.emulation.double/10011} BLOCKED
09-21 21:37:41.409  1362  3278 I AppsFilter: interaction: PackageSetting{73f813c com.omnilypro.pos/10198} -> PackageSetting{9e301a com.google.android.googlequicksearchbox/10096} BLOCKED
09-21 21:37:41.409  1362  3278 I AppsFilter: interaction: PackageSetting{73f813c com.omnilypro.pos/10198} -> PackageSetting{c2f8e24 com.android.networkstack.tethering.overlay/10080} BLOCKED
09-21 21:37:41.409  1362  3278 I AppsFilter: interaction: PackageSetting{73f813c com.omnilypro.pos/10198} -> PackageSetting{ee14241 com.google.android.onetimeinitializer/10090} BLOCKED
09-21 21:37:41.410  1362  3278 I AppsFilter: interaction: PackageSetting{73f813c com.omnilypro.pos/10198} -> PackageSetting{75f33e6 com.google.android.ext.shared/10059} BLOCKED
09-21 21:37:41.410  1362  3278 I AppsFilter: interaction: PackageSetting{73f813c com.omnilypro.pos/10198} -> PackageSetting{89a1753 com.android.internal.systemui.navbar.gestural_wide_back/10022} BLOCKED
09-21 21:37:41.410  1362  3278 I AppsFilter: interaction: PackageSetting{73f813c com.omnilypro.pos/10198} -> PackageSetting{f3d5d27 com.android.virtualmachine.res/10148} BLOCKED
09-21 21:37:41.410  1362  3278 I AppsFilter: interaction: PackageSetting{73f813c com.omnilypro.pos/10198} -> PackageSetting{2acbbd4 com.google.android.federatedcompute/10149} BLOCKED
09-21 21:37:41.410  1362  3278 I AppsFilter: interaction: PackageSetting{73f813c com.omnilypro.pos/10198} -> PackageSetting{89e998e com.mediatek.SettingsProviderResOverlay/10033} BLOCKED
09-21 21:37:41.410  1362  3278 I AppsFilter: interaction: PackageSetting{73f813c com.omnilypro.pos/10198} -> PackageSetting{24d5af com.mediatek.systemuiresoverlay/10038} BLOCKED
09-21 21:37:41.410  1362  3278 I AppsFilter: interaction: PackageSetting{73f813c com.omnilypro.pos/10198} -> PackageSetting{d247dbc com.android.networkstack.tethering.inprocess.overlay/10076} BLOCKED
09-21 21:37:41.410  1362  3278 I AppsFilter: interaction: PackageSetting{73f813c com.omnilypro.pos/10198} -> PackageSetting{2410145 com.mediatek.tabletframeworkresoverlay/10032} BLOCKED
09-21 21:37:41.410  1362  3278 I AppsFilter: interaction: PackageSetting{73f813c com.omnilypro.pos/10198} -> PackageSetting{46ec09a com.android.wifi.resources.overlay/10039} BLOCKED
09-21 21:37:41.410  1362  3278 I AppsFilter: interaction: PackageSetting{73f813c com.omnilypro.pos/10198} -> PackageSetting{ebec17d com.android.htmlviewer/10065} BLOCKED
09-21 21:37:41.410  1362  3278 I AppsFilter: interaction: PackageSetting{73f813c com.omnilypro.pos/10198} -> PackageSetting{9daa872 com.google.android.health.connect.backuprestore/10138} BLOCKED
09-21 21:37:41.410  1362  3278 I AppsFilter: interaction: PackageSetting{73f813c com.omnilypro.pos/10198} -> PackageSetting{b98a4c3 com.google.android.apps.messaging/10089} BLOCKED
09-21 21:37:41.410  1362  3278 I AppsFilter: interaction: PackageSetting{73f813c com.omnilypro.pos/10198} -> PackageSetting{2e84c66 com.google.android.networkstack.tethering.overlay/10075} BLOCKED
09-21 21:37:41.410  1362  3278 I AppsFilter: interaction: PackageSetting{73f813c com.omnilypro.pos/10198} -> PackageSetting{113cba7 com.mediatek.cellbroadcastuiresoverlay/10035} BLOCKED
09-21 21:37:41.410  1362  3278 I AppsFilter: interaction: PackageSetting{73f813c com.omnilypro.pos/10198} -> PackageSetting{7a4c854 com.android.networkstack.inprocess.overlay/10077} BLOCKED
09-21 21:37:41.410  1362  3278 I AppsFilter: interaction: PackageSetting{73f813c com.omnilypro.pos/10198} -> PackageSetting{403c140 com.google.android.configupdater/10087} BLOCKED
09-21 21:37:41.410  1362  3278 I AppsFilter: interaction: PackageSetting{73f813c com.omnilypro.pos/10198} -> PackageSetting{41cc8f2 com.google.android.overlay.modules.permissioncontroller/10008} BLOCKED
09-21 21:37:41.410  1362  3278 I AppsFilter: interaction: PackageSetting{73f813c com.omnilypro.pos/10198} -> PackageSetting{b307858 com.google.android.apps.safetyhub/10082} BLOCKED
09-21 21:37:41.410  1362  3278 I AppsFilter: interaction: PackageSetting{73f813c com.omnilypro.pos/10198} -> PackageSetting{45e3db1 com.android.simappdialog/10066} BLOCKED
09-21 21:37:41.410  1362  3278 I AppsFilter: interaction: PackageSetting{73f813c com.omnilypro.pos/10198} -> PackageSetting{119f2f9 com.android.internal.display.cutout.emulation.hole/10019} BLOCKED
09-21 21:37:41.410  1362  3278 I AppsFilter: interaction: PackageSetting{73f813c com.omnilypro.pos/10198} -> PackageSetting{5aa823e com.android.internal.display.cutout.emulation.tall/10001} BLOCKED
09-21 21:37:41.410  1362  3278 I AppsFilter: interaction: PackageSetting{73f813c com.omnilypro.pos/10198} -> PackageSetting{73c889f com.android.networkstack.overlay/10078} BLOCKED
09-21 21:37:41.410  1362  3278 I AppsFilter: interaction: PackageSetting{73f813c com.omnilypro.pos/10198} -> PackageSetting{60cdec com.android.internal.systemui.navbar.threebutton/10023} BLOCKED
09-21 21:37:41.410  1362  3278 I AppsFilter: interaction: PackageSetting{73f813c com.omnilypro.pos/10198} -> PackageSetting{ad26296 com.android.wifi.dialog/10140} BLOCKED
09-21 21:37:41.417  1362  3278 I AppsFilter: interaction: PackageSetting{73f813c com.omnilypro.pos/10198} -> PackageSetting{ba1de17 com.szzcs.smartpos/10159} BLOCKED
09-21 21:37:41.417  1362  3278 I AppsFilter: interaction: PackageSetting{73f813c com.omnilypro.pos/10198} -> PackageSetting{260c204 com.android.launcher3/10121} BLOCKED
09-21 21:37:41.417  1362  3278 I AppsFilter: interaction: PackageSetting{73f813c com.omnilypro.pos/10198} -> PackageSetting{16803ed com.google.android.deskclock/10105} BLOCKED
09-21 21:37:41.417  1362  3278 I AppsFilter: interaction: PackageSetting{73f813c com.omnilypro.pos/10198} -> PackageSetting{ca1222 com.google.android.as/10088} BLOCKED
09-21 21:37:41.417  1362  3278 I AppsFilter: interaction: PackageSetting{73f813c com.omnilypro.pos/10198} -> PackageSetting{4120831 com.google.android.overlay.gmsconfig.common/10007} BLOCKED
09-21 21:37:41.417  1362  3278 I AppsFilter: interaction: PackageSetting{73f813c com.omnilypro.pos/10198} -> PackageSetting{fdc44b3 com.android.settings.intelligence/10095} BLOCKED
09-21 21:37:41.417  1362  3278 I AppsFilter: interaction: PackageSetting{73f813c com.omnilypro.pos/10198} -> PackageSetting{930ec97 com.mediatek.frameworkresoverlay/10030} BLOCKED
09-21 21:37:41.418  1362  3278 I AppsFilter: interaction: PackageSetting{73f813c com.omnilypro.pos/10198} -> PackageSetting{5b4ee84 com.android.internal.systemui.navbar.gestural_extra_wide_back/10020} BLOCKED
09-21 21:37:41.418  1362  3278 I AppsFilter: interaction: PackageSetting{73f813c com.omnilypro.pos/10198} -> PackageSetting{329fa70 com.google.android.setupwizard/10122} BLOCKED
09-21 21:37:41.418  1362  3278 I AppsFilter: interaction: PackageSetting{73f813c com.omnilypro.pos/10198} -> PackageSetting{5cdf1e9 com.android.printspooler/10064} BLOCKED
09-21 21:37:41.418  1362  3278 I AppsFilter: interaction: PackageSetting{73f813c com.omnilypro.pos/10198} -> PackageSetting{b9b2e6e com.android.dreams.basic/10067} BLOCKED
09-21 21:37:41.418  1362  3278 I AppsFilter: interaction: PackageSetting{73f813c com.omnilypro.pos/10198} -> PackageSetting{4c790f com.google.android.as.oss/10084} BLOCKED
09-21 21:37:41.418  1362  3278 I AppsFilter: interaction: PackageSetting{73f813c com.omnilypro.pos/10198} -> PackageSetting{e0c4d9c com.android.rkpdapp/10146} BLOCKED
09-21 21:37:41.418  1362  3278 I AppsFilter: interaction: PackageSetting{73f813c com.omnilypro.pos/10198} -> PackageSetting{199f6ee com.google.android.overlay.gmsconfig.photos/10021} BLOCKED
09-21 21:37:41.418  1362  3278 I AppsFilter: interaction: PackageSetting{73f813c com.omnilypro.pos/10198} -> PackageSetting{d8ac3a5 com.google.android.dialer/10094} BLOCKED
09-21 21:37:41.418  1362  3278 I AppsFilter: interaction: PackageSetting{73f813c com.omnilypro.pos/10198} -> PackageSetting{24fc37a com.google.android.apps.nbu.files/10086} BLOCKED
09-21 21:37:41.418  1362  3278 I AppsFilter: interaction: PackageSetting{73f813c com.omnilypro.pos/10198} -> PackageSetting{c6c8625 com.google.android.wifi.resources.overlay/10036} BLOCKED
09-21 21:37:41.418  1362  3278 I AppsFilter: interaction: PackageSetting{73f813c com.omnilypro.pos/10198} -> PackageSetting{3e1972b com.google.android.captiveportallogin/10072} BLOCKED
09-21 21:37:41.418  1362  3278 I AppsFilter: interaction: PackageSetting{73f813c com.omnilypro.pos/10198} -> PackageSetting{27b5dab com.google.android.overlay.gmsconfig.comms/10002} BLOCKED
09-21 21:37:41.418  1362  3278 I AppsFilter: interaction: PackageSetting{73f813c com.omnilypro.pos/10198} -> PackageSetting{2532c08 com.google.android.overlay.gmsconfig.geotz/10016} BLOCKED
09-21 21:37:41.418  1362  3278 I AppsFilter: interaction: PackageSetting{73f813c com.omnilypro.pos/10198} -> PackageSetting{95ea788 com.android.musicfx/10046} BLOCKED
09-21 21:37:41.418  1362  3278 I AppsFilter: interaction: PackageSetting{73f813c com.omnilypro.pos/10198} -> PackageSetting{f88f521 com.google.android.apps.docs/10108} BLOCKED
09-21 21:37:41.418  1362  3278 I AppsFilter: interaction: PackageSetting{73f813c com.omnilypro.pos/10198} -> PackageSetting{869d46 com.google.android.modulemetadata/10110} BLOCKED
09-21 21:37:41.418  1362  3278 I AppsFilter: interaction: PackageSetting{73f813c com.omnilypro.pos/10198} -> PackageSetting{7607b07 com.android.customization.themes/10109} BLOCKED
09-21 21:37:41.418  1362  3278 I AppsFilter: interaction: PackageSetting{73f813c com.omnilypro.pos/10198} -> PackageSetting{8e654dd com.google.android.overlay.gmsconfig.searchlauncherqs/10000} BLOCKED
09-21 21:37:41.418  1362  3278 I AppsFilter: interaction: PackageSetting{73f813c com.omnilypro.pos/10198} -> PackageSetting{7dba852 com.google.android.overlay.modules.documentsui/10010} BLOCKED
09-21 21:37:41.418  1362  3278 I AppsFilter: interaction: PackageSetting{73f813c com.omnilypro.pos/10198} -> PackageSetting{7fab434 com.google.android.contactkeys/10161} BLOCKED
09-21 21:37:41.418  1362  3278 I AppsFilter: interaction: PackageSetting{73f813c com.omnilypro.pos/10198} -> PackageSetting{cdec25d com.google.android.contacts/10106} BLOCKED
09-21 21:37:41.418  1362  3278 I AppsFilter: interaction: PackageSetting{73f813c com.omnilypro.pos/10198} -> PackageSetting{aff47d2 com.android.chrome/10114} BLOCKED
09-21 21:37:41.419  1362  3278 I AppsFilter: interaction: PackageSetting{73f813c com.omnilypro.pos/10198} -> PackageSetting{4ffc0a3 com.android.wifi.resources/10139} BLOCKED
09-21 21:37:41.419  1362  3278 I AppsFilter: interaction: PackageSetting{73f813c com.omnilypro.pos/10198} -> PackageSetting{ea8dfa0 com.szzc.supert.applicationstore/10160} BLOCKED
09-21 21:37:41.419  1362  3278 I AppsFilter: interaction: PackageSetting{73f813c com.omnilypro.pos/10198} -> PackageSetting{7ca2759 com.google.android.partnersetup/10091} BLOCKED
09-21 21:37:41.419  1362  3278 I AppsFilter: interaction: PackageSetting{73f813c com.omnilypro.pos/10198} -> PackageSetting{c844295 com.google.android.overlay.gmsconfig.asi/10009} BLOCKED
09-21 21:37:41.419  1362  3278 I AppsFilter: interaction: PackageSetting{73f813c com.omnilypro.pos/10198} -> PackageSetting{4d7efaa com.google.android.overlay.gmsconfig.gsa/10005} BLOCKED
09-21 21:37:41.420  1362  3278 I AppsFilter: interaction: PackageSetting{73f813c com.omnilypro.pos/10198} -> PackageSetting{273079b com.android.theme.font.notoserifsource/10027} BLOCKED
09-21 21:37:41.420  1362  3278 I AppsFilter: interaction: PackageSetting{73f813c com.omnilypro.pos/10198} -> PackageSetting{42da738 com.mediatek.FrameworkResOverlayExt/10037} BLOCKED
09-21 21:37:41.420  1362  3278 I AppsFilter: interaction: PackageSetting{73f813c com.omnilypro.pos/10198} -> PackageSetting{9c3c3ff com.google.android.safetycenter.resources/10153} BLOCKED
09-21 21:37:41.420  1362  3278 I AppsFilter: interaction: PackageSetting{73f813c com.omnilypro.pos/10198} -> PackageSetting{29d5c76 com.android.internal.display.cutout.emulation.waterfall/10028} BLOCKED
09-21 21:37:41.420  1362  3278 I AppsFilter: interaction: PackageSetting{73f813c com.omnilypro.pos/10198} -> PackageSetting{8708277 com.android.internal.systemui.navbar.transparent/10026} BLOCKED
09-21 21:37:41.420  1362  3278 I AppsFilter: interaction: PackageSetting{73f813c com.omnilypro.pos/10198} -> PackageSetting{44c55cc com.google.android.connectivity.resources/10147} BLOCKED
09-21 21:37:41.420  1362  3278 I AppsFilter: interaction: PackageSetting{73f813c com.omnilypro.pos/10198} -> PackageSetting{e6ce015 com.google.android.feedback/10118} BLOCKED
09-21 21:37:41.420  1362  3278 I AppsFilter: interaction: PackageSetting{73f813c com.omnilypro.pos/10198} -> PackageSetting{5dfff2a com.google.android.printservice.recommendation/10063} BLOCKED
09-21 21:37:41.420  1362  3278 I AppsFilter: interaction: PackageSetting{73f813c com.omnilypro.pos/10198} -> PackageSetting{5486891 com.google.android.apps.photos/10115} BLOCKED
09-21 21:37:41.420  1362  3278 I AppsFilter: interaction: PackageSetting{73f813c com.omnilypro.pos/10198} -> PackageSetting{d6e3f6 com.zcs.zcssdkdemo/10162} BLOCKED
09-21 21:37:41.420  1362  3278 I AppsFilter: interaction: PackageSetting{73f813c com.omnilypro.pos/10198} -> PackageSetting{b3833f7 com.google.android.documentsui/10057} BLOCKED
09-21 21:37:41.420  1362  3278 I AppsFilter: interaction: PackageSetting{73f813c com.omnilypro.pos/10198} -> PackageSetting{2cf844e com.mediatek.MtkSettingsResOverlay/10031} BLOCKED
09-21 21:37:41.420  1362  3278 I AppsFilter: interaction: PackageSetting{73f813c com.omnilypro.pos/10198} -> PackageSetting{ecd9264 com.google.mainline.telemetry/10102} BLOCKED
09-21 21:37:41.420  1362  3278 I AppsFilter: interaction: PackageSetting{73f813c com.omnilypro.pos/10198} -> PackageSetting{d79fccd com.android.providers.partnerbookmarks/10061} BLOCKED
09-21 21:37:41.420  1362  3278 I AppsFilter: interaction: PackageSetting{73f813c com.omnilypro.pos/10198} -> PackageSetting{b854982 com.android.wallpaper.livepicker/10043} BLOCKED
09-21 21:37:41.420  1362  3278 I AppsFilter: interaction: PackageSetting{73f813c com.omnilypro.pos/10198} -> PackageSetting{b21893 com.google.mainline.adservices/10101} BLOCKED
09-21 21:37:41.420  1362  3278 I AppsFilter: interaction: PackageSetting{73f813c com.omnilypro.pos/10198} -> PackageSetting{40370d0 com.android.imsserviceentitlement/10083} BLOCKED
09-21 21:37:41.420  1362  3278 I AppsFilter: interaction: PackageSetting{73f813c com.omnilypro.pos/10198} -> PackageSetting{2b698c9 com.google.android.healthconnect.controller/10137} BLOCKED
09-21 21:37:41.420  1362  3278 I AppsFilter: interaction: PackageSetting{73f813c com.omnilypro.pos/10198} -> PackageSetting{78e86da com.zcs.printer/10158} BLOCKED
09-21 21:37:41.420  1362  3278 I AppsFilter: interaction: PackageSetting{73f813c com.omnilypro.pos/10198} -> PackageSetting{b62070b com.android.bookmarkprovider/10068} BLOCKED
09-21 21:37:41.420  1362  3278 I AppsFilter: interaction: PackageSetting{73f813c com.omnilypro.pos/10198} -> PackageSetting{2d0f767 com.google.android.networkstack.overlay/10079} BLOCKED
09-21 21:37:41.420  1362  3278 I AppsFilter: interaction: PackageSetting{73f813c com.omnilypro.pos/10198} -> PackageSetting{f04e914 com.android.wifi.mainline.resources.overlay/10034} BLOCKED
09-21 21:37:41.420  1362  3278 I AppsFilter: interaction: PackageSetting{73f813c com.omnilypro.pos/10198} -> PackageSetting{fa11e1 com.google.android.projection.gearhead/10098} BLOCKED
09-21 21:37:41.420  1362  3278 I AppsFilter: interaction: PackageSetting{73f813c com.omnilypro.pos/10198} -> PackageSetting{de36a6 com.google.android.apps.turbo/10085} BLOCKED
09-21 21:37:41.420  1362  3278 I AppsFilter: interaction: PackageSetting{73f813c com.omnilypro.pos/10198} -> PackageSetting{da808e7 com.google.android.uwb.resources/10156} BLOCKED
09-21 21:37:41.420  1362  3278 I AppsFilter: interaction: PackageSetting{73f813c com.omnilypro.pos/10198} -> PackageSetting{f25b06 com.android.cts.ctsshim/10143} BLOCKED
09-21 21:37:41.420  1362  3278 I AppsFilter: interaction: PackageSetting{73f813c com.omnilypro.pos/10198} -> PackageSetting{e271732 com.android.wallpaper/10124} BLOCKED
09-21 21:37:41.420  1362  3278 I AppsFilter: interaction: PackageSetting{73f813c com.omnilypro.pos/10198} -> PackageSetting{2624c83 com.android.hotspot2.osulogin/10141} BLOCKED
09-21 21:37:41.421  1362  3278 I AppsFilter: interaction: PackageSetting{73f813c com.omnilypro.pos/10198} -> PackageSetting{77cae00 com.google.android.gms.location.history/10113} BLOCKED
09-21 21:37:41.421  1362  3278 I AppsFilter: interaction: PackageSetting{73f813c com.omnilypro.pos/10198} -> PackageSetting{24b9cfe com.android.internal.systemui.navbar.gestural/10012} BLOCKED
09-21 21:37:41.421  1362  3278 I AppsFilter: interaction: PackageSetting{73f813c com.omnilypro.pos/10198} -> PackageSetting{e7b6c5f com.google.android.overlay.gmsconfig.personalsafety/10029} BLOCKED
09-21 21:37:41.421  1362  3278 I AppsFilter: interaction: PackageSetting{73f813c com.omnilypro.pos/10198} -> PackageSetting{11a4639 com.android.bluetoothmidiservice/10060} BLOCKED
09-21 21:37:41.421  1362  3278 I AppsFilter: interaction: PackageSetting{73f813c com.omnilypro.pos/10198} -> PackageSetting{2ab747e com.google.android.cellbroadcastreceiver/10145} BLOCKED
09-21 21:37:41.421  1362  3278 I AppsFilter: interaction: PackageSetting{73f813c com.omnilypro.pos/10198} -> PackageSetting{2408b0a android.auto_generated_rro_product__/10014} BLOCKED
09-21 21:37:41.421  1362  3278 I AppsFilter: interaction: PackageSetting{73f813c com.omnilypro.pos/10198} -> PackageSetting{7f32ddf com.google.android.apps.adm/10092} BLOCKED
09-21 21:37:41.422  1362  3278 I AppsFilter: interaction: PackageSetting{73f813c com.omnilypro.pos/10198} -> PackageSetting{3feaa2c com.android.wallpaperpicker/10107} BLOCKED
09-21 21:37:41.422  1362  3278 I AppsFilter: interaction: PackageSetting{73f813c com.omnilypro.pos/10198} -> PackageSetting{8a3cdf1 com.android.internal.systemui.navbar.gestural_narrow_back/10025} BLOCKED
09-21 21:37:41.422  1362  3278 I AppsFilter: interaction: PackageSetting{73f813c com.omnilypro.pos/10198} -> PackageSetting{5500cf5 com.google.android.inputmethod.latin/10116} BLOCKED
09-21 21:37:41.422  1362  3278 I AppsFilter: interaction: PackageSetting{73f813c com.omnilypro.pos/10198} -> PackageSetting{1865a8a com.google.android.apps.restore/10097} BLOCKED
09-21 21:37:41.422  1362  3278 I AppsFilter: interaction: PackageSetting{73f813c com.omnilypro.pos/10198} -> PackageSetting{cbebf44 com.mediatek.MtkTelephonyServiceResOverlay/10040} BLOCKED
09-21 21:37:41.529  1362  1857 D CompatibilityChangeReporter: Compat change id reported: 161145287; UID 10198; state: DISABLED
09-21 21:37:41.541  1362  1857 D CompatibilityChangeReporter: Compat change id reported: 135634846; UID 99054; state: DISABLED
09-21 21:37:41.542  1362  1857 D CompatibilityChangeReporter: Compat change id reported: 177438394; UID 99054; state: DISABLED
09-21 21:37:41.542  1362  1857 D CompatibilityChangeReporter: Compat change id reported: 135772972; UID 99054; state: DISABLED
09-21 21:37:41.542  1362  1857 D CompatibilityChangeReporter: Compat change id reported: 135754954; UID 99054; state: ENABLED
09-21 21:37:41.544  1362  1416 D CompatibilityChangeReporter: Compat change id reported: 143937733; UID 10198; state: ENABLED
09-21 21:37:41.575  1362  1416 I ActivityManager: Start proc 13899:com.google.android.webview:sandboxed_process0:org.chromium.content.app.SandboxedProcessService0:0/u0i54 for  {com.omnilypro.pos/org.chromium.content.app.SandboxedProcessService0:0}
09-21 21:37:41.605  1362  2754 V ActivityManager: New death recipient com.android.server.am.ActivityManagerService$AppDeathRecipient@bbe790c for thread android.os.BinderProxy@4436255
09-21 21:37:41.633  1362  3278 I ActivityManager: Flag disabled. Ignoring finishAttachApplication from uid: 99054. pid: 13899
09-21 21:37:41.724 13860 13860 D MbrainDebugManagerImpl: getService failed
09-21 21:37:41.883  1362  3278 D CompatibilityChangeReporter: Compat change id reported: 211757425; UID 10198; state: DISABLED
09-21 21:37:42.030  1362  2754 D CoreBackPreview: Window{3c1e3d2 u0 com.omnilypro.pos/com.omnilypro.pos.MainActivityFinal}: Setting back callback OnBackInvokedCallbackInfo{mCallback=android.window.IOnBackInvokedCallback$Stub$Proxy@f7088cd, mPriority=0, mIsAnimationCallback=false}
09-21 21:37:42.041  1362  1857 W WindowManager: Changing focus from null to Window{3c1e3d2 u0 com.omnilypro.pos/com.omnilypro.pos.MainActivityFinal} displayId=0 Callers=com.android.server.wm.RootWindowContainer.updateFocusedWindowLocked:455 com.android.server.wm.WindowManagerService.updateFocusedWindowLocked:6219 com.android.server.wm.WindowManagerService.relayoutWindow:2520 com.android.server.wm.Session.relayout:259 
09-21 21:37:42.049  1362  1857 I WindowManager: Relayout Window{3c1e3d2 u0 com.omnilypro.pos/com.omnilypro.pos.MainActivityFinal}: oldVis=4 newVis=0 focusMayChange = true requestedWidth = 800 requestedHeight = 1280 outFrames = ClientWindowFrames{frame=[0,0][800,1280] display=[0,0][800,1280] parentFrame=[0,0][0,0]} outSurfaceControl = Surface(name=com.omnilypro.pos/com.omnilypro.pos.MainActivityFinal)/@0xe2905e8
09-21 21:37:42.112  1362  2754 W WindowManager: finishDrawingWindow: Window{3c1e3d2 u0 com.omnilypro.pos/com.omnilypro.pos.MainActivityFinal} mDrawState=DRAW_PENDING
09-21 21:37:42.117  1362  1399 W WindowManager: real show surface:Surface(name=com.omnilypro.pos/com.omnilypro.pos.MainActivityFinal)/@0xd0d12a6
09-21 21:37:42.142  1362  2944 D CompatibilityChangeReporter: Compat change id reported: 214016041; UID 10198; state: DISABLED
09-21 21:37:42.143  1362  1396 E MBrainLocalService: MBrainJava launch failed: SecurityException
09-21 21:37:42.162  1362  2754 W InputMethodManagerService: Ignoring hideSoftInput of uid 10121 : com.android.internal.inputmethod.IInputMethodClient$Stub$Proxy@259d07e
09-21 21:37:42.168  1362  2754 W PackageConfigPersister: App-specific configuration not found for packageName: com.omnilypro.pos and userId: 0
09-21 21:37:42.555  1362  2754 D CoreBackPreview: Window{659ace4 u0 Splash Screen com.omnilypro.pos EXITING}: Setting back callback null
09-21 21:37:42.689  1362  1399 D WindowManager: setParent old=ActivityRecord{f664d9b u0 com.omnilypro.pos/.MainActivityFinal t112},new=null,this window=Window{659ace4 u0 Splash Screen com.omnilypro.pos},callers=com.android.server.wm.WindowContainer.removeChild:761 com.android.server.wm.ActivityRecord.removeChild:4462 com.android.server.wm.ActivityRecord.removeChild:399 com.android.server.wm.WindowContainer.removeImmediately:819 com.android.server.wm.WindowState.removeImmediately:2386 com.android.server.wm.WindowState.destroySurface:3379 
09-21 21:37:44.047  1582  1582 E android.hardware.wifi@1.0-service-lazy: Invalid radio stats in link layer stats
09-21 21:37:44.609  1362  2944 W PackageConfigPersister: App-specific configuration not found for packageName: com.omnilypro.pos and userId: 0
09-21 21:37:46.304  1362  1883 D BatteryService: Processing new values: info=android.hardware.health.HealthInfo@9a57ba9, mBatteryLevelCritical=false, mPlugType=1
09-21 21:37:46.305  1362  1883 D BatteryService: Sending ACTION_BATTERY_CHANGED. scale:100, info:android.hardware.health.HealthInfo@9a57ba9
09-21 21:37:46.313  1618  5409 D PowerUI : can't show warning due to - plugged: true status unknown: false
09-21 21:37:47.061  1582  1582 E android.hardware.wifi@1.0-service-lazy: Invalid radio stats in link layer stats
09-21 21:37:50.075  1582  1582 E android.hardware.wifi@1.0-service-lazy: Invalid radio stats in link layer stats
09-21 21:37:53.087  1582  1582 E android.hardware.wifi@1.0-service-lazy: Invalid radio stats in link layer stats
09-21 21:37:56.110  1582  1582 E android.hardware.wifi@1.0-service-lazy: Invalid radio stats in link layer stats
09-21 21:37:56.548  1362  1883 D BatteryService: Processing new values: info=android.hardware.health.HealthInfo@90adc06, mBatteryLevelCritical=false, mPlugType=1
09-21 21:37:56.549  1362  1883 D BatteryService: Sending ACTION_BATTERY_CHANGED. scale:100, info:android.hardware.health.HealthInfo@90adc06
09-21 21:37:56.555  1618  5527 D PowerUI : can't show warning due to - plugged: true status unknown: false
09-21 21:37:57.067  1362  2944 W ProcessStats: Tracking association SourceState{6b9e731 com.google.android.gms/10100 BTop #45901} whose proc state 2 is better than process ProcessState{ce6aedc com.google.android.adservices.api/10151 pkg=com.google.android.adservices.api} proc state 8 (69 skipped)
09-21 21:37:59.124  1582  1582 E android.hardware.wifi@1.0-service-lazy: Invalid radio stats in link layer stats
09-21 21:38:02.139  1582  1582 E android.hardware.wifi@1.0-service-lazy: Invalid radio stats in link layer stats
09-21 21:38:05.160  1582  1582 E android.hardware.wifi@1.0-service-lazy: Invalid radio stats in link layer stats
09-21 21:38:06.786  1362  1883 D BatteryService: Processing new values: info=android.hardware.health.HealthInfo@fa833bf, mBatteryLevelCritical=false, mPlugType=1
09-21 21:38:06.786  1362  1883 D BatteryService: Sending ACTION_BATTERY_CHANGED. scale:100, info:android.hardware.health.HealthInfo@fa833bf
09-21 21:38:06.794  1618  5592 D PowerUI : can't show warning due to - plugged: true status unknown: false
09-21 21:38:08.186  1582  1582 E android.hardware.wifi@1.0-service-lazy: Invalid radio stats in link layer stats
09-21 21:38:11.210  1582  1582 E android.hardware.wifi@1.0-service-lazy: Invalid radio stats in link layer stats
09-21 21:38:14.225  1582  1582 E android.hardware.wifi@1.0-service-lazy: Invalid radio stats in link layer stats
09-21 21:38:17.026  1362  1883 D BatteryService: Processing new values: info=android.hardware.health.HealthInfo@ab64cdb, mBatteryLevelCritical=false, mPlugType=1
09-21 21:38:17.027  1362  1883 D BatteryService: Sending ACTION_BATTERY_CHANGED. scale:100, info:android.hardware.health.HealthInfo@ab64cdb
09-21 21:38:17.036  1618  2113 D PowerUI : can't show warning due to - plugged: true status unknown: false
09-21 21:38:17.246  1582  1582 E android.hardware.wifi@1.0-service-lazy: Invalid radio stats in link layer stats
09-21 21:38:20.261  1582  1582 E android.hardware.wifi@1.0-service-lazy: Invalid radio stats in link layer stats
09-21 21:38:21.528  1362  1414 W NotificationHistory: Attempted to remove conversation for locked/gone/disabled user 0
09-21 21:38:23.277  1582  1582 E android.hardware.wifi@1.0-service-lazy: Invalid radio stats in link layer stats
09-21 21:38:26.291  1582  1582 E android.hardware.wifi@1.0-service-lazy: Invalid radio stats in link layer stats
09-21 21:38:27.265  1362  1883 D BatteryService: Processing new values: info=android.hardware.health.HealthInfo@6e8d566, mBatteryLevelCritical=false, mPlugType=1
09-21 21:38:29.302  1582  1582 E android.hardware.wifi@1.0-service-lazy: Invalid radio stats in link layer stats
09-21 21:38:31.315  1362  1883 D BatteryService: Processing new values: info=android.hardware.health.HealthInfo@927f0fd, mBatteryLevelCritical=false, mPlugType=1
09-21 21:38:32.324  1582  1582 E android.hardware.wifi@1.0-service-lazy: Invalid radio stats in link layer stats
09-21 21:38:35.346  1582  1582 E android.hardware.wifi@1.0-service-lazy: Invalid radio stats in link layer stats
09-21 21:38:37.507  1362  1883 D BatteryService: Processing new values: info=android.hardware.health.HealthInfo@21ce1f2, mBatteryLevelCritical=false, mPlugType=1
09-21 21:38:37.507  1362  1883 D BatteryService: Sending ACTION_BATTERY_CHANGED. scale:100, info:android.hardware.health.HealthInfo@21ce1f2
09-21 21:38:37.515  1618  3263 D PowerUI : can't show warning due to - plugged: true status unknown: false
09-21 21:38:38.359  1582  1582 E android.hardware.wifi@1.0-service-lazy: Invalid radio stats in link layer stats
09-21 21:38:41.371  1582  1582 E android.hardware.wifi@1.0-service-lazy: Invalid radio stats in link layer stats
09-21 21:38:44.387  1582  1582 E android.hardware.wifi@1.0-service-lazy: Invalid radio stats in link layer stats
09-21 21:38:47.399  1582  1582 E android.hardware.wifi@1.0-service-lazy: Invalid radio stats in link layer stats
09-21 21:38:47.746  1362  1883 D BatteryService: Processing new values: info=android.hardware.health.HealthInfo@c456c0, mBatteryLevelCritical=false, mPlugType=1
09-21 21:38:47.747  1362  1883 D BatteryService: Sending ACTION_BATTERY_CHANGED. scale:100, info:android.hardware.health.HealthInfo@c456c0
09-21 21:38:47.756  1618  3447 D PowerUI : can't show warning due to - plugged: true status unknown: false
09-21 21:38:50.411  1582  1582 E android.hardware.wifi@1.0-service-lazy: Invalid radio stats in link layer stats
09-21 21:38:53.426  1582  1582 E android.hardware.wifi@1.0-service-lazy: Invalid radio stats in link layer stats
09-21 21:38:56.443  1582  1582 E android.hardware.wifi@1.0-service-lazy: Invalid radio stats in link layer stats
09-21 21:38:57.033  1362  1436 V DisplayPowerController2[0]: Brightness [0.05] reason changing to: 'manual [ dim ]', previous reason: 'manual'.
09-21 21:38:57.033  1362  1436 I DisplayPowerController2[0]: BrightnessEvent: disp=0, physDisp=local:0, brt=0.05, initBrt=0.4015748, rcmdBrt=NaN, preBrt=NaN, lux=0.0, preLux=0.0, hbmMax=1.0, hbmMode=off, rbcStrength=50, thrmMax=1.0, powerFactor=1.0, wasShortTermModelActive=false, flags=, reason=manual [ dim ], autoBrightness=false, strategy=InvalidBrightnessStrategy
09-21 21:38:57.036  1362  1436 V DisplayPowerController2[5]: Brightness [0.05] reason changing to: 'manual [ dim ]', previous reason: 'manual'.
09-21 21:38:57.037  1362  1436 I DisplayPowerController2[5]: BrightnessEvent: disp=5, physDisp=local:1, brt=0.05, initBrt=0.5, rcmdBrt=NaN, preBrt=NaN, lux=0.0, preLux=0.0, hbmMax=1.0, hbmMode=off, rbcStrength=-1, thrmMax=1.0, powerFactor=1.0, wasShortTermModelActive=false, flags=, reason=manual [ dim ], autoBrightness=false, strategy=InvalidBrightnessStrategy
09-21 21:38:57.038  1362  1398 D DisplayManagerService: Ignore redundant display event 0/4 to 10042/4108
09-21 21:38:57.039  1362  1398 D DisplayManagerService: Ignore redundant display event 0/4 to 10087/4698
09-21 21:38:57.039  1362  1398 D DisplayManagerService: Ignore redundant display event 0/4 to 10095/5805
09-21 21:38:57.039  1362  1398 D DisplayManagerService: Ignore redundant display event 0/4 to 10099/7352
09-21 21:38:57.039  1362  1398 D DisplayManagerService: Ignore redundant display event 0/4 to 10114/11831
09-21 21:38:57.986  1362  1883 D BatteryService: Processing new values: info=android.hardware.health.HealthInfo@6132b3e, mBatteryLevelCritical=false, mPlugType=1
09-21 21:38:57.987  1362  1883 D BatteryService: Sending ACTION_BATTERY_CHANGED. scale:100, info:android.hardware.health.HealthInfo@6132b3e
09-21 21:38:58.001  1618  4735 D PowerUI : can't show warning due to - plugged: true status unknown: false
09-21 21:38:58.007  1362  1362 D MBrainLocalService: isVendorFreezeConditionPass is false
09-21 21:38:58.007  1362  1362 E ChargeIntentReceiver: notifyChange failed
09-21 21:38:58.011  1362  1857 D CompatibilityChangeReporter: Compat change id reported: 161145287; UID 1000; state: ENABLED
09-21 21:38:58.013  1362  1857 D CompatibilityChangeReporter: Compat change id reported: 161145287; UID 1000; state: DISABLED
09-21 21:38:59.455  1582  1582 E android.hardware.wifi@1.0-service-lazy: Invalid radio stats in link layer stats
09-21 21:39:02.471  1582  1582 E android.hardware.wifi@1.0-service-lazy: Invalid radio stats in link layer stats
09-21 21:39:04.032  1362  1436 I PowerGroup: Powering off display group due to timeout (groupId= 0, uid= 1000, millisSinceLastUserActivity=60004, lastUserActivityEvent=touch)...
09-21 21:39:04.032  1362  1436 I PowerManagerService: Going to sleep due to timeout (uid 1000, screenOffTimeout=60000, activityTimeoutWM=-1, maxDimRatio=0.20000005, maxDimDur=7000)...
09-21 21:39:04.116  1362  1436 V DisplayPowerController2[0]: Brightness [0.4015748] reason changing to: 'manual', previous reason: 'manual [ dim ]'.
09-21 21:39:04.120  1362  1436 I DisplayPowerController2[0]: BrightnessEvent: disp=0, physDisp=local:0, brt=0.4015748, initBrt=0.05, rcmdBrt=NaN, preBrt=NaN, lux=0.0, preLux=0.0, hbmMax=1.0, hbmMode=off, rbcStrength=50, thrmMax=1.0, powerFactor=1.0, wasShortTermModelActive=false, flags=, reason=manual, autoBrightness=false, strategy=InvalidBrightnessStrategy
09-21 21:39:04.214  1362  1436 V DisplayPowerController2[5]: Brightness [0.5] reason changing to: 'manual', previous reason: 'manual [ dim ]'.
09-21 21:39:04.215  1362  1436 I DisplayPowerController2[5]: BrightnessEvent: disp=5, physDisp=local:1, brt=0.5, initBrt=0.05, rcmdBrt=NaN, preBrt=NaN, lux=0.0, preLux=0.0, hbmMax=1.0, hbmMode=off, rbcStrength=-1, thrmMax=1.0, powerFactor=1.0, wasShortTermModelActive=false, flags=, reason=manual, autoBrightness=false, strategy=InvalidBrightnessStrategy
09-21 21:39:04.331  1362  1436 I DisplayPowerController2[0]: Blocking screen off
09-21 21:39:04.334  1362  1436 V SettingsProvider: name : screen_brightness appId : 1000
09-21 21:39:04.338  1362  1436 I DisplayPowerController2[0]: Unblocked screen off after 7 ms
09-21 21:39:04.339  1362  1362 I BrightnessSynchronizer: [787] New Update 106(i) set brightness values: 0.41338584(f) 
09-21 21:39:04.359  1362  1422 E KernelCpuSpeedReader: Failed to read cpu-freq: /sys/devices/system/cpu/cpu0/cpufreq/stats/time_in_state: open failed: ENOENT (No such file or directory)
