09-21 21:51:10.854  2610  3229 I zhz     : Disconnected from SysUi [IVR-C]
09-21 21:51:10.855  4836  4836 I Module  : DeviceLockedStatusModuleProvider$Module.updateDeviceLockedStatus():100 repeatCheckTimes = 0, locked = false
09-21 21:51:10.858  2610  3229 I aevi    : (REDACTED) stopListening(%s, %s)
09-21 21:51:10.860  2610  3229 I aigw    : Ignoring as prefetch was recently called
09-21 21:51:10.866  2131  2869 I ActivityScheduler: nextTriggerTime: 99918614, in 60001ms, detectorType: 39, FULL_TYPE alarmWindowMillis: 22500
09-21 21:51:10.866  2610  2954 I aigw    : Ignoring as prefetch was recently called
09-21 21:51:10.869  2131  3037 I NearbyDiscovery: (REDACTED) FastPairHandler: Received action %s
09-21 21:51:10.869  2131  3037 I NearbyDiscovery: (REDACTED) OffloadFastPairScanner: eventType=%s, isInternalReq=%s, isOffloadScanning=%s, isOffloadScanningAllowed=%s
09-21 21:51:10.871  2131  3037 I NearbyDiscovery: (REDACTED) FastPairScanner: isScreenOn=%s, isLocationEnabled=%s, disableLocationRequirement=%s, isDiscoveryScanningEnabled=%s, during24GhzWifiWarmingUpPeriod=%s
09-21 21:51:10.871  2131  3037 D BluetoothAdapter: isLeEnabled(): ON
09-21 21:51:10.872  2131  3037 I NearbyDiscovery: (REDACTED) FastPairScanner: eventType=%s, intReq=%s, scanning=%s, scanAllowed=%s, bleEnabled=%s, lockScanRate=%s, startScanningByLowPowerMode=%s
09-21 21:51:10.872  2131  3037 I NearbyDiscovery: FastPairController: onSystemStateChanged: skip due to flag disabled [CONTEXT service_id=265 ]
09-21 21:51:10.887   704   704 I Accelerometer: batch: handle:0, flag:0,samplingPeriodNs:8000000 maxBatchReportLatencyNs:0
09-21 21:51:10.891   704   704 I Accelerometer: enable: handle:0, en:1
09-21 21:51:10.905 12258 14423 I DeviceStatusMonitor: DeviceStatusMonitor.handleBroadcast():123 onReceive() : Action = android.intent.action.SCREEN_OFF
09-21 21:51:10.907 12258 14423 I DeviceStatusMonitor: DeviceStatusMonitor.updateCountryInfo():139 updateCountryInfo(), notifyAnyway = false
09-21 21:51:10.914  1582  1582 I WifiHAL : Get link layer stats
09-21 21:51:10.914  1582  1582 I WifiHAL : GetLinkStatsCommand::create
09-21 21:51:10.914  1582  1582 D android.hardware.wifi@1.0-service-lazy: WifiRequest::create vendor command to iface 31, vendor_id=0x1a11, subcmd=0x1200, res=0
09-21 21:51:10.914  1582  1582 I WifiHAL : GetLinkStatsCommand::handleResponse
09-21 21:51:10.914  1582  1582 E WifiHAL : handleResponse: data=0xb4000075c6e306b0, len=392
09-21 21:51:10.914  1582  1582 I WifiHAL : check_data_sanity: confirmed_size=380, len=392
09-21 21:51:10.914  1582  1582 I WifiHAL : handleResponse: iface_stat_ptr=0xb4000075c6e306b0, num_radios=0, radio_stats_ptr=0xb4000075c6e3082c
09-21 21:51:10.915  1582  1582 E android.hardware.wifi@1.0-service-lazy: Invalid radio stats in link layer stats
09-21 21:51:10.915  1582  1582 I android.hardware.wifi@1.0-service-lazy: WifiCommand::requestResponse err=-1
09-21 21:51:10.915  1582  1582 I WifiHAL : wifi_get_link_stats: result=-1
09-21 21:51:10.915  1362  1518 E WifiStaIfaceHidlImpl: getLinkLayerStatsV1_5 failed with status: {.code = ERROR_UNKNOWN, .description = unknown}
09-21 21:51:10.917  1601  1601 I wpa_supplicant: wpa_driver_nl80211_driver_cmd: wlan0 recv cmd SETSUSPENDMODE 1
09-21 21:51:10.923  1601  1601 I wpa_supplicant: wpa_driver_nl80211_driver_cmd: ret = 0 used = 2 total = 512 buf = 
09-21 21:51:10.934  2131 14158 I AOSP-MdnsDiscoveryManag: (REDACTED) %s
09-21 21:51:10.935  2131  3870 I AOSP-MdnsDiscoveryManag: (REDACTED) %s
09-21 21:51:10.935  2131  3870 I AOSP-MdnsDiscoveryManag: (REDACTED) %s
09-21 21:51:10.935  2131  3870 I AOSP-MdnsDiscoveryManag: (REDACTED) %s
09-21 21:51:10.936  1362  2944 I WifiService: releaseMulticastLock uid=10100
09-21 21:51:10.937  1746  2034 D IpClient.wlan0: set max DTIM multiplier to 9
09-21 21:51:10.938  1601  1601 I wpa_supplicant: wpa_driver_nl80211_driver_cmd: wlan0 recv cmd RXFILTER-STOP
09-21 21:51:10.938  2131  3870 I AOSP-MdnsDiscoveryManag: (REDACTED) %s
09-21 21:51:10.939  2131  3870 I AOSP-MdnsDiscoveryManag: (REDACTED) %s
09-21 21:51:10.940  2131 14162 I AOSP-MdnsDiscoveryManag: (REDACTED) %s
09-21 21:51:10.942  2131 14163 I AOSP-MdnsDiscoveryManag: (REDACTED) %s
09-21 21:51:10.944  2131  2131 I BatchScanningManager: (REDACTED) Starting batch scanner in %d seconds.
09-21 21:51:10.945  1601  1601 I wpa_supplicant: wpa_driver_nl80211_driver_cmd: wlan0 recv cmd RXFILTER-REMOVE 2
09-21 21:51:10.947  1601  1601 I wpa_supplicant: wpa_driver_nl80211_driver_cmd: wlan0 recv cmd RXFILTER-START
09-21 21:51:10.949  1362  1518 D WifiStaIfaceHidlImpl: setDtimMultiplier is not implemented by HIDL
09-21 21:51:10.955  2131  2131 I RCNService: updateRcnState to isNetworkAvailable: true, isRcnSettingsEnabled: true, isScreenOn: false
09-21 21:51:10.962  2131 14424 I NetworkScheduler: (REDACTED) Error inserting %s
09-21 21:51:10.967  2131  2131 W ChimeraUtils: Module com.google.android.gms.cast missing resource cast_module_display_name(0)
09-21 21:51:10.970  2131  2131 W DiscoveryManager: BroadcastReceiver is already registered
09-21 21:51:10.972  2131 14158 I DiscoveryManager: Filter criteria(674A0243,8E6C866D) scannerFlags(0)
09-21 21:51:10.974  2131 14416 I NearbySharing: Stopping scanning because the screen is locked.
09-21 21:51:10.977  2131 14416 I NearbySharing: Stopping Fast Init advertisement because we're not scanning in the foreground.
09-21 21:51:10.981  2131 14416 I NearbySharing: Stopping advertising because no high power receive surface is registered and device is visible to HIDDEN.
09-21 21:51:10.981  2131 14416 I NearbySharing: Stopping FastInitiation scanning because the screen is locked.
09-21 21:51:10.982  2131 14416 I NearbySharing: Fast Initiation Scanning has stopped
09-21 21:51:10.986  2131 14416 I NearbySharing: Dismissing HUN as there's no device nearby.
09-21 21:51:11.108   710   776 I libPerfCtl: xgfGetFPS pid:1362 fps:61
09-21 21:51:11.108   710   776 I libPerfCtl: xgfGetFPS pid:1618 fps:56
09-21 21:51:11.161   949   949 V thermal_src: TA_DAEMON_CMD_SET_TTJ cmd=0x4, len=4 Tj=57000
09-21 21:51:12.052  1362  1402 D AES     : AEEIOCTL_GET/SET_SF_STATE IOCTL,cmd= 1074294797, lParam=0. 
09-21 21:51:12.052  1362  1402 D AES     : AEEIOCTL_RT_MON_Kick IOCTL,cmd= 2147774474, lParam=300. 
09-21 21:51:12.108   710   776 I libPerfCtl: xgfGetFPS pid:1362 fps:-1
09-21 21:51:12.109   710   776 I libPerfCtl: xgfGetFPS pid:1618 fps:-1
09-21 21:51:12.185   949   949 V thermal_src: TA_DAEMON_CMD_SET_TTJ cmd=0x4, len=4 Tj=57000
09-21 21:51:12.194   946   946 I thermal_repeater: [recvMdThermalInfo] ret=33, strLen=127,  2, 32767, -127, 111, 32767, 4046
09-21 21:51:12.391   704   704 I Accelerometer: enable: handle:0, en:0
09-21 21:51:12.399  2131  2869 I ActivityScheduler: nextTriggerTime: 100035446, in 175300ms, detectorType: 39, FULL_TYPE alarmWindowMillis: 22500
09-21 21:51:13.109   710   776 I libPerfCtl: xgfGetFPS pid:1362 fps:-1
09-21 21:51:13.109   710   776 I libPerfCtl: xgfGetFPS pid:1618 fps:-1
09-21 21:51:13.208   949   949 V thermal_src: TA_DAEMON_CMD_SET_TTJ cmd=0x4, len=4 Tj=57000
09-21 21:51:14.110   710   776 I libPerfCtl: xgfGetFPS pid:1362 fps:-1
09-21 21:51:14.110   710   776 I libPerfCtl: xgfGetFPS pid:1618 fps:-1
09-21 21:51:14.233   949   949 V thermal_src: TA_DAEMON_CMD_SET_TTJ cmd=0x4, len=4 Tj=57000
09-21 21:51:15.110   710   776 I libPerfCtl: xgfGetFPS pid:1362 fps:-1
09-21 21:51:15.110   710   776 I libPerfCtl: xgfGetFPS pid:1618 fps:-1
09-21 21:51:15.127  1362  1857 D SystemServerTiming: getUserSwitchability-0
09-21 21:51:15.127  1362  1857 D SystemServerTiming: TM.isInCall
09-21 21:51:15.128  1362  1857 D SystemServerTiming: hasUserRestriction-DISALLOW_USER_SWITCH
09-21 21:51:15.128  1362  1857 D SystemServerTiming: getInt-ALLOW_USER_SWITCHING_WHEN_SYSTEM_USER_LOCKED
09-21 21:51:15.129  1362  1857 D SystemServerTiming: isUserUnlocked-USER_SYSTEM
09-21 21:51:15.136  1618  1618 D KeyguardSecurityModel: isPinPukOrMeRequiredOfSubId() - phoneId = 0, simState = 1
09-21 21:51:15.137  1618  1618 D KeyguardSecurityModel: isPinPukOrMeRequiredOfSubId() - phoneId = 1, simState = 1
09-21 21:51:15.138  1618  1618 D AntiTheftManager: getCurrentAntiTheftMode() is called.
09-21 21:51:15.139  1618  1618 D SbStateController: setState: requested state KEYGUARD!= upcomingState: SHADE. This usually means the status bar state transition was interrupted before the upcoming state could be applied.
09-21 21:51:15.150  1618  1618 D CentralSurfaces: updateQsExpansionEnabled - QS Expand enabled: true
09-21 21:51:15.169  1618  1618 D CentralSurfaces: Received new disable state: enaihbcrso.qingr (unchanged)
09-21 21:51:15.172  1618  1618 D CentralSurfaces: Received new disable state: enaihbcrso.qingr (unchanged)
09-21 21:51:15.173  1618  1618 D StatusBarKeyguardViewManager: prevented unregistering back callback twice
09-21 21:51:15.176  1618  1618 D KeyguardSecurityModel: isPinPukOrMeRequiredOfSubId() - phoneId = 0, simState = 1
09-21 21:51:15.176  1618  1618 D KeyguardSecurityModel: isPinPukOrMeRequiredOfSubId() - phoneId = 1, simState = 1
09-21 21:51:15.176  1618  1618 D AntiTheftManager: getCurrentAntiTheftMode() is called.
09-21 21:51:15.194   715  1480 D SurfaceFlinger: [SF client] NEW(0xb400007c0ecb7350) for (1618:com.android.systemui)
09-21 21:51:15.201  1618  1618 D VRI[]   : hardware acceleration = true, forceHwAccelerated = false
09-21 21:51:15.205   715  1480 E BufferQueueDebug: [WindowToken{b099935 type=2009 android.os.BinderProxy@5a78e79}#18411](this:0xb400007deee2a718,id:-1,api:0,p:-1,c:-1) id info cannot be read from 'WindowToken{b099935 type=2009 android.os.BinderProxy@5a78e79}#18411'
09-21 21:51:15.205   715  1480 I BufferQueueDebug: [WindowToken{b099935 type=2009 android.os.BinderProxy@5a78e79}#18411](this:0xb400007deee2a718,id:-1,api:0,p:-1,c:-1) BufferQueue core=(715:/system/bin/surfaceflinger)
09-21 21:51:15.206   715   822 E BufferQueueDebug: [bdc501f com.android.systemui#18412](this:0xb400007deee49c48,id:-1,api:0,p:-1,c:-1) id info cannot be read from 'bdc501f com.android.systemui#18412'
09-21 21:51:15.206   715   822 I BufferQueueDebug: [bdc501f com.android.systemui#18412](this:0xb400007deee49c48,id:-1,api:0,p:-1,c:-1) BufferQueue core=(715:/system/bin/surfaceflinger)
09-21 21:51:15.210  1618  1618 D InputTransport: Create ARC handle: 0xb40000780cffe4d0
09-21 21:51:15.210  1618  1618 D InputEventReceiver: Input log is disabled in InputEventReceiver.
09-21 21:51:15.210  1618  1618 D InputTransport: Input log is disabled in InputChannel.
09-21 21:51:15.233   715  1480 E BufferQueueDebug: [NotificationShade#18413](this:0xb400007deee6bf08,id:-1,api:0,p:-1,c:-1) id info cannot be read from 'NotificationShade#18413'
09-21 21:51:15.234   715  1480 I BufferQueueDebug: [NotificationShade#18413](this:0xb400007deee6bf08,id:-1,api:0,p:-1,c:-1) BufferQueue core=(715:/system/bin/surfaceflinger)
09-21 21:51:15.237  1362  1857 W WindowManager: Changing focus from null to Window{255ee59 u0 NotificationShade} displayId=0 Callers=com.android.server.wm.RootWindowContainer.updateFocusedWindowLocked:455 com.android.server.wm.WindowManagerService.updateFocusedWindowLocked:6219 com.android.server.wm.WindowManagerService.relayoutWindow:2520 com.android.server.wm.Session.relayout:259 
09-21 21:51:15.238   715   823 E BufferQueueDebug: [Surface(name=2bcb1b9 NavigationBar0)/@0xd91b1cc - animation-leash of insets_animation#18414](this:0xb400007deede8f28,id:-1,api:0,p:-1,c:-1) id info cannot be read from 'Surface(name=2bcb1b9 NavigationBar0)/@0xd91b1cc - animation-leash of insets_animation#18414'
09-21 21:51:15.238   715   823 I BufferQueueDebug: [Surface(name=2bcb1b9 NavigationBar0)/@0xd91b1cc - animation-leash of insets_animation#18414](this:0xb400007deede8f28,id:-1,api:0,p:-1,c:-1) BufferQueue core=(715:/system/bin/surfaceflinger)
09-21 21:51:15.239   715   823 E BufferQueueDebug: [Surface(name=7421fc9 StatusBar)/@0xafd0c15 - animation-leash of insets_animation#18415](this:0xb400007deed9c0f8,id:-1,api:0,p:-1,c:-1) id info cannot be read from 'Surface(name=7421fc9 StatusBar)/@0xafd0c15 - animation-leash of insets_animation#18415'
09-21 21:51:15.240   715   823 I BufferQueueDebug: [Surface(name=7421fc9 StatusBar)/@0xafd0c15 - animation-leash of insets_animation#18415](this:0xb400007deed9c0f8,id:-1,api:0,p:-1,c:-1) BufferQueue core=(715:/system/bin/surfaceflinger)
09-21 21:51:15.241  1362  1857 I WindowManager: Relayout Window{255ee59 u0 NotificationShade}: oldVis=4 newVis=0 focusMayChange = true requestedWidth = 800 requestedHeight = 1280 outFrames = ClientWindowFrames{frame=[0,0][800,1280] display=[0,0][800,1280] parentFrame=[0,0][0,0]} outSurfaceControl = Surface(name=NotificationShade)/@0xa122417
09-21 21:51:15.243  1618  1618 D BufferQueueConsumer: [](id:6520000022d,api:0,p:-1,c:1618) connect: controlledByApp=false
09-21 21:51:15.244  1362  1399 D SurfaceComposerClient: Transaction::apply InputWindowCommands.focusRequests timestamp=99862990280336, windowName=255ee59 NotificationShade
09-21 21:51:15.256   949   949 V thermal_src: TA_DAEMON_CMD_SET_TTJ cmd=0x4, len=4 Tj=57000
09-21 21:51:15.259   715   715 D SurfaceFlinger: Focus addInputWindowCommands timestamp=99862990280336, windowName=255ee59 NotificationShade
09-21 21:51:15.260   715   715 D SurfaceFlinger: Find Focus windowName=255ee59 NotificationShade, notVisible=1
09-21 21:51:15.260   715   715 D Layer   : Focus: NotificationShade#18413 isHiddenByPolicy s.flags&layer_state_t::eLayerHidden=1
09-21 21:51:15.260   715   715 D SurfaceFlinger: Focus inVisible Reason:isVisibleForInput(){hasInputInfo()?canReceiveInput():isVisible()}=0 has=1 can{!isHiddenByPolicy()&&(mBuffer==nullptr||getAlpha()>0.0f)}=0 Hidden=1 Buf=1 getA=1
09-21 21:51:15.261   715  1103 D SurfaceFlinger: updateWinowInfo=1, setFocusedWindow timestamp=99862990280336, windowName=255ee59 NotificationShade
09-21 21:51:15.263  1362  1883 D BatteryService: Processing new values: info=android.hardware.health.HealthInfo@1829004, mBatteryLevelCritical=false, mPlugType=1
09-21 21:51:15.263  1362  1883 D hcz     : mHealthInfo.batteryTemperatureTenthsCelsius==304
09-21 21:51:15.263  1362  1883 D BatteryService: Sending ACTION_BATTERY_CHANGED. scale:100, info:android.hardware.health.HealthInfo@1829004
09-21 21:51:15.271  1618  1690 E OpenGLRenderer: Unable to match the desired swap behavior.
09-21 21:51:15.276   715   715 I BufferQueueDebug: [Surface(name=7421fc9 StatusBar)/@0xafd0c15 - animation-leash of insets_animation#18403](this:0xb400007deedf72f8,id:-1,api:0,p:-1,c:715) onDestructor()
09-21 21:51:15.276   715   715 I BufferQueueDebug: [Surface(name=2bcb1b9 NavigationBar0)/@0xd91b1cc - animation-leash of insets_animation#18402](this:0xb400007deeef7798,id:-1,api:0,p:-1,c:715) onDestructor()
09-21 21:51:15.292  1618  1618 D CentralSurfaces: Received new disable state: Old: enaihbcrso.qingr | New: enaiHbcRso.qingr (changed: HR.)
09-21 21:51:15.295  1618  1618 W View    : requestLayout() improperly called by com.android.systemui.util.AutoMarqueeTextView{573d421 VFED..C.. ..S...ID 149,0-251,72 #7f0a04eb app:id/no_carrier_text} during layout: running second layout pass
09-21 21:51:15.295  1618  1618 W View    : requestLayout() improperly called by com.android.keyguard.CarrierText{32c0f1d V.ED..... ......ID 24,0-609,60 #7f0a0370 app:id/keyguard_carrier_text} during layout: running second layout pass
09-21 21:51:15.298  1893  1893 I OverviewComponentObserver: updateOverviewTargets: mIsHomeDisabled=true, isDefaultHomeNull=false, mIsDefaultHome=true
09-21 21:51:15.336  1618  1690 D BLASTBufferQueue: [VRI[NotificationShade]#557](f:0,a:1) acquireNextBufferLocked size=800x1280 mFrameNumber=1 applyTransaction=true mTimestamp=99863081853643(auto) mPendingTransactions.size=0 graphicBufferId=6949257087801 transform=0
09-21 21:51:15.341  1362  1857 W WindowManager: finishDrawingWindow: Window{255ee59 u0 NotificationShade} mDrawState=DRAW_PENDING
09-21 21:51:15.345  1362  1399 W WindowManager: real show surface:Surface(name=com.android.systemui.wallpapers.ImageWallpaper)/@0x883f051
09-21 21:51:15.345  1362  1399 W WindowManager: real show surface:Surface(name=NotificationShade)/@0xcc07e9
09-21 21:51:15.349  1362  1857 D CoreBackPreview: Window{bdc501f u0 com.android.systemui}: Setting back callback OnBackInvokedCallbackInfo{mCallback=android.window.IOnBackInvokedCallback$Stub$Proxy@87e8c6e, mPriority=0, mIsAnimationCallback=false}
09-21 21:51:15.362   715  1480 E BufferQueueDebug: [#18416](this:0xb400007deeef7798,id:-1,api:0,p:-1,c:-1) id info cannot be read from '#18416'
09-21 21:51:15.362   715  1480 I BufferQueueDebug: [#18416](this:0xb400007deeef7798,id:-1,api:0,p:-1,c:-1) BufferQueue core=(715:/system/bin/surfaceflinger)
09-21 21:51:15.368  1618  1618 D BufferQueueConsumer: [](id:6520000022e,api:0,p:-1,c:1618) connect: controlledByApp=false
09-21 21:51:15.370  1618  1690 E OpenGLRenderer: Unable to match the desired swap behavior.
09-21 21:51:15.379  1618  1690 D BLASTBufferQueue: [VRI[]#558](f:0,a:1) acquireNextBufferLocked size=480x480 mFrameNumber=1 applyTransaction=true mTimestamp=99863126489336(auto) mPendingTransactions.size=0 graphicBufferId=6949257087805 transform=0
09-21 21:51:15.381  1362  1857 W WindowManager: finishDrawingWindow: Window{bdc501f u0 com.android.systemui} mDrawState=DRAW_PENDING
09-21 21:51:15.383  1362  1399 W WindowManager: real show surface:Surface(name=)/@0x95439a5
09-21 21:51:15.388  1618  1618 D KeyguardSecurityModel: isPinPukOrMeRequiredOfSubId() - phoneId = 0, simState = 1
09-21 21:51:15.389  1618  1618 D KeyguardSecurityModel: isPinPukOrMeRequiredOfSubId() - phoneId = 1, simState = 1
09-21 21:51:15.389  1618  1618 D AntiTheftManager: getCurrentAntiTheftMode() is called.
09-21 21:51:15.405  1618  3447 D PowerUI : can't show warning due to - plugged: true status unknown: false
09-21 21:51:15.433  1362  1857 W WindowManager: finishDrawingWindow: Window{255ee59 u0 NotificationShade} mDrawState=HAS_DRAWN
09-21 21:51:15.435  1362  1857 D SystemServerTiming: getUserSwitchability-0
09-21 21:51:15.435  1362  1857 D SystemServerTiming: TM.isInCall
09-21 21:51:15.436  1362  1857 D SystemServerTiming: hasUserRestriction-DISALLOW_USER_SWITCH
09-21 21:51:15.436  1362  1857 D SystemServerTiming: getInt-ALLOW_USER_SWITCHING_WHEN_SYSTEM_USER_LOCKED
09-21 21:51:15.436  1362  1857 D SystemServerTiming: isUserUnlocked-USER_SYSTEM
09-21 21:51:15.437  1362  1857 D SystemServerTiming: getUserSwitchability-0
09-21 21:51:15.437  1362  1857 D SystemServerTiming: TM.isInCall
09-21 21:51:15.438  1362  1857 D SystemServerTiming: hasUserRestriction-DISALLOW_USER_SWITCH
09-21 21:51:15.438  1362  1857 D SystemServerTiming: getInt-ALLOW_USER_SWITCHING_WHEN_SYSTEM_USER_LOCKED
09-21 21:51:15.438  1362  1857 D SystemServerTiming: isUserUnlocked-USER_SYSTEM
09-21 21:51:15.441  1618  1618 D BiometricsRepositoryImpl: currentUser authFlags changed, new value: AuthenticationFlags(userId=0, flag=0)
09-21 21:51:15.442  1618  1618 D BiometricsRepositoryImpl: currentUser authFlags changed, new value: AuthenticationFlags(userId=0, flag=0)
09-21 21:51:15.445  1618  1618 D BiometricsRepositoryImpl: currentUser authFlags changed, new value: AuthenticationFlags(userId=0, flag=0)
09-21 21:51:15.445  1618  1618 D BiometricsRepositoryImpl: currentUser authFlags changed, new value: AuthenticationFlags(userId=0, flag=0)
09-21 21:51:15.446  1618  1618 D BiometricsRepositoryImpl: currentUser authFlags changed, new value: AuthenticationFlags(userId=0, flag=0)
09-21 21:51:15.446  1618  1618 D BiometricsRepositoryImpl: currentUser authFlags changed, new value: AuthenticationFlags(userId=0, flag=0)
09-21 21:51:15.454  1618  1686 D ControlsListingControllerImpl: Subscribing callback, service count: 0
09-21 21:51:15.471  1618  1686 D ControlsListingControllerImpl: Subscribing callback, service count: 0
09-21 21:51:15.475  1618  1686 D ControlsListingControllerImpl: Subscribing callback, service count: 0
09-21 21:51:15.495  2131 14413 W QAWalletSvc: No wallet cards to return. [CONTEXT service_id=79 ]
09-21 21:51:15.497  2131 14411 W QAWalletSvc: No wallet cards to return. [CONTEXT service_id=79 ]
09-21 21:51:15.497  2131 14416 W QAWalletSvc: No wallet cards to return. [CONTEXT service_id=79 ]
09-21 21:51:15.498  1618  1686 E QuickAccessWalletKeyguardQuickAffordanceConfig: Wallet card retrieval error, message: "Impossibile caricare i dati di pagamento"
09-21 21:51:15.499  1618  1686 E QuickAccessWalletKeyguardQuickAffordanceConfig: Wallet card retrieval error, message: "Impossibile caricare i dati di pagamento"
09-21 21:51:15.499  1618  1686 E QuickAccessWalletKeyguardQuickAffordanceConfig: Wallet card retrieval error, message: "Impossibile caricare i dati di pagamento"
09-21 21:51:15.610  1618  1627 I ndroid.systemui: Background concurrent copying GC freed 137572(5994KB) AllocSpace objects, 0(0B) LOS objects, 30% free, 13MB/19MB, paused 163us,70us total 172.590ms
09-21 21:51:15.619  1618  1629 W System  : A resource failed to call release. 
09-21 21:51:15.622  1618  1629 W ndroid.systemui: ApkAssets: Deleting an ApkAssets object '<empty> and /system/priv-app/PackageInstaller/PackageInstaller.apk' with 1 weak references
09-21 21:51:15.626   715   715 I BufferQueueDebug: [Surface(name=Task=1)/@0x1f287fe_transition-leash#18136](this:0xb400007deee5db38,id:-1,api:0,p:-1,c:715) onDestructor()
09-21 21:51:15.626   715   715 I BufferQueueDebug: [Task=110#18067](this:0xb400007deeeb0488,id:-1,api:0,p:-1,c:715) onDestructor()
09-21 21:51:15.628   715  1480 D SurfaceFlinger: [SF client] REMOVE (0xb400007c0ecde290) for (1618:com.android.systemui)
09-21 21:51:15.628  1618  1629 D MediaPlayer: finalize() native_finalize called
09-21 21:51:15.628  1618  1629 D MediaPlayer: finalize() native_finalize finished
09-21 21:51:15.630  1618  1629 W System  : A resource failed to call release. 
09-21 21:51:15.630  1618  1629 W System  : A resource failed to call release. 
09-21 21:51:16.111   710   776 I libPerfCtl: xgfGetFPS pid:1362 fps:-1
09-21 21:51:16.111   710   776 I libPerfCtl: xgfGetFPS pid:1618 fps:-1
09-21 21:51:16.281   949   949 V thermal_src: TA_DAEMON_CMD_SET_TTJ cmd=0x4, len=4 Tj=57000
09-21 21:51:17.111   710   776 I libPerfCtl: xgfGetFPS pid:1362 fps:-1
09-21 21:51:17.111   710   776 I libPerfCtl: xgfGetFPS pid:1618 fps:-1
09-21 21:51:17.305   949   949 V thermal_src: TA_DAEMON_CMD_SET_TTJ cmd=0x4, len=4 Tj=57000
09-21 21:51:18.112   710   776 I libPerfCtl: xgfGetFPS pid:1362 fps:-1
09-21 21:51:18.112   710   776 I libPerfCtl: xgfGetFPS pid:1618 fps:-1
09-21 21:51:18.329   949   949 V thermal_src: TA_DAEMON_CMD_SET_TTJ cmd=0x4, len=4 Tj=57000
09-21 21:51:19.113   710   776 I libPerfCtl: xgfGetFPS pid:1362 fps:-1
09-21 21:51:19.113   710   776 I libPerfCtl: xgfGetFPS pid:1618 fps:-1
09-21 21:51:19.353   949   949 V thermal_src: TA_DAEMON_CMD_SET_TTJ cmd=0x4, len=4 Tj=57000
09-21 21:51:20.113   710   776 I libPerfCtl: xgfGetFPS pid:1362 fps:-1
09-21 21:51:20.113   710   776 I libPerfCtl: xgfGetFPS pid:1618 fps:-1
09-21 21:51:20.377   949   949 V thermal_src: TA_DAEMON_CMD_SET_TTJ cmd=0x4, len=4 Tj=57000
09-21 21:51:20.491 13860 13884 I GED     : ged_boost_gpu_freq, level 100, eOrigin 2, final_idx 15, oppidx_max 15, oppidx_min 0
09-21 21:51:20.493 13860 13884 I GED     : ged_boost_gpu_freq, level 100, eOrigin 2, final_idx 15, oppidx_max 15, oppidx_min 0
09-21 21:51:20.509  2131  2272 I NearbyConnections: Client (50336379) 0p:com.google.android.gms.nearby.sharing disconnecting
09-21 21:51:20.511  2131  2272 I Nearby  : (REDACTED) Successfully shutdown executor %s.
09-21 21:51:20.512   693  2218 D [BT]    : mtk_bt_op: BT_VND_OP_LPM_WAKE_SET_STATE
09-21 21:51:20.514  2131 14200 I NearbyConnections: Because they unbound from our service, all state for client 50336379 will now be cleaned up.
09-21 21:51:20.524  2131 14200 I Nearby  : (REDACTED) Successfully shutdown executor %s.
09-21 21:51:20.543  2131 14200 I Nearby  : (REDACTED) Successfully shutdown executor %s.
09-21 21:51:20.558  2131 14200 I Nearby  : (REDACTED) Successfully shutdown executor %s.
09-21 21:51:20.560  2131 14200 I Nearby  : (REDACTED) Successfully shutdown executor %s.
09-21 21:51:20.561  2131 14200 I Nearby  : (REDACTED) Successfully shutdown executor %s.
09-21 21:51:20.562  2131 14200 I Nearby  : (REDACTED) Successfully shutdown executor %s.
09-21 21:51:20.563  2131 14200 I Nearby  : (REDACTED) Successfully shutdown executor %s.
09-21 21:51:20.564  2131 14200 I Nearby  : (REDACTED) Successfully shutdown executor %s.
09-21 21:51:20.565  2131 14200 I Nearby  : (REDACTED) Successfully shutdown executor %s.
09-21 21:51:20.575  2131 14200 I Nearby  : (REDACTED) Successfully shutdown executor %s.
09-21 21:51:20.929  2131 14200 I NearbyPresence: (REDACTED) %s verified [==] new request %s equals to the old request
09-21 21:51:20.945  2131  3870 I AOSP-MdnsDiscoveryManag: (REDACTED) %s
09-21 21:51:21.113   710   776 I libPerfCtl: xgfGetFPS pid:1618 fps:-1
09-21 21:51:21.401   949   949 V thermal_src: TA_DAEMON_CMD_SET_TTJ cmd=0x4, len=4 Tj=57000
09-21 21:51:22.114   710   776 I libPerfCtl: xgfGetFPS pid:1618 fps:-1
09-21 21:51:22.212   946   946 I thermal_repeater: [recvMdThermalInfo] ret=33, strLen=127,  2, 32767, -127, 111, 32767, 4046
09-21 21:51:22.425   949   949 V thermal_src: TA_DAEMON_CMD_SET_TTJ cmd=0x4, len=4 Tj=57000
09-21 21:51:23.114   710   776 I libPerfCtl: xgfGetFPS pid:1618 fps:-1
09-21 21:51:23.449   949   949 V thermal_src: TA_DAEMON_CMD_SET_TTJ cmd=0x4, len=4 Tj=57000
09-21 21:51:23.821  1362  1490 D MMI     : PhoneWindowManager interceptKeyBeforeQueueing keyCode = 26, event = KeyEvent { action=ACTION_DOWN, keyCode=KEYCODE_POWER, scanCode=116, metaState=0, flags=0x8, repeatCount=0, eventTime=99871567627000, downTime=99871567627000, deviceId=2, source=0x101, displayId=-1 }
09-21 21:51:23.828  1362  1490 I PowerGroup: Waking up power group from Asleep (groupId=0, uid=1000, reason=WAKE_REASON_POWER_BUTTON, details=android.policy:POWER)...
09-21 21:51:23.829  1362  1490 I PowerManagerService: Waking up from Asleep (uid=1000, reason=WAKE_REASON_POWER_BUTTON, details=android.policy:POWER)...
09-21 21:51:23.832   704   704 I Situation: enable: handle:22, en:0 
09-21 21:51:23.836  1362  1362 E ActivityManager: Cancel pending or running compactions as system is awake
09-21 21:51:23.836  1362  1436 I DisplayPowerController2[0]: Blocking screen on until initial contents have been drawn.
09-21 21:51:23.837  1362  1436 D MMI     : PhoneWindowManager screenTurningOn displayId = 0
09-21 21:51:23.837  1362  1436 I DisplayBrightnessStrategySelector: Changing the DisplayBrightnessStrategy from ScreenOffBrightnessStrategy toInvalidBrightnessStrategy for display 0
09-21 21:51:23.839  1362  1436 V DisplayPowerController2[0]: Brightness [0.4015748] reason changing to: 'manual', previous reason: 'screen_off'.
09-21 21:51:23.839  1362  1436 I DisplayPowerController2[0]: BrightnessEvent: disp=0, physDisp=local:0, brt=0.4015748, initBrt=0.0, rcmdBrt=NaN, preBrt=NaN, lux=0.0, preLux=0.0, hbmMax=1.0, hbmMode=off, rbcStrength=50, thrmMax=1.0, powerFactor=1.0, wasShortTermModelActive=false, flags=, reason=manual, autoBrightness=false, strategy=InvalidBrightnessStrategy
09-21 21:51:23.841  1362  1436 I DisplayPowerController2[5]: Blocking screen on until initial contents have been drawn.
09-21 21:51:23.841  1362  1436 D MMI     : PhoneWindowManager screenTurningOn displayId = 5
09-21 21:51:23.842  1362  1436 I DisplayBrightnessStrategySelector: Changing the DisplayBrightnessStrategy from ScreenOffBrightnessStrategy toInvalidBrightnessStrategy for display 5
09-21 21:51:23.843  1362  1436 V DisplayPowerController2[5]: Brightness [0.5] reason changing to: 'manual', previous reason: 'screen_off'.
09-21 21:51:23.843  1362  1436 I DisplayPowerController2[5]: BrightnessEvent: disp=5, physDisp=local:1, brt=0.5, initBrt=0.0, rcmdBrt=NaN, preBrt=NaN, lux=0.0, preLux=0.0, hbmMax=1.0, hbmMode=off, rbcStrength=-1, thrmMax=1.0, powerFactor=1.0, wasShortTermModelActive=false, flags=, reason=manual, autoBrightness=false, strategy=InvalidBrightnessStrategy
09-21 21:51:23.846  1362  1436 I DisplayPowerController2[5]: Unblocked screen on after 5 ms
09-21 21:51:23.847   715   715 D SurfaceFlinger: Setting power mode 2 on display 0
09-21 21:51:23.847   699   699 I hwcomposer: [HWCDisplay] Display(0) SetPowerMode(2) current mode(0)  
09-21 21:51:23.848  1362  1436 D BLASTBufferQueue: [ColorFade#110](f:0,a:1) destructor()
09-21 21:51:23.848  1362  1436 D BufferQueueConsumer: [ColorFade#110(BLAST Consumer)110](id:552000000d5,api:0,p:-1,c:1362) disconnect
09-21 21:51:23.853  1362  1422 E KernelCpuSpeedReader: Failed to read cpu-freq: /sys/devices/system/cpu/cpu0/cpufreq/stats/time_in_state: open failed: ENOENT (No such file or directory)
09-21 21:51:23.855   710   739 I mtkpower@impl: [setMode] type:7, enabled:1
09-21 21:51:23.855   710   739 I mtkpower@impl: [setMode] Restore All
09-21 21:51:23.856   710   795 I libPowerHal: [perfUserScnRestoreAll] 
09-21 21:51:23.857  1362  1362 W ProcessStats: Tracking association SourceState{8937969 com.omnilypro.pos/10198 Top #46506} whose proc state 1 is better than process ProcessState{264e92d com.google.android.webview:sandboxed_process0:org.chromium.content.app.SandboxedProcessService0:0/10198 pkg=com.omnilypro.pos} proc state 2 (9 skipped)
09-21 21:51:23.857   710   739 I mtkpower@impl: [setMode] type:9, enabled:0
09-21 21:51:23.857   710   739 E mtkpower@impl: [setMode] unknown type
09-21 21:51:23.859  1362  1398 D DisplayManagerService: Ignore redundant display event 0/4 to 10042/4108
09-21 21:51:23.859  1362  1398 D DisplayManagerService: Ignore redundant display event 0/4 to 10087/4698
09-21 21:51:23.859  1362  1398 D DisplayManagerService: Ignore redundant display event 0/4 to 10095/5805
09-21 21:51:23.859  1362  1398 I DisplayDeviceRepository: Display device changed state: "Schermo incorporato", ON
09-21 21:51:23.861  1362  1398 I InputManager-JNI: Viewport [0] to add: local:0, isActive: true
09-21 21:51:23.861  1362  1398 I InputManager-JNI: Viewport [1] to add: local:1, isActive: false
09-21 21:51:23.864  2627  2627 D NfcService: BroadcastReceiver - SCREEN_STATE_ON_LOCKED
09-21 21:51:23.869  2627  2627 I libnfc_nci: [INFO:StNativeNfcManager.cpp(3183)] stNfcManager_doSetScreenState; state = 4 prevScreenState= 1, discovry_param = 1
09-21 21:51:23.869  2627  2627 I libnfc_nci: [INFO:nfa_dm_api.cc(187)] NFA_SetPowerSubStateForScreenState: state:0x4
09-21 21:51:23.870  1618  1618 W WindowOnBackDispatcher: OnBackInvokedCallback is not enabled for the application.
09-21 21:51:23.870  1618  1618 W WindowOnBackDispatcher: Set 'android:enableOnBackInvokedCallback="true"' in the application manifest.
09-21 21:51:23.870  1618  1618 D CentralSurfaces: Received new disable state: enaiHbcRso.qingr (unchanged)
09-21 21:51:23.871  2627 11364 I libnfc_nci: [INFO:nfa_sys_main.cc(76)] nfa_sys_event; NFA got event 0x011A
09-21 21:51:23.871  2627 11364 I libnfc_nci: [INFO:nfa_dm_main.cc(124)] nfa_dm_evt_hdlr; event: NFA_DM_API_SET_POWER_SUB_STATE_EVT (0x1a)
09-21 21:51:23.871  2627 11364 I libnfc_nci: [INFO:nfa_dm_act.cc(696)] nfa_dm_set_power_sub_state
09-21 21:51:23.871  1618  1618 D CentralSurfaces: Received new disable state: enaiHbcRso.qingr (unchanged)
09-21 21:51:23.871  2627 11364 I libnfc_nci: [INFO:NfcAdaptation.cc(962)] NfcAdaptation::HalWrite
09-21 21:51:23.871   703   703 D StNfcHal: HAL st21nfc: StNfc_hal_write
09-21 21:51:23.871   703 11366 D StNfcHal: (#0276C) Tx 20 09 01 02 
09-21 21:51:23.872  1362  1362 D AudioSystem: +setParameters(): screen_state=on 
09-21 21:51:23.872   703 11367 D StNfcHal: ! i2cWrite!!, errno is 'I/O error'
09-21 21:51:23.873   692   846 D AudioALSAHardware: +setParameters(): screen_state=on
09-21 21:51:23.873   692   846 D AudioALSAStreamOut: +setScreenState(), flag 2, mode 1
09-21 21:51:23.873   692   846 D AudioALSAStreamOut: +setScreenState(), flag 8, mode 1
09-21 21:51:23.873   692   846 D AudioALSAStreamOut: +setScreenState(), flag 4, mode 1
09-21 21:51:23.873   692   846 D AudioALSAStreamOut: +setScreenState(), flag 65536, mode 1
09-21 21:51:23.873   692   846 D AudioALSAHardware: -setParameters(): screen_state=on
09-21 21:51:23.875  1362  1362 D MBrainLocalService: isVendorFreezeConditionPass is false
09-21 21:51:23.875  1362  1362 E ScreenIntentReceiver: notifyChange failed
09-21 21:51:23.876  1362  1490 I InputReader: Reconfiguring input devices, changes=DISPLAY_INFO
09-21 21:51:23.876  1362  1490 I InputReader: Device reconfigured: id=4, name='mtk-tpd', size 800x1280, orientation 0, mode 1, display id 0
09-21 21:51:23.876  1362  1490 I InputReader: Device reconfigured: id=3, name='chsc_cap_touch', size 800x1280, orientation 0, mode 1, display id 0
09-21 21:51:23.879  2131  2131 I NearbyDiscovery: (REDACTED) FastPairDisplayObserver: %s -> %s
09-21 21:51:23.879   703 11367 D StNfcHal: (#0276D) Rx 40 09 01 00 
09-21 21:51:23.881  2627 11364 I libnfc_nci: [INFO:nfc_ncif.cc(582)] nfc_ncif_process_event; NFC received rsp gid:0
09-21 21:51:23.881  2627 11364 I libnfc_nci: [INFO:nci_hrcv.cc(68)] nci_proc_core_rsp; opcode:0x9
09-21 21:51:23.881  2627 11364 I libnfc_nci: [INFO:nfa_dm_act.cc(296)] nfa_dm_nfc_response_cback; unknown revt(0x5013)
09-21 21:51:23.881  2627 11364 I libnfc_nci: [INFO:StNativeNfcManager.cpp(1639)] nfaDeviceManagementCallback; NFA_DM_SET_POWER_SUB_STATE_EVT; status=0x0
09-21 21:51:23.881  2627  2627 I libnfc_nci: [INFO:nfa_dm_api.cc(245)] NFA_SetConfig; param_id:0x2
09-21 21:51:23.883  2627 11364 I libnfc_nci: [INFO:nfa_sys_main.cc(76)] nfa_sys_event; NFA got event 0x0102
09-21 21:51:23.883  2627 11364 I libnfc_nci: [INFO:nfa_dm_main.cc(124)] nfa_dm_evt_hdlr; event: NFA_DM_API_SET_CONFIG_EVT (0x02)
09-21 21:51:23.883  2627 11364 I libnfc_nci: [INFO:nfa_dm_act.cc(617)] nfa_dm_set_config; p_data->setconfig.param_id: 0x02
09-21 21:51:23.883  2627 11364 I libnfc_nci: [INFO:nfa_dm_main.cc(253)] nfa_dm_check_set_config; type:0x2
09-21 21:51:23.883  2627 11364 I libnfc_nci: [INFO:NfcAdaptation.cc(962)] NfcAdaptation::HalWrite
09-21 21:51:23.883   703   703 D StNfcHal: HAL st21nfc: StNfc_hal_write
09-21 21:51:23.883   703 11366 D StNfcHal: (#0276E) Tx 20 02 04 01 02 01 00 
09-21 21:51:23.885  2131  3037 I NearbyDiscovery: (REDACTED) OffloadFastPairScanner: eventType=%s, isInternalReq=%s, isOffloadScanning=%s, isOffloadScanningAllowed=%s
09-21 21:51:23.886   703 11367 D StNfcHal: (#0276F) Rx 40 02 02 00 00 
09-21 21:51:23.888  2627 11364 I libnfc_nci: [INFO:nfc_ncif.cc(582)] nfc_ncif_process_event; NFC received rsp gid:0
09-21 21:51:23.888  2627 11364 I libnfc_nci: [INFO:nci_hrcv.cc(68)] nci_proc_core_rsp; opcode:0x2
09-21 21:51:23.888  2627 11364 I libnfc_nci: [INFO:nfa_dm_act.cc(296)] nfa_dm_nfc_response_cback; NFC_SET_CONFIG_REVT(0x5002)
09-21 21:51:23.888  2627 11364 I libnfc_nci: [INFO:StNativeNfcManager.cpp(1495)] nfaDeviceManagementCallback; NFA_DM_SET_CONFIG_EVT
09-21 21:51:23.888  2627 11364 I libnfc_nci: [INFO:NfcStExtensions.cpp(2332)] NfcStExtensions::notifyNciConfigCompletion; isGet = 0, length = 0x00
09-21 21:51:23.890   704   704 I Accelerometer: batch: handle:0, flag:0,samplingPeriodNs:8000000 maxBatchReportLatencyNs:2000000000
09-21 21:51:23.891  1362  1399 I DisplayDevice: [0] Layerstack set to 0 for local:0
09-21 21:51:23.892   704   704 I Accelerometer: enable: handle:0, en:1
09-21 21:51:23.894  2131  3037 I NearbyDiscovery: (REDACTED) FastPairScanner: isScreenOn=%s, isLocationEnabled=%s, disableLocationRequirement=%s, isDiscoveryScanningEnabled=%s, during24GhzWifiWarmingUpPeriod=%s
09-21 21:51:23.895  2131  3037 D BluetoothAdapter: isLeEnabled(): ON
09-21 21:51:23.895   704   704 I Proximity: batch: handle:7, flag:0,samplingPeriodNs:20000000 maxBatchReportLatencyNs:0
09-21 21:51:23.895  2131  3037 I NearbyDiscovery: (REDACTED) FastPairScanner: eventType=%s, intReq=%s, scanning=%s, scanAllowed=%s, bleEnabled=%s, lockScanRate=%s, startScanningByLowPowerMode=%s
09-21 21:51:23.896  2131  3037 I NearbyDiscovery: (REDACTED) FastPairScanner: isScreenOn=%s, isLocationEnabled=%s, disableLocationRequirement=%s, isDiscoveryScanningEnabled=%s, during24GhzWifiWarmingUpPeriod=%s
09-21 21:51:23.897  2131  3037 I NearbyDiscovery: (REDACTED) FastPairScanner: Start scanning internally, %s
09-21 21:51:23.897  2131  3037 D BluetoothAdapter: isLeEnabled(): ON
09-21 21:51:23.900   704   704 I Proximity: enable: handle:7, en:1 
09-21 21:51:23.901  1789  2320 I bt_stack: [INFO:le_scanning_manager.cc(157)] RegisterScanner in shim layer
09-21 21:51:23.902  2131 30687 D BluetoothLeScanner: onScannerRegistered() - status=0 scannerId=1 mScannerId=0
09-21 21:51:23.907  1789  2320 I AppScanStats: BLE_SCAN_STATE_CHANGED[1]reportBleScanStarted=false
09-21 21:51:23.908  1789  2320 I bt_btif : get_profile_interface: get_profile_interface: id = activity_attribution
09-21 21:51:23.908  1789  2320 E bt_stack: [ERROR:com_android_bluetooth_btservice_ActivityAttribution.cpp(172)] Failed to get ActivityAttribution Interface
09-21 21:51:23.908  4836  4836 I PkDeviceHelper: PkDeviceHelper.refreshDevices():93 refreshing devices
09-21 21:51:23.909  4836  4836 I PkDeviceHelper: PkDeviceHelper.refreshDevices():93 refreshing devices
09-21 21:51:23.910  4836 14429 I DeviceStatusMonitor: DeviceStatusMonitor.handleBroadcast():123 onReceive() : Action = android.intent.action.SCREEN_ON
09-21 21:51:23.911  4836 14429 I DeviceStatusMonitor: DeviceStatusMonitor.updateCountryInfo():139 updateCountryInfo(), notifyAnyway = false
09-21 21:51:23.913  2131  3037 I NearbyDiscovery: (REDACTED) FastPairScanner: Start scanning, mode=%s
09-21 21:51:23.914  1789  2253 I bt_stack: [INFO:le_scanning_manager.cc(270)] ScanFilterEnable in shim layer
09-21 21:51:23.914   693   693 D [BT]    : mtk_bt_op: BT_VND_OP_LPM_WAKE_SET_STATE
09-21 21:51:23.916  2131  2869 I ActivityScheduler: nextTriggerTime: 100035446, in 163784ms, detectorType: 39, FULL_TYPE alarmWindowMillis: 22500
09-21 21:51:23.919  2131  3037 I NearbyDiscovery: (REDACTED) FastPairHandler: Received action %s
09-21 21:51:23.920  1789  2253 I bt_stack: [INFO:le_scanning_manager.cc(245)] ScanFilterAdd in shim layer
09-21 21:51:23.921  2131  3037 I NearbyDiscovery: (REDACTED) OffloadFastPairScanner: eventType=%s, isInternalReq=%s, isOffloadScanning=%s, isOffloadScanningAllowed=%s
09-21 21:51:23.921  1789  2253 I bt_stack: [INFO:le_scanning_manager.cc(206)] ScanFilterParamSetup in shim layer
09-21 21:51:23.924  1789  2253 I bt_stack: [INFO:le_scanning_manager.cc(245)] ScanFilterAdd in shim layer
09-21 21:51:23.924 12258 14431 I DeviceStatusMonitor: DeviceStatusMonitor.handleBroadcast():123 onReceive() : Action = android.intent.action.SCREEN_ON
09-21 21:51:23.925 12258 14431 I DeviceStatusMonitor: DeviceStatusMonitor.updateCountryInfo():139 updateCountryInfo(), notifyAnyway = false
09-21 21:51:23.925  2131  3037 I NearbyDiscovery: (REDACTED) FastPairScanner: isScreenOn=%s, isLocationEnabled=%s, disableLocationRequirement=%s, isDiscoveryScanningEnabled=%s, during24GhzWifiWarmingUpPeriod=%s
09-21 21:51:23.925  2131  3037 D BluetoothAdapter: isLeEnabled(): ON
09-21 21:51:23.925  2131  3037 I NearbyDiscovery: (REDACTED) FastPairScanner: eventType=%s, intReq=%s, scanning=%s, scanAllowed=%s, bleEnabled=%s, lockScanRate=%s, startScanningByLowPowerMode=%s
09-21 21:51:23.925  2131  3037 I NearbyDiscovery: FastPairController: onSystemStateChanged: skip due to flag disabled [CONTEXT service_id=265 ]
09-21 21:51:23.928  1789  2253 I bt_stack: [INFO:le_scanning_manager.cc(206)] ScanFilterParamSetup in shim layer
09-21 21:51:23.929  1789  2253 I bt_stack: [INFO:le_scanning_manager.cc(245)] ScanFilterAdd in shim layer
09-21 21:51:23.934  1789  2253 I bt_stack: [INFO:le_scanning_manager.cc(206)] ScanFilterParamSetup in shim layer
09-21 21:51:23.935  1789  2253 I bt_stack: [INFO:le_scanning_manager.cc(170)] Scan in shim layer started
09-21 21:51:23.936  1789  2194 I bluetooth: stop_scan: Scanning already stopped, return!
09-21 21:51:23.936  1789  2194 I bluetooth: register_client: Scheduled address rotation for first client registered
09-21 21:51:23.936  1789  2194 I bluetooth: register_client: Client registered
09-21 21:51:23.937  1789  2253 I bt_stack: [INFO:le_scanning_manager.cc(170)] Scan in shim layer stopped
09-21 21:51:23.937  1789  2194 I bluetooth: unregister_client: Client unregistered
09-21 21:51:23.937  1789  2194 I bluetooth: unregister_client: Cancelled address rotation alarm
09-21 21:51:23.937  1789  2253 I bt_stack: [INFO:le_scanning_manager.cc(348)] SetScanParameters in shim layer
09-21 21:51:23.938  1789  2253 I bt_stack: [INFO:le_scanning_manager.cc(170)] Scan in shim layer started
09-21 21:51:23.938  1789  2194 I bluetooth: stop_scan: Scanning already stopped, return!
09-21 21:51:23.938  1789  2194 I bluetooth: register_client: Scheduled address rotation for first client registered
09-21 21:51:23.938  1789  2194 I bluetooth: register_client: Client registered
09-21 21:51:23.945   693   693 D mtk.hal.bt@1.1-impl: BtHostDebugInfo
09-21 21:51:23.945   693   693 D [BT]    : mtk_bt_op: BT_VND_OP_SET_BTHOST
09-21 21:51:23.948  1362  2763 W WindowManager: finishDrawingWindow: Window{255ee59 u0 NotificationShade} mDrawState=DRAW_PENDING
09-21 21:51:23.949   693   693 D mtk.hal.bt@1.1-impl: BtHostDebugInfo
09-21 21:51:23.949   693   693 D [BT]    : mtk_bt_op: BT_VND_OP_SET_BTHOST
09-21 21:51:23.953  1362  1436 I DisplayPowerController2[0]: Unblocked screen on after 117 ms
09-21 21:51:23.953   704   704 I Accelerometer: batch: handle:0, flag:0,samplingPeriodNs:8000000 maxBatchReportLatencyNs:100000000
09-21 21:51:23.959  1362  1436 D BLASTBufferQueue: [ColorFade#109](f:0,a:1) destructor()
09-21 21:51:23.959  1362  1436 D BufferQueueConsumer: [ColorFade#109(BLAST Consumer)109](id:552000000d3,api:0,p:-1,c:1362) disconnect
09-21 21:51:23.961   693   693 D mtk.hal.bt@1.1-impl: BtHostDebugInfo
09-21 21:51:23.961   693   693 D [BT]    : mtk_bt_op: BT_VND_OP_SET_BTHOST
09-21 21:51:23.961   704   704 I Accelerometer: flush, flushCnt:1
09-21 21:51:23.966  1582  1582 I WifiHAL : Get link layer stats
09-21 21:51:23.966  1582  1582 I WifiHAL : GetLinkStatsCommand::create
09-21 21:51:23.966  1582  1582 D android.hardware.wifi@1.0-service-lazy: WifiRequest::create vendor command to iface 31, vendor_id=0x1a11, subcmd=0x1200, res=0
09-21 21:51:23.966  1582  1582 I WifiHAL : GetLinkStatsCommand::handleResponse
09-21 21:51:23.966  1582  1582 E WifiHAL : handleResponse: data=0xb4000075c6e306b0, len=392
09-21 21:51:23.966  1582  1582 I WifiHAL : check_data_sanity: confirmed_size=380, len=392
09-21 21:51:23.966  1582  1582 I WifiHAL : handleResponse: iface_stat_ptr=0xb4000075c6e306b0, num_radios=0, radio_stats_ptr=0xb4000075c6e3082c
09-21 21:51:23.966  1582  1582 E android.hardware.wifi@1.0-service-lazy: Invalid radio stats in link layer stats
09-21 21:51:23.966  1582  1582 I android.hardware.wifi@1.0-service-lazy: WifiCommand::requestResponse err=-1
09-21 21:51:23.966  1582  1582 I WifiHAL : wifi_get_link_stats: result=-1
09-21 21:51:23.967  1362  1518 E WifiStaIfaceHidlImpl: getLinkLayerStatsV1_5 failed with status: {.code = ERROR_UNKNOWN, .description = unknown}
09-21 21:51:23.970  1582  1582 I WifiHAL : Get link layer stats
09-21 21:51:23.970  1582  1582 I WifiHAL : GetLinkStatsCommand::create
09-21 21:51:23.970  1582  1582 D android.hardware.wifi@1.0-service-lazy: WifiRequest::create vendor command to iface 31, vendor_id=0x1a11, subcmd=0x1200, res=0
09-21 21:51:23.970  1582  1582 I WifiHAL : GetLinkStatsCommand::handleResponse
09-21 21:51:23.970  1582  1582 E WifiHAL : handleResponse: data=0xb4000075c6e306b0, len=392
09-21 21:51:23.970  1582  1582 I WifiHAL : check_data_sanity: confirmed_size=380, len=392
09-21 21:51:23.970  1582  1582 I WifiHAL : handleResponse: iface_stat_ptr=0xb4000075c6e306b0, num_radios=0, radio_stats_ptr=0xb4000075c6e3082c
09-21 21:51:23.970  1582  1582 E android.hardware.wifi@1.0-service-lazy: Invalid radio stats in link layer stats
09-21 21:51:23.970  1582  1582 I android.hardware.wifi@1.0-service-lazy: WifiCommand::requestResponse err=-1
09-21 21:51:23.970  1582  1582 I WifiHAL : wifi_get_link_stats: result=-1
09-21 21:51:23.972  1362  1518 E WifiStaIfaceHidlImpl: getLinkLayerStatsV1_5 failed with status: {.code = ERROR_UNKNOWN, .description = unknown}
09-21 21:51:23.974  2131  2131 I CastMediaRouteProvider: Published 0 routes
09-21 21:51:23.981  2131 14432 I AOSP-MdnsDiscoveryManag: (REDACTED) %s
09-21 21:51:23.982  2131  3870 I AOSP-MdnsDiscoveryManag: (REDACTED) %s
09-21 21:51:23.985  2131  3870 D TrafficStats: tagSocket(333) with statsTag=0x900, statsUid=-1
09-21 21:51:23.987  1362  7355 I WifiService: acquireMulticastLock uid=10100
09-21 21:51:23.987  2131  2867 I AOSP-MdnsDiscoveryManag: (REDACTED) %s
09-21 21:51:23.988  1746  2034 D IpClient.wlan0: set max DTIM multiplier to 1
09-21 21:51:23.990  1601  1601 I wpa_supplicant: wpa_driver_nl80211_driver_cmd: wlan0 recv cmd SETSUSPENDMODE 0
09-21 21:51:23.991  2131  3870 I AOSP-MdnsDiscoveryManag: (REDACTED) %s
09-21 21:51:23.991  2131  3870 I AOSP-MdnsDiscoveryManag: (REDACTED) %s
09-21 21:51:23.992  2131 14438 I AOSP-MdnsDiscoveryManag: (REDACTED) %s
09-21 21:51:23.992  2131 14436 I AOSP-MdnsDiscoveryManag: (REDACTED) %s
09-21 21:51:23.993  2131 14438 I AOSP-MdnsDiscoveryManag: (REDACTED) %s
09-21 21:51:23.993  1601  1601 I wpa_supplicant: wpa_driver_nl80211_driver_cmd: ret = 0 used = 2 total = 512 buf = 
09-21 21:51:23.994  2131 14436 I AOSP-MdnsDiscoveryManag: (REDACTED) %s
09-21 21:51:23.994  2131  3870 I AOSP-MdnsDiscoveryManag: (REDACTED) %s
09-21 21:51:23.995  2131 14437 W AOSP-MdnsDiscoveryManag: Error while decoding multicast packet (12714): 1 [CONTEXT service_id=168 ]
09-21 21:51:23.995  2131 14437 W AOSP-MdnsDiscoveryManag: Error while decoding multicast packet (12715): 1 [CONTEXT service_id=168 ]
09-21 21:51:23.997  1601  1601 I wpa_supplicant: wpa_driver_nl80211_driver_cmd: wlan0 recv cmd RXFILTER-STOP
09-21 21:51:23.998  1601  1601 I wpa_supplicant: wpa_driver_nl80211_driver_cmd: wlan0 recv cmd RXFILTER-ADD 2
09-21 21:51:23.999  1362  1529 D ConnectivityService: NetReassign [no changes] [c 1] [a 1] [i 13]
09-21 21:51:23.999  1362  1490 D MMI     : PhoneWindowManager interceptKeyBeforeQueueing keyCode = 26, event = KeyEvent { action=ACTION_UP, keyCode=KEYCODE_POWER, scanCode=116, metaState=0, flags=0x8, repeatCount=0, eventTime=99871745960000, downTime=99871567627000, deviceId=2, source=0x101, displayId=-1 }
09-21 21:51:23.999  1362  1396 I SideFpsEventHandler: notifyPowerPressed
09-21 21:51:23.999  1362  1396 D WindowManager: powerPress: eventTime=99871567 interactive=true count=1 beganFromNonInteractive=true mShortPressOnPowerBehavior=1
09-21 21:51:24.000  1601  1601 I wpa_supplicant: wpa_driver_nl80211_driver_cmd: wlan0 recv cmd RXFILTER-START
09-21 21:51:24.003  1362  1518 D WifiStaIfaceHidlImpl: setDtimMultiplier is not implemented by HIDL
09-21 21:51:24.007  3403  3550 D TMSService: onCapabilitiesChanged
09-21 21:51:24.013 12957 13007 I BugleRcsEngine: handleMessage processing message:[NOTIFY_UPTIME_IGNORE_STATE_CHANGED] with [non-null]:RcsEngineImpl reference [CONTEXT log_prefix="RcsEngineImpl[DUAL_REG]:[166eb950-67ce]>Handler" thread_id=71 ]
09-21 21:51:24.015  2131 14433 D TrafficStats: tagSocket(334) with statsTag=0x900, statsUid=-1
09-21 21:51:24.017  1875  2369 E PhoneInterfaceManager: getCarrierPrivilegeStatusForUid: Invalid subId
09-21 21:51:24.018  2131 14433 D TrafficStats: tagSocket(334) with statsTag=0x900, statsUid=-1
09-21 21:51:24.019  2131  2131 I BatchScanningManager: Batch scanner stopped/cancelled (if it was running/scheduled). [CONTEXT service_id=284 ]
09-21 21:51:24.019  2131 30687 I NullBinder: NullBinder for android.net.action.RECOMMEND_NETWORKS triggering remote TransactionTooLargeException due to Service without Chimera impl, calling uid: 1000, calling pid: 0
09-21 21:51:24.019  2131 30687 W .gms.persistent: Large reply transaction of 1056768 bytes, interface descriptor , code 1
09-21 21:51:24.019  2131 14200 D BluetoothAdapter: isLeEnabled(): ON
09-21 21:51:24.020 12957 12996 I BugleRcsEngine: Connected state: [1], networkType: [WIFI] [CONTEXT thread_id=60 ]
09-21 21:51:24.021 12957 13007 I BugleRcsEngine: RCS Configuration storage in Bugle is disabled by p/h flag, using ProvisioningEngineStateCache.getProvisioningConfigurationForGivenSimIfExist() [CONTEXT log_prefix="ProvisioningEngineDataRetriever" thread_id=71 ]
09-21 21:51:24.024  2131  2131 I RCNService: updateRcnState to isNetworkAvailable: true, isRcnSettingsEnabled: true, isScreenOn: true
09-21 21:51:24.025  2131  2131 W DiscoveryManager: BroadcastReceiver is already registered
09-21 21:51:24.029  2131 14433 D TrafficStats: tagSocket(340) with statsTag=0x900, statsUid=-1
09-21 21:51:24.033  2131 14433 D TrafficStats: tagSocket(340) with statsTag=0x900, statsUid=-1
09-21 21:51:24.040  2131 14424 I DiscoveryManager: Filter criteria(674A0243,CFE7FEDA,8E6C866D,%urn:x-cast:com.google.cast.media) scannerFlags(0)
09-21 21:51:24.045  2131 14418 I AOSP-MdnsDiscoveryManag: (REDACTED) %s
09-21 21:51:24.046  2131  3870 I AOSP-MdnsDiscoveryManag: (REDACTED) %s
09-21 21:51:24.046  2131  3870 I AOSP-MdnsDiscoveryManag: (REDACTED) %s
09-21 21:51:24.046  2131  3870 I AOSP-MdnsDiscoveryManag: (REDACTED) %s
09-21 21:51:24.046  2131 14418 I AOSP-MdnsDiscoveryManag: (REDACTED) %s
09-21 21:51:24.046  1362  2763 I WifiService: releaseMulticastLock uid=10100
09-21 21:51:24.047  1746  2034 D IpClient.wlan0: set max DTIM multiplier to 9
09-21 21:51:24.048  1601  1601 I wpa_supplicant: wpa_driver_nl80211_driver_cmd: wlan0 recv cmd RXFILTER-STOP
09-21 21:51:24.048  2131  3870 I AOSP-MdnsDiscoveryManag: (REDACTED) %s
09-21 21:51:24.049  2131  3870 I AOSP-MdnsDiscoveryManag: (REDACTED) %s
09-21 21:51:24.050  2131 14436 I AOSP-MdnsDiscoveryManag: (REDACTED) %s
09-21 21:51:24.050  2131 14437 I AOSP-MdnsDiscoveryManag: (REDACTED) %s
09-21 21:51:24.051  2131  3870 I AOSP-MdnsDiscoveryManag: (REDACTED) %s
