09-21 21:50:24.166  2627 11364 I libnfc_nci: [INFO:StFwNtfManager.cpp(1446)] StFwNtfManager::handleVsLogData; data_len: 0x002A 
09-21 21:50:24.472   703 11367 D StNfcHal: (#02735) Rx 6f 02 0f (hidden)
09-21 21:50:24.473  2627 11364 I libnfc_nci: [INFO:nfc_ncif.cc(628)] nfc_ncif_process_event; NFC received ntf gid:15
09-21 21:50:24.473  2627 11364 I libnfc_nci: [INFO:StFwNtfManager.cpp(1446)] StFwNtfManager::handleVsLogData; data_len: 0x0012 
09-21 21:50:24.726   703 11367 D StNfcHal: (#02736) Rx 6f 02 27 (hidden)
09-21 21:50:24.728  2627 11364 I libnfc_nci: [INFO:nfc_ncif.cc(628)] nfc_ncif_process_event; NFC received ntf gid:15
09-21 21:50:24.728  2627 11364 I libnfc_nci: [INFO:StFwNtfManager.cpp(1446)] StFwNtfManager::handleVsLogData; data_len: 0x002A 
09-21 21:50:25.081   949   949 V thermal_src: TA_DAEMON_CMD_SET_TTJ cmd=0x4, len=4 Tj=57000
09-21 21:50:25.096   710   776 I libPerfCtl: xgfGetFPS pid:1618 fps:-1
09-21 21:50:25.236   710   740 D power@timer: [mtkPowerTimer] visRead:0
09-21 21:50:25.778  2610  3086 I azna    : (REDACTED) getHotwordActive::active query: %s, watch: %s, devices connected: %s
09-21 21:50:26.104   949   949 V thermal_src: TA_DAEMON_CMD_SET_TTJ cmd=0x4, len=4 Tj=57000
09-21 21:50:27.128   949   949 V thermal_src: TA_DAEMON_CMD_SET_TTJ cmd=0x4, len=4 Tj=57000
09-21 21:50:27.142  1582  1582 I WifiHAL : Get link layer stats
09-21 21:50:27.142  1582  1582 I WifiHAL : GetLinkStatsCommand::create
09-21 21:50:27.142  1582  1582 D android.hardware.wifi@1.0-service-lazy: WifiRequest::create vendor command to iface 31, vendor_id=0x1a11, subcmd=0x1200, res=0
09-21 21:50:27.143  1582  1582 I WifiHAL : GetLinkStatsCommand::handleResponse
09-21 21:50:27.143  1582  1582 E WifiHAL : handleResponse: data=0xb4000075c6e306b0, len=392
09-21 21:50:27.143  1582  1582 I WifiHAL : check_data_sanity: confirmed_size=380, len=392
09-21 21:50:27.143  1582  1582 I WifiHAL : handleResponse: iface_stat_ptr=0xb4000075c6e306b0, num_radios=0, radio_stats_ptr=0xb4000075c6e3082c
09-21 21:50:27.143  1582  1582 E android.hardware.wifi@1.0-service-lazy: Invalid radio stats in link layer stats
09-21 21:50:27.143  1582  1582 I android.hardware.wifi@1.0-service-lazy: WifiCommand::requestResponse err=-1
09-21 21:50:27.143  1582  1582 I WifiHAL : wifi_get_link_stats: result=-1
09-21 21:50:27.145  1362  1518 E WifiStaIfaceHidlImpl: getLinkLayerStatsV1_5 failed with status: {.code = ERROR_UNKNOWN, .description = unknown}
09-21 21:50:27.501  9798 14217 D TrafficStats: tagSocket(5) with statsTag=0xffffffff, statsUid=-1
09-21 21:50:27.733  1789  2234 I bt_shim_scanner: handle_remote_properties: handle_remote_properties Update device_type=0x2 addr_type=0x1
09-21 21:50:27.733  1789  2234 I bt_shim_scanner: handle_remote_properties: handle_remote_properties  device_type= 2
09-21 21:50:27.833  2131 14163 W AOSP-MdnsDiscoveryManag: Error while decoding multicast packet (12698): 1 [CONTEXT service_id=168 ]
09-21 21:50:27.834  2131 14163 W AOSP-MdnsDiscoveryManag: Error while decoding multicast packet (12699): 1 [CONTEXT service_id=168 ]
09-21 21:50:28.108   703 11367 D StNfcHal: (#02737) Rx 6f 02 0f (hidden)
09-21 21:50:28.108  2627 11364 I libnfc_nci: [INFO:nfc_ncif.cc(628)] nfc_ncif_process_event; NFC received ntf gid:15
09-21 21:50:28.109  2627 11364 I libnfc_nci: [INFO:StFwNtfManager.cpp(1446)] StFwNtfManager::handleVsLogData; data_len: 0x0012 
09-21 21:50:28.152   949   949 V thermal_src: TA_DAEMON_CMD_SET_TTJ cmd=0x4, len=4 Tj=57000
09-21 21:50:28.362   703 11367 D StNfcHal: (#02738) Rx 6f 02 27 (hidden)
09-21 21:50:28.363  2627 11364 I libnfc_nci: [INFO:nfc_ncif.cc(628)] nfc_ncif_process_event; NFC received ntf gid:15
09-21 21:50:28.363  2627 11364 I libnfc_nci: [INFO:StFwNtfManager.cpp(1446)] StFwNtfManager::handleVsLogData; data_len: 0x002A 
09-21 21:50:29.176   949   949 V thermal_src: TA_DAEMON_CMD_SET_TTJ cmd=0x4, len=4 Tj=57000
09-21 21:50:29.371  2131 14200 I NearbyMediums: Found Fast Ble Advertisements :
09-21 21:50:29.371  2131 14200 I NearbyMediums: BleAdvertisement { version=2, socketVersion=2, isFast=true, serviceIdHash=null, data=[ 0x23 0x54 0x5a 0x4f 0x50 0x11 0x32 0x95 0x62 0x9a 0x04 0x6d 0x3b 0x00 0xcb 0x63 0x82 0xac 0x9c 0x62 0x31 0x2e 0x97 ], deviceToken=[ 0xc8 0xf2 ], rxAdvertisement=null } : 2 times.
09-21 21:50:29.371  2131 14200 I NearbyMediums: Total 2 fast advertisements from 1 unique advertisers.
09-21 21:50:29.375  2131 14200 I NearbyMediums: Current Tracked Scanning Clients are : {NearbyConnections.EnvironmentMonitor, NearbySharing}
09-21 21:50:30.159  1582  1582 I WifiHAL : Get link layer stats
09-21 21:50:30.159  1582  1582 I WifiHAL : GetLinkStatsCommand::create
09-21 21:50:30.159  1582  1582 D android.hardware.wifi@1.0-service-lazy: WifiRequest::create vendor command to iface 31, vendor_id=0x1a11, subcmd=0x1200, res=0
09-21 21:50:30.159  1582  1582 I WifiHAL : GetLinkStatsCommand::handleResponse
09-21 21:50:30.159  1582  1582 E WifiHAL : handleResponse: data=0xb4000075c6e306b0, len=392
09-21 21:50:30.159  1582  1582 I WifiHAL : check_data_sanity: confirmed_size=380, len=392
09-21 21:50:30.159  1582  1582 I WifiHAL : handleResponse: iface_stat_ptr=0xb4000075c6e306b0, num_radios=0, radio_stats_ptr=0xb4000075c6e3082c
09-21 21:50:30.159  1582  1582 E android.hardware.wifi@1.0-service-lazy: Invalid radio stats in link layer stats
09-21 21:50:30.159  1582  1582 I android.hardware.wifi@1.0-service-lazy: WifiCommand::requestResponse err=-1
09-21 21:50:30.160  1582  1582 I WifiHAL : wifi_get_link_stats: result=-1
09-21 21:50:30.162  1362  1518 E WifiStaIfaceHidlImpl: getLinkLayerStatsV1_5 failed with status: {.code = ERROR_UNKNOWN, .description = unknown}
09-21 21:50:30.201   949   949 V thermal_src: TA_DAEMON_CMD_SET_TTJ cmd=0x4, len=4 Tj=57000
09-21 21:50:30.776   718   752 D ccci_mdinit: (1):monitor_time_update_thread round:3325 ########
09-21 21:50:31.225   949   949 V thermal_src: TA_DAEMON_CMD_SET_TTJ cmd=0x4, len=4 Tj=57000
09-21 21:50:31.315  1362  1883 D BatteryService: Processing new values: info=android.hardware.health.HealthInfo@6fd8dd6, mBatteryLevelCritical=false, mPlugType=1
09-21 21:50:31.315  1362  1883 D hcz     : mHealthInfo.batteryTemperatureTenthsCelsius==303
09-21 21:50:31.877  1789  2234 I bt_shim_scanner: handle_remote_properties: handle_remote_properties Update device_type=0x2 addr_type=0x1
09-21 21:50:31.877  1789  2234 I bt_shim_scanner: handle_remote_properties: handle_remote_properties  device_type= 2
09-21 21:50:32.123   946   946 I thermal_repeater: [recvMdThermalInfo] ret=33, strLen=127,  2, 32767, -127, 111, 32767, 4046
09-21 21:50:32.248   949   949 V thermal_src: TA_DAEMON_CMD_SET_TTJ cmd=0x4, len=4 Tj=57000
09-21 21:50:32.662   703 11367 D StNfcHal: (#02739) Rx 6f 02 0f (hidden)
09-21 21:50:32.663  2627 11364 I libnfc_nci: [INFO:nfc_ncif.cc(628)] nfc_ncif_process_event; NFC received ntf gid:15
09-21 21:50:32.663  2627 11364 I libnfc_nci: [INFO:StFwNtfManager.cpp(1446)] StFwNtfManager::handleVsLogData; data_len: 0x0012 
09-21 21:50:32.916   703 11367 D StNfcHal: (#0273A) Rx 6f 02 27 (hidden)
09-21 21:50:32.917  2627 11364 I libnfc_nci: [INFO:nfc_ncif.cc(628)] nfc_ncif_process_event; NFC received ntf gid:15
09-21 21:50:32.917  2627 11364 I libnfc_nci: [INFO:StFwNtfManager.cpp(1446)] StFwNtfManager::handleVsLogData; data_len: 0x002A 
09-21 21:50:33.178  1582  1582 I WifiHAL : Get link layer stats
09-21 21:50:33.178  1582  1582 I WifiHAL : GetLinkStatsCommand::create
09-21 21:50:33.178  1582  1582 D android.hardware.wifi@1.0-service-lazy: WifiRequest::create vendor command to iface 31, vendor_id=0x1a11, subcmd=0x1200, res=0
09-21 21:50:33.179  1582  1582 I WifiHAL : GetLinkStatsCommand::handleResponse
09-21 21:50:33.179  1582  1582 E WifiHAL : handleResponse: data=0xb4000075c6e306b0, len=392
09-21 21:50:33.179  1582  1582 I WifiHAL : check_data_sanity: confirmed_size=380, len=392
09-21 21:50:33.179  1582  1582 I WifiHAL : handleResponse: iface_stat_ptr=0xb4000075c6e306b0, num_radios=0, radio_stats_ptr=0xb4000075c6e3082c
09-21 21:50:33.179  1582  1582 E android.hardware.wifi@1.0-service-lazy: Invalid radio stats in link layer stats
09-21 21:50:33.179  1582  1582 I android.hardware.wifi@1.0-service-lazy: WifiCommand::requestResponse err=-1
09-21 21:50:33.179  1582  1582 I WifiHAL : wifi_get_link_stats: result=-1
09-21 21:50:33.181  1362  1518 E WifiStaIfaceHidlImpl: getLinkLayerStatsV1_5 failed with status: {.code = ERROR_UNKNOWN, .description = unknown}
09-21 21:50:33.272   949   949 V thermal_src: TA_DAEMON_CMD_SET_TTJ cmd=0x4, len=4 Tj=57000
09-21 21:50:34.143   703 11367 D StNfcHal: (#0273B) Rx 6f 02 0f (hidden)
09-21 21:50:34.144  2627 11364 I libnfc_nci: [INFO:nfc_ncif.cc(628)] nfc_ncif_process_event; NFC received ntf gid:15
09-21 21:50:34.144  2627 11364 I libnfc_nci: [INFO:StFwNtfManager.cpp(1446)] StFwNtfManager::handleVsLogData; data_len: 0x0012 
09-21 21:50:34.297   949   949 V thermal_src: TA_DAEMON_CMD_SET_TTJ cmd=0x4, len=4 Tj=57000
09-21 21:50:34.307  1362  1883 D BatteryService: Processing new values: info=android.hardware.health.HealthInfo@4b0c857, mBatteryLevelCritical=false, mPlugType=1
09-21 21:50:34.307  1362  1883 D hcz     : mHealthInfo.batteryTemperatureTenthsCelsius==303
09-21 21:50:34.396   703 11367 D StNfcHal: (#0273C) Rx 6f 02 27 (hidden)
09-21 21:50:34.398  2627 11364 I libnfc_nci: [INFO:nfc_ncif.cc(628)] nfc_ncif_process_event; NFC received ntf gid:15
09-21 21:50:34.398  2627 11364 I libnfc_nci: [INFO:StFwNtfManager.cpp(1446)] StFwNtfManager::handleVsLogData; data_len: 0x002A 
09-21 21:50:35.320   949   949 V thermal_src: TA_DAEMON_CMD_SET_TTJ cmd=0x4, len=4 Tj=57000
09-21 21:50:35.623   703 11367 D StNfcHal: (#0273D) Rx 6f 02 0f (hidden)
09-21 21:50:35.624  2627 11364 I libnfc_nci: [INFO:nfc_ncif.cc(628)] nfc_ncif_process_event; NFC received ntf gid:15
09-21 21:50:35.624  2627 11364 I libnfc_nci: [INFO:StFwNtfManager.cpp(1446)] StFwNtfManager::handleVsLogData; data_len: 0x0012 
09-21 21:50:35.878   703 11367 D StNfcHal: (#0273E) Rx 6f 02 27 (hidden)
09-21 21:50:35.879  2627 11364 I libnfc_nci: [INFO:nfc_ncif.cc(628)] nfc_ncif_process_event; NFC received ntf gid:15
09-21 21:50:35.879  2627 11364 I libnfc_nci: [INFO:StFwNtfManager.cpp(1446)] StFwNtfManager::handleVsLogData; data_len: 0x002A 
09-21 21:50:36.018  1789  2234 I bt_shim_scanner: handle_remote_properties: handle_remote_properties Update device_type=0x2 addr_type=0x1
09-21 21:50:36.018  1789  2234 I bt_shim_scanner: handle_remote_properties: handle_remote_properties  device_type= 2
09-21 21:50:36.191  1582  1582 I WifiHAL : Get link layer stats
09-21 21:50:36.191  1582  1582 I WifiHAL : GetLinkStatsCommand::create
09-21 21:50:36.191  1582  1582 D android.hardware.wifi@1.0-service-lazy: WifiRequest::create vendor command to iface 31, vendor_id=0x1a11, subcmd=0x1200, res=0
09-21 21:50:36.191  1582  1582 I WifiHAL : GetLinkStatsCommand::handleResponse
09-21 21:50:36.191  1582  1582 E WifiHAL : handleResponse: data=0xb4000075c6e306b0, len=392
09-21 21:50:36.191  1582  1582 I WifiHAL : check_data_sanity: confirmed_size=380, len=392
09-21 21:50:36.191  1582  1582 I WifiHAL : handleResponse: iface_stat_ptr=0xb4000075c6e306b0, num_radios=0, radio_stats_ptr=0xb4000075c6e3082c
09-21 21:50:36.191  1582  1582 E android.hardware.wifi@1.0-service-lazy: Invalid radio stats in link layer stats
09-21 21:50:36.191  1582  1582 I android.hardware.wifi@1.0-service-lazy: WifiCommand::requestResponse err=-1
09-21 21:50:36.191  1582  1582 I WifiHAL : wifi_get_link_stats: result=-1
09-21 21:50:36.194  1362  1518 E WifiStaIfaceHidlImpl: getLinkLayerStatsV1_5 failed with status: {.code = ERROR_UNKNOWN, .description = unknown}
09-21 21:50:36.345   949   949 V thermal_src: TA_DAEMON_CMD_SET_TTJ cmd=0x4, len=4 Tj=57000
09-21 21:50:36.491   703 11367 D StNfcHal: (#0273F) Rx 6f 02 0f (hidden)
09-21 21:50:36.492  2627 11364 I libnfc_nci: [INFO:nfc_ncif.cc(628)] nfc_ncif_process_event; NFC received ntf gid:15
09-21 21:50:36.492  2627 11364 I libnfc_nci: [INFO:StFwNtfManager.cpp(1446)] StFwNtfManager::handleVsLogData; data_len: 0x0012 
09-21 21:50:36.745   703 11367 D StNfcHal: (#02740) Rx 6f 02 27 (hidden)
09-21 21:50:36.746  2627 11364 I libnfc_nci: [INFO:nfc_ncif.cc(628)] nfc_ncif_process_event; NFC received ntf gid:15
09-21 21:50:36.746  2627 11364 I libnfc_nci: [INFO:StFwNtfManager.cpp(1446)] StFwNtfManager::handleVsLogData; data_len: 0x002A 
09-21 21:50:37.369   949   949 V thermal_src: TA_DAEMON_CMD_SET_TTJ cmd=0x4, len=4 Tj=57000
09-21 21:50:38.277   703 11367 D StNfcHal: (#02741) Rx 6f 02 0f (hidden)
09-21 21:50:38.279  2627 11364 I libnfc_nci: [INFO:nfc_ncif.cc(628)] nfc_ncif_process_event; NFC received ntf gid:15
09-21 21:50:38.279  2627 11364 I libnfc_nci: [INFO:StFwNtfManager.cpp(1446)] StFwNtfManager::handleVsLogData; data_len: 0x0012 
09-21 21:50:38.392   949   949 V thermal_src: TA_DAEMON_CMD_SET_TTJ cmd=0x4, len=4 Tj=57000
09-21 21:50:38.531   703 11367 D StNfcHal: (#02742) Rx 6f 02 27 (hidden)
09-21 21:50:38.532  2627 11364 I libnfc_nci: [INFO:nfc_ncif.cc(628)] nfc_ncif_process_event; NFC received ntf gid:15
09-21 21:50:38.532  2627 11364 I libnfc_nci: [INFO:StFwNtfManager.cpp(1446)] StFwNtfManager::handleVsLogData; data_len: 0x002A 
09-21 21:50:39.207  1582  1582 I WifiHAL : Get link layer stats
09-21 21:50:39.207  1582  1582 I WifiHAL : GetLinkStatsCommand::create
09-21 21:50:39.207  1582  1582 D android.hardware.wifi@1.0-service-lazy: WifiRequest::create vendor command to iface 31, vendor_id=0x1a11, subcmd=0x1200, res=0
09-21 21:50:39.207  1582  1582 I WifiHAL : GetLinkStatsCommand::handleResponse
09-21 21:50:39.207  1582  1582 E WifiHAL : handleResponse: data=0xb4000075c6e306b0, len=392
09-21 21:50:39.207  1582  1582 I WifiHAL : check_data_sanity: confirmed_size=380, len=392
09-21 21:50:39.207  1582  1582 I WifiHAL : handleResponse: iface_stat_ptr=0xb4000075c6e306b0, num_radios=0, radio_stats_ptr=0xb4000075c6e3082c
09-21 21:50:39.207  1582  1582 E android.hardware.wifi@1.0-service-lazy: Invalid radio stats in link layer stats
09-21 21:50:39.207  1582  1582 I android.hardware.wifi@1.0-service-lazy: WifiCommand::requestResponse err=-1
09-21 21:50:39.207  1582  1582 I WifiHAL : wifi_get_link_stats: result=-1
09-21 21:50:39.208  1362  1518 E WifiStaIfaceHidlImpl: getLinkLayerStatsV1_5 failed with status: {.code = ERROR_UNKNOWN, .description = unknown}
09-21 21:50:39.377  2131 14200 I NearbyMediums: Found Fast Ble Advertisements :
09-21 21:50:39.377  2131 14200 I NearbyMediums: BleAdvertisement { version=2, socketVersion=2, isFast=true, serviceIdHash=null, data=[ 0x23 0x54 0x5a 0x4f 0x50 0x11 0x32 0x95 0x62 0x9a 0x04 0x6d 0x3b 0x00 0xcb 0x63 0x82 0xac 0x9c 0x62 0x31 0x2e 0x97 ], deviceToken=[ 0xc8 0xf2 ], rxAdvertisement=null } : 2 times.
09-21 21:50:39.377  2131 14200 I NearbyMediums: Total 2 fast advertisements from 1 unique advertisers.
09-21 21:50:39.378  2131 14200 I NearbyMediums: Current Tracked Scanning Clients are : {NearbyConnections.EnvironmentMonitor, NearbySharing}
09-21 21:50:39.416   949   949 V thermal_src: TA_DAEMON_CMD_SET_TTJ cmd=0x4, len=4 Tj=57000
09-21 21:50:39.758   703 11367 D StNfcHal: (#02743) Rx 6f 02 0f (hidden)
09-21 21:50:39.759  2627 11364 I libnfc_nci: [INFO:nfc_ncif.cc(628)] nfc_ncif_process_event; NFC received ntf gid:15
09-21 21:50:39.759  2627 11364 I libnfc_nci: [INFO:StFwNtfManager.cpp(1446)] StFwNtfManager::handleVsLogData; data_len: 0x0012 
09-21 21:50:40.012   703 11367 D StNfcHal: (#02744) Rx 6f 02 27 (hidden)
09-21 21:50:40.013  2627 11364 I libnfc_nci: [INFO:nfc_ncif.cc(628)] nfc_ncif_process_event; NFC received ntf gid:15
09-21 21:50:40.013  2627 11364 I libnfc_nci: [INFO:StFwNtfManager.cpp(1446)] StFwNtfManager::handleVsLogData; data_len: 0x002A 
09-21 21:50:40.441   949   949 V thermal_src: TA_DAEMON_CMD_SET_TTJ cmd=0x4, len=4 Tj=57000
09-21 21:50:40.931   703 11367 D StNfcHal: (#02745) Rx 6f 02 0f (hidden)
09-21 21:50:40.934  2627 11364 I libnfc_nci: [INFO:nfc_ncif.cc(628)] nfc_ncif_process_event; NFC received ntf gid:15
09-21 21:50:40.934  2627 11364 I libnfc_nci: [INFO:StFwNtfManager.cpp(1446)] StFwNtfManager::handleVsLogData; data_len: 0x0012 
09-21 21:50:41.185   703 11367 D StNfcHal: (#02746) Rx 6f 02 27 (hidden)
09-21 21:50:41.187  2627 11364 I libnfc_nci: [INFO:nfc_ncif.cc(628)] nfc_ncif_process_event; NFC received ntf gid:15
09-21 21:50:41.188  2627 11364 I libnfc_nci: [INFO:StFwNtfManager.cpp(1446)] StFwNtfManager::handleVsLogData; data_len: 0x002A 
09-21 21:50:41.465   949   949 V thermal_src: TA_DAEMON_CMD_SET_TTJ cmd=0x4, len=4 Tj=57000
09-21 21:50:41.491   703 11367 D StNfcHal: (#02747) Rx 6f 02 0f (hidden)
09-21 21:50:41.493  2627 11364 I libnfc_nci: [INFO:nfc_ncif.cc(628)] nfc_ncif_process_event; NFC received ntf gid:15
09-21 21:50:41.493  2627 11364 I libnfc_nci: [INFO:StFwNtfManager.cpp(1446)] StFwNtfManager::handleVsLogData; data_len: 0x0012 
09-21 21:50:41.745   703 11367 D StNfcHal: (#02748) Rx 6f 02 27 (hidden)
09-21 21:50:41.748  2627 11364 I libnfc_nci: [INFO:nfc_ncif.cc(628)] nfc_ncif_process_event; NFC received ntf gid:15
09-21 21:50:41.748  2627 11364 I libnfc_nci: [INFO:StFwNtfManager.cpp(1446)] StFwNtfManager::handleVsLogData; data_len: 0x002A 
09-21 21:50:42.051  1362  1402 D AES     : AEEIOCTL_GET/SET_SF_STATE IOCTL,cmd= 1074294797, lParam=0. 
09-21 21:50:42.051  1362  1402 D AES     : AEEIOCTL_RT_MON_Kick IOCTL,cmd= 2147774474, lParam=300. 
09-21 21:50:42.051   703 11367 D StNfcHal: (#02749) Rx 6f 02 0f (hidden)
09-21 21:50:42.053  2627 11364 I libnfc_nci: [INFO:nfc_ncif.cc(628)] nfc_ncif_process_event; NFC received ntf gid:15
09-21 21:50:42.053  2627 11364 I libnfc_nci: [INFO:StFwNtfManager.cpp(1446)] StFwNtfManager::handleVsLogData; data_len: 0x0012 
09-21 21:50:42.141   946   946 I thermal_repeater: [recvMdThermalInfo] ret=33, strLen=127,  2, 32767, -127, 111, 32767, 4046
09-21 21:50:42.226  1582  1582 I WifiHAL : Get link layer stats
09-21 21:50:42.226  1582  1582 I WifiHAL : GetLinkStatsCommand::create
09-21 21:50:42.226  1582  1582 D android.hardware.wifi@1.0-service-lazy: WifiRequest::create vendor command to iface 31, vendor_id=0x1a11, subcmd=0x1200, res=0
09-21 21:50:42.226  1582  1582 I WifiHAL : GetLinkStatsCommand::handleResponse
09-21 21:50:42.226  1582  1582 E WifiHAL : handleResponse: data=0xb4000075c6e306b0, len=392
09-21 21:50:42.226  1582  1582 I WifiHAL : check_data_sanity: confirmed_size=380, len=392
09-21 21:50:42.226  1582  1582 I WifiHAL : handleResponse: iface_stat_ptr=0xb4000075c6e306b0, num_radios=0, radio_stats_ptr=0xb4000075c6e3082c
09-21 21:50:42.226  1582  1582 E android.hardware.wifi@1.0-service-lazy: Invalid radio stats in link layer stats
09-21 21:50:42.227  1582  1582 I android.hardware.wifi@1.0-service-lazy: WifiCommand::requestResponse err=-1
09-21 21:50:42.227  1582  1582 I WifiHAL : wifi_get_link_stats: result=-1
09-21 21:50:42.230  1362  1518 E WifiStaIfaceHidlImpl: getLinkLayerStatsV1_5 failed with status: {.code = ERROR_UNKNOWN, .description = unknown}
09-21 21:50:42.236  1789  2234 I bt_shim_scanner: handle_remote_properties: handle_remote_properties Update device_type=0x2 addr_type=0x1
09-21 21:50:42.236  1789  2234 I bt_shim_scanner: handle_remote_properties: handle_remote_properties  device_type= 2
09-21 21:50:42.306   703 11367 D StNfcHal: (#0274A) Rx 6f 02 27 (hidden)
09-21 21:50:42.307  2627 11364 I libnfc_nci: [INFO:nfc_ncif.cc(628)] nfc_ncif_process_event; NFC received ntf gid:15
09-21 21:50:42.308  2627 11364 I libnfc_nci: [INFO:StFwNtfManager.cpp(1446)] StFwNtfManager::handleVsLogData; data_len: 0x002A 
09-21 21:50:42.489   949   949 V thermal_src: TA_DAEMON_CMD_SET_TTJ cmd=0x4, len=4 Tj=57000
09-21 21:50:43.224   703 11367 D StNfcHal: (#0274B) Rx 6f 02 0f (hidden)
09-21 21:50:43.225  2627 11364 I libnfc_nci: [INFO:nfc_ncif.cc(628)] nfc_ncif_process_event; NFC received ntf gid:15
09-21 21:50:43.225  2627 11364 I libnfc_nci: [INFO:StFwNtfManager.cpp(1446)] StFwNtfManager::handleVsLogData; data_len: 0x0012 
09-21 21:50:43.478   703 11367 D StNfcHal: (#0274C) Rx 6f 02 27 (hidden)
09-21 21:50:43.479  2627 11364 I libnfc_nci: [INFO:nfc_ncif.cc(628)] nfc_ncif_process_event; NFC received ntf gid:15
09-21 21:50:43.479  2627 11364 I libnfc_nci: [INFO:StFwNtfManager.cpp(1446)] StFwNtfManager::handleVsLogData; data_len: 0x002A 
09-21 21:50:43.513   949   949 V thermal_src: TA_DAEMON_CMD_SET_TTJ cmd=0x4, len=4 Tj=57000
09-21 21:50:43.784   703 11367 D StNfcHal: (#0274D) Rx 6f 02 0f (hidden)
09-21 21:50:43.785  2627 11364 I libnfc_nci: [INFO:nfc_ncif.cc(628)] nfc_ncif_process_event; NFC received ntf gid:15
09-21 21:50:43.786  2627 11364 I libnfc_nci: [INFO:StFwNtfManager.cpp(1446)] StFwNtfManager::handleVsLogData; data_len: 0x0012 
09-21 21:50:44.039   703 11367 D StNfcHal: (#0274E) Rx 6f 02 27 (hidden)
09-21 21:50:44.041  2627 11364 I libnfc_nci: [INFO:nfc_ncif.cc(628)] nfc_ncif_process_event; NFC received ntf gid:15
09-21 21:50:44.041  2627 11364 I libnfc_nci: [INFO:StFwNtfManager.cpp(1446)] StFwNtfManager::handleVsLogData; data_len: 0x002A 
09-21 21:50:44.305  1789  2234 I bt_shim_scanner: handle_remote_properties: handle_remote_properties Update device_type=0x2 addr_type=0x1
09-21 21:50:44.306  1789  2234 I bt_shim_scanner: handle_remote_properties: handle_remote_properties  device_type= 2
09-21 21:50:44.536   949   949 V thermal_src: TA_DAEMON_CMD_SET_TTJ cmd=0x4, len=4 Tj=57000
09-21 21:50:44.547  1362  1883 D BatteryService: Processing new values: info=android.hardware.health.HealthInfo@fd9cbb0, mBatteryLevelCritical=false, mPlugType=1
09-21 21:50:44.547  1362  1883 D hcz     : mHealthInfo.batteryTemperatureTenthsCelsius==303
09-21 21:50:45.243  1582  1582 I WifiHAL : Get link layer stats
09-21 21:50:45.243  1582  1582 I WifiHAL : GetLinkStatsCommand::create
09-21 21:50:45.243  1582  1582 D android.hardware.wifi@1.0-service-lazy: WifiRequest::create vendor command to iface 31, vendor_id=0x1a11, subcmd=0x1200, res=0
09-21 21:50:45.243  1582  1582 I WifiHAL : GetLinkStatsCommand::handleResponse
09-21 21:50:45.243  1582  1582 E WifiHAL : handleResponse: data=0xb4000075c6e306b0, len=392
09-21 21:50:45.243  1582  1582 I WifiHAL : check_data_sanity: confirmed_size=380, len=392
09-21 21:50:45.243  1582  1582 I WifiHAL : handleResponse: iface_stat_ptr=0xb4000075c6e306b0, num_radios=0, radio_stats_ptr=0xb4000075c6e3082c
09-21 21:50:45.243  1582  1582 E android.hardware.wifi@1.0-service-lazy: Invalid radio stats in link layer stats
09-21 21:50:45.243  1582  1582 I android.hardware.wifi@1.0-service-lazy: WifiCommand::requestResponse err=-1
09-21 21:50:45.243  1582  1582 I WifiHAL : wifi_get_link_stats: result=-1
09-21 21:50:45.245  1362  1518 E WifiStaIfaceHidlImpl: getLinkLayerStatsV1_5 failed with status: {.code = ERROR_UNKNOWN, .description = unknown}
09-21 21:50:45.561   949   949 V thermal_src: TA_DAEMON_CMD_SET_TTJ cmd=0x4, len=4 Tj=57000
09-21 21:50:45.855  2131 14163 W AOSP-MdnsDiscoveryManag: Error while decoding multicast packet (12702): 1 [CONTEXT service_id=168 ]
09-21 21:50:46.384  1789  2234 I bt_shim_scanner: handle_remote_properties: handle_remote_properties Update device_type=0x2 addr_type=0x1
09-21 21:50:46.384  1789  2234 I bt_shim_scanner: handle_remote_properties: handle_remote_properties  device_type= 2
09-21 21:50:46.585   949   949 V thermal_src: TA_DAEMON_CMD_SET_TTJ cmd=0x4, len=4 Tj=57000
09-21 21:50:46.676  2131 14163 W AOSP-MdnsDiscoveryManag: Error while decoding multicast packet (12707): 1 [CONTEXT service_id=168 ]
09-21 21:50:47.416  1789  2234 I bt_shim_scanner: handle_remote_properties: handle_remote_properties Update device_type=0x2 addr_type=0x1
09-21 21:50:47.417  1789  2234 I bt_shim_scanner: handle_remote_properties: handle_remote_properties  device_type= 2
09-21 21:50:47.612   949   949 V thermal_src: TA_DAEMON_CMD_SET_TTJ cmd=0x4, len=4 Tj=57000
09-21 21:50:48.259  1582  1582 I WifiHAL : Get link layer stats
09-21 21:50:48.259  1582  1582 I WifiHAL : GetLinkStatsCommand::create
09-21 21:50:48.259  1582  1582 D android.hardware.wifi@1.0-service-lazy: WifiRequest::create vendor command to iface 31, vendor_id=0x1a11, subcmd=0x1200, res=0
09-21 21:50:48.260  1582  1582 I WifiHAL : GetLinkStatsCommand::handleResponse
09-21 21:50:48.260  1582  1582 E WifiHAL : handleResponse: data=0xb4000075c6e306b0, len=392
09-21 21:50:48.260  1582  1582 I WifiHAL : check_data_sanity: confirmed_size=380, len=392
09-21 21:50:48.260  1582  1582 I WifiHAL : handleResponse: iface_stat_ptr=0xb4000075c6e306b0, num_radios=0, radio_stats_ptr=0xb4000075c6e3082c
09-21 21:50:48.260  1582  1582 E android.hardware.wifi@1.0-service-lazy: Invalid radio stats in link layer stats
09-21 21:50:48.260  1582  1582 I android.hardware.wifi@1.0-service-lazy: WifiCommand::requestResponse err=-1
09-21 21:50:48.260  1582  1582 I WifiHAL : wifi_get_link_stats: result=-1
09-21 21:50:48.263  1362  1518 E WifiStaIfaceHidlImpl: getLinkLayerStatsV1_5 failed with status: {.code = ERROR_UNKNOWN, .description = unknown}
09-21 21:50:48.632   949   949 V thermal_src: TA_DAEMON_CMD_SET_TTJ cmd=0x4, len=4 Tj=57000
09-21 21:50:49.261   703 11367 D StNfcHal: (#0274F) Rx 6f 02 0f (hidden)
09-21 21:50:49.262  2627 11364 I libnfc_nci: [INFO:nfc_ncif.cc(628)] nfc_ncif_process_event; NFC received ntf gid:15
09-21 21:50:49.262  2627 11364 I libnfc_nci: [INFO:StFwNtfManager.cpp(1446)] StFwNtfManager::handleVsLogData; data_len: 0x0012 
09-21 21:50:49.380  2131 14200 I NearbyMediums: Found Fast Ble Advertisements :
09-21 21:50:49.380  2131 14200 I NearbyMediums: BleAdvertisement { version=2, socketVersion=2, isFast=true, serviceIdHash=null, data=[ 0x23 0x54 0x5a 0x4f 0x50 0x11 0x32 0x95 0x62 0x9a 0x04 0x6d 0x3b 0x00 0xcb 0x63 0x82 0xac 0x9c 0x62 0x31 0x2e 0x97 ], deviceToken=[ 0xc8 0xf2 ], rxAdvertisement=null } : 4 times.
09-21 21:50:49.380  2131 14200 I NearbyMediums: Total 4 fast advertisements from 1 unique advertisers.
09-21 21:50:49.380  2131 14200 I NearbyMediums: Current Tracked Scanning Clients are : {NearbyConnections.EnvironmentMonitor, NearbySharing}
09-21 21:50:49.516   703 11367 D StNfcHal: (#02750) Rx 6f 02 27 (hidden)
09-21 21:50:49.517  2627 11364 I libnfc_nci: [INFO:nfc_ncif.cc(628)] nfc_ncif_process_event; NFC received ntf gid:15
09-21 21:50:49.518  2627 11364 I libnfc_nci: [INFO:StFwNtfManager.cpp(1446)] StFwNtfManager::handleVsLogData; data_len: 0x002A 
09-21 21:50:49.657   949   949 V thermal_src: TA_DAEMON_CMD_SET_TTJ cmd=0x4, len=4 Tj=57000
09-21 21:50:49.822   703 11367 D StNfcHal: (#02751) Rx 6f 02 0f (hidden)
09-21 21:50:49.823  2627 11364 I libnfc_nci: [INFO:nfc_ncif.cc(628)] nfc_ncif_process_event; NFC received ntf gid:15
09-21 21:50:49.823  2627 11364 I libnfc_nci: [INFO:StFwNtfManager.cpp(1446)] StFwNtfManager::handleVsLogData; data_len: 0x0012 
09-21 21:50:50.075   703 11367 D StNfcHal: (#02752) Rx 6f 02 27 (hidden)
09-21 21:50:50.076  2627 11364 I libnfc_nci: [INFO:nfc_ncif.cc(628)] nfc_ncif_process_event; NFC received ntf gid:15
09-21 21:50:50.076  2627 11364 I libnfc_nci: [INFO:StFwNtfManager.cpp(1446)] StFwNtfManager::handleVsLogData; data_len: 0x002A 
09-21 21:50:50.680   949   949 V thermal_src: TA_DAEMON_CMD_SET_TTJ cmd=0x4, len=4 Tj=57000
09-21 21:50:50.994   703 11367 D StNfcHal: (#02753) Rx 6f 02 0f (hidden)
09-21 21:50:50.995  2627 11364 I libnfc_nci: [INFO:nfc_ncif.cc(628)] nfc_ncif_process_event; NFC received ntf gid:15
09-21 21:50:50.996  2627 11364 I libnfc_nci: [INFO:StFwNtfManager.cpp(1446)] StFwNtfManager::handleVsLogData; data_len: 0x0012 
09-21 21:50:51.250   703 11367 D StNfcHal: (#02754) Rx 6f 02 27 (hidden)
09-21 21:50:51.251  2627 11364 I libnfc_nci: [INFO:nfc_ncif.cc(628)] nfc_ncif_process_event; NFC received ntf gid:15
09-21 21:50:51.251  2627 11364 I libnfc_nci: [INFO:StFwNtfManager.cpp(1446)] StFwNtfManager::handleVsLogData; data_len: 0x002A 
09-21 21:50:51.278  1582  1582 I WifiHAL : Get link layer stats
09-21 21:50:51.279  1582  1582 I WifiHAL : GetLinkStatsCommand::create
09-21 21:50:51.279  1582  1582 D android.hardware.wifi@1.0-service-lazy: WifiRequest::create vendor command to iface 31, vendor_id=0x1a11, subcmd=0x1200, res=0
09-21 21:50:51.279  1582  1582 I WifiHAL : GetLinkStatsCommand::handleResponse
09-21 21:50:51.279  1582  1582 E WifiHAL : handleResponse: data=0xb4000075c6e306b0, len=392
09-21 21:50:51.279  1582  1582 I WifiHAL : check_data_sanity: confirmed_size=380, len=392
09-21 21:50:51.279  1582  1582 I WifiHAL : handleResponse: iface_stat_ptr=0xb4000075c6e306b0, num_radios=0, radio_stats_ptr=0xb4000075c6e3082c
09-21 21:50:51.279  1582  1582 E android.hardware.wifi@1.0-service-lazy: Invalid radio stats in link layer stats
09-21 21:50:51.279  1582  1582 I android.hardware.wifi@1.0-service-lazy: WifiCommand::requestResponse err=-1
09-21 21:50:51.279  1582  1582 I WifiHAL : wifi_get_link_stats: result=-1
09-21 21:50:51.282  1362  1518 E WifiStaIfaceHidlImpl: getLinkLayerStatsV1_5 failed with status: {.code = ERROR_UNKNOWN, .description = unknown}
09-21 21:50:51.705   949   949 V thermal_src: TA_DAEMON_CMD_SET_TTJ cmd=0x4, len=4 Tj=57000
09-21 21:50:52.157   946   946 I thermal_repeater: [recvMdThermalInfo] ret=33, strLen=127,  2, 32767, -127, 111, 32767, 4046
09-21 21:50:52.729   949   949 V thermal_src: TA_DAEMON_CMD_SET_TTJ cmd=0x4, len=4 Tj=57000
09-21 21:50:53.087   703 11367 D StNfcHal: (#02755) Rx 6f 02 0f (hidden)
09-21 21:50:53.087  2627 11364 I libnfc_nci: [INFO:nfc_ncif.cc(628)] nfc_ncif_process_event; NFC received ntf gid:15
09-21 21:50:53.087  2627 11364 I libnfc_nci: [INFO:StFwNtfManager.cpp(1446)] StFwNtfManager::handleVsLogData; data_len: 0x0012 
09-21 21:50:53.342   703 11367 D StNfcHal: (#02756) Rx 6f 02 27 (hidden)
09-21 21:50:53.344  2627 11364 I libnfc_nci: [INFO:nfc_ncif.cc(628)] nfc_ncif_process_event; NFC received ntf gid:15
09-21 21:50:53.344  2627 11364 I libnfc_nci: [INFO:StFwNtfManager.cpp(1446)] StFwNtfManager::handleVsLogData; data_len: 0x002A 
09-21 21:50:53.752   949   949 V thermal_src: TA_DAEMON_CMD_SET_TTJ cmd=0x4, len=4 Tj=57000
09-21 21:50:54.291  1582  1582 I WifiHAL : Get link layer stats
09-21 21:50:54.291  1582  1582 I WifiHAL : GetLinkStatsCommand::create
09-21 21:50:54.291  1582  1582 D android.hardware.wifi@1.0-service-lazy: WifiRequest::create vendor command to iface 31, vendor_id=0x1a11, subcmd=0x1200, res=0
09-21 21:50:54.291  1582  1582 I WifiHAL : GetLinkStatsCommand::handleResponse
09-21 21:50:54.291  1582  1582 E WifiHAL : handleResponse: data=0xb4000075c6e306b0, len=392
09-21 21:50:54.291  1582  1582 I WifiHAL : check_data_sanity: confirmed_size=380, len=392
09-21 21:50:54.291  1582  1582 I WifiHAL : handleResponse: iface_stat_ptr=0xb4000075c6e306b0, num_radios=0, radio_stats_ptr=0xb4000075c6e3082c
09-21 21:50:54.291  1582  1582 E android.hardware.wifi@1.0-service-lazy: Invalid radio stats in link layer stats
09-21 21:50:54.291  1582  1582 I android.hardware.wifi@1.0-service-lazy: WifiCommand::requestResponse err=-1
09-21 21:50:54.291  1582  1582 I WifiHAL : wifi_get_link_stats: result=-1
09-21 21:50:54.294  1362  1518 E WifiStaIfaceHidlImpl: getLinkLayerStatsV1_5 failed with status: {.code = ERROR_UNKNOWN, .description = unknown}
09-21 21:50:54.664  1789  2234 I bt_shim_scanner: handle_remote_properties: handle_remote_properties Update device_type=0x2 addr_type=0x1
09-21 21:50:54.665  1789  2234 I bt_shim_scanner: handle_remote_properties: handle_remote_properties  device_type= 2
09-21 21:50:54.776   949   949 V thermal_src: TA_DAEMON_CMD_SET_TTJ cmd=0x4, len=4 Tj=57000
09-21 21:50:54.787  1362  1883 D BatteryService: Processing new values: info=android.hardware.health.HealthInfo@2866b4f, mBatteryLevelCritical=false, mPlugType=1
09-21 21:50:54.788  1362  1883 D hcz     : mHealthInfo.batteryTemperatureTenthsCelsius==303
09-21 21:50:55.179   703 11367 D StNfcHal: (#02757) Rx 6f 02 0f (hidden)
09-21 21:50:55.179  2627 11364 I libnfc_nci: [INFO:nfc_ncif.cc(628)] nfc_ncif_process_event; NFC received ntf gid:15
09-21 21:50:55.179  2627 11364 I libnfc_nci: [INFO:StFwNtfManager.cpp(1446)] StFwNtfManager::handleVsLogData; data_len: 0x0012 
09-21 21:50:55.434   703 11367 D StNfcHal: (#02758) Rx 6f 02 27 (hidden)
09-21 21:50:55.435  2627 11364 I libnfc_nci: [INFO:nfc_ncif.cc(628)] nfc_ncif_process_event; NFC received ntf gid:15
09-21 21:50:55.435  2627 11364 I libnfc_nci: [INFO:StFwNtfManager.cpp(1446)] StFwNtfManager::handleVsLogData; data_len: 0x002A 
09-21 21:50:55.704  1789  2234 I bt_shim_scanner: handle_remote_properties: handle_remote_properties Update device_type=0x2 addr_type=0x1
09-21 21:50:55.704  1789  2234 I bt_shim_scanner: handle_remote_properties: handle_remote_properties  device_type= 2
09-21 21:50:55.800   949   949 V thermal_src: TA_DAEMON_CMD_SET_TTJ cmd=0x4, len=4 Tj=57000
09-21 21:50:55.973 13359 13492 I IPCThreadState: oneway function results for code 2 on binder at 0xb40000780cf73000 will be dropped but finished with status UNKNOWN_TRANSACTION
09-21 21:50:56.825   949   949 V thermal_src: TA_DAEMON_CMD_SET_TTJ cmd=0x4, len=4 Tj=57000
09-21 21:50:57.307  1582  1582 I WifiHAL : Get link layer stats
09-21 21:50:57.307  1582  1582 I WifiHAL : GetLinkStatsCommand::create
09-21 21:50:57.307  1582  1582 D android.hardware.wifi@1.0-service-lazy: WifiRequest::create vendor command to iface 31, vendor_id=0x1a11, subcmd=0x1200, res=0
09-21 21:50:57.308  1582  1582 I WifiHAL : GetLinkStatsCommand::handleResponse
09-21 21:50:57.308  1582  1582 E WifiHAL : handleResponse: data=0xb4000075c6e306b0, len=392
09-21 21:50:57.308  1582  1582 I WifiHAL : check_data_sanity: confirmed_size=380, len=392
09-21 21:50:57.308  1582  1582 I WifiHAL : handleResponse: iface_stat_ptr=0xb4000075c6e306b0, num_radios=0, radio_stats_ptr=0xb4000075c6e3082c
09-21 21:50:57.308  1582  1582 E android.hardware.wifi@1.0-service-lazy: Invalid radio stats in link layer stats
09-21 21:50:57.308  1582  1582 I android.hardware.wifi@1.0-service-lazy: WifiCommand::requestResponse err=-1
09-21 21:50:57.308  1582  1582 I WifiHAL : wifi_get_link_stats: result=-1
09-21 21:50:57.311  1362  1518 E WifiStaIfaceHidlImpl: getLinkLayerStatsV1_5 failed with status: {.code = ERROR_UNKNOWN, .description = unknown}
09-21 21:50:57.848   949   949 V thermal_src: TA_DAEMON_CMD_SET_TTJ cmd=0x4, len=4 Tj=57000
09-21 21:50:58.196   703 11367 D StNfcHal: (#02759) Rx 6f 02 0f (hidden)
09-21 21:50:58.197  2627 11364 I libnfc_nci: [INFO:nfc_ncif.cc(628)] nfc_ncif_process_event; NFC received ntf gid:15
09-21 21:50:58.197  2627 11364 I libnfc_nci: [INFO:StFwNtfManager.cpp(1446)] StFwNtfManager::handleVsLogData; data_len: 0x0012 
09-21 21:50:58.450   703 11367 D StNfcHal: (#0275A) Rx 6f 02 27 (hidden)
09-21 21:50:58.451  2627 11364 I libnfc_nci: [INFO:nfc_ncif.cc(628)] nfc_ncif_process_event; NFC received ntf gid:15
09-21 21:50:58.451  2627 11364 I libnfc_nci: [INFO:StFwNtfManager.cpp(1446)] StFwNtfManager::handleVsLogData; data_len: 0x002A 
09-21 21:50:58.872   949   949 V thermal_src: TA_DAEMON_CMD_SET_TTJ cmd=0x4, len=4 Tj=57000
09-21 21:50:59.382  2131 14200 I NearbyMediums: Found Fast Ble Advertisements :
09-21 21:50:59.382  2131 14200 I NearbyMediums: BleAdvertisement { version=2, socketVersion=2, isFast=true, serviceIdHash=null, data=[ 0x23 0x54 0x5a 0x4f 0x50 0x11 0x32 0x95 0x62 0x9a 0x04 0x6d 0x3b 0x00 0xcb 0x63 0x82 0xac 0x9c 0x62 0x31 0x2e 0x97 ], deviceToken=[ 0xc8 0xf2 ], rxAdvertisement=null } : 2 times.
09-21 21:50:59.382  2131 14200 I NearbyMediums: Total 2 fast advertisements from 1 unique advertisers.
09-21 21:50:59.383  2131 14200 I NearbyMediums: Current Tracked Scanning Clients are : {NearbyConnections.EnvironmentMonitor, NearbySharing}
09-21 21:50:59.675   703 11367 D StNfcHal: (#0275B) Rx 6f 02 0f (hidden)
09-21 21:50:59.677  2627 11364 I libnfc_nci: [INFO:nfc_ncif.cc(628)] nfc_ncif_process_event; NFC received ntf gid:15
09-21 21:50:59.677  2627 11364 I libnfc_nci: [INFO:StFwNtfManager.cpp(1446)] StFwNtfManager::handleVsLogData; data_len: 0x0012 
09-21 21:50:59.896   949   949 V thermal_src: TA_DAEMON_CMD_SET_TTJ cmd=0x4, len=4 Tj=57000
09-21 21:50:59.930   703 11367 D StNfcHal: (#0275C) Rx 6f 02 27 (hidden)
09-21 21:50:59.932  2627 11364 I libnfc_nci: [INFO:nfc_ncif.cc(628)] nfc_ncif_process_event; NFC received ntf gid:15
09-21 21:50:59.932  2627 11364 I libnfc_nci: [INFO:StFwNtfManager.cpp(1446)] StFwNtfManager::handleVsLogData; data_len: 0x002A 
09-21 21:51:00.064   715   715 I BufferQueueProducer: [StatusBar#408](this:0xb400007deeeccc28,id:-1,api:0,p:-1,c:715) queueBuffer: fps=0.03 dur=35960.76 max=35960.76 min=35960.76
09-21 21:51:00.077   715   715 I BufferQueueProducer: [FramebufferSurface](this:0xb400007d2ec7e540,id:-1,api:1,p:715,c:715) queueBuffer: fps=0.03 dur=35961.23 max=35961.23 min=35961.23
09-21 21:51:00.078   699   699 I hwcomposer: [HWCDisplay] [Display_0 (type:1)] fps:0.027808,dur:35961.09,max:35961.09,min:35961.09  
09-21 21:51:00.086   715   715 I BufferQueueProducer: [FramebufferSurface](this:0xb400007d2ec8ccb0,id:-1,api:1,p:715,c:715) queueBuffer: fps=0.03 dur=35962.00 max=35962.00 min=35962.00
09-21 21:51:00.086   699   699 I hwcomposer: [HWCDisplay] [Display_1 (type:1)] fps:0.027807,dur:35962.00,max:35962.00,min:35962.00  
09-21 21:51:00.325  1582  1582 I WifiHAL : Get link layer stats
09-21 21:51:00.325  1582  1582 I WifiHAL : GetLinkStatsCommand::create
09-21 21:51:00.325  1582  1582 D android.hardware.wifi@1.0-service-lazy: WifiRequest::create vendor command to iface 31, vendor_id=0x1a11, subcmd=0x1200, res=0
09-21 21:51:00.325  1582  1582 I WifiHAL : GetLinkStatsCommand::handleResponse
09-21 21:51:00.325  1582  1582 E WifiHAL : handleResponse: data=0xb4000075c6e306b0, len=392
09-21 21:51:00.325  1582  1582 I WifiHAL : check_data_sanity: confirmed_size=380, len=392
09-21 21:51:00.325  1582  1582 I WifiHAL : handleResponse: iface_stat_ptr=0xb4000075c6e306b0, num_radios=0, radio_stats_ptr=0xb4000075c6e3082c
09-21 21:51:00.325  1582  1582 E android.hardware.wifi@1.0-service-lazy: Invalid radio stats in link layer stats
09-21 21:51:00.325  1582  1582 I android.hardware.wifi@1.0-service-lazy: WifiCommand::requestResponse err=-1
09-21 21:51:00.325  1582  1582 I WifiHAL : wifi_get_link_stats: result=-1
09-21 21:51:00.327  1362  1518 E WifiStaIfaceHidlImpl: getLinkLayerStatsV1_5 failed with status: {.code = ERROR_UNKNOWN, .description = unknown}
09-21 21:51:00.804   718   752 D ccci_mdinit: (1):monitor_time_update_thread round:3326 ########
09-21 21:51:00.887  1789  2234 I bt_shim_scanner: handle_remote_properties: handle_remote_properties Update device_type=0x2 addr_type=0x1
09-21 21:51:00.888  1789  2234 I bt_shim_scanner: handle_remote_properties: handle_remote_properties  device_type= 2
09-21 21:51:00.920   949   949 V thermal_src: TA_DAEMON_CMD_SET_TTJ cmd=0x4, len=4 Tj=57000
09-21 21:51:01.052   710   776 I libPerfCtl: xgfGetFPS pid:1618 fps:-1
09-21 21:51:01.460   703 11367 D StNfcHal: (#0275D) Rx 6f 02 0f (hidden)
09-21 21:51:01.461  2627 11364 I libnfc_nci: [INFO:nfc_ncif.cc(628)] nfc_ncif_process_event; NFC received ntf gid:15
09-21 21:51:01.462  2627 11364 I libnfc_nci: [INFO:StFwNtfManager.cpp(1446)] StFwNtfManager::handleVsLogData; data_len: 0x0012 
09-21 21:51:01.716   703 11367 D StNfcHal: (#0275E) Rx 6f 02 27 (hidden)
09-21 21:51:01.716  2627 11364 I libnfc_nci: [INFO:nfc_ncif.cc(628)] nfc_ncif_process_event; NFC received ntf gid:15
09-21 21:51:01.717  2627 11364 I libnfc_nci: [INFO:StFwNtfManager.cpp(1446)] StFwNtfManager::handleVsLogData; data_len: 0x002A 
09-21 21:51:01.945   949   949 V thermal_src: TA_DAEMON_CMD_SET_TTJ cmd=0x4, len=4 Tj=57000
09-21 21:51:02.053   710   776 I libPerfCtl: xgfGetFPS pid:1618 fps:-1
09-21 21:51:02.175   946   946 I thermal_repeater: [recvMdThermalInfo] ret=33, strLen=127,  2, 32767, -127, 111, 32767, 4046
09-21 21:51:02.796   724   724 I libPerfCtl: xgfGetCmd ioctl_ret:-1
09-21 21:51:02.955  1789  2234 I bt_shim_scanner: handle_remote_properties: handle_remote_properties Update device_type=0x2 addr_type=0x1
09-21 21:51:02.955  1789  2234 I bt_shim_scanner: handle_remote_properties: handle_remote_properties  device_type= 2
09-21 21:51:02.968   949   949 V thermal_src: TA_DAEMON_CMD_SET_TTJ cmd=0x4, len=4 Tj=57000
09-21 21:51:03.053   710   776 I libPerfCtl: xgfGetFPS pid:1618 fps:-1
09-21 21:51:03.064  1362  1436 V DisplayPowerController2[0]: Brightness [0.05] reason changing to: 'manual [ dim ]', previous reason: 'manual'.
09-21 21:51:03.064  1362  1436 I DisplayPowerController2[0]: BrightnessEvent: disp=0, physDisp=local:0, brt=0.05, initBrt=0.4015748, rcmdBrt=NaN, preBrt=NaN, lux=0.0, preLux=0.0, hbmMax=1.0, hbmMode=off, rbcStrength=50, thrmMax=1.0, powerFactor=1.0, wasShortTermModelActive=false, flags=, reason=manual [ dim ], autoBrightness=false, strategy=InvalidBrightnessStrategy
09-21 21:51:03.067  1362  1436 V DisplayPowerController2[5]: Brightness [0.05] reason changing to: 'manual [ dim ]', previous reason: 'manual'.
09-21 21:51:03.068  1362  1436 I DisplayPowerController2[5]: BrightnessEvent: disp=5, physDisp=local:1, brt=0.05, initBrt=0.5, rcmdBrt=NaN, preBrt=NaN, lux=0.0, preLux=0.0, hbmMax=1.0, hbmMode=off, rbcStrength=-1, thrmMax=1.0, powerFactor=1.0, wasShortTermModelActive=false, flags=, reason=manual [ dim ], autoBrightness=false, strategy=InvalidBrightnessStrategy
09-21 21:51:03.071  1362  1398 D DisplayManagerService: Ignore redundant display event 0/4 to 10042/4108
09-21 21:51:03.071  1362  1398 D DisplayManagerService: Ignore redundant display event 0/4 to 10087/4698
09-21 21:51:03.071  1362  1398 D DisplayManagerService: Ignore redundant display event 0/4 to 10095/5805
09-21 21:51:03.071  1362  1398 D DisplayManagerService: Ignore redundant display event 0/4 to 10114/11831
09-21 21:51:03.073   709   709 D android.hardware.lights-service.mediatek: Lights setting state for id=0, color=ff666666
09-21 21:51:03.075   709   709 D android.hardware.lights-service.mediatek: read 1 from /sys/devices/platform/shengyou_spec/hdmi_ctrl_sta
09-21 21:51:03.075   709   709 D android.hardware.lights-service.mediatek: read_int, val=1, ret=2, path=/sys/devices/platform/shengyou_spec/hdmi_ctrl_sta
09-21 21:51:03.075   709   709 D android.hardware.lights-service.mediatek: read 1 from /sys/devices/platform/shengyou_spec/hdmi_bl_sta
09-21 21:51:03.075   709   709 D android.hardware.lights-service.mediatek: read_int, val=1, ret=2, path=/sys/devices/platform/shengyou_spec/hdmi_bl_sta
09-21 21:51:03.076   709   709 D android.hardware.lights-service.mediatek: set_light_backlight, hdmi_state=1, hdmi_backlight=1, level=102, onMS=0, offMS=0
09-21 21:51:03.077   709   709 D android.hardware.lights-service.mediatek: write 102 to /sys/class/leds/lcd-backlight/brightness
09-21 21:51:03.078   954  1085 D AAL     : onBacklightChanged: 413/1023 -> 409/1023(phy:1637/4095)
09-21 21:51:03.080   709   709 D android.hardware.lights-service.mediatek: write 102 to /sys/class/leds/lcd-backlight/brightness, result: 0
09-21 21:51:03.080   709   709 D android.hardware.lights-service.mediatek: write 102 to /sys/class/leds/sublcd-backlight/brightness
09-21 21:51:03.082   709   709 D android.hardware.lights-service.mediatek: write 102 to /sys/class/leds/sublcd-backlight/brightness, result: 0
09-21 21:51:03.088   709   709 D android.hardware.lights-service.mediatek: Lights setting state for id=0, color=ff636363
09-21 21:51:03.089   709   709 D android.hardware.lights-service.mediatek: read 1 from /sys/devices/platform/shengyou_spec/hdmi_ctrl_sta
09-21 21:51:03.090   709   709 D android.hardware.lights-service.mediatek: read_int, val=1, ret=2, path=/sys/devices/platform/shengyou_spec/hdmi_ctrl_sta
09-21 21:51:03.090   709   709 D android.hardware.lights-service.mediatek: read 1 from /sys/devices/platform/shengyou_spec/hdmi_bl_sta
09-21 21:51:03.091   709   709 D android.hardware.lights-service.mediatek: read_int, val=1, ret=2, path=/sys/devices/platform/shengyou_spec/hdmi_bl_sta
09-21 21:51:03.091   709   709 D android.hardware.lights-service.mediatek: set_light_backlight, hdmi_state=1, hdmi_backlight=1, level=99, onMS=0, offMS=0
09-21 21:51:03.092   709   709 D android.hardware.lights-service.mediatek: write 99 to /sys/class/leds/lcd-backlight/brightness
09-21 21:51:03.092   709   709 D android.hardware.lights-service.mediatek: write 99 to /sys/class/leds/lcd-backlight/brightness, result: 0
09-21 21:51:03.093   709   709 D android.hardware.lights-service.mediatek: write 99 to /sys/class/leds/sublcd-backlight/brightness
09-21 21:51:03.094   709   709 D android.hardware.lights-service.mediatek: write 99 to /sys/class/leds/sublcd-backlight/brightness, result: 0
09-21 21:51:03.096   954  1085 D AAL     : onBacklightChanged: 409/1023 -> 397/1023(phy:1589/4095)
09-21 21:51:03.099   709   709 D android.hardware.lights-service.mediatek: Lights setting state for id=0, color=ff616161
09-21 21:51:03.100   709   709 D android.hardware.lights-service.mediatek: read 1 from /sys/devices/platform/shengyou_spec/hdmi_ctrl_sta
09-21 21:51:03.100   709   709 D android.hardware.lights-service.mediatek: read_int, val=1, ret=2, path=/sys/devices/platform/shengyou_spec/hdmi_ctrl_sta
09-21 21:51:03.101   709   709 D android.hardware.lights-service.mediatek: read 1 from /sys/devices/platform/shengyou_spec/hdmi_bl_sta
09-21 21:51:03.101   709   709 D android.hardware.lights-service.mediatek: read_int, val=1, ret=2, path=/sys/devices/platform/shengyou_spec/hdmi_bl_sta
09-21 21:51:03.101   709   709 D android.hardware.lights-service.mediatek: set_light_backlight, hdmi_state=1, hdmi_backlight=1, level=97, onMS=0, offMS=0
09-21 21:51:03.102   709   709 D android.hardware.lights-service.mediatek: write 97 to /sys/class/leds/lcd-backlight/brightness
09-21 21:51:03.102   709   709 D android.hardware.lights-service.mediatek: write 97 to /sys/class/leds/lcd-backlight/brightness, result: 0
09-21 21:51:03.103   709   709 D android.hardware.lights-service.mediatek: write 97 to /sys/class/leds/sublcd-backlight/brightness
09-21 21:51:03.104   709   709 D android.hardware.lights-service.mediatek: write 97 to /sys/class/leds/sublcd-backlight/brightness, result: 0
09-21 21:51:03.114   709   709 D android.hardware.lights-service.mediatek: Lights setting state for id=0, color=ff5e5e5e
09-21 21:51:03.114   709   709 D android.hardware.lights-service.mediatek: read 1 from /sys/devices/platform/shengyou_spec/hdmi_ctrl_sta
09-21 21:51:03.114   709   709 D android.hardware.lights-service.mediatek: read_int, val=1, ret=2, path=/sys/devices/platform/shengyou_spec/hdmi_ctrl_sta
09-21 21:51:03.114   709   709 D android.hardware.lights-service.mediatek: read 1 from /sys/devices/platform/shengyou_spec/hdmi_bl_sta
09-21 21:51:03.114   709   709 D android.hardware.lights-service.mediatek: read_int, val=1, ret=2, path=/sys/devices/platform/shengyou_spec/hdmi_bl_sta
09-21 21:51:03.114   709   709 D android.hardware.lights-service.mediatek: set_light_backlight, hdmi_state=1, hdmi_backlight=1, level=94, onMS=0, offMS=0
09-21 21:51:03.114   709   709 D android.hardware.lights-service.mediatek: write 94 to /sys/class/leds/lcd-backlight/brightness
09-21 21:51:03.115   709   709 D android.hardware.lights-service.mediatek: write 94 to /sys/class/leds/lcd-backlight/brightness, result: 0
09-21 21:51:03.115   709   709 D android.hardware.lights-service.mediatek: write 94 to /sys/class/leds/sublcd-backlight/brightness
09-21 21:51:03.115   709   709 D android.hardware.lights-service.mediatek: write 94 to /sys/class/leds/sublcd-backlight/brightness, result: 0
09-21 21:51:03.115   954  1085 D AAL     : onBacklightChanged: 397/1023 -> 377/1023(phy:1509/4095)
09-21 21:51:03.131   709   709 D android.hardware.lights-service.mediatek: Lights setting state for id=0, color=ff5b5b5b
09-21 21:51:03.131   709   709 D android.hardware.lights-service.mediatek: read 1 from /sys/devices/platform/shengyou_spec/hdmi_ctrl_sta
09-21 21:51:03.131   709   709 D android.hardware.lights-service.mediatek: read_int, val=1, ret=2, path=/sys/devices/platform/shengyou_spec/hdmi_ctrl_sta
09-21 21:51:03.131   709   709 D android.hardware.lights-service.mediatek: read 1 from /sys/devices/platform/shengyou_spec/hdmi_bl_sta
09-21 21:51:03.131   709   709 D android.hardware.lights-service.mediatek: read_int, val=1, ret=2, path=/sys/devices/platform/shengyou_spec/hdmi_bl_sta
09-21 21:51:03.131   709   709 D android.hardware.lights-service.mediatek: set_light_backlight, hdmi_state=1, hdmi_backlight=1, level=91, onMS=0, offMS=0
09-21 21:51:03.131   709   709 D android.hardware.lights-service.mediatek: write 91 to /sys/class/leds/lcd-backlight/brightness
09-21 21:51:03.131   709   709 D android.hardware.lights-service.mediatek: write 91 to /sys/class/leds/lcd-backlight/brightness, result: 0
09-21 21:51:03.131   709   709 D android.hardware.lights-service.mediatek: write 91 to /sys/class/leds/sublcd-backlight/brightness
09-21 21:51:03.131   709   709 D android.hardware.lights-service.mediatek: write 91 to /sys/class/leds/sublcd-backlight/brightness, result: 0
09-21 21:51:03.135   954  1085 D AAL     : onBacklightChanged: 377/1023 -> 365/1023(phy:1461/4095)
09-21 21:51:03.148   709   709 D android.hardware.lights-service.mediatek: Lights setting state for id=0, color=ff585858
09-21 21:51:03.148   709   709 D android.hardware.lights-service.mediatek: read 1 from /sys/devices/platform/shengyou_spec/hdmi_ctrl_sta
09-21 21:51:03.148   709   709 D android.hardware.lights-service.mediatek: read_int, val=1, ret=2, path=/sys/devices/platform/shengyou_spec/hdmi_ctrl_sta
09-21 21:51:03.148   709   709 D android.hardware.lights-service.mediatek: read 1 from /sys/devices/platform/shengyou_spec/hdmi_bl_sta
09-21 21:51:03.148   709   709 D android.hardware.lights-service.mediatek: read_int, val=1, ret=2, path=/sys/devices/platform/shengyou_spec/hdmi_bl_sta
09-21 21:51:03.148   709   709 D android.hardware.lights-service.mediatek: set_light_backlight, hdmi_state=1, hdmi_backlight=1, level=88, onMS=0, offMS=0
09-21 21:51:03.148   709   709 D android.hardware.lights-service.mediatek: write 88 to /sys/class/leds/lcd-backlight/brightness
