09-20 23:06:15.078   715  1956 E BufferQueueDebug: [WindowToken{b731547 type=2005 android.os.Binder@7b63886}#5703](this:0xb400007deedbe3b8,id:-1,api:0,p:-1,c:-1) id info cannot be read from 'WindowToken{b731547 type=2005 android.os.Binder@7b63886}#5703'
09-20 23:06:15.157   715  1507 E BufferQueueDebug: [6ad5712 com.omnilypro.pos/com.omnilypro.pos.MainActivityFinal#5704](this:0xb400007deeda49a8,id:-1,api:0,p:-1,c:-1) id info cannot be read from '6ad5712 com.omnilypro.pos/com.omnilypro.pos.MainActivityFinal#5704'
09-20 23:06:15.161   715  1507 E BufferQueueDebug: [Surface(name=2bcb1b9 NavigationBar0)/@0xd91b1cc - animation-leash of insets_animation#5705](this:0xb400007deeddd8e8,id:-1,api:0,p:-1,c:-1) id info cannot be read from 'Surface(name=2bcb1b9 NavigationBar0)/@0xd91b1cc - animation-leash of insets_animation#5705'
09-20 23:06:15.169   715  1507 E BufferQueueDebug: [Surface(name=7421fc9 StatusBar)/@0xafd0c15 - animation-leash of insets_animation#5706](this:0xb400007deedbb628,id:-1,api:0,p:-1,c:-1) id info cannot be read from 'Surface(name=7421fc9 StatusBar)/@0xafd0c15 - animation-leash of insets_animation#5706'
09-20 23:06:15.203   715  1956 E BufferQueueDebug: [com.omnilypro.pos/com.omnilypro.pos.MainActivityFinal#5707](this:0xb400007deee2a718,id:-1,api:0,p:-1,c:-1) id info cannot be read from 'com.omnilypro.pos/com.omnilypro.pos.MainActivityFinal#5707'
09-20 23:06:15.222 17039 17068 E OpenGLRenderer: Unable to match the desired swap behavior.
09-20 23:06:15.250   715  1507 E BufferQueueDebug: [Surface(name=6ad5712 com.omnilypro.pos/com.omnilypro.pos.MainActivityFinal)/@0x7f4f8d1 - animation-leash of window_animation#5708](this:0xb400007deed8af98,id:-1,api:0,p:-1,c:-1) id info cannot be read from 'Surface(name=6ad5712 com.omnilypro.pos/com.omnilypro.pos.MainActivityFinal)/@0x7f4f8d1 - animation-leash of window_animation#5708'
09-20 23:06:15.253   715  1507 E BufferQueueDebug: [Dim Layer for - Task=52#5709](this:0xb400007deedcf518,id:-1,api:0,p:-1,c:-1) id info cannot be read from 'Dim Layer for - Task=52#5709'
09-20 23:06:15.256   715  1507 E BufferQueueDebug: [Surface(name=Dim Layer for - Task=52)/@0xbfe8fa4 - animation-leash of dimmer#5710](this:0xb400007deed9c0f8,id:-1,api:0,p:-1,c:-1) id info cannot be read from 'Surface(name=Dim Layer for - Task=52)/@0xbfe8fa4 - animation-leash of dimmer#5710'
09-20 23:06:15.279   710   739 E mtkpower@impl: [setMode] unknown type
09-20 23:06:15.311   710   739 E mtkpower@impl: [setMode] unknown type
09-20 23:06:15.616   710   739 E mtkpower@impl: [setMode] unknown type
09-20 23:06:15.962   710   739 E mtkpower@impl: [setMode] unknown type
09-20 23:06:15.978   710   739 E mtkpower@impl: [setMode] unknown type
09-20 23:06:16.360   710   739 E mtkpower@impl: [setMode] unknown type
09-20 23:06:16.372   715  1507 E BufferQueueDebug: [Surface(name=6ad5712 com.omnilypro.pos/com.omnilypro.pos.MainActivityFinal)/@0x7f4f8d1 - animation-leash of window_animation#5711](this:0xb400007deed8af98,id:-1,api:0,p:-1,c:-1) id info cannot be read from 'Surface(name=6ad5712 com.omnilypro.pos/com.omnilypro.pos.MainActivityFinal)/@0x7f4f8d1 - animation-leash of window_animation#5711'
09-20 23:06:16.377   715  1507 E BufferQueueDebug: [Surface(name=2bcb1b9 NavigationBar0)/@0xd91b1cc - animation-leash of insets_animation#5712](this:0xb400007deee747b8,id:-1,api:0,p:-1,c:-1) id info cannot be read from 'Surface(name=2bcb1b9 NavigationBar0)/@0xd91b1cc - animation-leash of insets_animation#5712'
09-20 23:06:16.379   715  1507 E BufferQueueDebug: [Surface(name=7421fc9 StatusBar)/@0xafd0c15 - animation-leash of insets_animation#5713](this:0xb400007deee6bf08,id:-1,api:0,p:-1,c:-1) id info cannot be read from 'Surface(name=7421fc9 StatusBar)/@0xafd0c15 - animation-leash of insets_animation#5713'
09-20 23:06:16.388   715  1507 E BufferQueueDebug: [Surface(name=Dim Layer for - Task=52)/@0xbfe8fa4 - animation-leash of dimmer#5714](this:0xb400007deee5ada8,id:-1,api:0,p:-1,c:-1) id info cannot be read from 'Surface(name=Dim Layer for - Task=52)/@0xbfe8fa4 - animation-leash of dimmer#5714'
09-20 23:06:16.410   715  1956 E BufferQueueDebug: [WindowToken{f3977d type=2005 android.os.Binder@7f729d4}#5715](this:0xb400007deee3e608,id:-1,api:0,p:-1,c:-1) id info cannot be read from 'WindowToken{f3977d type=2005 android.os.Binder@7f729d4}#5715'
09-20 23:06:16.494   715  1956 E BufferQueueDebug: [e870f40 com.omnilypro.pos/com.omnilypro.pos.MainActivityFinal#5716](this:0xb400007deeddd8e8,id:-1,api:0,p:-1,c:-1) id info cannot be read from 'e870f40 com.omnilypro.pos/com.omnilypro.pos.MainActivityFinal#5716'
09-20 23:06:16.502   715  1956 E BufferQueueDebug: [Surface(name=2bcb1b9 NavigationBar0)/@0xd91b1cc - animation-leash of insets_animation#5717](this:0xb400007deed9c0f8,id:-1,api:0,p:-1,c:-1) id info cannot be read from 'Surface(name=2bcb1b9 NavigationBar0)/@0xd91b1cc - animation-leash of insets_animation#5717'
09-20 23:06:16.505   715  1956 E BufferQueueDebug: [Surface(name=7421fc9 StatusBar)/@0xafd0c15 - animation-leash of insets_animation#5718](this:0xb400007deee5db38,id:-1,api:0,p:-1,c:-1) id info cannot be read from 'Surface(name=7421fc9 StatusBar)/@0xafd0c15 - animation-leash of insets_animation#5718'
09-20 23:06:16.546   715  1507 E BufferQueueDebug: [com.omnilypro.pos/com.omnilypro.pos.MainActivityFinal#5719](this:0xb400007deee13a98,id:-1,api:0,p:-1,c:-1) id info cannot be read from 'com.omnilypro.pos/com.omnilypro.pos.MainActivityFinal#5719'
09-20 23:06:16.565 17039 17068 E OpenGLRenderer: Unable to match the desired swap behavior.
09-20 23:06:16.588   710   795 E UxUtility: notifyAppState error = NULL
09-20 23:06:16.600   715  1956 E BufferQueueDebug: [Surface(name=e870f40 com.omnilypro.pos/com.omnilypro.pos.MainActivityFinal)/@0x29ec417 - animation-leash of window_animation#5720](this:0xb400007deee5ada8,id:-1,api:0,p:-1,c:-1) id info cannot be read from 'Surface(name=e870f40 com.omnilypro.pos/com.omnilypro.pos.MainActivityFinal)/@0x29ec417 - animation-leash of window_animation#5720'
09-20 23:06:16.603   715  1956 E BufferQueueDebug: [Dim Layer for - Task=52#5721](this:0xb400007deedcf518,id:-1,api:0,p:-1,c:-1) id info cannot be read from 'Dim Layer for - Task=52#5721'
09-20 23:06:16.605   715  1956 E BufferQueueDebug: [Surface(name=Dim Layer for - Task=52)/@0x880b022 - animation-leash of dimmer#5722](this:0xb400007deee2a718,id:-1,api:0,p:-1,c:-1) id info cannot be read from 'Surface(name=Dim Layer for - Task=52)/@0x880b022 - animation-leash of dimmer#5722'
09-20 23:06:16.610   710   739 E mtkpower@impl: [setMode] unknown type
09-20 23:06:16.645   710   739 E mtkpower@impl: [setMode] unknown type
09-20 23:06:16.957   710   739 E mtkpower@impl: [setMode] unknown type
09-20 23:06:17.294   710   739 E mtkpower@impl: [setMode] unknown type
09-20 23:06:17.304  1582  1582 E WifiHAL : handleResponse: data=0xb4000075c6e306b0, len=392
09-20 23:06:17.304  1582  1582 E android.hardware.wifi@1.0-service-lazy: Invalid radio stats in link layer stats
09-20 23:06:17.304   715   823 E BufferQueueDebug: [Surface(name=e870f40 com.omnilypro.pos/com.omnilypro.pos.MainActivityFinal)/@0x29ec417 - animation-leash of window_animation#5723](this:0xb400007deee747b8,id:-1,api:0,p:-1,c:-1) id info cannot be read from 'Surface(name=e870f40 com.omnilypro.pos/com.omnilypro.pos.MainActivityFinal)/@0x29ec417 - animation-leash of window_animation#5723'
09-20 23:06:17.307  1362  1518 E WifiStaIfaceHidlImpl: getLinkLayerStatsV1_5 failed with status: {.code = ERROR_UNKNOWN, .description = unknown}
09-20 23:06:17.310   715  1956 E BufferQueueDebug: [Surface(name=2bcb1b9 NavigationBar0)/@0xd91b1cc - animation-leash of insets_animation#5724](this:0xb400007deee6bf08,id:-1,api:0,p:-1,c:-1) id info cannot be read from 'Surface(name=2bcb1b9 NavigationBar0)/@0xd91b1cc - animation-leash of insets_animation#5724'
09-20 23:06:17.313   715  1956 E BufferQueueDebug: [Surface(name=7421fc9 StatusBar)/@0xafd0c15 - animation-leash of insets_animation#5725](this:0xb400007deed8af98,id:-1,api:0,p:-1,c:-1) id info cannot be read from 'Surface(name=7421fc9 StatusBar)/@0xafd0c15 - animation-leash of insets_animation#5725'
09-20 23:06:17.320   715  1956 E BufferQueueDebug: [Surface(name=Dim Layer for - Task=52)/@0x880b022 - animation-leash of dimmer#5726](this:0xb400007deedbb628,id:-1,api:0,p:-1,c:-1) id info cannot be read from 'Surface(name=Dim Layer for - Task=52)/@0x880b022 - animation-leash of dimmer#5726'
09-20 23:06:17.342   715  1507 E BufferQueueDebug: [WindowToken{49965d2 type=2005 android.os.Binder@e36985d}#5727](this:0xb400007deeda49a8,id:-1,api:0,p:-1,c:-1) id info cannot be read from 'WindowToken{49965d2 type=2005 android.os.Binder@e36985d}#5727'
09-20 23:06:17.428   715  1956 E BufferQueueDebug: [eb2da0 com.omnilypro.pos/com.omnilypro.pos.MainActivityFinal#5728](this:0xb400007deed9c0f8,id:-1,api:0,p:-1,c:-1) id info cannot be read from 'eb2da0 com.omnilypro.pos/com.omnilypro.pos.MainActivityFinal#5728'
09-20 23:06:17.435   715  1956 E BufferQueueDebug: [Surface(name=2bcb1b9 NavigationBar0)/@0xd91b1cc - animation-leash of insets_animation#5729](this:0xb400007deee55288,id:-1,api:0,p:-1,c:-1) id info cannot be read from 'Surface(name=2bcb1b9 NavigationBar0)/@0xd91b1cc - animation-leash of insets_animation#5729'
09-20 23:06:17.437   715  1956 E BufferQueueDebug: [Surface(name=7421fc9 StatusBar)/@0xafd0c15 - animation-leash of insets_animation#5730](this:0xb400007deee5ada8,id:-1,api:0,p:-1,c:-1) id info cannot be read from 'Surface(name=7421fc9 StatusBar)/@0xafd0c15 - animation-leash of insets_animation#5730'
09-20 23:06:17.471   715  1956 E BufferQueueDebug: [com.omnilypro.pos/com.omnilypro.pos.MainActivityFinal#5731](this:0xb400007deee2a718,id:-1,api:0,p:-1,c:-1) id info cannot be read from 'com.omnilypro.pos/com.omnilypro.pos.MainActivityFinal#5731'
09-20 23:06:17.487 17039 17068 E OpenGLRenderer: Unable to match the desired swap behavior.
09-20 23:06:17.514   715   823 E BufferQueueDebug: [Surface(name=eb2da0 com.omnilypro.pos/com.omnilypro.pos.MainActivityFinal)/@0x6a019f7 - animation-leash of window_animation#5732](this:0xb400007deee5db38,id:-1,api:0,p:-1,c:-1) id info cannot be read from 'Surface(name=eb2da0 com.omnilypro.pos/com.omnilypro.pos.MainActivityFinal)/@0x6a019f7 - animation-leash of window_animation#5732'
09-20 23:06:17.518   715   823 E BufferQueueDebug: [Dim Layer for - Task=52#5733](this:0xb400007deedc6c68,id:-1,api:0,p:-1,c:-1) id info cannot be read from 'Dim Layer for - Task=52#5733'
09-20 23:06:17.520   715   823 E BufferQueueDebug: [Surface(name=Dim Layer for - Task=52)/@0x6e2e782 - animation-leash of dimmer#5734](this:0xb400007deeddd8e8,id:-1,api:0,p:-1,c:-1) id info cannot be read from 'Surface(name=Dim Layer for - Task=52)/@0x6e2e782 - animation-leash of dimmer#5734'
09-20 23:06:17.543   710   739 E mtkpower@impl: [setMode] unknown type
09-20 23:06:17.562   710   739 E mtkpower@impl: [setMode] unknown type
09-20 23:06:17.588   710   795 E UxUtility: notifyAppState error = NULL
09-20 23:06:17.872   710   739 E mtkpower@impl: [setMode] unknown type
09-20 23:06:18.044   710   739 E mtkpower@impl: [setMode] unknown type
09-20 23:06:18.319   715   823 E BufferQueueDebug: [954ca94 Toast#5735](this:0xb400007deee6bf08,id:-1,api:0,p:-1,c:-1) id info cannot be read from '954ca94 Toast#5735'
09-20 23:06:18.330   715   823 E BufferQueueDebug: [Toast#5736](this:0xb400007deedcf518,id:-1,api:0,p:-1,c:-1) id info cannot be read from 'Toast#5736'
09-20 23:06:18.346  1618  1690 E OpenGLRenderer: Unable to match the desired swap behavior.
09-20 23:06:18.355   710   739 E mtkpower@impl: [setMode] unknown type
09-20 23:06:18.379   710   739 E mtkpower@impl: [setMode] unknown type
09-20 23:06:18.405   715   823 E BufferQueueDebug: [Surface(name=eb2da0 com.omnilypro.pos/com.omnilypro.pos.MainActivityFinal)/@0x6a019f7 - animation-leash of window_animation#5737](this:0xb400007deee524f8,id:-1,api:0,p:-1,c:-1) id info cannot be read from 'Surface(name=eb2da0 com.omnilypro.pos/com.omnilypro.pos.MainActivityFinal)/@0x6a019f7 - animation-leash of window_animation#5737'
09-20 23:06:18.410   715  1507 E BufferQueueDebug: [Surface(name=2bcb1b9 NavigationBar0)/@0xd91b1cc - animation-leash of insets_animation#5738](this:0xb400007deee5db38,id:-1,api:0,p:-1,c:-1) id info cannot be read from 'Surface(name=2bcb1b9 NavigationBar0)/@0xd91b1cc - animation-leash of insets_animation#5738'
09-20 23:06:18.412   715  1507 E BufferQueueDebug: [Surface(name=7421fc9 StatusBar)/@0xafd0c15 - animation-leash of insets_animation#5739](this:0xb400007deeddd8e8,id:-1,api:0,p:-1,c:-1) id info cannot be read from 'Surface(name=7421fc9 StatusBar)/@0xafd0c15 - animation-leash of insets_animation#5739'
09-20 23:06:18.417   715  1507 E BufferQueueDebug: [Surface(name=Dim Layer for - Task=52)/@0x6e2e782 - animation-leash of dimmer#5740](this:0xb400007deedbb628,id:-1,api:0,p:-1,c:-1) id info cannot be read from 'Surface(name=Dim Layer for - Task=52)/@0x6e2e782 - animation-leash of dimmer#5740'
09-20 23:06:18.437   715  1507 E BufferQueueDebug: [WindowToken{45f4b18 type=2005 android.os.Binder@4574efb}#5741](this:0xb400007deed8af98,id:-1,api:0,p:-1,c:-1) id info cannot be read from 'WindowToken{45f4b18 type=2005 android.os.Binder@4574efb}#5741'
09-20 23:06:18.514   715  1507 E BufferQueueDebug: [98a00c4 com.omnilypro.pos/com.omnilypro.pos.MainActivityFinal#5742](this:0xb400007deee747b8,id:-1,api:0,p:-1,c:-1) id info cannot be read from '98a00c4 com.omnilypro.pos/com.omnilypro.pos.MainActivityFinal#5742'
09-20 23:06:18.517   715  1507 E BufferQueueDebug: [Surface(name=2bcb1b9 NavigationBar0)/@0xd91b1cc - animation-leash of insets_animation#5743](this:0xb400007deee46eb8,id:-1,api:0,p:-1,c:-1) id info cannot be read from 'Surface(name=2bcb1b9 NavigationBar0)/@0xd91b1cc - animation-leash of insets_animation#5743'
09-20 23:06:18.519   715  1507 E BufferQueueDebug: [Surface(name=7421fc9 StatusBar)/@0xafd0c15 - animation-leash of insets_animation#5744](this:0xb400007deedf17d8,id:-1,api:0,p:-1,c:-1) id info cannot be read from 'Surface(name=7421fc9 StatusBar)/@0xafd0c15 - animation-leash of insets_animation#5744'
09-20 23:06:18.551   715  1507 E BufferQueueDebug: [com.omnilypro.pos/com.omnilypro.pos.MainActivityFinal#5745](this:0xb400007deee13a98,id:-1,api:0,p:-1,c:-1) id info cannot be read from 'com.omnilypro.pos/com.omnilypro.pos.MainActivityFinal#5745'
09-20 23:06:18.567 17039 17068 E OpenGLRenderer: Unable to match the desired swap behavior.
09-20 23:06:18.590   710   795 E UxUtility: notifyAppState error = NULL
09-20 23:06:18.597   715  1507 E BufferQueueDebug: [Surface(name=98a00c4 com.omnilypro.pos/com.omnilypro.pos.MainActivityFinal)/@0x415eceb - animation-leash of window_animation#5746](this:0xb400007deedcc788,id:-1,api:0,p:-1,c:-1) id info cannot be read from 'Surface(name=98a00c4 com.omnilypro.pos/com.omnilypro.pos.MainActivityFinal)/@0x415eceb - animation-leash of window_animation#5746'
09-20 23:06:18.601   715  1507 E BufferQueueDebug: [Dim Layer for - Task=52#5747](this:0xb400007deedfa088,id:-1,api:0,p:-1,c:-1) id info cannot be read from 'Dim Layer for - Task=52#5747'
09-20 23:06:18.604   715  1507 E BufferQueueDebug: [Surface(name=Dim Layer for - Task=52)/@0x3403e06 - animation-leash of dimmer#5748](this:0xb400007deedd7dc8,id:-1,api:0,p:-1,c:-1) id info cannot be read from 'Surface(name=Dim Layer for - Task=52)/@0x3403e06 - animation-leash of dimmer#5748'
09-20 23:06:18.959   710   739 E mtkpower@impl: [setMode] unknown type
09-20 23:06:20.160   710   739 E mtkpower@impl: [setMode] unknown type
09-20 23:06:20.323  1582  1582 E WifiHAL : handleResponse: data=0xb4000075c6e306b0, len=392
09-20 23:06:20.323  1582  1582 E android.hardware.wifi@1.0-service-lazy: Invalid radio stats in link layer stats
09-20 23:06:20.325  1362  1518 E WifiStaIfaceHidlImpl: getLinkLayerStatsV1_5 failed with status: {.code = ERROR_UNKNOWN, .description = unknown}
09-20 23:06:20.493   710   739 E mtkpower@impl: [setMode] unknown type
09-20 23:06:21.592   710   795 E UxUtility: notifyAppState error = NULL
09-20 23:06:22.140   710   739 E mtkpower@impl: [setMode] unknown type
09-20 23:06:22.427   715  1956 E BufferQueueDebug: [fcbc3ea Toast#5749](this:0xb400007deee524f8,id:-1,api:0,p:-1,c:-1) id info cannot be read from 'fcbc3ea Toast#5749'
09-20 23:06:22.441   715  1956 E BufferQueueDebug: [Toast#5750](this:0xb400007deee2a718,id:-1,api:0,p:-1,c:-1) id info cannot be read from 'Toast#5750'
09-20 23:06:22.459  1618  1690 E OpenGLRenderer: Unable to match the desired swap behavior.
09-20 23:06:22.467   710   739 E mtkpower@impl: [setMode] unknown type
09-20 23:06:22.486   710   739 E mtkpower@impl: [setMode] unknown type
09-20 23:06:22.924   710   739 E mtkpower@impl: [setMode] unknown type
09-20 23:06:23.335  1582  1582 E WifiHAL : handleResponse: data=0xb4000075c6e306b0, len=392
09-20 23:06:23.336  1582  1582 E android.hardware.wifi@1.0-service-lazy: Invalid radio stats in link layer stats
09-20 23:06:23.336  1362  1518 E WifiStaIfaceHidlImpl: getLinkLayerStatsV1_5 failed with status: {.code = ERROR_UNKNOWN, .description = unknown}
09-20 23:06:24.950   710   739 E mtkpower@impl: [setMode] unknown type
09-20 23:06:25.026   710   739 E mtkpower@impl: [setMode] unknown type
09-20 23:06:26.050   710   739 E mtkpower@impl: [setMode] unknown type
09-20 23:06:26.121   710   739 E mtkpower@impl: [setMode] unknown type
09-20 23:06:26.206   710   739 E mtkpower@impl: [setMode] unknown type
09-20 23:06:26.348  1582  1582 E WifiHAL : handleResponse: data=0xb4000075c6e306b0, len=392
09-20 23:06:26.348  1582  1582 E android.hardware.wifi@1.0-service-lazy: Invalid radio stats in link layer stats
09-20 23:06:26.352  1362  1518 E WifiStaIfaceHidlImpl: getLinkLayerStatsV1_5 failed with status: {.code = ERROR_UNKNOWN, .description = unknown}
09-20 23:06:26.478   715   822 E BufferQueueDebug: [8756c89 Toast#5751](this:0xb400007deee6bf08,id:-1,api:0,p:-1,c:-1) id info cannot be read from '8756c89 Toast#5751'
09-20 23:06:26.494   715   822 E BufferQueueDebug: [Toast#5752](this:0xb400007deee5db38,id:-1,api:0,p:-1,c:-1) id info cannot be read from 'Toast#5752'
09-20 23:06:26.508   710   739 E mtkpower@impl: [setMode] unknown type
09-20 23:06:26.508  1618  1690 E OpenGLRenderer: Unable to match the desired swap behavior.
09-20 23:06:26.542   710   739 E mtkpower@impl: [setMode] unknown type
09-20 23:06:26.987   710   739 E mtkpower@impl: [setMode] unknown type
09-20 23:06:29.029   710   739 E mtkpower@impl: [setMode] unknown type
09-20 23:06:29.105   710   739 E mtkpower@impl: [setMode] unknown type
09-20 23:06:29.363  1582  1582 E WifiHAL : handleResponse: data=0xb4000075c6e306b0, len=392
09-20 23:06:29.363  1582  1582 E android.hardware.wifi@1.0-service-lazy: Invalid radio stats in link layer stats
09-20 23:06:29.364  1362  1518 E WifiStaIfaceHidlImpl: getLinkLayerStatsV1_5 failed with status: {.code = ERROR_UNKNOWN, .description = unknown}
09-20 23:06:30.300   710   739 E mtkpower@impl: [setMode] unknown type
09-20 23:06:30.576   715  1507 E BufferQueueDebug: [1a12b54 Toast#5753](this:0xb400007deee524f8,id:-1,api:0,p:-1,c:-1) id info cannot be read from '1a12b54 Toast#5753'
09-20 23:06:30.591   715   822 E BufferQueueDebug: [Toast#5754](this:0xb400007deee6bf08,id:-1,api:0,p:-1,c:-1) id info cannot be read from 'Toast#5754'
09-20 23:06:30.605   710   739 E mtkpower@impl: [setMode] unknown type
09-20 23:06:30.608  1618  1690 E OpenGLRenderer: Unable to match the desired swap behavior.
09-20 23:06:30.643   710   739 E mtkpower@impl: [setMode] unknown type
09-20 23:06:31.089   710   739 E mtkpower@impl: [setMode] unknown type
09-20 23:06:32.375  1582  1582 E WifiHAL : handleResponse: data=0xb4000075c6e306b0, len=392
09-20 23:06:32.375  1582  1582 E android.hardware.wifi@1.0-service-lazy: Invalid radio stats in link layer stats
09-20 23:06:32.375  1362  1518 E WifiStaIfaceHidlImpl: getLinkLayerStatsV1_5 failed with status: {.code = ERROR_UNKNOWN, .description = unknown}
09-20 23:06:33.128   710   739 E mtkpower@impl: [setMode] unknown type
09-20 23:06:33.205   710   739 E mtkpower@impl: [setMode] unknown type
09-20 23:06:34.391   710   739 E mtkpower@impl: [setMode] unknown type
09-20 23:06:34.666   715  1507 E BufferQueueDebug: [21bccb5 Toast#5755](this:0xb400007deed8dd28,id:-1,api:0,p:-1,c:-1) id info cannot be read from '21bccb5 Toast#5755'
09-20 23:06:34.681   715   822 E BufferQueueDebug: [Toast#5756](this:0xb400007deee6bf08,id:-1,api:0,p:-1,c:-1) id info cannot be read from 'Toast#5756'
09-20 23:06:34.691   710   739 E mtkpower@impl: [setMode] unknown type
09-20 23:06:34.697  1618  1690 E OpenGLRenderer: Unable to match the desired swap behavior.
09-20 23:06:34.727   710   739 E mtkpower@impl: [setMode] unknown type
09-20 23:06:35.171   710   739 E mtkpower@impl: [setMode] unknown type
09-20 23:06:35.387  1582  1582 E WifiHAL : handleResponse: data=0xb4000075c6e306b0, len=392
09-20 23:06:35.387  1582  1582 E android.hardware.wifi@1.0-service-lazy: Invalid radio stats in link layer stats
09-20 23:06:35.388  1362  1518 E WifiStaIfaceHidlImpl: getLinkLayerStatsV1_5 failed with status: {.code = ERROR_UNKNOWN, .description = unknown}
09-20 23:06:36.276   710   739 E mtkpower@impl: [setMode] unknown type
09-20 23:06:36.344   710   739 E mtkpower@impl: [setMode] unknown type
09-20 23:06:37.210   710   739 E mtkpower@impl: [setMode] unknown type
09-20 23:06:37.286   710   739 E mtkpower@impl: [setMode] unknown type
09-20 23:06:38.398  1582  1582 E WifiHAL : handleResponse: data=0xb4000075c6e306b0, len=392
09-20 23:06:38.398  1582  1582 E android.hardware.wifi@1.0-service-lazy: Invalid radio stats in link layer stats
09-20 23:06:38.399  1362  1518 E WifiStaIfaceHidlImpl: getLinkLayerStatsV1_5 failed with status: {.code = ERROR_UNKNOWN, .description = unknown}
09-20 23:06:38.474   710   739 E mtkpower@impl: [setMode] unknown type
09-20 23:06:38.868   710   739 E mtkpower@impl: [setMode] unknown type
09-20 23:06:41.293   710   739 E mtkpower@impl: [setMode] unknown type
09-20 23:06:41.308   710   739 E mtkpower@impl: [setMode] unknown type
09-20 23:06:41.411  1582  1582 E WifiHAL : handleResponse: data=0xb4000075c6e306b0, len=392
09-20 23:06:41.411  1582  1582 E android.hardware.wifi@1.0-service-lazy: Invalid radio stats in link layer stats
09-20 23:06:41.412  1362  1518 E WifiStaIfaceHidlImpl: getLinkLayerStatsV1_5 failed with status: {.code = ERROR_UNKNOWN, .description = unknown}
09-20 23:06:44.423  1582  1582 E WifiHAL : handleResponse: data=0xb4000075c6e306b0, len=392
09-20 23:06:44.423  1582  1582 E android.hardware.wifi@1.0-service-lazy: Invalid radio stats in link layer stats
09-20 23:06:44.423  1362  1518 E WifiStaIfaceHidlImpl: getLinkLayerStatsV1_5 failed with status: {.code = ERROR_UNKNOWN, .description = unknown}
09-20 23:06:46.500   710   739 E mtkpower@impl: [setMode] unknown type
09-20 23:06:46.566   710   739 E mtkpower@impl: [setMode] unknown type
09-20 23:06:47.435  1582  1582 E WifiHAL : handleResponse: data=0xb4000075c6e306b0, len=392
09-20 23:06:47.435  1582  1582 E android.hardware.wifi@1.0-service-lazy: Invalid radio stats in link layer stats
09-20 23:06:47.437  1362  1518 E WifiStaIfaceHidlImpl: getLinkLayerStatsV1_5 failed with status: {.code = ERROR_UNKNOWN, .description = unknown}
09-20 23:06:49.466   710   739 E mtkpower@impl: [setMode] unknown type
09-20 23:06:49.543   710   739 E mtkpower@impl: [setMode] unknown type
09-20 23:06:50.447  1582  1582 E WifiHAL : handleResponse: data=0xb4000075c6e306b0, len=392
09-20 23:06:50.447  1582  1582 E android.hardware.wifi@1.0-service-lazy: Invalid radio stats in link layer stats
09-20 23:06:50.448  1362  1518 E WifiStaIfaceHidlImpl: getLinkLayerStatsV1_5 failed with status: {.code = ERROR_UNKNOWN, .description = unknown}
09-20 23:06:52.408  1362  1422 E KernelCpuSpeedReader: Failed to read cpu-freq: /sys/devices/system/cpu/cpu0/cpufreq/stats/time_in_state: open failed: ENOENT (No such file or directory)
09-20 23:06:52.482   504  2049 E android.system.suspend-service: Error opening kernel wakelock stats for: wakeup102 (../../devices/platform/15028000.dpe/wakeup/wakeup102): Permission denied
09-20 23:06:52.483   504  2049 E android.system.suspend-service: Error opening kernel wakelock stats for: wakeup99 (../../devices/platform/15029000.rsc/wakeup/wakeup99): Permission denied
09-20 23:06:52.499   504  2049 E android.system.suspend-service: Error opening kernel wakelock stats for: wakeup100 (../../devices/platform/1502a000.wpe_a/wakeup/wakeup100): Permission denied
09-20 23:06:52.513   504  2049 E android.system.suspend-service: Error opening kernel wakelock stats for: wakeup137 (../../devices/platform/11017000.i2c/i2c-5/5-002f/wakeup/wakeup137): Permission denied
09-20 23:06:52.529   504  2049 E android.system.suspend-service: Error opening kernel wakelock stats for: wakeup135 (../../devices/platform/11017000.i2c/i2c-5/5-006b/power_supply/sgm41528/wakeup135): Permission denied
09-20 23:06:52.553   504  2049 E android.system.suspend-service: Error opening kernel wakelock stats for: wakeup103 (../../devices/platform/1502e000.mfb/wakeup/wakeup103): Permission denied
09-20 23:06:52.564   504  2049 E android.system.suspend-service: Error opening kernel wakelock stats for: wakeup101 (../../devices/platform/1502a000.wpe_a/wakeup/wakeup101): Permission denied
09-20 23:06:52.565   504  2049 E android.system.suspend-service: Error opening kernel wakelock stats for: wakeup98 (../../devices/platform/1a000000.camsys1/wakeup/wakeup98): Permission denied
09-20 23:06:52.571   504  2049 E android.system.suspend-service: Error opening kernel wakelock stats for: wakeup138 (../../devices/platform/11017000.i2c/i2c-5/5-002f/power_supply/oz8806/wakeup138): Permission denied
09-20 23:06:53.460  1582  1582 E WifiHAL : handleResponse: data=0xb4000075c6e306b0, len=392
09-20 23:06:53.460  1582  1582 E android.hardware.wifi@1.0-service-lazy: Invalid radio stats in link layer stats
09-20 23:06:53.460  1362  1518 E WifiStaIfaceHidlImpl: getLinkLayerStatsV1_5 failed with status: {.code = ERROR_UNKNOWN, .description = unknown}
09-20 23:06:56.471  1582  1582 E WifiHAL : handleResponse: data=0xb4000075c6e306b0, len=392
09-20 23:06:56.471  1582  1582 E android.hardware.wifi@1.0-service-lazy: Invalid radio stats in link layer stats
09-20 23:06:56.472  1362  1518 E WifiStaIfaceHidlImpl: getLinkLayerStatsV1_5 failed with status: {.code = ERROR_UNKNOWN, .description = unknown}
09-20 23:06:59.483  1582  1582 E WifiHAL : handleResponse: data=0xb4000075c6e306b0, len=392
09-20 23:06:59.483  1582  1582 E android.hardware.wifi@1.0-service-lazy: Invalid radio stats in link layer stats
09-20 23:06:59.484  1362  1518 E WifiStaIfaceHidlImpl: getLinkLayerStatsV1_5 failed with status: {.code = ERROR_UNKNOWN, .description = unknown}
09-20 23:07:00.067   710   739 E mtkpower@impl: [setMode] unknown type
09-20 23:07:00.140   710   739 E mtkpower@impl: [setMode] unknown type
09-20 23:07:00.898  1362  3050 E system_server: Unable to access: /sys/kernel/dmabuf/buffers: No such file or directory
09-20 23:07:02.495  1582  1582 E WifiHAL : handleResponse: data=0xb4000075c6e306b0, len=392
09-20 23:07:02.495  1582  1582 E android.hardware.wifi@1.0-service-lazy: Invalid radio stats in link layer stats
09-20 23:07:02.496  1362  1518 E WifiStaIfaceHidlImpl: getLinkLayerStatsV1_5 failed with status: {.code = ERROR_UNKNOWN, .description = unknown}
09-20 23:07:03.915   710   739 E mtkpower@impl: [setMode] unknown type
09-20 23:07:03.987   710   739 E mtkpower@impl: [setMode] unknown type
09-20 23:07:05.509  1582  1582 E WifiHAL : handleResponse: data=0xb4000075c6e306b0, len=392
09-20 23:07:05.509  1582  1582 E android.hardware.wifi@1.0-service-lazy: Invalid radio stats in link layer stats
09-20 23:07:05.510  1362  1518 E WifiStaIfaceHidlImpl: getLinkLayerStatsV1_5 failed with status: {.code = ERROR_UNKNOWN, .description = unknown}
09-20 23:07:07.007   710   739 E mtkpower@impl: [setMode] unknown type
09-20 23:07:07.070   710   739 E mtkpower@impl: [setMode] unknown type
09-20 23:07:08.526  1582  1582 E WifiHAL : handleResponse: data=0xb4000075c6e306b0, len=392
09-20 23:07:08.526  1582  1582 E android.hardware.wifi@1.0-service-lazy: Invalid radio stats in link layer stats
09-20 23:07:08.527  1362  1518 E WifiStaIfaceHidlImpl: getLinkLayerStatsV1_5 failed with status: {.code = ERROR_UNKNOWN, .description = unknown}
09-20 23:07:11.539  1582  1582 E WifiHAL : handleResponse: data=0xb4000075c6e306b0, len=392
09-20 23:07:11.539  1582  1582 E android.hardware.wifi@1.0-service-lazy: Invalid radio stats in link layer stats
09-20 23:07:11.539  1362  1518 E WifiStaIfaceHidlImpl: getLinkLayerStatsV1_5 failed with status: {.code = ERROR_UNKNOWN, .description = unknown}
09-20 23:07:14.551  1582  1582 E WifiHAL : handleResponse: data=0xb4000075c6e306b0, len=392
09-20 23:07:14.551  1582  1582 E android.hardware.wifi@1.0-service-lazy: Invalid radio stats in link layer stats
09-20 23:07:14.553  1362  1518 E WifiStaIfaceHidlImpl: getLinkLayerStatsV1_5 failed with status: {.code = ERROR_UNKNOWN, .description = unknown}
09-20 23:07:17.218   710   739 E mtkpower@impl: [setMode] unknown type
09-20 23:07:17.293   710   739 E mtkpower@impl: [setMode] unknown type
09-20 23:07:17.564  1582  1582 E WifiHAL : handleResponse: data=0xb4000075c6e306b0, len=392
09-20 23:07:17.564  1582  1582 E android.hardware.wifi@1.0-service-lazy: Invalid radio stats in link layer stats
09-20 23:07:17.565  1362  1518 E WifiStaIfaceHidlImpl: getLinkLayerStatsV1_5 failed with status: {.code = ERROR_UNKNOWN, .description = unknown}
09-20 23:07:17.595  1789  2194 E bluetooth: FileCreatedTime: unable to read '/data/misc/bluetooth/logs/btsnooz_hci.log' file metadata, error: No such file or directory
09-20 23:07:20.575  1582  1582 E WifiHAL : handleResponse: data=0xb4000075c6e306b0, len=392
09-20 23:07:20.575  1582  1582 E android.hardware.wifi@1.0-service-lazy: Invalid radio stats in link layer stats
09-20 23:07:20.576  1362  1518 E WifiStaIfaceHidlImpl: getLinkLayerStatsV1_5 failed with status: {.code = ERROR_UNKNOWN, .description = unknown}
09-20 23:07:23.589  1582  1582 E WifiHAL : handleResponse: data=0xb4000075c6e306b0, len=392
09-20 23:07:23.589  1582  1582 E android.hardware.wifi@1.0-service-lazy: Invalid radio stats in link layer stats
09-20 23:07:23.592  1362  1518 E WifiStaIfaceHidlImpl: getLinkLayerStatsV1_5 failed with status: {.code = ERROR_UNKNOWN, .description = unknown}
09-20 23:07:26.602  1582  1582 E WifiHAL : handleResponse: data=0xb4000075c6e306b0, len=392
09-20 23:07:26.602  1582  1582 E android.hardware.wifi@1.0-service-lazy: Invalid radio stats in link layer stats
09-20 23:07:26.603  1362  1518 E WifiStaIfaceHidlImpl: getLinkLayerStatsV1_5 failed with status: {.code = ERROR_UNKNOWN, .description = unknown}
09-20 23:07:29.618  1582  1582 E WifiHAL : handleResponse: data=0xb4000075c6e306b0, len=392
09-20 23:07:29.618  1582  1582 E android.hardware.wifi@1.0-service-lazy: Invalid radio stats in link layer stats
09-20 23:07:29.619  1362  1518 E WifiStaIfaceHidlImpl: getLinkLayerStatsV1_5 failed with status: {.code = ERROR_UNKNOWN, .description = unknown}
09-20 23:07:31.079   715   822 E BufferQueueDebug: [Surface(name=98a00c4 com.omnilypro.pos/com.omnilypro.pos.MainActivityFinal)/@0x415eceb - animation-leash of window_animation#5757](this:0xb400007deed8af98,id:-1,api:0,p:-1,c:-1) id info cannot be read from 'Surface(name=98a00c4 com.omnilypro.pos/com.omnilypro.pos.MainActivityFinal)/@0x415eceb - animation-leash of window_animation#5757'
09-20 23:07:31.083   715   822 E BufferQueueDebug: [Surface(name=2bcb1b9 NavigationBar0)/@0xd91b1cc - animation-leash of insets_animation#5758](this:0xb400007deeda49a8,id:-1,api:0,p:-1,c:-1) id info cannot be read from 'Surface(name=2bcb1b9 NavigationBar0)/@0xd91b1cc - animation-leash of insets_animation#5758'
09-20 23:07:31.085   715  1507 E BufferQueueDebug: [Surface(name=7421fc9 StatusBar)/@0xafd0c15 - animation-leash of insets_animation#5759](this:0xb400007deee3e608,id:-1,api:0,p:-1,c:-1) id info cannot be read from 'Surface(name=7421fc9 StatusBar)/@0xafd0c15 - animation-leash of insets_animation#5759'
09-20 23:07:31.090   715  1507 E BufferQueueDebug: [Surface(name=Dim Layer for - Task=52)/@0x3403e06 - animation-leash of dimmer#5760](this:0xb400007deee6bf08,id:-1,api:0,p:-1,c:-1) id info cannot be read from 'Surface(name=Dim Layer for - Task=52)/@0x3403e06 - animation-leash of dimmer#5760'
09-20 23:07:31.101   710   739 E mtkpower@impl: [setMode] unknown type
09-20 23:07:31.125   715  1480 E BufferQueueDebug: [WindowToken{6e1a2ae type=2005 android.os.Binder@7908f29}#5761](this:0xb400007deeda7738,id:-1,api:0,p:-1,c:-1) id info cannot be read from 'WindowToken{6e1a2ae type=2005 android.os.Binder@7908f29}#5761'
09-20 23:07:31.148   715  1507 E BufferQueueDebug: [6f9f4e5 Toast#5762](this:0xb400007deed8dd28,id:-1,api:0,p:-1,c:-1) id info cannot be read from '6f9f4e5 Toast#5762'
09-20 23:07:31.162   715   823 E BufferQueueDebug: [Toast#5763](this:0xb400007deedbe3b8,id:-1,api:0,p:-1,c:-1) id info cannot be read from 'Toast#5763'
09-20 23:07:31.173  1618  1690 E OpenGLRenderer: Unable to match the desired swap behavior.
09-20 23:07:31.258   715   822 E BufferQueueDebug: [65e6a74 com.omnilypro.pos/com.omnilypro.pos.MainActivityFinal#5764](this:0xb400007deee524f8,id:-1,api:0,p:-1,c:-1) id info cannot be read from '65e6a74 com.omnilypro.pos/com.omnilypro.pos.MainActivityFinal#5764'
09-20 23:07:31.261   715   822 E BufferQueueDebug: [Surface(name=2bcb1b9 NavigationBar0)/@0xd91b1cc - animation-leash of insets_animation#5765](this:0xb400007deee46eb8,id:-1,api:0,p:-1,c:-1) id info cannot be read from 'Surface(name=2bcb1b9 NavigationBar0)/@0xd91b1cc - animation-leash of insets_animation#5765'
09-20 23:07:31.265   715   822 E BufferQueueDebug: [Surface(name=7421fc9 StatusBar)/@0xafd0c15 - animation-leash of insets_animation#5766](this:0xb400007deedf17d8,id:-1,api:0,p:-1,c:-1) id info cannot be read from 'Surface(name=7421fc9 StatusBar)/@0xafd0c15 - animation-leash of insets_animation#5766'
09-20 23:07:31.335   715   822 E BufferQueueDebug: [com.omnilypro.pos/com.omnilypro.pos.MainActivityFinal#5767](this:0xb400007deee13a98,id:-1,api:0,p:-1,c:-1) id info cannot be read from 'com.omnilypro.pos/com.omnilypro.pos.MainActivityFinal#5767'
09-20 23:07:31.357 17039 17068 E OpenGLRenderer: Unable to match the desired swap behavior.
09-20 23:07:31.405   715  1956 E BufferQueueDebug: [Surface(name=65e6a74 com.omnilypro.pos/com.omnilypro.pos.MainActivityFinal)/@0xa49a45b - animation-leash of window_animation#5768](this:0xb400007deee747b8,id:-1,api:0,p:-1,c:-1) id info cannot be read from 'Surface(name=65e6a74 com.omnilypro.pos/com.omnilypro.pos.MainActivityFinal)/@0xa49a45b - animation-leash of window_animation#5768'
09-20 23:07:31.408   715  1956 E BufferQueueDebug: [Dim Layer for - Task=52#5769](this:0xb400007deee3e608,id:-1,api:0,p:-1,c:-1) id info cannot be read from 'Dim Layer for - Task=52#5769'
09-20 23:07:31.410   715   822 E BufferQueueDebug: [Surface(name=Dim Layer for - Task=52)/@0x2373036 - animation-leash of dimmer#5770](this:0xb400007deee6bf08,id:-1,api:0,p:-1,c:-1) id info cannot be read from 'Surface(name=Dim Layer for - Task=52)/@0x2373036 - animation-leash of dimmer#5770'
09-20 23:07:31.782   710   739 E mtkpower@impl: [setMode] unknown type
09-20 23:07:32.110   710   795 E UxUtility: notifyAppState error = NULL
09-20 23:07:32.633  1582  1582 E WifiHAL : handleResponse: data=0xb4000075c6e306b0, len=392
09-20 23:07:32.633  1582  1582 E android.hardware.wifi@1.0-service-lazy: Invalid radio stats in link layer stats
09-20 23:07:32.634  1362  1518 E WifiStaIfaceHidlImpl: getLinkLayerStatsV1_5 failed with status: {.code = ERROR_UNKNOWN, .description = unknown}
09-20 23:07:32.939   710   739 E mtkpower@impl: [setMode] unknown type
09-20 23:07:33.148   710   795 E UxUtility: notifyAppState error = NULL
09-20 23:07:33.149  1362  1362 E MBrainLocalService: notifyAppSwitch failed
09-20 23:07:33.150   715  1480 E BufferQueueDebug: [com.android.launcher3/com.android.searchlauncher.SearchLauncher#5771](this:0xb400007deeda49a8,id:-1,api:0,p:-1,c:-1) id info cannot be read from 'com.android.launcher3/com.android.searchlauncher.SearchLauncher#5771'
09-20 23:07:33.152  1362  1396 E MBrainLocalService: MBrainJava launch failed: SecurityException
09-20 23:07:33.160   715  1956 E BufferQueueDebug: [com.android.launcher3/com.android.searchlauncher.SearchLauncher#5772](this:0xb400007deedfa088,id:-1,api:0,p:-1,c:-1) id info cannot be read from 'com.android.launcher3/com.android.searchlauncher.SearchLauncher#5772'
09-20 23:07:33.165 13128 15984 E OpenGLRenderer: Unable to match the desired swap behavior.
09-20 23:07:33.173  1893  2643 E OpenGLRenderer: Unable to match the desired swap behavior.
09-20 23:07:33.186   715   715 E BufferQueueDebug: [Screenshot Parent#5773](this:0xb400007deee6bf08,id:-1,api:0,p:-1,c:-1) id info cannot be read from 'Screenshot Parent#5773'
09-20 23:07:33.205   715   822 E BufferQueueDebug: [Transition Root: Task=1#5774](this:0xb400007deee6bf08,id:-1,api:0,p:-1,c:-1) id info cannot be read from 'Transition Root: Task=1#5774'
09-20 23:07:33.205  1362  1396 E MBrainLocalService: MBrainJava launch failed: SecurityException
09-20 23:07:33.207  1362  1396 E MBrainLocalService: MBrainJava launch failed: SecurityException
09-20 23:07:33.212   715  1480 E BufferQueueDebug: [439f412 ActivityRecordInputSink com.android.launcher3/com.android.searchlauncher.SearchLauncher#5775](this:0xb400007deed8af98,id:-1,api:0,p:-1,c:-1) id info cannot be read from '439f412 ActivityRecordInputSink com.android.launcher3/com.android.searchlauncher.SearchLauncher#5775'
09-20 23:07:33.214   715   822 E BufferQueueDebug: [Surface(name=Task=1)/@0x5e1ab31_transition-leash#5776](this:0xb400007deee5db38,id:-1,api:0,p:-1,c:-1) id info cannot be read from 'Surface(name=Task=1)/@0x5e1ab31_transition-leash#5776'
09-20 23:07:33.215   715   823 E BufferQueueDebug: [Surface(name=Task=52)/@0xc250216_transition-leash#5777](this:0xb400007deee747b8,id:-1,api:0,p:-1,c:-1) id info cannot be read from 'Surface(name=Task=52)/@0xc250216_transition-leash#5777'
09-20 23:07:33.217   715   822 E BufferQueueDebug: [Surface(name=WallpaperWindowToken{92a6e7f token=android.os.Binder@96ad39e})/@0x568c797_transition-leash#5778](this:0xb400007deee2a718,id:-1,api:0,p:-1,c:-1) id info cannot be read from 'Surface(name=WallpaperWindowToken{92a6e7f token=android.os.Binder@96ad39e})/@0x568c797_transition-leash#5778'
09-20 23:07:33.225  1362  1496 E HandwritingModeController: Cannot get requestId: Handwriting was not initialized.
09-20 23:07:33.229  1362  1496 E HandwritingModeController: Cannot get requestId: Handwriting was not initialized.
09-20 23:07:33.232   715  1480 E BufferQueueDebug: [Surface(name=2bcb1b9 NavigationBar0)/@0xd91b1cc - animation-leash of insets_animation#5779](this:0xb400007deedad258,id:-1,api:0,p:-1,c:-1) id info cannot be read from 'Surface(name=2bcb1b9 NavigationBar0)/@0xd91b1cc - animation-leash of insets_animation#5779'
09-20 23:07:33.233   715  1480 E BufferQueueDebug: [Surface(name=7421fc9 StatusBar)/@0xafd0c15 - animation-leash of insets_animation#5780](this:0xb400007deedcf518,id:-1,api:0,p:-1,c:-1) id info cannot be read from 'Surface(name=7421fc9 StatusBar)/@0xafd0c15 - animation-leash of insets_animation#5780'
09-20 23:07:33.242  1362  1496 E HandwritingModeController: Cannot get requestId: Handwriting was not initialized.
09-20 23:07:33.603   715   715 E BufferQueueDebug: [Screenshot Parent#5781](this:0xb400007deee46eb8,id:-1,api:0,p:-1,c:-1) id info cannot be read from 'Screenshot Parent#5781'
09-20 23:07:33.859   710   739 E mtkpower@impl: [setMode] unknown type
09-20 23:07:33.914   710   739 E mtkpower@impl: [setMode] unknown type
09-20 23:07:34.483   715   822 E BufferQueueDebug: [Surface(name=65e6a74 com.omnilypro.pos/com.omnilypro.pos.MainActivityFinal)/@0xa49a45b - animation-leash of window_animation#5782](this:0xb400007deee46eb8,id:-1,api:0,p:-1,c:-1) id info cannot be read from 'Surface(name=65e6a74 com.omnilypro.pos/com.omnilypro.pos.MainActivityFinal)/@0xa49a45b - animation-leash of window_animation#5782'
09-20 23:07:34.488  1362  1362 E MBrainLocalService: notifyAppSwitch failed
09-20 23:07:34.506   715   822 E BufferQueueDebug: [Surface(name=Dim Layer for - Task=52)/@0x2373036 - animation-leash of dimmer#5783](this:0xb400007deedf17d8,id:-1,api:0,p:-1,c:-1) id info cannot be read from 'Surface(name=Dim Layer for - Task=52)/@0x2373036 - animation-leash of dimmer#5783'
09-20 23:07:34.547   715  1480 E BufferQueueDebug: [Surface(name=1dd6874 InputMethod)/@0x9e9b612 - animation-leash of insets_animation#5784](this:0xb400007deedcc788,id:-1,api:0,p:-1,c:-1) id info cannot be read from 'Surface(name=1dd6874 InputMethod)/@0x9e9b612 - animation-leash of insets_animation#5784'
09-20 23:07:34.577   715   822 E BufferQueueDebug: [MirrorRoot#5786](this:0xb400007deee747b8,id:-1,api:0,p:-1,c:-1) id info cannot be read from 'MirrorRoot#5786'
09-20 23:07:34.578   715   822 E BufferQueueDebug: [Display 0 name="Schermo incorporato"#3 (Mirror)#5787](this:0xb400007deee5db38,id:-1,api:0,p:-1,c:-1) id info cannot be read from 'Display 0 name="Schermo incorporato"#3 (Mirror)#5787'
09-20 23:07:34.598 17039 17039 D OmnilyPOS: Activity destroyed
09-20 23:07:34.613   715   715 E BufferQueueDebug: [WindowedMagnification:0:31#4 (Mirror)#5788](this:0xb400007deeed8268,id:-1,api:0,p:-1,c:-1) id info cannot be read from 'WindowedMagnification:0:31#4 (Mirror)#5788'
09-20 23:07:34.613   715   715 E BufferQueueDebug: [HideDisplayCutout:0:14#5 (Mirror)#5789](this:0xb400007deedd7dc8,id:-1,api:0,p:-1,c:-1) id info cannot be read from 'HideDisplayCutout:0:14#5 (Mirror)#5789'
09-20 23:07:34.614   715   715 E BufferQueueDebug: [OneHanded:0:14#6 (Mirror)#5790](this:0xb400007deeddd8e8,id:-1,api:0,p:-1,c:-1) id info cannot be read from 'OneHanded:0:14#6 (Mirror)#5790'
09-20 23:07:34.614   715   715 E BufferQueueDebug: [FullscreenMagnification:0:12#7 (Mirror)#5791](this:0xb400007deee6bf08,id:-1,api:0,p:-1,c:-1) id info cannot be read from 'FullscreenMagnification:0:12#7 (Mirror)#5791'
09-20 23:07:34.614   715   715 E BufferQueueDebug: [Leaf:0:1#8 (Mirror)#5792](this:0xb400007deedbb628,id:-1,api:0,p:-1,c:-1) id info cannot be read from 'Leaf:0:1#8 (Mirror)#5792'
09-20 23:07:34.614   715   715 E BufferQueueDebug: [WallpaperWindowToken{92a6e7f token=android.os.Binder@96ad39e}#207 (Mirror)#5793](this:0xb400007deedc6c68,id:-1,api:0,p:-1,c:-1) id info cannot be read from 'WallpaperWindowToken{92a6e7f token=android.os.Binder@96ad39e}#207 (Mirror)#5793'
09-20 23:07:34.614   715   715 E BufferQueueDebug: [4ae8f03 com.android.systemui.wallpapers.ImageWallpaper#208 (Mirror)#5794](this:0xb400007deed9c0f8,id:-1,api:0,p:-1,c:-1) id info cannot be read from '4ae8f03 com.android.systemui.wallpapers.ImageWallpaper#208 (Mirror)#5794'
09-20 23:07:34.615   715   715 E BufferQueueDebug: [com.android.systemui.wallpapers.ImageWallpaper#209 (Mirror)#5795](this:0xb400007deee5ada8,id:-1,api:0,p:-1,c:-1) id info cannot be read from 'com.android.systemui.wallpapers.ImageWallpaper#209 (Mirror)#5795'
09-20 23:07:34.615   715   715 E BufferQueueDebug: [Wallpaper BBQ wrapper#210 (Mirror)#5796](this:0xb400007deee55288,id:-1,api:0,p:-1,c:-1) id info cannot be read from 'Wallpaper BBQ wrapper#210 (Mirror)#5796'
09-20 23:07:34.615   715   715 E BufferQueueDebug: [DefaultTaskDisplayArea#9 (Mirror)#5797](this:0xb400007deed99368,id:-1,api:0,p:-1,c:-1) id info cannot be read from 'DefaultTaskDisplayArea#9 (Mirror)#5797'
09-20 23:07:34.615   715   715 E BufferQueueDebug: [Task=1#46 (Mirror)#5798](this:0xb400007deeddab58,id:-1,api:0,p:-1,c:-1) id info cannot be read from 'Task=1#46 (Mirror)#5798'
09-20 23:07:34.615   715   715 E BufferQueueDebug: [Task=27#413 (Mirror)#5799](this:0xb400007deedc3ed8,id:-1,api:0,p:-1,c:-1) id info cannot be read from 'Task=27#413 (Mirror)#5799'
09-20 23:07:34.616   715   715 E BufferQueueDebug: [ActivityRecord{4f099 u0 com.android.launcher3/com.android.searchlauncher.SearchLauncher#414 (Mirror)#5800](this:0xb400007deede6198,id:-1,api:0,p:-1,c:-1) id info cannot be read from 'ActivityRecord{4f099 u0 com.android.launcher3/com.android.searchlauncher.SearchLauncher#414 (Mirror)#5800'
09-20 23:07:34.616   715   715 E BufferQueueDebug: [439f412 ActivityRecordInputSink com.android.launcher3/com.android.searchlauncher.SearchLauncher#5775 (Mirror)#5801](this:0xb400007deedd22a8,id:-1,api:0,p:-1,c:-1) id info cannot be read from '439f412 ActivityRecordInputSink com.android.launcher3/com.android.searchlauncher.SearchLauncher#5775 (Mirror)#5801'
09-20 23:07:34.616   715   715 E BufferQueueDebug: [5bfbff0 com.android.launcher3/com.android.searchlauncher.SearchLauncher#415 (Mirror)#5802](this:0xb400007deeea7bd8,id:-1,api:0,p:-1,c:-1) id info cannot be read from '5bfbff0 com.android.launcher3/com.android.searchlauncher.SearchLauncher#415 (Mirror)#5802'
09-20 23:07:34.616   715   715 E BufferQueueDebug: [com.android.launcher3/com.android.searchlauncher.SearchLauncher#5772 (Mirror)#5803](this:0xb400007deef306d8,id:-1,api:0,p:-1,c:-1) id info cannot be read from 'com.android.launcher3/com.android.searchlauncher.SearchLauncher#5772 (Mirror)#5803'
09-20 23:07:34.616   715   715 E BufferQueueDebug: [ImeContainer#12 (Mirror)#5804](this:0xb400007deeef1c78,id:-1,api:0,p:-1,c:-1) id info cannot be read from 'ImeContainer#12 (Mirror)#5804'
09-20 23:07:34.617   715   715 E BufferQueueDebug: [WindowToken{2d3794c type=2011 android.os.Binder@a2b457f}#512 (Mirror)#5805](this:0xb400007deeef7798,id:-1,api:0,p:-1,c:-1) id info cannot be read from 'WindowToken{2d3794c type=2011 android.os.Binder@a2b457f}#512 (Mirror)#5805'
09-20 23:07:34.617   715   715 E BufferQueueDebug: [Surface(name=1dd6874 InputMethod)/@0x9e9b612 - animation-leash of insets_animation#5784 (Mirror)#5806](this:0xb400007deef584b8,id:-1,api:0,p:-1,c:-1) id info cannot be read from 'Surface(name=1dd6874 InputMethod)/@0x9e9b612 - animation-leash of insets_animation#5784 (Mirror)#5806'
09-20 23:07:34.617   715   715 E BufferQueueDebug: [1dd6874 InputMethod#514 (Mirror)#5807](this:0xb400007deef22308,id:-1,api:0,p:-1,c:-1) id info cannot be read from '1dd6874 InputMethod#514 (Mirror)#5807'
09-20 23:07:34.617   715   715 E BufferQueueDebug: [44a5ca2 com.android.launcher3/com.android.searchlauncher.SearchLauncher#4569 (Mirror)#5808](this:0xb400007deef088f8,id:-1,api:0,p:-1,c:-1) id info cannot be read from '44a5ca2 com.android.launcher3/com.android.searchlauncher.SearchLauncher#4569 (Mirror)#5808'
09-20 23:07:34.617   715   715 E BufferQueueDebug: [com.android.launcher3/com.android.searchlauncher.SearchLauncher#5771 (Mirror)#5809](this:0xb400007deef2d948,id:-1,api:0,p:-1,c:-1) id info cannot be read from 'com.android.launcher3/com.android.searchlauncher.SearchLauncher#5771 (Mirror)#5809'
09-20 23:07:34.617   715   715 E BufferQueueDebug: [Task=2#183 (Mirror)#5810](this:0xb400007deef19a58,id:-1,api:0,p:-1,c:-1) id info cannot be read from 'Task=2#183 (Mirror)#5810'
09-20 23:07:34.618   715   715 E BufferQueueDebug: [Task=3#184 (Mirror)#5811](this:0xb400007deef16cc8,id:-1,api:0,p:-1,c:-1) id info cannot be read from 'Task=3#184 (Mirror)#5811'
09-20 23:07:34.618   715   715 E BufferQueueDebug: [Dim layer#193 (Mirror)#5812](this:0xb400007deef00048,id:-1,api:0,p:-1,c:-1) id info cannot be read from 'Dim layer#193 (Mirror)#5812'
09-20 23:07:34.618   715   715 E BufferQueueDebug: [Task=4#185 (Mirror)#5813](this:0xb400007deef1c7e8,id:-1,api:0,p:-1,c:-1) id info cannot be read from 'Task=4#185 (Mirror)#5813'
09-20 23:07:34.618   715   715 E BufferQueueDebug: [Dim layer#195 (Mirror)#5814](this:0xb400007deeeb8d38,id:-1,api:0,p:-1,c:-1) id info cannot be read from 'Dim layer#195 (Mirror)#5814'
09-20 23:07:34.618   715   715 E BufferQueueDebug: [Task=52#5609 (Mirror)#5815](this:0xb400007deeefd2b8,id:-1,api:0,p:-1,c:-1) id info cannot be read from 'Task=52#5609 (Mirror)#5815'
09-20 23:07:34.619   715   715 E BufferQueueDebug: [ActivityRecord{9cd37b7 u0 com.omnilypro.pos/.MainActivityFinal#5610 (Mirror)#5816](this:0xb400007deeedaff8,id:-1,api:0,p:-1,c:-1) id info cannot be read from 'ActivityRecord{9cd37b7 u0 com.omnilypro.pos/.MainActivityFinal#5610 (Mirror)#5816'
09-20 23:07:34.619   715   715 E BufferQueueDebug: [f3ce1d1 com.omnilypro.pos/com.omnilypro.pos.MainActivityFinal#5633 (Mirror)#5817](this:0xb400007deeebe858,id:-1,api:0,p:-1,c:-1) id info cannot be read from 'f3ce1d1 com.omnilypro.pos/com.omnilypro.pos.MainActivityFinal#5633 (Mirror)#5817'
09-20 23:07:34.619   715   715 E BufferQueueDebug: [com.omnilypro.pos/com.omnilypro.pos.MainActivityFinal#5640 (Mirror)#5818](this:0xb400007deef6f138,id:-1,api:0,p:-1,c:-1) id info cannot be read from 'com.omnilypro.pos/com.omnilypro.pos.MainActivityFinal#5640 (Mirror)#5818'
09-20 23:07:34.619   715   715 E BufferQueueDebug: [Surface(name=65e6a74 com.omnilypro.pos/com.omnilypro.pos.MainActivityFinal)/@0xa49a45b - animation-leash of window_animation#5782 (Mirror)#5819](this:0xb400007deef4fc08,id:-1,api:0,p:-1,c:-1) id info cannot be read from 'Surface(name=65e6a74 com.omnilypro.pos/com.omnilypro.pos.MainActivityFinal)/@0xa49a45b - animation-leash of window_animation#5782 (Mirror)#5819'
09-20 23:07:34.619   715   715 E BufferQueueDebug: [65e6a74 com.omnilypro.pos/com.omnilypro.pos.MainActivityFinal#5764 (Mirror)#5820](this:0xb400007deef5dfd8,id:-1,api:0,p:-1,c:-1) id info cannot be read from '65e6a74 com.omnilypro.pos/com.omnilypro.pos.MainActivityFinal#5764 (Mirror)#5820'
09-20 23:07:34.620   715   715 E BufferQueueDebug: [com.omnilypro.pos/com.omnilypro.pos.MainActivityFinal#5767 (Mirror)#5821](this:0xb400007deee886a8,id:-1,api:0,p:-1,c:-1) id info cannot be read from 'com.omnilypro.pos/com.omnilypro.pos.MainActivityFinal#5767 (Mirror)#5821'
