--------- beginning of system
09-20 21:11:58.799  1362  5521 E AppOps  : Cannot checkOperation
09-20 21:11:58.799  1362  5521 E AppOps  : java.lang.SecurityException: Specified package "android" under uid 1037 but it is not
09-20 21:11:58.799  1362  5521 E AppOps  : 	at com.android.server.appop.AppOpsService.verifyAndGetBypass(AppOpsService.java:3927)
09-20 21:11:58.799  1362  5521 E AppOps  : 	at com.android.server.appop.AppOpsService.verifyAndGetBypass(AppOpsService.java:3787)
09-20 21:11:58.799  1362  5521 E AppOps  : 	at com.android.server.appop.AppOpsService.verifyAndGetBypass(AppOpsService.java:3779)
09-20 21:11:58.799  1362  5521 E AppOps  : 	at com.android.server.appop.AppOpsService.checkOperationUnchecked(AppOpsService.java:2432)
09-20 21:11:58.799  1362  5521 E AppOps  : 	at com.android.server.appop.AppOpsService.checkOperationImpl(AppOpsService.java:2415)
09-20 21:11:58.799  1362  5521 E AppOps  : 	at com.android.server.appop.AppOpsService.-$$Nest$mcheckOperationImpl(AppOpsService.java:0)
09-20 21:11:58.799  1362  5521 E AppOps  : 	at com.android.server.appop.AppOpsService$CheckOpsDelegateDispatcher.$r8$lambda$fx57Sum-uA3sXo7NCFwrI3iq4WM(AppOpsService.java:0)
09-20 21:11:58.799  1362  5521 E AppOps  : 	at com.android.server.appop.AppOpsService$CheckOpsDelegateDispatcher$$ExternalSyntheticLambda9.apply(R8$$SyntheticClass:0)
09-20 21:11:58.799  1362  5521 E AppOps  : 	at com.android.server.policy.AppOpsPolicy.checkOperation(AppOpsPolicy.java:221)
09-20 21:11:58.799  1362  5521 E AppOps  : 	at com.android.server.appop.AppOpsService$CheckOpsDelegateDispatcher.checkOperation(AppOpsService.java:6469)
09-20 21:11:58.799  1362  5521 E AppOps  : 	at com.android.server.appop.AppOpsService.checkOperation(AppOpsService.java:2400)
09-20 21:11:58.799  1362  5521 E AppOps  : 	at com.android.server.StorageManagerService$StorageManagerInternalImpl.hasExternalStorageAccess(StorageManagerService.java:4717)
09-20 21:11:58.799  1362  5521 E AppOps  : 	at com.android.server.am.ProcessList.startProcessLocked(ProcessList.java:1788)
09-20 21:11:58.799  1362  5521 E AppOps  : 	at com.android.server.am.ProcessList.startProcessLocked(ProcessList.java:2496)
09-20 21:11:58.799  1362  5521 E AppOps  : 	at com.android.server.am.ProcessList.startProcessLocked(ProcessList.java:2641)
09-20 21:11:58.799  1362  5521 E AppOps  : 	at com.android.server.am.ActivityManagerService.startIsolatedProcess(ActivityManagerService.java:2944)
09-20 21:11:58.799  1362  5521 E AppOps  : 	at com.android.server.am.ActivityManagerService$LocalService.startIsolatedProcess(ActivityManagerService.java:17532)
09-20 21:11:58.799  1362  5521 E AppOps  : 	at android.webkit.WebViewLibraryLoader.createRelroFile(WebViewLibraryLoader.java:126)
09-20 21:11:58.799  1362  5521 E AppOps  : 	at android.webkit.WebViewLibraryLoader.createRelros(WebViewLibraryLoader.java:164)
09-20 21:11:58.799  1362  5521 E AppOps  : 	at android.webkit.WebViewLibraryLoader.prepareNativeLibraries(WebViewLibraryLoader.java:152)
09-20 21:11:58.799  1362  5521 E AppOps  : 	at android.webkit.WebViewFactory.onWebViewProviderChanged(WebViewFactory.java:555)
09-20 21:11:58.799  1362  5521 E AppOps  : 	at com.android.server.webkit.SystemImpl.onWebViewProviderChanged(SystemImpl.java:174)
09-20 21:11:58.799  1362  5521 E AppOps  : 	at com.android.server.webkit.WebViewUpdateServiceImpl.onWebViewProviderChanged(WebViewUpdateServiceImpl.java:351)
09-20 21:11:58.799  1362  5521 E AppOps  : 	at com.android.server.webkit.WebViewUpdateServiceImpl.checkIfRelrosDoneLocked(WebViewUpdateServiceImpl.java:498)
09-20 21:11:58.799  1362  5521 E AppOps  : 	at com.android.server.webkit.WebViewUpdateServiceImpl.notifyRelroCreationCompleted(WebViewUpdateServiceImpl.java:238)
09-20 21:11:58.799  1362  5521 E AppOps  : 	at com.android.server.webkit.WebViewUpdateService$BinderService.notifyRelroCreationCompleted(WebViewUpdateService.java:176)
09-20 21:11:58.799  1362  5521 E AppOps  : 	at android.webkit.IWebViewUpdateService$Stub.onTransact(IWebViewUpdateService.java:172)
09-20 21:11:58.799  1362  5521 E AppOps  : 	at android.os.Binder.execTransactInternal(Binder.java:1339)
09-20 21:11:58.799  1362  5521 E AppOps  : 	at android.os.Binder.execTransact(Binder.java:1275)
09-20 21:11:58.835  1362  5521 E AppOps  : Bad call made by uid 1000. Package "android" does not belong to uid 1037.
09-20 21:11:58.835  1362  5521 E AppOps  : Cannot checkOperation
09-20 21:11:58.835  1362  5521 E AppOps  : java.lang.SecurityException: Specified package "android" under uid 1037 but it is not
09-20 21:11:58.835  1362  5521 E AppOps  : 	at com.android.server.appop.AppOpsService.verifyAndGetBypass(AppOpsService.java:3927)
09-20 21:11:58.835  1362  5521 E AppOps  : 	at com.android.server.appop.AppOpsService.verifyAndGetBypass(AppOpsService.java:3787)
09-20 21:11:58.835  1362  5521 E AppOps  : 	at com.android.server.appop.AppOpsService.verifyAndGetBypass(AppOpsService.java:3779)
09-20 21:11:58.835  1362  5521 E AppOps  : 	at com.android.server.appop.AppOpsService.checkOperationUnchecked(AppOpsService.java:2432)
09-20 21:11:58.835  1362  5521 E AppOps  : 	at com.android.server.appop.AppOpsService.checkOperationImpl(AppOpsService.java:2415)
09-20 21:11:58.835  1362  5521 E AppOps  : 	at com.android.server.appop.AppOpsService.-$$Nest$mcheckOperationImpl(AppOpsService.java:0)
09-20 21:11:58.835  1362  5521 E AppOps  : 	at com.android.server.appop.AppOpsService$CheckOpsDelegateDispatcher.$r8$lambda$fx57Sum-uA3sXo7NCFwrI3iq4WM(AppOpsService.java:0)
09-20 21:11:58.835  1362  5521 E AppOps  : 	at com.android.server.appop.AppOpsService$CheckOpsDelegateDispatcher$$ExternalSyntheticLambda9.apply(R8$$SyntheticClass:0)
09-20 21:11:58.835  1362  5521 E AppOps  : 	at com.android.server.policy.AppOpsPolicy.checkOperation(AppOpsPolicy.java:221)
09-20 21:11:58.835  1362  5521 E AppOps  : 	at com.android.server.appop.AppOpsService$CheckOpsDelegateDispatcher.checkOperation(AppOpsService.java:6469)
09-20 21:11:58.835  1362  5521 E AppOps  : 	at com.android.server.appop.AppOpsService.checkOperation(AppOpsService.java:2400)
09-20 21:11:58.835  1362  5521 E AppOps  : 	at com.android.server.StorageManagerService$StorageManagerInternalImpl.hasExternalStorageAccess(StorageManagerService.java:4717)
09-20 21:11:58.835  1362  5521 E AppOps  : 	at com.android.server.am.ProcessList.startProcessLocked(ProcessList.java:1788)
09-20 21:11:58.835  1362  5521 E AppOps  : 	at com.android.server.am.ProcessList.startProcessLocked(ProcessList.java:2496)
09-20 21:11:58.835  1362  5521 E AppOps  : 	at com.android.server.am.ProcessList.startProcessLocked(ProcessList.java:2641)
09-20 21:11:58.835  1362  5521 E AppOps  : 	at com.android.server.am.ActivityManagerService.startIsolatedProcess(ActivityManagerService.java:2944)
09-20 21:11:58.835  1362  5521 E AppOps  : 	at com.android.server.am.ActivityManagerService$LocalService.startIsolatedProcess(ActivityManagerService.java:17532)
09-20 21:11:58.835  1362  5521 E AppOps  : 	at android.webkit.WebViewLibraryLoader.createRelroFile(WebViewLibraryLoader.java:126)
09-20 21:11:58.835  1362  5521 E AppOps  : 	at android.webkit.WebViewLibraryLoader.createRelros(WebViewLibraryLoader.java:170)
09-20 21:11:58.835  1362  5521 E AppOps  : 	at android.webkit.WebViewLibraryLoader.prepareNativeLibraries(WebViewLibraryLoader.java:152)
09-20 21:11:58.835  1362  5521 E AppOps  : 	at android.webkit.WebViewFactory.onWebViewProviderChanged(WebViewFactory.java:555)
09-20 21:11:58.835  1362  5521 E AppOps  : 	at com.android.server.webkit.SystemImpl.onWebViewProviderChanged(SystemImpl.java:174)
09-20 21:11:58.835  1362  5521 E AppOps  : 	at com.android.server.webkit.WebViewUpdateServiceImpl.onWebViewProviderChanged(WebViewUpdateServiceImpl.java:351)
09-20 21:11:58.835  1362  5521 E AppOps  : 	at com.android.server.webkit.WebViewUpdateServiceImpl.checkIfRelrosDoneLocked(WebViewUpdateServiceImpl.java:498)
09-20 21:11:58.835  1362  5521 E AppOps  : 	at com.android.server.webkit.WebViewUpdateServiceImpl.notifyRelroCreationCompleted(WebViewUpdateServiceImpl.java:238)
09-20 21:11:58.835  1362  5521 E AppOps  : 	at com.android.server.webkit.WebViewUpdateService$BinderService.notifyRelroCreationCompleted(WebViewUpdateService.java:176)
09-20 21:11:58.835  1362  5521 E AppOps  : 	at android.webkit.IWebViewUpdateService$Stub.onTransact(IWebViewUpdateService.java:172)
09-20 21:11:58.835  1362  5521 E AppOps  : 	at android.os.Binder.execTransactInternal(Binder.java:1339)
09-20 21:11:58.835  1362  5521 E AppOps  : 	at android.os.Binder.execTransact(Binder.java:1275)
09-20 21:11:59.371  1362 12034 E WebViewUpdateServiceImpl: Timed out waiting for relro creation, relros started 2 relros finished 1 package dirty? false
09-20 21:12:09.122  1362  1362 E AppStateIntentReceiver: notifyChange failed
09-20 21:12:09.212  1362  1362 E AppStateIntentReceiver: notifyChange failed
09-20 21:12:09.410  1362  1362 E AppStateIntentReceiver: notifyChange failed
09-20 21:12:13.643  1362  1362 E AppStateIntentReceiver: notifyChange failed
09-20 21:12:13.854  1362  1362 E AppStateIntentReceiver: notifyChange failed
09-20 21:12:13.935  1362  1362 E AppStateIntentReceiver: notifyChange failed
09-20 21:12:15.624  1362  1449 E PackageInstallerSession: mUserActionRequired should not be null.
09-20 21:12:15.626  1362  1449 E PackageInstallerSession: mUserActionRequired should not be null.
09-20 21:12:15.628  1362  1449 E PackageInstallerSession: mUserActionRequired should not be null.
09-20 21:13:00.005  1362  1449 E PackageInstallerSession: mUserActionRequired should not be null.
09-20 21:13:00.007  1362  1449 E PackageInstallerSession: mUserActionRequired should not be null.
09-20 21:13:00.008  1362  1449 E PackageInstallerSession: mUserActionRequired should not be null.
09-20 21:13:00.008  1362  1449 E PackageInstallerSession: mUserActionRequired should not be null.
09-20 21:13:00.008  1362  1449 E PackageInstallerSession: mUserActionRequired should not be null.
09-20 21:13:00.008  1362  1449 E PackageInstallerSession: mUserActionRequired should not be null.
09-20 21:13:00.009  1362  1449 E PackageInstallerSession: mUserActionRequired should not be null.
09-20 21:13:00.009  1362  1449 E PackageInstallerSession: mUserActionRequired should not be null.
09-20 21:13:00.009  1362  1449 E PackageInstallerSession: mUserActionRequired should not be null.
09-20 21:13:00.009  1362  1449 E PackageInstallerSession: mUserActionRequired should not be null.
09-20 21:13:00.009  1362  1449 E PackageInstallerSession: mUserActionRequired should not be null.
09-20 21:13:00.010  1362  1449 E PackageInstallerSession: mUserActionRequired should not be null.
09-20 21:13:00.010  1362  1449 E PackageInstallerSession: mUserActionRequired should not be null.
09-20 21:13:00.010  1362  1449 E PackageInstallerSession: mUserActionRequired should not be null.
09-20 21:13:00.010  1362  1449 E PackageInstallerSession: mUserActionRequired should not be null.
09-20 21:13:00.010  1362  1449 E PackageInstallerSession: mUserActionRequired should not be null.
09-20 21:13:00.011  1362  1449 E PackageInstallerSession: mUserActionRequired should not be null.
09-20 21:13:00.011  1362  1449 E PackageInstallerSession: mUserActionRequired should not be null.
09-20 21:13:00.011  1362  1449 E PackageInstallerSession: mUserActionRequired should not be null.
09-20 21:13:00.011  1362  1449 E PackageInstallerSession: mUserActionRequired should not be null.
09-20 21:13:00.011  1362  1449 E PackageInstallerSession: mUserActionRequired should not be null.
09-20 21:13:00.012  1362  1449 E PackageInstallerSession: mUserActionRequired should not be null.
09-20 21:13:00.012  1362  1449 E PackageInstallerSession: mUserActionRequired should not be null.
09-20 21:13:09.749  1362  1449 E PackageInstallerSession: mUserActionRequired should not be null.
09-20 21:13:09.750  1362  1449 E PackageInstallerSession: mUserActionRequired should not be null.
09-20 21:13:12.749  1362  1449 E PackageInstallerSession: mUserActionRequired should not be null.
09-20 21:24:09.567  1362  1451 E JobScheduler.JobStatus: App com.google.android.inputmethod.latin became active but still in NEVER bucket
09-20 21:27:22.644  1362  7355 E JobScheduler.JobStatus: App com.google.android.inputmethod.latin became active but still in NEVER bucket
09-20 21:27:22.664  1362  7355 E JobScheduler.JobStatus: App com.google.android.inputmethod.latin became active but still in NEVER bucket
09-20 21:30:41.996  1362  1451 E JobScheduler.JobStatus: App com.google.android.inputmethod.latin became active but still in NEVER bucket
09-20 21:30:42.009  1362  1451 E JobScheduler.JobStatus: App com.google.android.inputmethod.latin became active but still in NEVER bucket
09-20 21:36:52.387  1362  1422 E KernelCpuSpeedReader: Failed to read cpu-freq: /sys/devices/system/cpu/cpu0/cpufreq/stats/time_in_state: open failed: ENOENT (No such file or directory)
09-20 21:43:59.346  1362  3050 E JobScheduler.JobStatus: App com.google.android.inputmethod.latin became active but still in NEVER bucket
09-20 21:43:59.363  1362  3050 E JobScheduler.JobStatus: App com.google.android.inputmethod.latin became active but still in NEVER bucket
09-20 21:47:18.700  1362  3050 E JobScheduler.JobStatus: App com.google.android.inputmethod.latin became active but still in NEVER bucket
09-20 21:47:18.717  1362  2749 E JobScheduler.JobStatus: App com.google.android.inputmethod.latin became active but still in NEVER bucket
09-20 21:57:21.944  1362  1857 E JobScheduler.JobStatus: App com.google.android.inputmethod.latin became active but still in NEVER bucket
09-20 21:58:16.277  1362  1362 E ActivityManager: Cancel pending or running compactions as system is awake
09-20 21:58:16.310  1362  1422 E KernelCpuSpeedReader: Failed to read cpu-freq: /sys/devices/system/cpu/cpu0/cpufreq/stats/time_in_state: open failed: ENOENT (No such file or directory)
09-20 21:58:16.656  1362  1362 E ScreenIntentReceiver: notifyChange failed
09-20 21:58:16.929  1582  1582 E android.hardware.wifi@1.0-service-lazy: Invalid radio stats in link layer stats
09-20 21:58:16.942  1582  1582 E android.hardware.wifi@1.0-service-lazy: Invalid radio stats in link layer stats
09-20 21:58:19.959  1582  1582 E android.hardware.wifi@1.0-service-lazy: Invalid radio stats in link layer stats
09-20 21:58:22.986  1582  1582 E android.hardware.wifi@1.0-service-lazy: Invalid radio stats in link layer stats
09-20 21:58:26.000  1582  1582 E android.hardware.wifi@1.0-service-lazy: Invalid radio stats in link layer stats
09-20 21:58:26.708  1362  1422 E KernelCpuSpeedReader: Failed to read cpu-freq: /sys/devices/system/cpu/cpu0/cpufreq/stats/time_in_state: open failed: ENOENT (No such file or directory)
09-20 21:58:27.063  1362  1362 E ScreenIntentReceiver: notifyChange failed
09-20 21:58:27.138  1362  3338 E JobScheduler.JobStatus: App com.google.android.inputmethod.latin became active but still in NEVER bucket
09-20 21:58:27.145  1582  1582 E android.hardware.wifi@1.0-service-lazy: Invalid radio stats in link layer stats
09-20 22:00:00.151  1362  1422 E KernelCpuSpeedReader: Failed to read cpu-freq: /sys/devices/system/cpu/cpu0/cpufreq/stats/time_in_state: open failed: ENOENT (No such file or directory)
09-20 22:06:52.403  1362  1422 E KernelCpuSpeedReader: Failed to read cpu-freq: /sys/devices/system/cpu/cpu0/cpufreq/stats/time_in_state: open failed: ENOENT (No such file or directory)
09-20 22:31:40.599  1362  2761 E JobScheduler.JobStatus: App com.google.android.inputmethod.latin became active but still in NEVER bucket
09-20 22:31:40.629  1362  3050 E JobScheduler.JobStatus: App com.google.android.inputmethod.latin became active but still in NEVER bucket
09-20 22:31:40.651  1362  3338 E JobScheduler.JobStatus: App com.google.android.inputmethod.latin became active but still in NEVER bucket
09-20 22:31:40.673  1362  2761 E JobScheduler.JobStatus: App com.google.android.inputmethod.latin became active but still in NEVER bucket
09-20 22:31:40.712  1362  2761 E JobScheduler.JobStatus: App com.google.android.inputmethod.latin became active but still in NEVER bucket
09-20 22:36:52.423  1362  1422 E KernelCpuSpeedReader: Failed to read cpu-freq: /sys/devices/system/cpu/cpu0/cpufreq/stats/time_in_state: open failed: ENOENT (No such file or directory)
09-20 22:45:02.950  1362  1857 E JobScheduler.JobStatus: App com.google.android.inputmethod.latin became active but still in NEVER bucket
09-20 22:48:17.293  1362  3050 E JobScheduler.JobStatus: App com.google.android.inputmethod.latin became active but still in NEVER bucket
09-20 22:48:17.320  1362  3050 E JobScheduler.JobStatus: App com.google.android.inputmethod.latin became active but still in NEVER bucket
09-20 22:48:17.336  1362  1857 E JobScheduler.JobStatus: App com.google.android.inputmethod.latin became active but still in NEVER bucket
09-20 22:48:17.354  1362  3332 E JobScheduler.JobStatus: App com.google.android.inputmethod.latin became active but still in NEVER bucket
09-20 22:55:54.874  1362  1362 E ScreenIntentReceiver: notifyChange failed
09-20 22:55:54.922  1618  1618 E KeyguardViewMediator: Keyguard exit without a corresponding app to show.
09-20 22:55:55.955  1362  1362 E MBrainLocalService: notifyAppSwitch failed
09-20 22:55:55.960  1362  1362 E MBrainLocalService: notifyAppSwitch failed
09-20 22:56:04.469  1362  1362 E MBrainLocalService: notifyAppSwitch failed
09-20 22:56:04.474  1362  1362 E MBrainLocalService: notifyAppSwitch failed
09-20 22:56:09.138  1362  1436 E ActivityTaskManager: setVisibility=true while transition is not collecting or finishing ActivityRecord{407df7 u0 com.google.android.permissioncontroller/com.android.permissioncontroller.permission.ui.GrantPermissionsActivity t47} caller=com.android.server.wm.ActivityRecord.setVisibility:5331 com.android.server.wm.TaskFragment.resumeTopActivity:1406 com.android.server.wm.Task.resumeTopActivityInnerLocked:5048 com.android.server.wm.Task.resumeTopActivityUncheckedLocked:4978 com.android.server.wm.Task.resumeTopActivityUncheckedLocked:5029 com.android.server.wm.RootWindowContainer.lambda$applySleepTokens$20:2428 com.android.server.wm.RootWindowContainer.$r8$lambda$9xL80GDJRExKql35hTmQVg_ieD8:0 com.android.server.wm.RootWindowContainer$$ExternalSyntheticLambda10.accept:0 
09-20 22:56:09.150  1362  1422 E KernelCpuSpeedReader: Failed to read cpu-freq: /sys/devices/system/cpu/cpu0/cpufreq/stats/time_in_state: open failed: ENOENT (No such file or directory)
09-20 22:56:09.151  1362  1436 E ActivityTaskManager: setVisibility=true while transition is not collecting or finishing ActivityRecord{53d2817 u0 com.omnilypro.pos/.MainActivityFinal t47} caller=com.android.server.wm.ActivityRecord.setVisibility:5331 com.android.server.wm.ActivityRecord.makeVisibleIfNeeded:6087 com.android.server.wm.EnsureActivitiesVisibleHelper.setActivityVisibilityState:214 com.android.server.wm.EnsureActivitiesVisibleHelper.process:144 com.android.server.wm.TaskFragment.updateActivityVisibilities:1157 com.android.server.wm.Task.lambda$ensureActivitiesVisible$20:4882 com.android.server.wm.Task.$r8$lambda$glAS06h6u0gde7lZWW7SuxTbP1w:0 com.android.server.wm.Task$$ExternalSyntheticLambda16.accept:0 
09-20 22:56:09.154  1362  1396 E MBrainLocalService: MBrainJava launch failed: SecurityException
09-20 22:56:09.178  1362  1396 E MBrainLocalService: MBrainJava launch failed: SecurityException
09-20 22:56:09.182  1362  1362 E ActivityManager: Cancel pending or running compactions as system is awake
09-20 22:56:09.230  1362  1422 E KernelCpuSpeedReader: Failed to read cpu-freq: /sys/devices/system/cpu/cpu0/cpufreq/stats/time_in_state: open failed: ENOENT (No such file or directory)
09-20 22:56:09.239  1362  1362 E ScreenIntentReceiver: notifyChange failed
09-20 22:56:09.328  1582  1582 E android.hardware.wifi@1.0-service-lazy: Invalid radio stats in link layer stats
09-20 22:56:09.342  1582  1582 E android.hardware.wifi@1.0-service-lazy: Invalid radio stats in link layer stats
09-20 22:56:09.590  1362  1362 E MBrainLocalService: notifyAppSwitch failed
09-20 22:56:09.606  1362  1396 E MBrainLocalService: MBrainJava launch failed: SecurityException
09-20 22:56:12.366  1582  1582 E android.hardware.wifi@1.0-service-lazy: Invalid radio stats in link layer stats
09-20 22:56:15.238  1362  1396 E MBrainLocalService: MBrainJava launch failed: SecurityException
09-20 22:56:15.241  1362  1362 E MBrainLocalService: notifyAppSwitch failed
09-20 22:56:15.332  1362  1396 E MBrainLocalService: MBrainJava launch failed: SecurityException
09-20 22:56:15.333  1362  1396 E MBrainLocalService: MBrainJava launch failed: SecurityException
09-20 22:56:15.358  1362  1496 E HandwritingModeController: Cannot get requestId: Handwriting was not initialized.
09-20 22:56:15.370  1362  1496 E HandwritingModeController: Cannot get requestId: Handwriting was not initialized.
09-20 22:56:15.375  1582  1582 E android.hardware.wifi@1.0-service-lazy: Invalid radio stats in link layer stats
09-20 22:56:15.378  1362  1496 E HandwritingModeController: Cannot get requestId: Handwriting was not initialized.
09-20 22:56:16.587  1362  1362 E MBrainLocalService: notifyAppSwitch failed
09-20 22:56:18.382  1582  1582 E android.hardware.wifi@1.0-service-lazy: Invalid radio stats in link layer stats
09-20 22:56:21.391  1582  1582 E android.hardware.wifi@1.0-service-lazy: Invalid radio stats in link layer stats
09-20 22:56:23.343  1362  1362 E MBrainLocalService: notifyAppSwitch failed
09-20 22:56:23.365  1362  1362 E MBrainLocalService: notifyAppSwitch failed
09-20 22:56:23.380  1362  1396 E MBrainLocalService: MBrainJava launch failed: SecurityException
09-20 22:56:23.507  1362  1362 E MBrainLocalService: notifyAppSwitch failed
09-20 22:56:23.804  1362  3050 E UserRestrictionsUtils: Unknown restriction queried by uid 1000 (com.android.settings et al): null
09-20 22:56:24.091  1362  1362 E MBrainLocalService: notifyAppSwitch failed
09-20 22:56:24.402  1582  1582 E android.hardware.wifi@1.0-service-lazy: Invalid radio stats in link layer stats
09-20 22:56:24.407  1362  1362 E MBrainLocalService: notifyAppSwitch failed
09-20 22:56:27.412  1582  1582 E android.hardware.wifi@1.0-service-lazy: Invalid radio stats in link layer stats
09-20 22:56:28.209  1362  3338 E Transition: Trying to add a ready-group twice: Display{#0 state=ON size=800x1280 ROTATION_0}
09-20 22:56:28.241  1362  1362 E MBrainLocalService: notifyAppSwitch failed
09-20 22:56:28.246  1362  1396 E MBrainLocalService: MBrainJava launch failed: SecurityException
09-20 22:56:28.408  1362  1396 E MBrainLocalService: MBrainJava launch failed: SecurityException
09-20 22:56:29.452  1362  1362 E MBrainLocalService: notifyAppSwitch failed
09-20 22:56:29.625  1362  1362 E MBrainLocalService: notifyAppSwitch failed
09-20 22:56:29.866  1362  1362 E MBrainLocalService: notifyAppSwitch failed
09-20 22:56:30.046  1362  1396 E MBrainLocalService: MBrainJava launch failed: SecurityException
09-20 22:56:30.270  1362  1362 E AppStateIntentReceiver: notifyChange failed
09-20 22:56:30.322  1362  1362 E MBrainLocalService: notifyAppSwitch failed
09-20 22:56:30.461  1582  1582 E android.hardware.wifi@1.0-service-lazy: Invalid radio stats in link layer stats
09-20 22:56:33.547  1582  1582 E android.hardware.wifi@1.0-service-lazy: Invalid radio stats in link layer stats
09-20 22:56:36.559  1582  1582 E android.hardware.wifi@1.0-service-lazy: Invalid radio stats in link layer stats
09-20 22:56:39.570  1582  1582 E android.hardware.wifi@1.0-service-lazy: Invalid radio stats in link layer stats
09-20 22:56:42.579  1582  1582 E android.hardware.wifi@1.0-service-lazy: Invalid radio stats in link layer stats
09-20 22:56:45.592  1582  1582 E android.hardware.wifi@1.0-service-lazy: Invalid radio stats in link layer stats
09-20 22:56:48.607  1582  1582 E android.hardware.wifi@1.0-service-lazy: Invalid radio stats in link layer stats
09-20 22:56:51.619  1582  1582 E android.hardware.wifi@1.0-service-lazy: Invalid radio stats in link layer stats
09-20 22:56:54.640  1582  1582 E android.hardware.wifi@1.0-service-lazy: Invalid radio stats in link layer stats
09-20 22:56:57.017  1362  1422 E KernelCpuSpeedReader: Failed to read cpu-freq: /sys/devices/system/cpu/cpu0/cpufreq/stats/time_in_state: open failed: ENOENT (No such file or directory)
09-20 22:56:57.650  1582  1582 E android.hardware.wifi@1.0-service-lazy: Invalid radio stats in link layer stats
09-20 22:56:58.523  1362  1362 E AppStateIntentReceiver: notifyChange failed
09-20 22:56:58.919  1362  1362 E MBrainLocalService: notifyAppSwitch failed
09-20 22:56:58.961  1362  1396 E MBrainLocalService: MBrainJava launch failed: SecurityException
09-20 22:56:59.100  1362  1362 E MBrainLocalService: notifyAppSwitch failed
09-20 22:56:59.109  1362  1396 E MBrainLocalService: MBrainJava launch failed: SecurityException
09-20 22:57:00.257  1362  1396 E MBrainLocalService: MBrainJava launch failed: SecurityException
09-20 22:57:00.660  1582  1582 E android.hardware.wifi@1.0-service-lazy: Invalid radio stats in link layer stats
09-20 22:57:03.670  1582  1582 E android.hardware.wifi@1.0-service-lazy: Invalid radio stats in link layer stats
09-20 22:57:06.678  1582  1582 E android.hardware.wifi@1.0-service-lazy: Invalid radio stats in link layer stats
09-20 22:57:06.938  1362  1362 E MBrainLocalService: notifyAppSwitch failed
09-20 22:57:06.940  1362  1777 E Transition: Trying to add a ready-group twice: Display{#0 state=ON size=800x1280 ROTATION_0}
09-20 22:57:07.445  1362  1362 E MBrainLocalService: notifyAppSwitch failed
09-20 22:57:07.453  1362  1396 E MBrainLocalService: MBrainJava launch failed: SecurityException
09-20 22:57:07.626  1362  1362 E MBrainLocalService: notifyAppSwitch failed
09-20 22:57:07.675  1362  1396 E MBrainLocalService: MBrainJava launch failed: SecurityException
09-20 22:57:07.676  1362  1396 E MBrainLocalService: MBrainJava launch failed: SecurityException
09-20 22:57:09.685  1582  1582 E android.hardware.wifi@1.0-service-lazy: Invalid radio stats in link layer stats
09-20 22:57:12.619  1362  1362 E MBrainLocalService: notifyAppSwitch failed
09-20 22:57:12.661  1362  1362 E MBrainLocalService: notifyAppSwitch failed
09-20 22:57:12.697  1362  1396 E MBrainLocalService: MBrainJava launch failed: SecurityException
09-20 22:57:12.700  1582  1582 E android.hardware.wifi@1.0-service-lazy: Invalid radio stats in link layer stats
09-20 22:57:15.711  1582  1582 E android.hardware.wifi@1.0-service-lazy: Invalid radio stats in link layer stats
09-20 22:57:15.892  1362  1362 E MBrainLocalService: notifyAppSwitch failed
09-20 22:57:15.895  1362  2753 E Transition: Trying to add a ready-group twice: Display{#0 state=ON size=800x1280 ROTATION_0}
09-20 22:57:15.913  1362  1362 E MBrainLocalService: notifyAppSwitch failed
09-20 22:57:15.918  1362  1396 E MBrainLocalService: MBrainJava launch failed: SecurityException
09-20 22:57:15.920  1362  1396 E MBrainLocalService: MBrainJava launch failed: SecurityException
09-20 22:57:15.967  1362  1362 E MBrainLocalService: notifyAppSwitch failed
09-20 22:57:16.004  1362  1362 E MBrainLocalService: notifyAppSwitch failed
09-20 22:57:16.065  1362  1362 E MBrainLocalService: notifyAppSwitch failed
09-20 22:57:16.067  1362  2753 E Transition: Trying to add a ready-group twice: Display{#0 state=ON size=800x1280 ROTATION_0}
09-20 22:57:16.094  1362  1362 E MBrainLocalService: notifyAppSwitch failed
09-20 22:57:16.096  1362  1396 E MBrainLocalService: MBrainJava launch failed: SecurityException
09-20 22:57:16.098  1362  1396 E MBrainLocalService: MBrainJava launch failed: SecurityException
09-20 22:57:16.105  1362  1396 E MBrainLocalService: MBrainJava launch failed: SecurityException
09-20 22:57:16.109  1362  1396 E MBrainLocalService: MBrainJava launch failed: SecurityException
09-20 22:57:17.153  1362  1396 E MBrainLocalService: MBrainJava launch failed: SecurityException
09-20 22:57:18.408  1362  1362 E MBrainLocalService: notifyAppSwitch failed
09-20 22:57:18.454  1362  1362 E MBrainLocalService: notifyAppSwitch failed
09-20 22:57:18.463  1362  1396 E MBrainLocalService: MBrainJava launch failed: SecurityException
09-20 22:57:18.511  1362  1362 E MBrainLocalService: notifyAppSwitch failed
09-20 22:57:18.513  1362  6648 E Transition: Trying to add a ready-group twice: Display{#0 state=ON size=800x1280 ROTATION_0}
09-20 22:57:18.536  1362  1362 E MBrainLocalService: notifyAppSwitch failed
09-20 22:57:18.542  1362  1396 E MBrainLocalService: MBrainJava launch failed: SecurityException
09-20 22:57:18.559  1362  1396 E MBrainLocalService: MBrainJava launch failed: SecurityException
09-20 22:57:18.562  1362  1776 E ClipboardService: Denying clipboard access to com.omnilypro.pos, application is not in focus nor is it a system service for user 0
09-20 22:57:18.584  1362  1362 E MBrainLocalService: notifyAppSwitch failed
09-20 22:57:18.611  1362  1362 E MBrainLocalService: notifyAppSwitch failed
09-20 22:57:18.723  1362  1396 E MBrainLocalService: MBrainJava launch failed: SecurityException
09-20 22:57:18.724  1582  1582 E android.hardware.wifi@1.0-service-lazy: Invalid radio stats in link layer stats
09-20 22:57:21.730  1582  1582 E android.hardware.wifi@1.0-service-lazy: Invalid radio stats in link layer stats
09-20 22:57:24.744  1582  1582 E android.hardware.wifi@1.0-service-lazy: Invalid radio stats in link layer stats
09-20 22:57:27.758  1582  1582 E android.hardware.wifi@1.0-service-lazy: Invalid radio stats in link layer stats
09-20 22:57:30.769  1582  1582 E android.hardware.wifi@1.0-service-lazy: Invalid radio stats in link layer stats
09-20 22:57:33.779  1582  1582 E android.hardware.wifi@1.0-service-lazy: Invalid radio stats in link layer stats
09-20 22:57:36.786  1582  1582 E android.hardware.wifi@1.0-service-lazy: Invalid radio stats in link layer stats
09-20 22:57:39.797  1582  1582 E android.hardware.wifi@1.0-service-lazy: Invalid radio stats in link layer stats
09-20 22:57:42.811  1582  1582 E android.hardware.wifi@1.0-service-lazy: Invalid radio stats in link layer stats
09-20 22:57:45.825  1582  1582 E android.hardware.wifi@1.0-service-lazy: Invalid radio stats in link layer stats
09-20 22:57:48.835  1582  1582 E android.hardware.wifi@1.0-service-lazy: Invalid radio stats in link layer stats
09-20 22:57:51.847  1582  1582 E android.hardware.wifi@1.0-service-lazy: Invalid radio stats in link layer stats
09-20 22:57:54.859  1582  1582 E android.hardware.wifi@1.0-service-lazy: Invalid radio stats in link layer stats
09-20 22:57:57.872  1582  1582 E android.hardware.wifi@1.0-service-lazy: Invalid radio stats in link layer stats
09-20 22:58:00.883  1582  1582 E android.hardware.wifi@1.0-service-lazy: Invalid radio stats in link layer stats
09-20 22:58:03.895  1582  1582 E android.hardware.wifi@1.0-service-lazy: Invalid radio stats in link layer stats
09-20 22:58:06.907  1582  1582 E android.hardware.wifi@1.0-service-lazy: Invalid radio stats in link layer stats
09-20 22:58:09.920  1582  1582 E android.hardware.wifi@1.0-service-lazy: Invalid radio stats in link layer stats
09-20 22:58:12.934  1582  1582 E android.hardware.wifi@1.0-service-lazy: Invalid radio stats in link layer stats
09-20 22:58:15.947  1582  1582 E android.hardware.wifi@1.0-service-lazy: Invalid radio stats in link layer stats
09-20 22:58:18.961  1582  1582 E android.hardware.wifi@1.0-service-lazy: Invalid radio stats in link layer stats
09-20 22:58:21.976  1582  1582 E android.hardware.wifi@1.0-service-lazy: Invalid radio stats in link layer stats
09-20 22:58:24.990  1582  1582 E android.hardware.wifi@1.0-service-lazy: Invalid radio stats in link layer stats
09-20 22:58:28.004  1582  1582 E android.hardware.wifi@1.0-service-lazy: Invalid radio stats in link layer stats
09-20 22:58:30.903  1362  1362 E MBrainLocalService: notifyAppSwitch failed
09-20 22:58:30.913  1362  1396 E MBrainLocalService: MBrainJava launch failed: SecurityException
09-20 22:58:30.981  1362  1396 E MBrainLocalService: MBrainJava launch failed: SecurityException
09-20 22:58:30.984  1362  1396 E MBrainLocalService: MBrainJava launch failed: SecurityException
09-20 22:58:30.997  1362  1496 E HandwritingModeController: Cannot get requestId: Handwriting was not initialized.
09-20 22:58:31.001  1362  1496 E HandwritingModeController: Cannot get requestId: Handwriting was not initialized.
09-20 22:58:31.015  1362  1496 E HandwritingModeController: Cannot get requestId: Handwriting was not initialized.
09-20 22:58:31.020  1582  1582 E android.hardware.wifi@1.0-service-lazy: Invalid radio stats in link layer stats
09-20 22:58:32.247  1362  1362 E MBrainLocalService: notifyAppSwitch failed
09-20 22:58:32.561  1362  1422 E KernelCpuSpeedReader: Failed to read cpu-freq: /sys/devices/system/cpu/cpu0/cpufreq/stats/time_in_state: open failed: ENOENT (No such file or directory)
09-20 22:58:34.031  1582  1582 E android.hardware.wifi@1.0-service-lazy: Invalid radio stats in link layer stats
09-20 22:58:37.043  1582  1582 E android.hardware.wifi@1.0-service-lazy: Invalid radio stats in link layer stats
09-20 22:58:38.671  1362  1362 E MBrainLocalService: notifyAppSwitch failed
09-20 22:58:38.704  1362  1396 E MBrainLocalService: MBrainJava launch failed: SecurityException
09-20 22:58:38.786  1362  1362 E MBrainLocalService: notifyAppSwitch failed
09-20 22:58:38.795  1362  1396 E MBrainLocalService: MBrainJava launch failed: SecurityException
09-20 22:58:40.055  1582  1582 E android.hardware.wifi@1.0-service-lazy: Invalid radio stats in link layer stats
09-20 22:58:43.066  1582  1582 E android.hardware.wifi@1.0-service-lazy: Invalid radio stats in link layer stats
09-20 22:58:46.074  1582  1582 E android.hardware.wifi@1.0-service-lazy: Invalid radio stats in link layer stats
09-20 22:58:46.354  1362  1362 E MBrainLocalService: notifyAppSwitch failed
09-20 22:58:46.355  1362  3332 E Transition: Trying to add a ready-group twice: Display{#0 state=ON size=800x1280 ROTATION_0}
09-20 22:58:46.859  1362  1362 E MBrainLocalService: notifyAppSwitch failed
09-20 22:58:46.869  1362  1396 E MBrainLocalService: MBrainJava launch failed: SecurityException
09-20 22:58:47.047  1362  1362 E MBrainLocalService: notifyAppSwitch failed
09-20 22:58:47.059  1362  1396 E MBrainLocalService: MBrainJava launch failed: SecurityException
09-20 22:58:47.060  1362  1396 E MBrainLocalService: MBrainJava launch failed: SecurityException
09-20 22:58:47.065  1362  1362 E MBrainLocalService: notifyAppSwitch failed
09-20 22:58:47.088  1362  1362 E MBrainLocalService: notifyAppSwitch failed
09-20 22:58:47.096  1362  1396 E MBrainLocalService: MBrainJava launch failed: SecurityException
09-20 22:58:49.085  1582  1582 E android.hardware.wifi@1.0-service-lazy: Invalid radio stats in link layer stats
09-20 22:58:52.099  1582  1582 E android.hardware.wifi@1.0-service-lazy: Invalid radio stats in link layer stats
09-20 22:58:55.110  1582  1582 E android.hardware.wifi@1.0-service-lazy: Invalid radio stats in link layer stats
09-20 22:58:58.123  1582  1582 E android.hardware.wifi@1.0-service-lazy: Invalid radio stats in link layer stats
09-20 22:59:01.139  1582  1582 E android.hardware.wifi@1.0-service-lazy: Invalid radio stats in link layer stats
09-20 22:59:04.154  1582  1582 E android.hardware.wifi@1.0-service-lazy: Invalid radio stats in link layer stats
09-20 22:59:07.165  1582  1582 E android.hardware.wifi@1.0-service-lazy: Invalid radio stats in link layer stats
09-20 22:59:10.174  1582  1582 E android.hardware.wifi@1.0-service-lazy: Invalid radio stats in link layer stats
09-20 22:59:13.186  1582  1582 E android.hardware.wifi@1.0-service-lazy: Invalid radio stats in link layer stats
09-20 22:59:16.199  1582  1582 E android.hardware.wifi@1.0-service-lazy: Invalid radio stats in link layer stats
09-20 22:59:19.211  1582  1582 E android.hardware.wifi@1.0-service-lazy: Invalid radio stats in link layer stats
09-20 22:59:22.230  1582  1582 E android.hardware.wifi@1.0-service-lazy: Invalid radio stats in link layer stats
09-20 22:59:25.243  1582  1582 E android.hardware.wifi@1.0-service-lazy: Invalid radio stats in link layer stats
09-20 22:59:28.263  1582  1582 E android.hardware.wifi@1.0-service-lazy: Invalid radio stats in link layer stats
09-20 22:59:31.279  1582  1582 E android.hardware.wifi@1.0-service-lazy: Invalid radio stats in link layer stats
09-20 22:59:34.291  1582  1582 E android.hardware.wifi@1.0-service-lazy: Invalid radio stats in link layer stats
09-20 22:59:37.303  1582  1582 E android.hardware.wifi@1.0-service-lazy: Invalid radio stats in link layer stats
09-20 22:59:40.319  1582  1582 E android.hardware.wifi@1.0-service-lazy: Invalid radio stats in link layer stats
09-20 22:59:43.335  1582  1582 E android.hardware.wifi@1.0-service-lazy: Invalid radio stats in link layer stats
09-20 22:59:46.346  1582  1582 E android.hardware.wifi@1.0-service-lazy: Invalid radio stats in link layer stats
09-20 22:59:49.362  1582  1582 E android.hardware.wifi@1.0-service-lazy: Invalid radio stats in link layer stats
09-20 22:59:52.375  1582  1582 E android.hardware.wifi@1.0-service-lazy: Invalid radio stats in link layer stats
09-20 22:59:55.390  1582  1582 E android.hardware.wifi@1.0-service-lazy: Invalid radio stats in link layer stats
09-20 22:59:58.403  1582  1582 E android.hardware.wifi@1.0-service-lazy: Invalid radio stats in link layer stats
09-20 23:00:01.415  1582  1582 E android.hardware.wifi@1.0-service-lazy: Invalid radio stats in link layer stats
09-20 23:00:04.427  1582  1582 E android.hardware.wifi@1.0-service-lazy: Invalid radio stats in link layer stats
09-20 23:00:07.439  1582  1582 E android.hardware.wifi@1.0-service-lazy: Invalid radio stats in link layer stats
09-20 23:00:10.459  1582  1582 E android.hardware.wifi@1.0-service-lazy: Invalid radio stats in link layer stats
09-20 23:00:13.471  1582  1582 E android.hardware.wifi@1.0-service-lazy: Invalid radio stats in link layer stats
09-20 23:00:14.047  1362  1422 E KernelCpuSpeedReader: Failed to read cpu-freq: /sys/devices/system/cpu/cpu0/cpufreq/stats/time_in_state: open failed: ENOENT (No such file or directory)
09-20 23:00:14.059  1362  1362 E MBrainLocalService: notifyAppSwitch failed
09-20 23:00:14.399  1362  1362 E ScreenIntentReceiver: notifyChange failed
09-20 23:00:14.500  1582  1582 E android.hardware.wifi@1.0-service-lazy: Invalid radio stats in link layer stats
09-20 23:03:07.386  1362  1362 E ActivityManager: Cancel pending or running compactions as system is awake
09-20 23:03:07.406  1362  1422 E KernelCpuSpeedReader: Failed to read cpu-freq: /sys/devices/system/cpu/cpu0/cpufreq/stats/time_in_state: open failed: ENOENT (No such file or directory)
09-20 23:03:07.466  1362  1362 E ScreenIntentReceiver: notifyChange failed
09-20 23:03:07.554  1582  1582 E android.hardware.wifi@1.0-service-lazy: Invalid radio stats in link layer stats
09-20 23:03:07.556  1582  1582 E android.hardware.wifi@1.0-service-lazy: Invalid radio stats in link layer stats
09-20 23:03:08.604  1362  1396 E MBrainLocalService: MBrainJava launch failed: SecurityException
09-20 23:03:08.669  1362  1422 E KernelCpuSpeedReader: Failed to read cpu-freq: /sys/devices/system/cpu/cpu0/cpufreq/stats/time_in_state: open failed: ENOENT (No such file or directory)
09-20 23:03:08.995  1362  1362 E ScreenIntentReceiver: notifyChange failed
09-20 23:03:10.586  1582  1582 E android.hardware.wifi@1.0-service-lazy: Invalid radio stats in link layer stats
09-20 23:03:11.252  1362  1362 E MBrainLocalService: notifyAppSwitch failed
09-20 23:03:11.252  1362  1396 E MBrainLocalService: MBrainJava launch failed: SecurityException
09-20 23:03:11.324  1362  1496 E HandwritingModeController: Cannot get requestId: Handwriting was not initialized.
09-20 23:03:11.328  1362  1396 E MBrainLocalService: MBrainJava launch failed: SecurityException
09-20 23:03:11.328  1362  1396 E MBrainLocalService: MBrainJava launch failed: SecurityException
09-20 23:03:11.328  1362  1496 E HandwritingModeController: Cannot get requestId: Handwriting was not initialized.
09-20 23:03:11.342  1362  1496 E HandwritingModeController: Cannot get requestId: Handwriting was not initialized.
09-20 23:03:12.837  1362  1422 E KernelCpuSpeedReader: Failed to read cpu-freq: /sys/devices/system/cpu/cpu0/cpufreq/stats/time_in_state: open failed: ENOENT (No such file or directory)
09-20 23:03:13.595  1582  1582 E android.hardware.wifi@1.0-service-lazy: Invalid radio stats in link layer stats
09-20 23:03:16.608  1582  1582 E android.hardware.wifi@1.0-service-lazy: Invalid radio stats in link layer stats
09-20 23:03:19.078  1362  1362 E MBrainLocalService: notifyAppSwitch failed
09-20 23:03:19.103  1362  1396 E MBrainLocalService: MBrainJava launch failed: SecurityException
09-20 23:03:19.191  1362  1362 E MBrainLocalService: notifyAppSwitch failed
09-20 23:03:19.204  1362  1396 E MBrainLocalService: MBrainJava launch failed: SecurityException
09-20 23:03:19.620  1582  1582 E android.hardware.wifi@1.0-service-lazy: Invalid radio stats in link layer stats
09-20 23:03:22.630  1582  1582 E android.hardware.wifi@1.0-service-lazy: Invalid radio stats in link layer stats
09-20 23:03:25.637  1582  1582 E android.hardware.wifi@1.0-service-lazy: Invalid radio stats in link layer stats
09-20 23:03:26.812  1362  1362 E MBrainLocalService: notifyAppSwitch failed
09-20 23:03:26.812  1362  5521 E Transition: Trying to add a ready-group twice: Display{#0 state=ON size=800x1280 ROTATION_0}
09-20 23:03:27.316  1362  1362 E MBrainLocalService: notifyAppSwitch failed
09-20 23:03:27.326  1362  1396 E MBrainLocalService: MBrainJava launch failed: SecurityException
09-20 23:03:27.534  1362  1362 E MBrainLocalService: notifyAppSwitch failed
09-20 23:03:27.555  1362  1396 E MBrainLocalService: MBrainJava launch failed: SecurityException
09-20 23:03:27.555  1362  1396 E MBrainLocalService: MBrainJava launch failed: SecurityException
09-20 23:03:27.561  1362  1362 E MBrainLocalService: notifyAppSwitch failed
09-20 23:03:27.595  1362  1362 E MBrainLocalService: notifyAppSwitch failed
09-20 23:03:27.713  1362  1396 E MBrainLocalService: MBrainJava launch failed: SecurityException
09-20 23:03:28.644  1582  1582 E android.hardware.wifi@1.0-service-lazy: Invalid radio stats in link layer stats
09-20 23:03:31.653  1582  1582 E android.hardware.wifi@1.0-service-lazy: Invalid radio stats in link layer stats
09-20 23:03:34.665  1582  1582 E android.hardware.wifi@1.0-service-lazy: Invalid radio stats in link layer stats
09-20 23:03:37.675  1582  1582 E android.hardware.wifi@1.0-service-lazy: Invalid radio stats in link layer stats
09-20 23:03:40.686  1582  1582 E android.hardware.wifi@1.0-service-lazy: Invalid radio stats in link layer stats
09-20 23:03:43.693  1582  1582 E android.hardware.wifi@1.0-service-lazy: Invalid radio stats in link layer stats
09-20 23:03:46.700  1582  1582 E android.hardware.wifi@1.0-service-lazy: Invalid radio stats in link layer stats
09-20 23:03:49.710  1582  1582 E android.hardware.wifi@1.0-service-lazy: Invalid radio stats in link layer stats
09-20 23:03:52.723  1582  1582 E android.hardware.wifi@1.0-service-lazy: Invalid radio stats in link layer stats
09-20 23:03:55.736  1582  1582 E android.hardware.wifi@1.0-service-lazy: Invalid radio stats in link layer stats
09-20 23:03:58.747  1582  1582 E android.hardware.wifi@1.0-service-lazy: Invalid radio stats in link layer stats
09-20 23:04:01.759  1582  1582 E android.hardware.wifi@1.0-service-lazy: Invalid radio stats in link layer stats
09-20 23:04:04.771  1582  1582 E android.hardware.wifi@1.0-service-lazy: Invalid radio stats in link layer stats
09-20 23:04:07.781  1582  1582 E android.hardware.wifi@1.0-service-lazy: Invalid radio stats in link layer stats
09-20 23:04:10.792  1582  1582 E android.hardware.wifi@1.0-service-lazy: Invalid radio stats in link layer stats
09-20 23:04:13.803  1582  1582 E android.hardware.wifi@1.0-service-lazy: Invalid radio stats in link layer stats
09-20 23:04:16.815  1582  1582 E android.hardware.wifi@1.0-service-lazy: Invalid radio stats in link layer stats
09-20 23:04:19.827  1582  1582 E android.hardware.wifi@1.0-service-lazy: Invalid radio stats in link layer stats
09-20 23:04:22.839  1582  1582 E android.hardware.wifi@1.0-service-lazy: Invalid radio stats in link layer stats
09-20 23:04:25.851  1582  1582 E android.hardware.wifi@1.0-service-lazy: Invalid radio stats in link layer stats
09-20 23:04:28.863  1582  1582 E android.hardware.wifi@1.0-service-lazy: Invalid radio stats in link layer stats
09-20 23:04:31.876  1582  1582 E android.hardware.wifi@1.0-service-lazy: Invalid radio stats in link layer stats
09-20 23:04:34.888  1582  1582 E android.hardware.wifi@1.0-service-lazy: Invalid radio stats in link layer stats
09-20 23:04:37.902  1582  1582 E android.hardware.wifi@1.0-service-lazy: Invalid radio stats in link layer stats
09-20 23:04:40.915  1582  1582 E android.hardware.wifi@1.0-service-lazy: Invalid radio stats in link layer stats
09-20 23:04:43.928  1582  1582 E android.hardware.wifi@1.0-service-lazy: Invalid radio stats in link layer stats
09-20 23:04:46.941  1582  1582 E android.hardware.wifi@1.0-service-lazy: Invalid radio stats in link layer stats
09-20 23:04:49.954  1582  1582 E android.hardware.wifi@1.0-service-lazy: Invalid radio stats in link layer stats
09-20 23:04:52.968  1582  1582 E android.hardware.wifi@1.0-service-lazy: Invalid radio stats in link layer stats
09-20 23:04:55.983  1582  1582 E android.hardware.wifi@1.0-service-lazy: Invalid radio stats in link layer stats
09-20 23:04:58.998  1582  1582 E android.hardware.wifi@1.0-service-lazy: Invalid radio stats in link layer stats
09-20 23:05:02.011  1582  1582 E android.hardware.wifi@1.0-service-lazy: Invalid radio stats in link layer stats
09-20 23:05:05.023  1582  1582 E android.hardware.wifi@1.0-service-lazy: Invalid radio stats in link layer stats
09-20 23:05:08.032  1582  1582 E android.hardware.wifi@1.0-service-lazy: Invalid radio stats in link layer stats
09-20 23:05:11.044  1582  1582 E android.hardware.wifi@1.0-service-lazy: Invalid radio stats in link layer stats
09-20 23:05:14.058  1582  1582 E android.hardware.wifi@1.0-service-lazy: Invalid radio stats in link layer stats
09-20 23:05:17.071  1582  1582 E android.hardware.wifi@1.0-service-lazy: Invalid radio stats in link layer stats
09-20 23:05:20.085  1582  1582 E android.hardware.wifi@1.0-service-lazy: Invalid radio stats in link layer stats
09-20 23:05:23.100  1582  1582 E android.hardware.wifi@1.0-service-lazy: Invalid radio stats in link layer stats
09-20 23:05:26.112  1582  1582 E android.hardware.wifi@1.0-service-lazy: Invalid radio stats in link layer stats
09-20 23:05:28.092  1362  1362 E MBrainLocalService: notifyAppSwitch failed
09-20 23:05:28.124  1362  1396 E MBrainLocalService: MBrainJava launch failed: SecurityException
09-20 23:05:28.201  1362  1396 E MBrainLocalService: MBrainJava launch failed: SecurityException
09-20 23:05:28.202  1362  1396 E MBrainLocalService: MBrainJava launch failed: SecurityException
09-20 23:05:28.215  1362  1496 E HandwritingModeController: Cannot get requestId: Handwriting was not initialized.
09-20 23:05:28.218  1362  1496 E HandwritingModeController: Cannot get requestId: Handwriting was not initialized.
09-20 23:05:28.236  1362  1496 E HandwritingModeController: Cannot get requestId: Handwriting was not initialized.
09-20 23:05:29.123  1582  1582 E android.hardware.wifi@1.0-service-lazy: Invalid radio stats in link layer stats
09-20 23:05:29.590  1362  1362 E MBrainLocalService: notifyAppSwitch failed
09-20 23:05:29.922  1362  1422 E KernelCpuSpeedReader: Failed to read cpu-freq: /sys/devices/system/cpu/cpu0/cpufreq/stats/time_in_state: open failed: ENOENT (No such file or directory)
09-20 23:05:32.131  1582  1582 E android.hardware.wifi@1.0-service-lazy: Invalid radio stats in link layer stats
09-20 23:05:35.139  1582  1582 E android.hardware.wifi@1.0-service-lazy: Invalid radio stats in link layer stats
09-20 23:05:37.275  1362  1362 E MBrainLocalService: notifyAppSwitch failed
09-20 23:05:37.306  1362  1396 E MBrainLocalService: MBrainJava launch failed: SecurityException
09-20 23:05:37.383  1362  1362 E MBrainLocalService: notifyAppSwitch failed
09-20 23:05:37.392  1362  1396 E MBrainLocalService: MBrainJava launch failed: SecurityException
09-20 23:05:38.147  1582  1582 E android.hardware.wifi@1.0-service-lazy: Invalid radio stats in link layer stats
09-20 23:05:41.158  1582  1582 E android.hardware.wifi@1.0-service-lazy: Invalid radio stats in link layer stats
09-20 23:05:44.166  1582  1582 E android.hardware.wifi@1.0-service-lazy: Invalid radio stats in link layer stats
09-20 23:05:44.954  1362  1362 E MBrainLocalService: notifyAppSwitch failed
09-20 23:05:44.957  1362  2038 E Transition: Trying to add a ready-group twice: Display{#0 state=ON size=800x1280 ROTATION_0}
09-20 23:05:45.462  1362  1362 E MBrainLocalService: notifyAppSwitch failed
09-20 23:05:45.470  1362  1396 E MBrainLocalService: MBrainJava launch failed: SecurityException
09-20 23:05:45.616  1362  1362 E MBrainLocalService: notifyAppSwitch failed
09-20 23:05:45.641  1362  1362 E MBrainLocalService: notifyAppSwitch failed
09-20 23:05:45.651  1362  1396 E MBrainLocalService: MBrainJava launch failed: SecurityException
09-20 23:05:45.788  1362  1362 E MBrainLocalService: notifyAppSwitch failed
09-20 23:05:45.789  1362  1362 E MBrainLocalService: notifyAppSwitch failed
09-20 23:05:47.176  1582  1582 E android.hardware.wifi@1.0-service-lazy: Invalid radio stats in link layer stats
09-20 23:05:50.187  1582  1582 E android.hardware.wifi@1.0-service-lazy: Invalid radio stats in link layer stats
09-20 23:05:53.200  1582  1582 E android.hardware.wifi@1.0-service-lazy: Invalid radio stats in link layer stats
09-20 23:05:56.214  1582  1582 E android.hardware.wifi@1.0-service-lazy: Invalid radio stats in link layer stats
--------- beginning of main
09-20 23:05:58.891 17039 17177 W OmnilyPOS: TIMEOUT: No card detected.
