09-20 23:11:27.568   715   715 E BufferQueueDebug: [FullscreenMagnification:16:16#18 (Mirror)#5935](this:0xb400007deeecf9b8,id:-1,api:0,p:-1,c:-1) id info cannot be read from 'FullscreenMagnification:16:16#18 (Mirror)#5935'
09-20 23:11:27.569   715   715 E BufferQueueDebug: [Leaf:16:16#19 (Mirror)#5936](this:0xb400007deef05b68,id:-1,api:0,p:-1,c:-1) id info cannot be read from 'Leaf:16:16#19 (Mirror)#5936'
09-20 23:11:27.569   715   715 E BufferQueueDebug: [OneHanded:17:17#20 (Mirror)#5937](this:0xb400007deef361f8,id:-1,api:0,p:-1,c:-1) id info cannot be read from 'OneHanded:17:17#20 (Mirror)#5937'
09-20 23:11:27.569   715   715 E BufferQueueDebug: [FullscreenMagnification:17:17#21 (Mirror)#5938](this:0xb400007deef5b248,id:-1,api:0,p:-1,c:-1) id info cannot be read from 'FullscreenMagnification:17:17#21 (Mirror)#5938'
09-20 23:11:27.569   715   715 E BufferQueueDebug: [Leaf:17:17#22 (Mirror)#5939](this:0xb400007deef4ce78,id:-1,api:0,p:-1,c:-1) id info cannot be read from 'Leaf:17:17#22 (Mirror)#5939'
09-20 23:11:27.569   715   715 E BufferQueueDebug: [WindowToken{67b62a0 type=2040 android.os.BinderProxy@6af52d2}#390 (Mirror)#5940](this:0xb400007deeeec158,id:-1,api:0,p:-1,c:-1) id info cannot be read from 'WindowToken{67b62a0 type=2040 android.os.BinderProxy@6af52d2}#390 (Mirror)#5940'
09-20 23:11:27.569   715   715 E BufferQueueDebug: [255ee59 NotificationShade#391 (Mirror)#5941](this:0xb400007deef27e28,id:-1,api:0,p:-1,c:-1) id info cannot be read from '255ee59 NotificationShade#391 (Mirror)#5941'
09-20 23:11:27.569   715   715 E BufferQueueDebug: [NotificationShade#5881 (Mirror)#5942](this:0xb400007deef47358,id:-1,api:0,p:-1,c:-1) id info cannot be read from 'NotificationShade#5881 (Mirror)#5942'
09-20 23:11:27.569   715   715 E BufferQueueDebug: [HideDisplayCutout:18:23#23 (Mirror)#5943](this:0xb400007deef1f578,id:-1,api:0,p:-1,c:-1) id info cannot be read from 'HideDisplayCutout:18:23#23 (Mirror)#5943'
09-20 23:11:27.569   715   715 E BufferQueueDebug: [OneHanded:18:23#24 (Mirror)#5944](this:0xb400007deeee0b18,id:-1,api:0,p:-1,c:-1) id info cannot be read from 'OneHanded:18:23#24 (Mirror)#5944'
09-20 23:11:27.570   715   715 E BufferQueueDebug: [FullscreenMagnification:18:23#25 (Mirror)#5945](this:0xb400007deeec9e98,id:-1,api:0,p:-1,c:-1) id info cannot be read from 'FullscreenMagnification:18:23#25 (Mirror)#5945'
09-20 23:11:27.570   715   715 E BufferQueueDebug: [Leaf:18:23#26 (Mirror)#5946](this:0xb400007deef25098,id:-1,api:0,p:-1,c:-1) id info cannot be read from 'Leaf:18:23#26 (Mirror)#5946'
09-20 23:11:27.570   715   715 E BufferQueueDebug: [Leaf:24:25#27 (Mirror)#5947](this:0xb400007deef0b688,id:-1,api:0,p:-1,c:-1) id info cannot be read from 'Leaf:24:25#27 (Mirror)#5947'
09-20 23:11:27.570   715   715 E BufferQueueDebug: [WindowToken{4bf9780 type=2019 android.os.BinderProxy@fc684b2}#384 (Mirror)#5948](this:0xb400007deeea20b8,id:-1,api:0,p:-1,c:-1) id info cannot be read from 'WindowToken{4bf9780 type=2019 android.os.BinderProxy@fc684b2}#384 (Mirror)#5948'
09-20 23:11:27.570   715   715 E BufferQueueDebug: [Surface(name=2bcb1b9 NavigationBar0)/@0xd91b1cc - animation-leash of insets_animation#5882 (Mirror)#5949](this:0xb400007deeeb0488,id:-1,api:0,p:-1,c:-1) id info cannot be read from 'Surface(name=2bcb1b9 NavigationBar0)/@0xd91b1cc - animation-leash of insets_animation#5882 (Mirror)#5949'
09-20 23:11:27.570   715   715 E BufferQueueDebug: [2bcb1b9 NavigationBar0#385 (Mirror)#5950](this:0xb400007deef3eaa8,id:-1,api:0,p:-1,c:-1) id info cannot be read from '2bcb1b9 NavigationBar0#385 (Mirror)#5950'
09-20 23:11:27.570   715   715 E BufferQueueDebug: [NavigationBar0#400 (Mirror)#5951](this:0xb400007deef111a8,id:-1,api:0,p:-1,c:-1) id info cannot be read from 'NavigationBar0#400 (Mirror)#5951'
09-20 23:11:27.570   715   715 E BufferQueueDebug: [HideDisplayCutout:26:31#28 (Mirror)#5952](this:0xb400007deef0e418,id:-1,api:0,p:-1,c:-1) id info cannot be read from 'HideDisplayCutout:26:31#28 (Mirror)#5952'
09-20 23:11:27.570   715   715 E BufferQueueDebug: [OneHanded:26:31#29 (Mirror)#5953](this:0xb400007deef02dd8,id:-1,api:0,p:-1,c:-1) id info cannot be read from 'OneHanded:26:31#29 (Mirror)#5953'
09-20 23:11:27.571   715   715 E BufferQueueDebug: [FullscreenMagnification:26:27#30 (Mirror)#5954](this:0xb400007deef38f88,id:-1,api:0,p:-1,c:-1) id info cannot be read from 'FullscreenMagnification:26:27#30 (Mirror)#5954'
09-20 23:11:27.571   715   715 E BufferQueueDebug: [Leaf:26:27#31 (Mirror)#5955](this:0xb400007deee7fdf8,id:-1,api:0,p:-1,c:-1) id info cannot be read from 'Leaf:26:27#31 (Mirror)#5955'
09-20 23:11:27.571   715   715 E BufferQueueDebug: [Leaf:28:28#32 (Mirror)#5956](this:0xb400007deeee38a8,id:-1,api:0,p:-1,c:-1) id info cannot be read from 'Leaf:28:28#32 (Mirror)#5956'
09-20 23:11:27.571   715   715 E BufferQueueDebug: [FullscreenMagnification:29:31#33 (Mirror)#5957](this:0xb400007deef6c3a8,id:-1,api:0,p:-1,c:-1) id info cannot be read from 'FullscreenMagnification:29:31#33 (Mirror)#5957'
09-20 23:11:27.571   715   715 E BufferQueueDebug: [Leaf:29:31#34 (Mirror)#5958](this:0xb400007deee9c598,id:-1,api:0,p:-1,c:-1) id info cannot be read from 'Leaf:29:31#34 (Mirror)#5958'
09-20 23:11:27.571   715   715 E BufferQueueDebug: [HideDisplayCutout:32:35#35 (Mirror)#5959](this:0xb400007deef74c58,id:-1,api:0,p:-1,c:-1) id info cannot be read from 'HideDisplayCutout:32:35#35 (Mirror)#5959'
09-20 23:11:27.571   715   715 E BufferQueueDebug: [OneHanded:32:32#36 (Mirror)#5960](this:0xb400007deef19a58,id:-1,api:0,p:-1,c:-1) id info cannot be read from 'OneHanded:32:32#36 (Mirror)#5960'
09-20 23:11:27.571   715   715 E BufferQueueDebug: [Leaf:32:32#37 (Mirror)#5961](this:0xb400007deef1c7e8,id:-1,api:0,p:-1,c:-1) id info cannot be read from 'Leaf:32:32#37 (Mirror)#5961'
09-20 23:11:27.571   715   715 E BufferQueueDebug: [FullscreenMagnification:33:33#38 (Mirror)#5962](this:0xb400007deeeb8d38,id:-1,api:0,p:-1,c:-1) id info cannot be read from 'FullscreenMagnification:33:33#38 (Mirror)#5962'
09-20 23:11:27.572   715   715 E BufferQueueDebug: [Leaf:33:33#39 (Mirror)#5963](this:0xb400007deef16cc8,id:-1,api:0,p:-1,c:-1) id info cannot be read from 'Leaf:33:33#39 (Mirror)#5963'
09-20 23:11:27.572   715   715 E BufferQueueDebug: [OneHanded:34:35#40 (Mirror)#5964](this:0xb400007deef00048,id:-1,api:0,p:-1,c:-1) id info cannot be read from 'OneHanded:34:35#40 (Mirror)#5964'
09-20 23:11:27.572   715   715 E BufferQueueDebug: [FullscreenMagnification:34:35#41 (Mirror)#5965](this:0xb400007deef088f8,id:-1,api:0,p:-1,c:-1) id info cannot be read from 'FullscreenMagnification:34:35#41 (Mirror)#5965'
09-20 23:11:27.572   715   715 E BufferQueueDebug: [Leaf:34:35#42 (Mirror)#5966](this:0xb400007deeef1c78,id:-1,api:0,p:-1,c:-1) id info cannot be read from 'Leaf:34:35#42 (Mirror)#5966'
09-20 23:11:27.572   715   715 E BufferQueueDebug: [Leaf:36:36#43 (Mirror)#5967](this:0xb400007deeef7798,id:-1,api:0,p:-1,c:-1) id info cannot be read from 'Leaf:36:36#43 (Mirror)#5967'
09-20 23:11:27.572   715   715 E BufferQueueDebug: [Accessibility Overlays#45 (Mirror)#5968](this:0xb400007deef584b8,id:-1,api:0,p:-1,c:-1) id info cannot be read from 'Accessibility Overlays#45 (Mirror)#5968'
09-20 23:11:27.572   715   715 E BufferQueueDebug: [Display Overlays#44 (Mirror)#5969](this:0xb400007deef22308,id:-1,api:0,p:-1,c:-1) id info cannot be read from 'Display Overlays#44 (Mirror)#5969'
09-20 23:11:27.598   715  1507 E BufferQueueDebug: [Surface(name=2bcb1b9 NavigationBar0)/@0xd91b1cc - animation-leash of insets_animation#5970](this:0xb400007deedf72f8,id:-1,api:0,p:-1,c:-1) id info cannot be read from 'Surface(name=2bcb1b9 NavigationBar0)/@0xd91b1cc - animation-leash of insets_animation#5970'
09-20 23:11:27.601   715  1507 E BufferQueueDebug: [Surface(name=7421fc9 StatusBar)/@0xafd0c15 - animation-leash of insets_animation#5971](this:0xb400007deee55288,id:-1,api:0,p:-1,c:-1) id info cannot be read from 'Surface(name=7421fc9 StatusBar)/@0xafd0c15 - animation-leash of insets_animation#5971'
09-20 23:11:27.610   715   715 E BufferQueueDebug: [Surface(name=7421fc9 StatusBar)/@0xafd0c15 - animation-leash of insets_animation#5971 (Mirror)#5972](this:0xb400007deed8dd28,id:-1,api:0,p:-1,c:-1) id info cannot be read from 'Surface(name=7421fc9 StatusBar)/@0xafd0c15 - animation-leash of insets_animation#5971 (Mirror)#5972'
09-20 23:11:27.610   715   715 E BufferQueueDebug: [Surface(name=2bcb1b9 NavigationBar0)/@0xd91b1cc - animation-leash of insets_animation#5970 (Mirror)#5973](this:0xb400007deee747b8,id:-1,api:0,p:-1,c:-1) id info cannot be read from 'Surface(name=2bcb1b9 NavigationBar0)/@0xd91b1cc - animation-leash of insets_animation#5970 (Mirror)#5973'
09-20 23:11:27.630  1618  2289 E OpenGLRenderer: Device claims wide gamut support, cannot find matching config, error = EGL_SUCCESS
09-20 23:11:27.929   710   795 E UxUtility: notifyAppState error = NULL
09-20 23:11:28.150  1789  2321 E bt_stack: [ERROR:com_android_bluetooth_btservice_ActivityAttribution.cpp(172)] Failed to get ActivityAttribution Interface
09-20 23:11:29.003  1582  1582 E WifiHAL : handleResponse: data=0xb4000075c6e306b0, len=392
09-20 23:11:29.003  1582  1582 E android.hardware.wifi@1.0-service-lazy: Invalid radio stats in link layer stats
09-20 23:11:29.004  1362  1518 E WifiStaIfaceHidlImpl: getLinkLayerStatsV1_5 failed with status: {.code = ERROR_UNKNOWN, .description = unknown}
09-20 23:11:30.820   715  1507 E BufferQueueDebug: [Task=53#5974](this:0xb400007deee93ce8,id:-1,api:0,p:-1,c:-1) id info cannot be read from 'Task=53#5974'
09-20 23:11:30.826   715  1507 E BufferQueueDebug: [ActivityRecord{61deb4a u0 com.omnilypro.pos/.MainActivityFinal#5975](this:0xb400007deeeb0488,id:-1,api:0,p:-1,c:-1) id info cannot be read from 'ActivityRecord{61deb4a u0 com.omnilypro.pos/.MainActivityFinal#5975'
09-20 23:11:30.835   715   715 E BufferQueueDebug: [Task=53#5974 (Mirror)#5976](this:0xb400007deee2a718,id:-1,api:0,p:-1,c:-1) id info cannot be read from 'Task=53#5974 (Mirror)#5976'
09-20 23:11:30.835   715   715 E BufferQueueDebug: [ActivityRecord{61deb4a u0 com.omnilypro.pos/.MainActivityFinal#5975 (Mirror)#5977](this:0xb400007deef47358,id:-1,api:0,p:-1,c:-1) id info cannot be read from 'ActivityRecord{61deb4a u0 com.omnilypro.pos/.MainActivityFinal#5975 (Mirror)#5977'
09-20 23:11:30.849  1362  1421 E system_server: updateValue is called with a value {0, 0, 0, 0, 0, 0, 0, 0, 0, 0, 0, 0, 0, 0, 0, 0, 0, 0, 0, 0, 0, 0, 0, 0, 0, 0, 0, 0, 0, 0, 0, 0}, which is lower than the previous value {91, 47, 38, 39, 44, 71, 92, 148, 59, 38, 32, 54, 112, 57, 65, 626, 36, 113, 138, 87, 69, 22, 20, 24, 80, 4, 5, 12, 19, 65, 40, 1181}
09-20 23:11:30.849  1362  1421 E system_server: updateValue is called with a value {0, 0, 0, 0, 0, 0, 0, 0, 0, 0, 0, 0, 0, 0, 0, 0, 0, 0, 0, 0, 0, 0, 0, 0, 0, 0, 0, 0, 0, 0, 0, 0}, which is lower than the previous value {2478, 161, 152, 121, 143, 91, 120, 70, 33, 11, 28, 25, 28, 45, 56, 264, 140, 295, 36, 7, 3, 11, 4, 38, 12, 11, 8, 1, 56, 70, 46, 757}
09-20 23:11:30.863   715   823 E BufferQueueDebug: [4827797 Splash Screen com.omnilypro.pos#5978](this:0xb400007deedd7dc8,id:-1,api:0,p:-1,c:-1) id info cannot be read from '4827797 Splash Screen com.omnilypro.pos#5978'
09-20 23:11:30.863  1362  1396 E MBrainLocalService: MBrainJava launch failed: SecurityException
09-20 23:11:30.869   715   715 E BufferQueueDebug: [4827797 Splash Screen com.omnilypro.pos#5978 (Mirror)#5979](this:0xb400007deeddd8e8,id:-1,api:0,p:-1,c:-1) id info cannot be read from '4827797 Splash Screen com.omnilypro.pos#5978 (Mirror)#5979'
09-20 23:11:30.872   715  1507 E BufferQueueDebug: [Splash Screen com.omnilypro.pos#5980](this:0xb400007deee5db38,id:-1,api:0,p:-1,c:-1) id info cannot be read from 'Splash Screen com.omnilypro.pos#5980'
09-20 23:11:30.881  1618  1690 E OpenGLRenderer: Unable to match the desired swap behavior.
09-20 23:11:30.886   715   715 E BufferQueueDebug: [Splash Screen com.omnilypro.pos#5980 (Mirror)#5981](this:0xb400007deed8af98,id:-1,api:0,p:-1,c:-1) id info cannot be read from 'Splash Screen com.omnilypro.pos#5980 (Mirror)#5981'
09-20 23:11:30.898   715   823 E BufferQueueDebug: [Transition Root: Task=53#5982](this:0xb400007deeea7bd8,id:-1,api:0,p:-1,c:-1) id info cannot be read from 'Transition Root: Task=53#5982'
09-20 23:11:30.903   715   715 E BufferQueueDebug: [Transition Root: Task=53#5982 (Mirror)#5983](this:0xb400007deef306d8,id:-1,api:0,p:-1,c:-1) id info cannot be read from 'Transition Root: Task=53#5982 (Mirror)#5983'
09-20 23:11:30.905   715   823 E BufferQueueDebug: [Surface(name=2bcb1b9 NavigationBar0)/@0xd91b1cc - animation-leash of insets_animation#5984](this:0xb400007deef2d948,id:-1,api:0,p:-1,c:-1) id info cannot be read from 'Surface(name=2bcb1b9 NavigationBar0)/@0xd91b1cc - animation-leash of insets_animation#5984'
09-20 23:11:30.907   715  1507 E BufferQueueDebug: [Surface(name=7421fc9 StatusBar)/@0xafd0c15 - animation-leash of insets_animation#5985](this:0xb400007deef13f38,id:-1,api:0,p:-1,c:-1) id info cannot be read from 'Surface(name=7421fc9 StatusBar)/@0xafd0c15 - animation-leash of insets_animation#5985'
09-20 23:11:30.908   715  1956 E BufferQueueDebug: [Surface(name=Task=53)/@0xa52c820_transition-leash#5986](this:0xb400007deee85918,id:-1,api:0,p:-1,c:-1) id info cannot be read from 'Surface(name=Task=53)/@0xa52c820_transition-leash#5986'
09-20 23:11:30.909   715  1956 E BufferQueueDebug: [Surface(name=Task=1)/@0x736b9e_transition-leash#5988](this:0xb400007deee886a8,id:-1,api:0,p:-1,c:-1) id info cannot be read from 'Surface(name=Task=1)/@0x736b9e_transition-leash#5988'
09-20 23:11:30.909   715  1507 E BufferQueueDebug: [1bc68b5 ActivityRecordInputSink com.omnilypro.pos/.MainActivityFinal#5987](this:0xb400007deef445c8,id:-1,api:0,p:-1,c:-1) id info cannot be read from '1bc68b5 ActivityRecordInputSink com.omnilypro.pos/.MainActivityFinal#5987'
09-20 23:11:30.911   715  1956 E LayerState: Stripped attempt to set eInputInfoChanged in sanitize
09-20 23:11:30.922   715   715 E BufferQueueDebug: [Surface(name=Task=1)/@0x736b9e_transition-leash#5988 (Mirror)#5989](this:0xb400007deef71ec8,id:-1,api:0,p:-1,c:-1) id info cannot be read from 'Surface(name=Task=1)/@0x736b9e_transition-leash#5988 (Mirror)#5989'
09-20 23:11:30.923   715   715 E BufferQueueDebug: [Surface(name=Task=53)/@0xa52c820_transition-leash#5986 (Mirror)#5990](this:0xb400007deef5dfd8,id:-1,api:0,p:-1,c:-1) id info cannot be read from 'Surface(name=Task=53)/@0xa52c820_transition-leash#5986 (Mirror)#5990'
09-20 23:11:30.923   715   715 E BufferQueueDebug: [1bc68b5 ActivityRecordInputSink com.omnilypro.pos/.MainActivityFinal#5987 (Mirror)#5991](this:0xb400007deef4fc08,id:-1,api:0,p:-1,c:-1) id info cannot be read from '1bc68b5 ActivityRecordInputSink com.omnilypro.pos/.MainActivityFinal#5987 (Mirror)#5991'
09-20 23:11:30.923   715   715 E BufferQueueDebug: [Surface(name=7421fc9 StatusBar)/@0xafd0c15 - animation-leash of insets_animation#5985 (Mirror)#5992](this:0xb400007deeeeeee8,id:-1,api:0,p:-1,c:-1) id info cannot be read from 'Surface(name=7421fc9 StatusBar)/@0xafd0c15 - animation-leash of insets_animation#5985 (Mirror)#5992'
09-20 23:11:30.923   715   715 E BufferQueueDebug: [Surface(name=2bcb1b9 NavigationBar0)/@0xd91b1cc - animation-leash of insets_animation#5984 (Mirror)#5993](this:0xb400007deeedaff8,id:-1,api:0,p:-1,c:-1) id info cannot be read from 'Surface(name=2bcb1b9 NavigationBar0)/@0xd91b1cc - animation-leash of insets_animation#5984 (Mirror)#5993'
09-20 23:11:30.950  1362  1362 E MBrainLocalService: notifyAppSwitch failed
09-20 23:11:30.950   710   795 E UxUtility: notifyAppState error = NULL
09-20 23:11:30.963  1362  1396 E MBrainLocalService: MBrainJava launch failed: SecurityException
09-20 23:11:31.023  1362  1422 E KernelCpuSpeedReader: Failed to read cpu-freq: /sys/devices/system/cpu/cpu0/cpufreq/stats/time_in_state: open failed: ENOENT (No such file or directory)
09-20 23:11:31.046   504  2049 E android.system.suspend-service: Error opening kernel wakelock stats for: wakeup102 (../../devices/platform/15028000.dpe/wakeup/wakeup102): Permission denied
09-20 23:11:31.046   504  2049 E android.system.suspend-service: Error opening kernel wakelock stats for: wakeup99 (../../devices/platform/15029000.rsc/wakeup/wakeup99): Permission denied
09-20 23:11:31.055   504  2049 E android.system.suspend-service: Error opening kernel wakelock stats for: wakeup100 (../../devices/platform/1502a000.wpe_a/wakeup/wakeup100): Permission denied
09-20 23:11:31.061   504  2049 E android.system.suspend-service: Error opening kernel wakelock stats for: wakeup137 (../../devices/platform/11017000.i2c/i2c-5/5-002f/wakeup/wakeup137): Permission denied
09-20 23:11:31.067   504  2049 E android.system.suspend-service: Error opening kernel wakelock stats for: wakeup135 (../../devices/platform/11017000.i2c/i2c-5/5-006b/power_supply/sgm41528/wakeup135): Permission denied
09-20 23:11:31.077   504  2049 E android.system.suspend-service: Error opening kernel wakelock stats for: wakeup103 (../../devices/platform/1502e000.mfb/wakeup/wakeup103): Permission denied
09-20 23:11:31.082   504  2049 E android.system.suspend-service: Error opening kernel wakelock stats for: wakeup101 (../../devices/platform/1502a000.wpe_a/wakeup/wakeup101): Permission denied
09-20 23:11:31.082   504  2049 E android.system.suspend-service: Error opening kernel wakelock stats for: wakeup98 (../../devices/platform/1a000000.camsys1/wakeup/wakeup98): Permission denied
09-20 23:11:31.084   504  2049 E android.system.suspend-service: Error opening kernel wakelock stats for: wakeup138 (../../devices/platform/11017000.i2c/i2c-5/5-002f/power_supply/oz8806/wakeup138): Permission denied
09-20 23:11:31.388 17352 17352 D OmnilyPOS: Starting OMNILY POS with Dual Screen
09-20 23:11:31.445 17352 17352 D OmnilyPOS: Splash screen leggera mostrata - barra 4px
09-20 23:11:31.470 17352 17352 D OmnilyPOS: ZCS SDK initialized successfully.
09-20 23:11:31.487   715  1956 E BufferQueueDebug: [ActivityRecord{db66638 u0 com.google.android.permissioncontroller/com.android.permissioncontroller.permission.ui.GrantPermissionsActivity#5994](this:0xb400007deeea7bd8,id:-1,api:0,p:-1,c:-1) id info cannot be read from 'ActivityRecord{db66638 u0 com.google.android.permissioncontroller/com.android.permissioncontroller.permission.ui.GrantPermissionsActivity#5994'
09-20 23:11:31.488   715   715 E BufferQueueDebug: [ActivityRecord{db66638 u0 com.google.android.permissioncontroller/com.android.permissioncontroller.permission.ui.GrantPermissionsActivity#5994 (Mirror)#5995](this:0xb400007deedcf518,id:-1,api:0,p:-1,c:-1) id info cannot be read from 'ActivityRecord{db66638 u0 com.google.android.permissioncontroller/com.android.permissioncontroller.permission.ui.GrantPermissionsActivity#5994 (Mirror)#5995'
09-20 23:11:31.496  1362  1362 E MBrainLocalService: notifyAppSwitch failed
09-20 23:11:31.499  1362  1451 E Transition: Trying to add a ready-group twice: Display{#0 state=ON size=800x1280 ROTATION_0}
09-20 23:11:31.680 17396 17396 E libc    : SetHeapTaggingLevel: re-enabling tagging after it was disabled is not supported
09-20 23:11:31.692 17396 17396 E ocessService0:0: Not starting debugger since process cannot load the jdwp agent.
09-20 23:11:32.003  1362  1362 E MBrainLocalService: notifyAppSwitch failed
09-20 23:11:32.003   710   795 E UxUtility: notifyAppState error = NULL
09-20 23:11:32.012  1362  1396 E MBrainLocalService: MBrainJava launch failed: SecurityException
09-20 23:11:32.020  1582  1582 E WifiHAL : handleResponse: data=0xb4000075c6e306b0, len=392
09-20 23:11:32.020  1582  1582 E android.hardware.wifi@1.0-service-lazy: Invalid radio stats in link layer stats
09-20 23:11:32.021  1362  1518 E WifiStaIfaceHidlImpl: getLinkLayerStatsV1_5 failed with status: {.code = ERROR_UNKNOWN, .description = unknown}
09-20 23:11:32.083   715  1507 E BufferQueueDebug: [WindowToken{c52fa7d type=2037 android.os.BinderProxy@86ff40d}#5996](this:0xb400007deee55288,id:-1,api:0,p:-1,c:-1) id info cannot be read from 'WindowToken{c52fa7d type=2037 android.os.BinderProxy@86ff40d}#5996'
09-20 23:11:32.088   715  1507 E BufferQueueDebug: [30eae27 com.omnilypro.pos#5997](this:0xb400007deedf72f8,id:-1,api:0,p:-1,c:-1) id info cannot be read from '30eae27 com.omnilypro.pos#5997'
09-20 23:11:32.095 17352 17352 D OmnilyPOS: Customer display initialized on: Schermo HDMI
09-20 23:11:32.118   715  1956 E BufferQueueDebug: [9ae05c3 com.google.android.permissioncontroller/com.android.permissioncontroller.permission.ui.GrantPermissionsActivity#5998](this:0xb400007deed8dd28,id:-1,api:0,p:-1,c:-1) id info cannot be read from '9ae05c3 com.google.android.permissioncontroller/com.android.permissioncontroller.permission.ui.GrantPermissionsActivity#5998'
09-20 23:11:32.131   715   715 E BufferQueueDebug: [9ae05c3 com.google.android.permissioncontroller/com.android.permissioncontroller.permission.ui.GrantPermissionsActivity#5998 (Mirror)#5999](this:0xb400007deee747b8,id:-1,api:0,p:-1,c:-1) id info cannot be read from '9ae05c3 com.google.android.permissioncontroller/com.android.permissioncontroller.permission.ui.GrantPermissionsActivity#5998 (Mirror)#5999'
09-20 23:11:32.158   715  1507 E BufferQueueDebug: [c613b1f com.omnilypro.pos/com.omnilypro.pos.MainActivityFinal#6000](this:0xb400007deeefd2b8,id:-1,api:0,p:-1,c:-1) id info cannot be read from 'c613b1f com.omnilypro.pos/com.omnilypro.pos.MainActivityFinal#6000'
09-20 23:11:32.170   715   715 E BufferQueueDebug: [c613b1f com.omnilypro.pos/com.omnilypro.pos.MainActivityFinal#6000 (Mirror)#6001](this:0xb400007deee886a8,id:-1,api:0,p:-1,c:-1) id info cannot be read from 'c613b1f com.omnilypro.pos/com.omnilypro.pos.MainActivityFinal#6000 (Mirror)#6001'
09-20 23:11:32.188  1362  1362 E MBrainLocalService: notifyAppSwitch failed
09-20 23:11:32.199   715  1507 E BufferQueueDebug: [com.google.android.permissioncontroller/com.android.permissioncontroller.permission.ui.GrantPermissionsActivity#6002](this:0xb400007deef71ec8,id:-1,api:0,p:-1,c:-1) id info cannot be read from 'com.google.android.permissioncontroller/com.android.permissioncontroller.permission.ui.GrantPermissionsActivity#6002'
09-20 23:11:32.209   715   715 E BufferQueueDebug: [com.google.android.permissioncontroller/com.android.permissioncontroller.permission.ui.GrantPermissionsActivity#6002 (Mirror)#6003](this:0xb400007deef306d8,id:-1,api:0,p:-1,c:-1) id info cannot be read from 'com.google.android.permissioncontroller/com.android.permissioncontroller.permission.ui.GrantPermissionsActivity#6002 (Mirror)#6003'
09-20 23:11:32.227   710   795 E UxUtility: notifyAppState error = NULL
09-20 23:11:32.228  1362  1362 E MBrainLocalService: notifyAppSwitch failed
09-20 23:11:32.233  1362  1396 E MBrainLocalService: MBrainJava launch failed: SecurityException
09-20 23:11:32.255   715  1507 E BufferQueueDebug: [#6004](this:0xb400007deee85918,id:-1,api:0,p:-1,c:-1) id info cannot be read from '#6004'
09-20 23:11:32.269 17352 17352 E FBI     : Can't load library: dlopen failed: library "libmagtsync.so" not found
09-20 23:11:32.272 17352 17380 E OpenGLRenderer: Device claims wide gamut support, cannot find matching config, error = EGL_SUCCESS
09-20 23:11:32.280   715  1956 E HWComposer: getSupportedContentTypes: getSupportedContentTypes failed for display 0: Unsupported (8)
09-20 23:11:32.282   715  1507 E HWComposer: getSupportedContentTypes: getSupportedContentTypes failed for display 1: Unsupported (8)
09-20 23:11:32.283 17352 17380 E OpenGLRenderer: Unable to match the desired swap behavior.
09-20 23:11:32.293 17352 17471 E ion     : ioctl c0044901 failed with code -1: Invalid argument
09-20 23:11:32.350   715  1956 E BufferQueueDebug: [com.omnilypro.pos/com.omnilypro.pos.MainActivityFinal#6005](this:0xb400007deef5dfd8,id:-1,api:0,p:-1,c:-1) id info cannot be read from 'com.omnilypro.pos/com.omnilypro.pos.MainActivityFinal#6005'
09-20 23:11:32.359   715  1956 E BufferQueueDebug: [Surface(name=2bcb1b9 NavigationBar0)/@0xd91b1cc - animation-leash of insets_animation#6006](this:0xb400007deef3bd18,id:-1,api:0,p:-1,c:-1) id info cannot be read from 'Surface(name=2bcb1b9 NavigationBar0)/@0xd91b1cc - animation-leash of insets_animation#6006'
09-20 23:11:32.361   715  1956 E BufferQueueDebug: [Surface(name=7421fc9 StatusBar)/@0xafd0c15 - animation-leash of insets_animation#6007](this:0xb400007deef6f138,id:-1,api:0,p:-1,c:-1) id info cannot be read from 'Surface(name=7421fc9 StatusBar)/@0xafd0c15 - animation-leash of insets_animation#6007'
09-20 23:11:32.370 17352 17380 E OpenGLRenderer: Unable to match the desired swap behavior.
09-20 23:11:32.404   715   822 E BufferQueueDebug: [Surface(name=c613b1f com.omnilypro.pos/com.omnilypro.pos.MainActivityFinal)/@0xf4fb915 - animation-leash of starting_reveal#6008](this:0xb400007deef2d948,id:-1,api:0,p:-1,c:-1) id info cannot be read from 'Surface(name=c613b1f com.omnilypro.pos/com.omnilypro.pos.MainActivityFinal)/@0xf4fb915 - animation-leash of starting_reveal#6008'
09-20 23:11:32.415 17352 17352 W OmnilyPOS: Non tutti i permessi hardware sono stati concessi - alcune funzioni ZCS potrebbero essere limitate
09-20 23:11:32.444  1362  1362 E MBrainLocalService: notifyAppSwitch failed
09-20 23:11:32.447  1362  1362 E MBrainLocalService: notifyAppSwitch failed
09-20 23:11:32.452   715  1956 E BufferQueueDebug: [Surface(name=1dd6874 InputMethod)/@0x9e9b612 - animation-leash of insets_animation#6009](this:0xb400007deef13f38,id:-1,api:0,p:-1,c:-1) id info cannot be read from 'Surface(name=1dd6874 InputMethod)/@0x9e9b612 - animation-leash of insets_animation#6009'
09-20 23:11:32.720 17352 17352 D OmnilyPOS: Customer display page loaded: https://omnilypro.vercel.app/?posomnily=true&customer=true
09-20 23:11:32.818   715   823 E BufferQueueDebug: [Surface(name=4827797 Splash Screen com.omnilypro.pos)/@0x8aa6fc - animation-leash of window_animation#6010](this:0xb400007deeefa528,id:-1,api:0,p:-1,c:-1) id info cannot be read from 'Surface(name=4827797 Splash Screen com.omnilypro.pos)/@0x8aa6fc - animation-leash of window_animation#6010'
09-20 23:11:32.857 17352 17380 E GPUAUX  : [AUX]GuiExtAuxCheckAuxPath:670: Null anb
09-20 23:11:32.857 17352 17380 E GPUAUX  : [AUX]GuiExtAuxCheckAuxPath:670: Null anb
09-20 23:11:32.930   710   795 E UxUtility: notifyAppState error = NULL
09-20 23:11:33.840 17352 17380 E GPUAUX  : [AUX]GuiExtAuxCheckAuxPath:670: Null anb
09-20 23:11:33.930   710   795 E UxUtility: notifyAppState error = NULL
09-20 23:11:34.840 17352 17380 E GPUAUX  : [AUX]GuiExtAuxCheckAuxPath:670: Null anb
09-20 23:11:35.030  1582  1582 E WifiHAL : handleResponse: data=0xb4000075c6e306b0, len=392
09-20 23:11:35.030  1582  1582 E android.hardware.wifi@1.0-service-lazy: Invalid radio stats in link layer stats
09-20 23:11:35.032  1362  1518 E WifiStaIfaceHidlImpl: getLinkLayerStatsV1_5 failed with status: {.code = ERROR_UNKNOWN, .description = unknown}
09-20 23:11:35.116 17352 17352 D OmnilyPOS: MAIN DISPLAY: Loading homepage for operator login
09-20 23:11:35.210 17352 17352 D OmnilyPOS: Page started loading: https://omnilypro.vercel.app/?posomnily=true&v=1758402695095
09-20 23:11:35.373 17352 17352 D OmnilyPOS: Page loaded: https://omnilypro.vercel.app/?posomnily=true&v=1758402695095
09-20 23:11:35.375 17352 17352 D OmnilyPOS: POS MODE detected - already on login page!
09-20 23:11:35.382 17352 17352 D OmnilyPOS: Page loaded: https://omnilypro.vercel.app/?posomnily=true&v=1758402695095
09-20 23:11:35.384 17352 17352 D OmnilyPOS: POS MODE detected - already on login page!
09-20 23:11:35.465 17352 17456 D OmnilyPOS: NFC callback registered: omnilyNFCResultHandler
09-20 23:11:35.841 17352 17380 E GPUAUX  : [AUX]GuiExtAuxCheckAuxPath:670: Null anb
09-20 23:11:35.885 17352 17352 D OmnilyPOS: POS login page ready - showing WebView!
09-20 23:11:35.915 17352 17352 D OmnilyPOS: POS login page ready - showing WebView!
09-20 23:11:35.920 17396 17455 E chromium: [ERROR:cc/tiles/tile_manager.cc:1005] WARNING: tile memory limits exceeded, some content may not draw
09-20 23:11:35.921 17396 17455 E chromium: [ERROR:cc/tiles/tile_manager.cc:1005] WARNING: tile memory limits exceeded, some content may not draw
09-20 23:11:35.930   710   795 E UxUtility: notifyAppState error = NULL
09-20 23:11:36.015 17352 17380 E GPUAUX  : [AUX]GuiExtAuxCheckAuxPath:670: Null anb
09-20 23:11:36.016 17352 17380 E GPUAUX  : [AUX]GuiExtAuxCheckAuxPath:670: Null anb
09-20 23:11:36.016 17352 17380 E GPUAUX  : [AUX]GuiExtAuxCheckAuxPath:670: Null anb
09-20 23:11:36.016 17352 17380 E GPUAUX  : [AUX]GuiExtAuxCheckAuxPath:670: Null anb
09-20 23:11:36.016 17352 17380 E GPUAUX  : [AUX]GuiExtAuxCheckAuxPath:670: Null anb
09-20 23:11:36.016 17352 17380 E GPUAUX  : [AUX]GuiExtAuxCheckAuxPath:670: Null anb
09-20 23:11:36.016 17352 17380 E GPUAUX  : [AUX]GuiExtAuxCheckAuxPath:670: Null anb
09-20 23:11:36.016 17352 17380 E GPUAUX  : [AUX]GuiExtAuxCheckAuxPath:670: Null anb
09-20 23:11:36.017 17352 17380 E GPUAUX  : [AUX]GuiExtAuxCheckAuxPath:670: Null anb
09-20 23:11:36.017 17352 17380 E GPUAUX  : [AUX]GuiExtAuxCheckAuxPath:670: Null anb
09-20 23:11:36.063 17352 17380 E GPUAUX  : [AUX]GuiExtAuxCheckAuxPath:670: Null anb
09-20 23:11:36.063 17352 17380 E GPUAUX  : [AUX]GuiExtAuxCheckAuxPath:670: Null anb
09-20 23:11:36.091 17352 17380 E GPUAUX  : [AUX]GuiExtAuxCheckAuxPath:670: Null anb
09-20 23:11:36.091 17352 17380 E GPUAUX  : [AUX]GuiExtAuxCheckAuxPath:670: Null anb
09-20 23:11:36.091 17352 17380 E GPUAUX  : [AUX]GuiExtAuxCheckAuxPath:670: Null anb
09-20 23:11:36.091 17352 17380 E GPUAUX  : [AUX]GuiExtAuxCheckAuxPath:670: Null anb
09-20 23:11:36.091 17352 17380 E GPUAUX  : [AUX]GuiExtAuxCheckAuxPath:670: Null anb
09-20 23:11:36.091 17352 17380 E GPUAUX  : [AUX]GuiExtAuxCheckAuxPath:670: Null anb
09-20 23:11:36.092 17352 17380 E GPUAUX  : [AUX]GuiExtAuxCheckAuxPath:670: Null anb
09-20 23:11:36.092 17352 17380 E GPUAUX  : [AUX]GuiExtAuxCheckAuxPath:670: Null anb
09-20 23:11:36.092 17352 17380 E GPUAUX  : [AUX]GuiExtAuxCheckAuxPath:670: Null anb
09-20 23:11:36.092 17352 17380 E GPUAUX  : [AUX]GuiExtAuxCheckAuxPath:670: Null anb
09-20 23:11:36.092 17352 17380 E GPUAUX  : [AUX]GuiExtAuxCheckAuxPath:670: Null anb
09-20 23:11:36.092 17352 17380 E GPUAUX  : [AUX]GuiExtAuxCheckAuxPath:670: Null anb
09-20 23:11:36.092 17352 17380 E GPUAUX  : [AUX]GuiExtAuxCheckAuxPath:670: Null anb
09-20 23:11:36.092 17352 17380 E GPUAUX  : [AUX]GuiExtAuxCheckAuxPath:670: Null anb
09-20 23:11:36.120 17352 17380 E GPUAUX  : [AUX]GuiExtAuxCheckAuxPath:670: Null anb
09-20 23:11:36.121 17352 17380 E GPUAUX  : [AUX]GuiExtAuxCheckAuxPath:670: Null anb
09-20 23:11:36.121 17352 17380 E GPUAUX  : [AUX]GuiExtAuxCheckAuxPath:670: Null anb
09-20 23:11:36.121 17352 17380 E GPUAUX  : [AUX]GuiExtAuxCheckAuxPath:670: Null anb
09-20 23:11:36.121 17352 17380 E GPUAUX  : [AUX]GuiExtAuxCheckAuxPath:670: Null anb
09-20 23:11:36.121 17352 17380 E GPUAUX  : [AUX]GuiExtAuxCheckAuxPath:670: Null anb
09-20 23:11:36.121 17352 17380 E GPUAUX  : [AUX]GuiExtAuxCheckAuxPath:670: Null anb
09-20 23:11:36.122 17352 17380 E GPUAUX  : [AUX]GuiExtAuxCheckAuxPath:670: Null anb
09-20 23:11:36.166 17352 17380 E GPUAUX  : [AUX]GuiExtAuxCheckAuxPath:670: Null anb
09-20 23:11:36.166 17352 17380 E GPUAUX  : [AUX]GuiExtAuxCheckAuxPath:670: Null anb
09-20 23:11:36.168 17352 17380 E GPUAUX  : [AUX]GuiExtAuxCheckAuxPath:670: Null anb
09-20 23:11:36.168 17352 17380 E GPUAUX  : [AUX]GuiExtAuxCheckAuxPath:670: Null anb
09-20 23:11:36.168 17352 17380 E GPUAUX  : [AUX]GuiExtAuxCheckAuxPath:670: Null anb
09-20 23:11:36.168 17352 17380 E GPUAUX  : [AUX]GuiExtAuxCheckAuxPath:670: Null anb
09-20 23:11:36.169 17352 17380 E GPUAUX  : [AUX]GuiExtAuxCheckAuxPath:670: Null anb
09-20 23:11:36.169 17352 17380 E GPUAUX  : [AUX]GuiExtAuxCheckAuxPath:670: Null anb
09-20 23:11:36.169 17352 17380 E GPUAUX  : [AUX]GuiExtAuxCheckAuxPath:670: Null anb
09-20 23:11:36.169 17352 17380 E GPUAUX  : [AUX]GuiExtAuxCheckAuxPath:670: Null anb
09-20 23:11:36.189 17352 17380 E GPUAUX  : [AUX]GuiExtAuxCheckAuxPath:670: Null anb
09-20 23:11:36.189 17352 17380 E GPUAUX  : [AUX]GuiExtAuxCheckAuxPath:670: Null anb
09-20 23:11:36.190 17352 17380 E GPUAUX  : [AUX]GuiExtAuxCheckAuxPath:670: Null anb
09-20 23:11:36.190 17352 17380 E GPUAUX  : [AUX]GuiExtAuxCheckAuxPath:670: Null anb
09-20 23:11:36.190 17352 17380 E GPUAUX  : [AUX]GuiExtAuxCheckAuxPath:670: Null anb
09-20 23:11:36.190 17352 17380 E GPUAUX  : [AUX]GuiExtAuxCheckAuxPath:670: Null anb
09-20 23:11:36.190 17352 17380 E GPUAUX  : [AUX]GuiExtAuxCheckAuxPath:670: Null anb
09-20 23:11:36.190 17352 17380 E GPUAUX  : [AUX]GuiExtAuxCheckAuxPath:670: Null anb
09-20 23:11:36.191 17352 17380 E GPUAUX  : [AUX]GuiExtAuxCheckAuxPath:670: Null anb
09-20 23:11:36.191 17352 17380 E GPUAUX  : [AUX]GuiExtAuxCheckAuxPath:670: Null anb
09-20 23:11:36.208 17352 17380 E GPUAUX  : [AUX]GuiExtAuxCheckAuxPath:670: Null anb
09-20 23:11:36.208 17352 17380 E GPUAUX  : [AUX]GuiExtAuxCheckAuxPath:670: Null anb
09-20 23:11:36.209 17352 17380 E GPUAUX  : [AUX]GuiExtAuxCheckAuxPath:670: Null anb
09-20 23:11:36.209 17352 17380 E GPUAUX  : [AUX]GuiExtAuxCheckAuxPath:670: Null anb
09-20 23:11:36.209 17352 17380 E GPUAUX  : [AUX]GuiExtAuxCheckAuxPath:670: Null anb
09-20 23:11:36.209 17352 17380 E GPUAUX  : [AUX]GuiExtAuxCheckAuxPath:670: Null anb
09-20 23:11:36.209 17352 17380 E GPUAUX  : [AUX]GuiExtAuxCheckAuxPath:670: Null anb
09-20 23:11:36.209 17352 17380 E GPUAUX  : [AUX]GuiExtAuxCheckAuxPath:670: Null anb
09-20 23:11:36.209 17352 17380 E GPUAUX  : [AUX]GuiExtAuxCheckAuxPath:670: Null anb
09-20 23:11:36.210 17352 17380 E GPUAUX  : [AUX]GuiExtAuxCheckAuxPath:670: Null anb
09-20 23:11:36.224 17352 17380 E GPUAUX  : [AUX]GuiExtAuxCheckAuxPath:670: Null anb
09-20 23:11:36.226 17352 17380 E GPUAUX  : [AUX]GuiExtAuxCheckAuxPath:670: Null anb
09-20 23:11:36.244 17352 17380 E GPUAUX  : [AUX]GuiExtAuxCheckAuxPath:670: Null anb
09-20 23:11:36.244 17352 17380 E GPUAUX  : [AUX]GuiExtAuxCheckAuxPath:670: Null anb
09-20 23:11:36.244 17352 17380 E GPUAUX  : [AUX]GuiExtAuxCheckAuxPath:670: Null anb
09-20 23:11:36.244 17352 17380 E GPUAUX  : [AUX]GuiExtAuxCheckAuxPath:670: Null anb
09-20 23:11:36.244 17352 17380 E GPUAUX  : [AUX]GuiExtAuxCheckAuxPath:670: Null anb
09-20 23:11:36.245 17352 17380 E GPUAUX  : [AUX]GuiExtAuxCheckAuxPath:670: Null anb
09-20 23:11:36.245 17352 17380 E GPUAUX  : [AUX]GuiExtAuxCheckAuxPath:670: Null anb
09-20 23:11:36.245 17352 17380 E GPUAUX  : [AUX]GuiExtAuxCheckAuxPath:670: Null anb
09-20 23:11:36.839 17352 17380 E GPUAUX  : [AUX]GuiExtAuxCheckAuxPath:670: Null anb
09-20 23:11:36.932   710   795 E UxUtility: notifyAppState error = NULL
09-20 23:11:37.857 17352 17380 E GPUAUX  : [AUX]GuiExtAuxCheckAuxPath:670: Null anb
09-20 23:11:37.930 17352 17380 E GPUAUX  : [AUX]GuiExtAuxCheckAuxPath:670: Null anb
09-20 23:11:37.931 17352 17380 E GPUAUX  : [AUX]GuiExtAuxCheckAuxPath:670: Null anb
09-20 23:11:37.931 17352 17380 E GPUAUX  : [AUX]GuiExtAuxCheckAuxPath:670: Null anb
09-20 23:11:37.931 17352 17380 E GPUAUX  : [AUX]GuiExtAuxCheckAuxPath:670: Null anb
09-20 23:11:37.931 17352 17380 E GPUAUX  : [AUX]GuiExtAuxCheckAuxPath:670: Null anb
09-20 23:11:37.931 17352 17380 E GPUAUX  : [AUX]GuiExtAuxCheckAuxPath:670: Null anb
09-20 23:11:37.954 17352 17380 E GPUAUX  : [AUX]GuiExtAuxCheckAuxPath:670: Null anb
09-20 23:11:37.983 17352 17380 E GPUAUX  : [AUX]GuiExtAuxCheckAuxPath:670: Null anb
09-20 23:11:38.016 17352 17380 E GPUAUX  : [AUX]GuiExtAuxCheckAuxPath:670: Null anb
09-20 23:11:38.016 17352 17380 E GPUAUX  : [AUX]GuiExtAuxCheckAuxPath:670: Null anb
09-20 23:11:38.028 17352 17380 E GPUAUX  : [AUX]GuiExtAuxCheckAuxPath:670: Null anb
09-20 23:11:38.042  1582  1582 E WifiHAL : handleResponse: data=0xb4000075c6e306b0, len=392
09-20 23:11:38.042  1582  1582 E android.hardware.wifi@1.0-service-lazy: Invalid radio stats in link layer stats
09-20 23:11:38.043  1362  1518 E WifiStaIfaceHidlImpl: getLinkLayerStatsV1_5 failed with status: {.code = ERROR_UNKNOWN, .description = unknown}
09-20 23:11:38.044 17352 17380 E GPUAUX  : [AUX]GuiExtAuxCheckAuxPath:670: Null anb
09-20 23:11:38.044 17352 17380 E GPUAUX  : [AUX]GuiExtAuxCheckAuxPath:670: Null anb
09-20 23:11:38.056 17352 17380 E GPUAUX  : [AUX]GuiExtAuxCheckAuxPath:670: Null anb
09-20 23:11:38.073 17352 17380 E GPUAUX  : [AUX]GuiExtAuxCheckAuxPath:670: Null anb
09-20 23:11:38.090 17352 17380 E GPUAUX  : [AUX]GuiExtAuxCheckAuxPath:670: Null anb
09-20 23:11:38.107 17352 17380 E GPUAUX  : [AUX]GuiExtAuxCheckAuxPath:670: Null anb
09-20 23:11:38.122 17352 17380 E GPUAUX  : [AUX]GuiExtAuxCheckAuxPath:670: Null anb
09-20 23:11:38.139 17352 17380 E GPUAUX  : [AUX]GuiExtAuxCheckAuxPath:670: Null anb
09-20 23:11:38.156 17352 17380 E GPUAUX  : [AUX]GuiExtAuxCheckAuxPath:670: Null anb
09-20 23:11:38.174 17352 17380 E GPUAUX  : [AUX]GuiExtAuxCheckAuxPath:670: Null anb
09-20 23:11:38.189 17352 17380 E GPUAUX  : [AUX]GuiExtAuxCheckAuxPath:670: Null anb
09-20 23:11:38.839 17352 17380 E GPUAUX  : [AUX]GuiExtAuxCheckAuxPath:670: Null anb
09-20 23:11:39.136 17352 17380 E GPUAUX  : [AUX]GuiExtAuxCheckAuxPath:670: Null anb
09-20 23:11:39.136 17352 17380 E GPUAUX  : [AUX]GuiExtAuxCheckAuxPath:670: Null anb
09-20 23:11:39.136 17352 17380 E GPUAUX  : [AUX]GuiExtAuxCheckAuxPath:670: Null anb
09-20 23:11:39.136 17352 17380 E GPUAUX  : [AUX]GuiExtAuxCheckAuxPath:670: Null anb
09-20 23:11:39.136 17352 17380 E GPUAUX  : [AUX]GuiExtAuxCheckAuxPath:670: Null anb
09-20 23:11:39.187 17352 17380 E GPUAUX  : [AUX]GuiExtAuxCheckAuxPath:670: Null anb
09-20 23:11:39.187 17352 17380 E GPUAUX  : [AUX]GuiExtAuxCheckAuxPath:670: Null anb
09-20 23:11:39.187 17352 17380 E GPUAUX  : [AUX]GuiExtAuxCheckAuxPath:670: Null anb
09-20 23:11:39.187 17352 17380 E GPUAUX  : [AUX]GuiExtAuxCheckAuxPath:670: Null anb
09-20 23:11:39.187 17352 17380 E GPUAUX  : [AUX]GuiExtAuxCheckAuxPath:670: Null anb
09-20 23:11:39.187 17352 17380 E GPUAUX  : [AUX]GuiExtAuxCheckAuxPath:670: Null anb
09-20 23:11:39.187 17352 17380 E GPUAUX  : [AUX]GuiExtAuxCheckAuxPath:670: Null anb
09-20 23:11:39.195 17352 17380 E GPUAUX  : [AUX]GuiExtAuxCheckAuxPath:670: Null anb
09-20 23:11:39.196 17352 17380 E GPUAUX  : [AUX]GuiExtAuxCheckAuxPath:670: Null anb
09-20 23:11:39.196 17352 17380 E GPUAUX  : [AUX]GuiExtAuxCheckAuxPath:670: Null anb
09-20 23:11:39.206 17352 17380 E GPUAUX  : [AUX]GuiExtAuxCheckAuxPath:670: Null anb
09-20 23:11:39.206 17352 17380 E GPUAUX  : [AUX]GuiExtAuxCheckAuxPath:670: Null anb
09-20 23:11:39.206 17352 17380 E GPUAUX  : [AUX]GuiExtAuxCheckAuxPath:670: Null anb
09-20 23:11:39.219 17352 17380 E GPUAUX  : [AUX]GuiExtAuxCheckAuxPath:670: Null anb
09-20 23:11:39.219 17352 17380 E GPUAUX  : [AUX]GuiExtAuxCheckAuxPath:670: Null anb
09-20 23:11:39.220 17352 17380 E GPUAUX  : [AUX]GuiExtAuxCheckAuxPath:670: Null anb
09-20 23:11:39.231 17352 17380 E GPUAUX  : [AUX]GuiExtAuxCheckAuxPath:670: Null anb
09-20 23:11:39.232 17352 17380 E GPUAUX  : [AUX]GuiExtAuxCheckAuxPath:670: Null anb
09-20 23:11:39.232 17352 17380 E GPUAUX  : [AUX]GuiExtAuxCheckAuxPath:670: Null anb
09-20 23:11:39.232 17352 17380 E GPUAUX  : [AUX]GuiExtAuxCheckAuxPath:670: Null anb
09-20 23:11:39.245 17352 17380 E GPUAUX  : [AUX]GuiExtAuxCheckAuxPath:670: Null anb
09-20 23:11:39.245 17352 17380 E GPUAUX  : [AUX]GuiExtAuxCheckAuxPath:670: Null anb
09-20 23:11:39.245 17352 17380 E GPUAUX  : [AUX]GuiExtAuxCheckAuxPath:670: Null anb
09-20 23:11:39.245 17352 17380 E GPUAUX  : [AUX]GuiExtAuxCheckAuxPath:670: Null anb
09-20 23:11:39.262 17352 17380 E GPUAUX  : [AUX]GuiExtAuxCheckAuxPath:670: Null anb
09-20 23:11:39.262 17352 17380 E GPUAUX  : [AUX]GuiExtAuxCheckAuxPath:670: Null anb
09-20 23:11:39.262 17352 17380 E GPUAUX  : [AUX]GuiExtAuxCheckAuxPath:670: Null anb
09-20 23:11:39.262 17352 17380 E GPUAUX  : [AUX]GuiExtAuxCheckAuxPath:670: Null anb
09-20 23:11:39.262 17352 17380 E GPUAUX  : [AUX]GuiExtAuxCheckAuxPath:670: Null anb
09-20 23:11:39.279 17352 17380 E GPUAUX  : [AUX]GuiExtAuxCheckAuxPath:670: Null anb
09-20 23:11:39.279 17352 17380 E GPUAUX  : [AUX]GuiExtAuxCheckAuxPath:670: Null anb
09-20 23:11:39.279 17352 17380 E GPUAUX  : [AUX]GuiExtAuxCheckAuxPath:670: Null anb
09-20 23:11:39.294 17352 17380 E GPUAUX  : [AUX]GuiExtAuxCheckAuxPath:670: Null anb
09-20 23:11:39.295 17352 17380 E GPUAUX  : [AUX]GuiExtAuxCheckAuxPath:670: Null anb
09-20 23:11:39.311 17352 17380 E GPUAUX  : [AUX]GuiExtAuxCheckAuxPath:670: Null anb
09-20 23:11:39.312 17352 17380 E GPUAUX  : [AUX]GuiExtAuxCheckAuxPath:670: Null anb
09-20 23:11:39.312 17352 17380 E GPUAUX  : [AUX]GuiExtAuxCheckAuxPath:670: Null anb
09-20 23:11:39.329 17352 17380 E GPUAUX  : [AUX]GuiExtAuxCheckAuxPath:670: Null anb
09-20 23:11:39.329 17352 17380 E GPUAUX  : [AUX]GuiExtAuxCheckAuxPath:670: Null anb
09-20 23:11:39.347 17352 17380 E GPUAUX  : [AUX]GuiExtAuxCheckAuxPath:670: Null anb
09-20 23:11:39.347 17352 17380 E GPUAUX  : [AUX]GuiExtAuxCheckAuxPath:670: Null anb
09-20 23:11:39.347 17352 17380 E GPUAUX  : [AUX]GuiExtAuxCheckAuxPath:670: Null anb
09-20 23:11:39.362 17352 17380 E GPUAUX  : [AUX]GuiExtAuxCheckAuxPath:670: Null anb
09-20 23:11:39.362 17352 17380 E GPUAUX  : [AUX]GuiExtAuxCheckAuxPath:670: Null anb
09-20 23:11:39.362 17352 17380 E GPUAUX  : [AUX]GuiExtAuxCheckAuxPath:670: Null anb
09-20 23:11:39.362 17352 17380 E GPUAUX  : [AUX]GuiExtAuxCheckAuxPath:670: Null anb
09-20 23:11:39.378 17352 17380 E GPUAUX  : [AUX]GuiExtAuxCheckAuxPath:670: Null anb
09-20 23:11:39.378 17352 17380 E GPUAUX  : [AUX]GuiExtAuxCheckAuxPath:670: Null anb
09-20 23:11:39.378 17352 17380 E GPUAUX  : [AUX]GuiExtAuxCheckAuxPath:670: Null anb
09-20 23:11:39.395 17352 17380 E GPUAUX  : [AUX]GuiExtAuxCheckAuxPath:670: Null anb
09-20 23:11:39.395 17352 17380 E GPUAUX  : [AUX]GuiExtAuxCheckAuxPath:670: Null anb
09-20 23:11:39.395 17352 17380 E GPUAUX  : [AUX]GuiExtAuxCheckAuxPath:670: Null anb
09-20 23:11:39.428 17352 17380 E GPUAUX  : [AUX]GuiExtAuxCheckAuxPath:670: Null anb
09-20 23:11:39.428 17352 17380 E GPUAUX  : [AUX]GuiExtAuxCheckAuxPath:670: Null anb
09-20 23:11:39.428 17352 17380 E GPUAUX  : [AUX]GuiExtAuxCheckAuxPath:670: Null anb
09-20 23:11:39.840 17352 17380 E GPUAUX  : [AUX]GuiExtAuxCheckAuxPath:670: Null anb
09-20 23:11:40.841 17352 17380 E GPUAUX  : [AUX]GuiExtAuxCheckAuxPath:670: Null anb
09-20 23:11:40.932   710   795 E UxUtility: notifyAppState error = NULL
09-20 23:11:41.051  1582  1582 E WifiHAL : handleResponse: data=0xb4000075c6e306b0, len=392
09-20 23:11:41.051  1582  1582 E android.hardware.wifi@1.0-service-lazy: Invalid radio stats in link layer stats
09-20 23:11:41.051  1362  1518 E WifiStaIfaceHidlImpl: getLinkLayerStatsV1_5 failed with status: {.code = ERROR_UNKNOWN, .description = unknown}
09-20 23:11:41.835 17352 17380 E GPUAUX  : [AUX]GuiExtAuxCheckAuxPath:670: Null anb
09-20 23:11:42.186 17352 17380 E GPUAUX  : [AUX]GuiExtAuxCheckAuxPath:670: Null anb
09-20 23:11:42.186 17352 17380 E GPUAUX  : [AUX]GuiExtAuxCheckAuxPath:670: Null anb
09-20 23:11:42.186 17352 17380 E GPUAUX  : [AUX]GuiExtAuxCheckAuxPath:670: Null anb
09-20 23:11:42.186 17352 17380 E GPUAUX  : [AUX]GuiExtAuxCheckAuxPath:670: Null anb
09-20 23:11:42.186 17352 17380 E GPUAUX  : [AUX]GuiExtAuxCheckAuxPath:670: Null anb
09-20 23:11:42.194 17352 17380 E GPUAUX  : [AUX]GuiExtAuxCheckAuxPath:670: Null anb
09-20 23:11:42.203 17352 17380 E GPUAUX  : [AUX]GuiExtAuxCheckAuxPath:670: Null anb
09-20 23:11:42.203 17352 17380 E GPUAUX  : [AUX]GuiExtAuxCheckAuxPath:670: Null anb
09-20 23:11:42.229 17352 17486 D OmnilyPOS: searchCard command sent to SDK successfully.
09-20 23:11:42.230 17352 17380 E GPUAUX  : [AUX]GuiExtAuxCheckAuxPath:670: Null anb
09-20 23:11:42.231 17352 17380 E GPUAUX  : [AUX]GuiExtAuxCheckAuxPath:670: Null anb
09-20 23:11:42.237   715   822 E BufferQueueDebug: [WindowToken{8b049fb type=2005 android.os.Binder@e513f8a}#6011](this:0xb400007deedd7dc8,id:-1,api:0,p:-1,c:-1) id info cannot be read from 'WindowToken{8b049fb type=2005 android.os.Binder@e513f8a}#6011'
09-20 23:11:42.261 17352 17380 E GPUAUX  : [AUX]GuiExtAuxCheckAuxPath:670: Null anb
09-20 23:11:42.261 17352 17380 E GPUAUX  : [AUX]GuiExtAuxCheckAuxPath:670: Null anb
09-20 23:11:42.268   715   823 E BufferQueueDebug: [18bca56 Toast#6012](this:0xb400007deeda7738,id:-1,api:0,p:-1,c:-1) id info cannot be read from '18bca56 Toast#6012'
09-20 23:11:42.277 17352 17486 W OmnilyPOS: TIMEOUT: No card detected.
09-20 23:11:42.278 17352 17380 E GPUAUX  : [AUX]GuiExtAuxCheckAuxPath:670: Null anb
09-20 23:11:42.278 17352 17380 E GPUAUX  : [AUX]GuiExtAuxCheckAuxPath:670: Null anb
09-20 23:11:42.279 17352 17486 W OmnilyPOS: TIMEOUT: No card detected.
09-20 23:11:42.291 17352 17486 W OmnilyPOS: TIMEOUT: No card detected.
09-20 23:11:42.291 17352 17380 E GPUAUX  : [AUX]GuiExtAuxCheckAuxPath:670: Null anb
09-20 23:11:42.291 17352 17380 E GPUAUX  : [AUX]GuiExtAuxCheckAuxPath:670: Null anb
09-20 23:11:42.298   715   823 E BufferQueueDebug: [WindowToken{ef7fd73 type=2005 android.os.Binder@c1235e2}#6013](this:0xb400007deedcc788,id:-1,api:0,p:-1,c:-1) id info cannot be read from 'WindowToken{ef7fd73 type=2005 android.os.Binder@c1235e2}#6013'
09-20 23:11:42.300   715   823 E BufferQueueDebug: [Toast#6014](this:0xb400007deed8dd28,id:-1,api:0,p:-1,c:-1) id info cannot be read from 'Toast#6014'
09-20 23:11:42.313  1618  1690 E OpenGLRenderer: Unable to match the desired swap behavior.
09-20 23:11:42.314 17352 17380 E GPUAUX  : [AUX]GuiExtAuxCheckAuxPath:670: Null anb
09-20 23:11:42.315 17352 17380 E GPUAUX  : [AUX]GuiExtAuxCheckAuxPath:670: Null anb
09-20 23:11:42.317 17352 17486 W OmnilyPOS: TIMEOUT: No card detected.
09-20 23:11:42.318 17352 17486 W OmnilyPOS: TIMEOUT: No card detected.
09-20 23:11:42.352 17352 17486 W OmnilyPOS: TIMEOUT: No card detected.
09-20 23:11:42.353 17352 17486 W OmnilyPOS: TIMEOUT: No card detected.
09-20 23:11:42.388 17352 17486 W OmnilyPOS: TIMEOUT: No card detected.
09-20 23:11:42.389 17352 17486 W OmnilyPOS: TIMEOUT: No card detected.
09-20 23:11:42.391 17352 17486 W OmnilyPOS: TIMEOUT: No card detected.
09-20 23:11:42.392 17352 17486 W OmnilyPOS: TIMEOUT: No card detected.
09-20 23:11:42.392   715   822 E BufferQueueDebug: [ba1ce2e com.omnilypro.pos/com.omnilypro.pos.MainActivityFinal#6015](this:0xb400007deedad258,id:-1,api:0,p:-1,c:-1) id info cannot be read from 'ba1ce2e com.omnilypro.pos/com.omnilypro.pos.MainActivityFinal#6015'
09-20 23:11:42.393 17352 17486 W OmnilyPOS: TIMEOUT: No card detected.
09-20 23:11:42.393 17352 17486 W OmnilyPOS: TIMEOUT: No card detected.
09-20 23:11:42.393 17352 17486 W OmnilyPOS: TIMEOUT: No card detected.
09-20 23:11:42.394 17352 17486 W OmnilyPOS: TIMEOUT: No card detected.
09-20 23:11:42.394 17352 17486 W OmnilyPOS: TIMEOUT: No card detected.
09-20 23:11:42.395   715   823 E BufferQueueDebug: [Surface(name=2bcb1b9 NavigationBar0)/@0xd91b1cc - animation-leash of insets_animation#6016](this:0xb400007deee6bf08,id:-1,api:0,p:-1,c:-1) id info cannot be read from 'Surface(name=2bcb1b9 NavigationBar0)/@0xd91b1cc - animation-leash of insets_animation#6016'
09-20 23:11:42.395 17352 17486 W OmnilyPOS: TIMEOUT: No card detected.
09-20 23:11:42.395 17352 17486 W OmnilyPOS: TIMEOUT: No card detected.
09-20 23:11:42.395 17352 17486 W OmnilyPOS: TIMEOUT: No card detected.
09-20 23:11:42.396 17352 17486 W OmnilyPOS: TIMEOUT: No card detected.
09-20 23:11:42.396 17352 17486 W OmnilyPOS: TIMEOUT: No card detected.
09-20 23:11:42.397 17352 17486 W OmnilyPOS: TIMEOUT: No card detected.
09-20 23:11:42.397   715   823 E BufferQueueDebug: [Surface(name=7421fc9 StatusBar)/@0xafd0c15 - animation-leash of insets_animation#6017](this:0xb400007deee524f8,id:-1,api:0,p:-1,c:-1) id info cannot be read from 'Surface(name=7421fc9 StatusBar)/@0xafd0c15 - animation-leash of insets_animation#6017'
09-20 23:11:42.397 17352 17486 W OmnilyPOS: TIMEOUT: No card detected.
09-20 23:11:42.397 17352 17486 W OmnilyPOS: TIMEOUT: No card detected.
09-20 23:11:42.398 17352 17486 W OmnilyPOS: TIMEOUT: No card detected.
09-20 23:11:42.398 17352 17486 W OmnilyPOS: TIMEOUT: No card detected.
09-20 23:11:42.399 17352 17486 W OmnilyPOS: TIMEOUT: No card detected.
09-20 23:11:42.399 17352 17486 W OmnilyPOS: TIMEOUT: No card detected.
09-20 23:11:42.400 17352 17486 W OmnilyPOS: TIMEOUT: No card detected.
09-20 23:11:42.400 17352 17486 W OmnilyPOS: TIMEOUT: No card detected.
09-20 23:11:42.401 17352 17486 W OmnilyPOS: TIMEOUT: No card detected.
09-20 23:11:42.401 17352 17486 W OmnilyPOS: TIMEOUT: No card detected.
09-20 23:11:42.402 17352 17486 W OmnilyPOS: TIMEOUT: No card detected.
09-20 23:11:42.403 17352 17486 W OmnilyPOS: TIMEOUT: No card detected.
09-20 23:11:42.403 17352 17486 W OmnilyPOS: TIMEOUT: No card detected.
09-20 23:11:42.404 17352 17486 W OmnilyPOS: TIMEOUT: No card detected.
09-20 23:11:42.404 17352 17486 W OmnilyPOS: TIMEOUT: No card detected.
09-20 23:11:42.404 17352 17486 W OmnilyPOS: TIMEOUT: No card detected.
09-20 23:11:42.405 17352 17486 W OmnilyPOS: TIMEOUT: No card detected.
09-20 23:11:42.405 17352 17486 W OmnilyPOS: TIMEOUT: No card detected.
09-20 23:11:42.406 17352 17486 W OmnilyPOS: TIMEOUT: No card detected.
09-20 23:11:42.406 17352 17486 W OmnilyPOS: TIMEOUT: No card detected.
09-20 23:11:42.407 17352 17486 W OmnilyPOS: TIMEOUT: No card detected.
09-20 23:11:42.408 17352 17486 W OmnilyPOS: TIMEOUT: No card detected.
09-20 23:11:42.408 17352 17486 W OmnilyPOS: TIMEOUT: No card detected.
09-20 23:11:42.409 17352 17486 W OmnilyPOS: TIMEOUT: No card detected.
09-20 23:11:42.409 17352 17486 W OmnilyPOS: TIMEOUT: No card detected.
09-20 23:11:42.410 17352 17486 W OmnilyPOS: TIMEOUT: No card detected.
09-20 23:11:42.410 17352 17486 W OmnilyPOS: TIMEOUT: No card detected.
09-20 23:11:42.411 17352 17486 W OmnilyPOS: TIMEOUT: No card detected.
09-20 23:11:42.411 17352 17486 W OmnilyPOS: TIMEOUT: No card detected.
09-20 23:11:42.411 17352 17486 W OmnilyPOS: TIMEOUT: No card detected.
09-20 23:11:42.412 17352 17486 W OmnilyPOS: TIMEOUT: No card detected.
09-20 23:11:42.412 17352 17486 W OmnilyPOS: TIMEOUT: No card detected.
09-20 23:11:42.413 17352 17486 W OmnilyPOS: TIMEOUT: No card detected.
