09-20 23:07:34.620   715   715 E BufferQueueDebug: [Surface(name=Dim Layer for - Task=52)/@0x2373036 - animation-leash of dimmer#5783 (Mirror)#5822](this:0xb400007deeeeeee8,id:-1,api:0,p:-1,c:-1) id info cannot be read from 'Surface(name=Dim Layer for - Task=52)/@0x2373036 - animation-leash of dimmer#5783 (Mirror)#5822'
09-20 23:07:34.620   715   715 E BufferQueueDebug: [Dim Layer for - Task=52#5769 (Mirror)#5823](this:0xb400007deef445c8,id:-1,api:0,p:-1,c:-1) id info cannot be read from 'Dim Layer for - Task=52#5769 (Mirror)#5823'
09-20 23:07:34.620   715   715 E BufferQueueDebug: [Leaf:3:12#10 (Mirror)#5824](this:0xb400007deef6c3a8,id:-1,api:0,p:-1,c:-1) id info cannot be read from 'Leaf:3:12#10 (Mirror)#5824'
09-20 23:07:34.620   715   715 E BufferQueueDebug: [WindowToken{6e1a2ae type=2005 android.os.Binder@7908f29}#5761 (Mirror)#5825](this:0xb400007deeefa528,id:-1,api:0,p:-1,c:-1) id info cannot be read from 'WindowToken{6e1a2ae type=2005 android.os.Binder@7908f29}#5761 (Mirror)#5825'
09-20 23:07:34.621   715   715 E BufferQueueDebug: [6f9f4e5 Toast#5762 (Mirror)#5826](this:0xb400007deef13f38,id:-1,api:0,p:-1,c:-1) id info cannot be read from '6f9f4e5 Toast#5762 (Mirror)#5826'
09-20 23:07:34.621   715   715 E BufferQueueDebug: [Toast#5763 (Mirror)#5827](this:0xb400007deef71ec8,id:-1,api:0,p:-1,c:-1) id info cannot be read from 'Toast#5763 (Mirror)#5827'
09-20 23:07:34.621   715   715 E BufferQueueDebug: [WindowToken{427de6b type=2038 android.os.BinderProxy@eab2b68}#189 (Mirror)#5828](this:0xb400007deee9c598,id:-1,api:0,p:-1,c:-1) id info cannot be read from 'WindowToken{427de6b type=2038 android.os.BinderProxy@eab2b68}#189 (Mirror)#5828'
09-20 23:07:34.621   715   715 E BufferQueueDebug: [5a40957 ShellDropTarget#190 (Mirror)#5829](this:0xb400007deef74c58,id:-1,api:0,p:-1,c:-1) id info cannot be read from '5a40957 ShellDropTarget#190 (Mirror)#5829'
09-20 23:07:34.622   715   715 E BufferQueueDebug: [ImePlaceholder:13:14#11 (Mirror)#5830](this:0xb400007deeee38a8,id:-1,api:0,p:-1,c:-1) id info cannot be read from 'ImePlaceholder:13:14#11 (Mirror)#5830'
09-20 23:07:34.622   715   715 E BufferQueueDebug: [OneHanded:15:15#13 (Mirror)#5831](this:0xb400007deeeb0488,id:-1,api:0,p:-1,c:-1) id info cannot be read from 'OneHanded:15:15#13 (Mirror)#5831'
09-20 23:07:34.622   715   715 E BufferQueueDebug: [FullscreenMagnification:15:15#14 (Mirror)#5832](this:0xb400007deef3eaa8,id:-1,api:0,p:-1,c:-1) id info cannot be read from 'FullscreenMagnification:15:15#14 (Mirror)#5832'
09-20 23:07:34.622   715   715 E BufferQueueDebug: [Leaf:15:15#15 (Mirror)#5833](this:0xb400007deef111a8,id:-1,api:0,p:-1,c:-1) id info cannot be read from 'Leaf:15:15#15 (Mirror)#5833'
09-20 23:07:34.622   715   715 E BufferQueueDebug: [WindowToken{4ce1482 type=2000 android.os.BinderProxy@fa8a564}#394 (Mirror)#5834](this:0xb400007deef0e418,id:-1,api:0,p:-1,c:-1) id info cannot be read from 'WindowToken{4ce1482 type=2000 android.os.BinderProxy@fa8a564}#394 (Mirror)#5834'
09-20 23:07:34.623   715   715 E BufferQueueDebug: [Surface(name=7421fc9 StatusBar)/@0xafd0c15 - animation-leash of insets_animation#5780 (Mirror)#5835](this:0xb400007deef02dd8,id:-1,api:0,p:-1,c:-1) id info cannot be read from 'Surface(name=7421fc9 StatusBar)/@0xafd0c15 - animation-leash of insets_animation#5780 (Mirror)#5835'
09-20 23:07:34.623   715   715 E BufferQueueDebug: [7421fc9 StatusBar#395 (Mirror)#5836](this:0xb400007deef38f88,id:-1,api:0,p:-1,c:-1) id info cannot be read from '7421fc9 StatusBar#395 (Mirror)#5836'
09-20 23:07:34.623   715   715 E BufferQueueDebug: [StatusBar#408 (Mirror)#5837](this:0xb400007deee7fdf8,id:-1,api:0,p:-1,c:-1) id info cannot be read from 'StatusBar#408 (Mirror)#5837'
09-20 23:07:34.623   715   715 E BufferQueueDebug: [HideDisplayCutout:16:16#16 (Mirror)#5838](this:0xb400007deeec9e98,id:-1,api:0,p:-1,c:-1) id info cannot be read from 'HideDisplayCutout:16:16#16 (Mirror)#5838'
09-20 23:07:34.623   715   715 E BufferQueueDebug: [OneHanded:16:16#17 (Mirror)#5839](this:0xb400007deef25098,id:-1,api:0,p:-1,c:-1) id info cannot be read from 'OneHanded:16:16#17 (Mirror)#5839'
09-20 23:07:34.623   715   715 E BufferQueueDebug: [FullscreenMagnification:16:16#18 (Mirror)#5840](this:0xb400007deef0b688,id:-1,api:0,p:-1,c:-1) id info cannot be read from 'FullscreenMagnification:16:16#18 (Mirror)#5840'
09-20 23:07:34.624   715   715 E BufferQueueDebug: [Leaf:16:16#19 (Mirror)#5841](this:0xb400007deeea20b8,id:-1,api:0,p:-1,c:-1) id info cannot be read from 'Leaf:16:16#19 (Mirror)#5841'
09-20 23:07:34.624   715   715 E BufferQueueDebug: [OneHanded:17:17#20 (Mirror)#5842](this:0xb400007deeeec158,id:-1,api:0,p:-1,c:-1) id info cannot be read from 'OneHanded:17:17#20 (Mirror)#5842'
09-20 23:07:34.624   715   715 E BufferQueueDebug: [FullscreenMagnification:17:17#21 (Mirror)#5843](this:0xb400007deef27e28,id:-1,api:0,p:-1,c:-1) id info cannot be read from 'FullscreenMagnification:17:17#21 (Mirror)#5843'
09-20 23:07:34.624   715   715 E BufferQueueDebug: [Leaf:17:17#22 (Mirror)#5844](this:0xb400007deef47358,id:-1,api:0,p:-1,c:-1) id info cannot be read from 'Leaf:17:17#22 (Mirror)#5844'
09-20 23:07:34.624   715   715 E BufferQueueDebug: [WindowToken{67b62a0 type=2040 android.os.BinderProxy@6af52d2}#390 (Mirror)#5845](this:0xb400007deef1f578,id:-1,api:0,p:-1,c:-1) id info cannot be read from 'WindowToken{67b62a0 type=2040 android.os.BinderProxy@6af52d2}#390 (Mirror)#5845'
09-20 23:07:34.625   715   715 E BufferQueueDebug: [255ee59 NotificationShade#391 (Mirror)#5846](this:0xb400007deeee0b18,id:-1,api:0,p:-1,c:-1) id info cannot be read from '255ee59 NotificationShade#391 (Mirror)#5846'
09-20 23:07:34.625   715   715 E BufferQueueDebug: [HideDisplayCutout:18:23#23 (Mirror)#5847](this:0xb400007deef05b68,id:-1,api:0,p:-1,c:-1) id info cannot be read from 'HideDisplayCutout:18:23#23 (Mirror)#5847'
09-20 23:07:34.625   715   715 E BufferQueueDebug: [OneHanded:18:23#24 (Mirror)#5848](this:0xb400007deef361f8,id:-1,api:0,p:-1,c:-1) id info cannot be read from 'OneHanded:18:23#24 (Mirror)#5848'
09-20 23:07:34.625   715   715 E BufferQueueDebug: [FullscreenMagnification:18:23#25 (Mirror)#5849](this:0xb400007deef5b248,id:-1,api:0,p:-1,c:-1) id info cannot be read from 'FullscreenMagnification:18:23#25 (Mirror)#5849'
09-20 23:07:34.625   715   715 E BufferQueueDebug: [Leaf:18:23#26 (Mirror)#5850](this:0xb400007deef4ce78,id:-1,api:0,p:-1,c:-1) id info cannot be read from 'Leaf:18:23#26 (Mirror)#5850'
09-20 23:07:34.625   715   715 E BufferQueueDebug: [Leaf:24:25#27 (Mirror)#5851](this:0xb400007deeef4a08,id:-1,api:0,p:-1,c:-1) id info cannot be read from 'Leaf:24:25#27 (Mirror)#5851'
09-20 23:07:34.626   715   715 E BufferQueueDebug: [WindowToken{4bf9780 type=2019 android.os.BinderProxy@fc684b2}#384 (Mirror)#5852](this:0xb400007deeed54d8,id:-1,api:0,p:-1,c:-1) id info cannot be read from 'WindowToken{4bf9780 type=2019 android.os.BinderProxy@fc684b2}#384 (Mirror)#5852'
09-20 23:07:34.626   715   715 E BufferQueueDebug: [Surface(name=2bcb1b9 NavigationBar0)/@0xd91b1cc - animation-leash of insets_animation#5779 (Mirror)#5853](this:0xb400007deee82b88,id:-1,api:0,p:-1,c:-1) id info cannot be read from 'Surface(name=2bcb1b9 NavigationBar0)/@0xd91b1cc - animation-leash of insets_animation#5779 (Mirror)#5853'
09-20 23:07:34.626   715   715 E BufferQueueDebug: [2bcb1b9 NavigationBar0#385 (Mirror)#5854](this:0xb400007deee99808,id:-1,api:0,p:-1,c:-1) id info cannot be read from '2bcb1b9 NavigationBar0#385 (Mirror)#5854'
09-20 23:07:34.626   715   715 E BufferQueueDebug: [NavigationBar0#400 (Mirror)#5855](this:0xb400007deeecf9b8,id:-1,api:0,p:-1,c:-1) id info cannot be read from 'NavigationBar0#400 (Mirror)#5855'
09-20 23:07:34.626   715   715 E BufferQueueDebug: [HideDisplayCutout:26:31#28 (Mirror)#5856](this:0xb400007deef7a778,id:-1,api:0,p:-1,c:-1) id info cannot be read from 'HideDisplayCutout:26:31#28 (Mirror)#5856'
09-20 23:07:34.627   715   715 E BufferQueueDebug: [OneHanded:26:31#29 (Mirror)#5857](this:0xb400007deef33468,id:-1,api:0,p:-1,c:-1) id info cannot be read from 'OneHanded:26:31#29 (Mirror)#5857'
09-20 23:07:34.627   715   715 E BufferQueueDebug: [FullscreenMagnification:26:27#30 (Mirror)#5858](this:0xb400007deee90f58,id:-1,api:0,p:-1,c:-1) id info cannot be read from 'FullscreenMagnification:26:27#30 (Mirror)#5858'
09-20 23:07:34.627   715   715 E BufferQueueDebug: [Leaf:26:27#31 (Mirror)#5859](this:0xb400007deee93ce8,id:-1,api:0,p:-1,c:-1) id info cannot be read from 'Leaf:26:27#31 (Mirror)#5859'
09-20 23:07:34.627   715   715 E BufferQueueDebug: [Leaf:28:28#32 (Mirror)#5860](this:0xb400007deef52998,id:-1,api:0,p:-1,c:-1) id info cannot be read from 'Leaf:28:28#32 (Mirror)#5860'
09-20 23:07:34.627   715   715 E BufferQueueDebug: [FullscreenMagnification:29:31#33 (Mirror)#5861](this:0xb400007deef41838,id:-1,api:0,p:-1,c:-1) id info cannot be read from 'FullscreenMagnification:29:31#33 (Mirror)#5861'
09-20 23:07:34.628   715   715 E BufferQueueDebug: [Leaf:29:31#34 (Mirror)#5862](this:0xb400007deef66888,id:-1,api:0,p:-1,c:-1) id info cannot be read from 'Leaf:29:31#34 (Mirror)#5862'
09-20 23:07:34.628   715   715 E BufferQueueDebug: [HideDisplayCutout:32:35#35 (Mirror)#5863](this:0xb400007deef60d68,id:-1,api:0,p:-1,c:-1) id info cannot be read from 'HideDisplayCutout:32:35#35 (Mirror)#5863'
09-20 23:07:34.628   715   715 E BufferQueueDebug: [OneHanded:32:32#36 (Mirror)#5864](this:0xb400007deee2a718,id:-1,api:0,p:-1,c:-1) id info cannot be read from 'OneHanded:32:32#36 (Mirror)#5864'
09-20 23:07:34.628   715   715 E BufferQueueDebug: [Leaf:32:32#37 (Mirror)#5865](this:0xb400007deeec15e8,id:-1,api:0,p:-1,c:-1) id info cannot be read from 'Leaf:32:32#37 (Mirror)#5865'
09-20 23:07:34.628   715   715 E BufferQueueDebug: [FullscreenMagnification:33:33#38 (Mirror)#5866](this:0xb400007deee8b438,id:-1,api:0,p:-1,c:-1) id info cannot be read from 'FullscreenMagnification:33:33#38 (Mirror)#5866'
09-20 23:07:34.629   715   715 E BufferQueueDebug: [Leaf:33:33#39 (Mirror)#5867](this:0xb400007deeeaa968,id:-1,api:0,p:-1,c:-1) id info cannot be read from 'Leaf:33:33#39 (Mirror)#5867'
09-20 23:07:34.629   715   715 E BufferQueueDebug: [OneHanded:34:35#40 (Mirror)#5868](this:0xb400007deee7d068,id:-1,api:0,p:-1,c:-1) id info cannot be read from 'OneHanded:34:35#40 (Mirror)#5868'
09-20 23:07:34.629   715   715 E BufferQueueDebug: [FullscreenMagnification:34:35#41 (Mirror)#5869](this:0xb400007deee8e1c8,id:-1,api:0,p:-1,c:-1) id info cannot be read from 'FullscreenMagnification:34:35#41 (Mirror)#5869'
09-20 23:07:34.629   715   715 E BufferQueueDebug: [Leaf:34:35#42 (Mirror)#5870](this:0xb400007deeeddd88,id:-1,api:0,p:-1,c:-1) id info cannot be read from 'Leaf:34:35#42 (Mirror)#5870'
09-20 23:07:34.629   715   715 E BufferQueueDebug: [Leaf:36:36#43 (Mirror)#5871](this:0xb400007deef4a0e8,id:-1,api:0,p:-1,c:-1) id info cannot be read from 'Leaf:36:36#43 (Mirror)#5871'
09-20 23:07:34.629   715   715 E BufferQueueDebug: [Accessibility Overlays#45 (Mirror)#5872](this:0xb400007deef63af8,id:-1,api:0,p:-1,c:-1) id info cannot be read from 'Accessibility Overlays#45 (Mirror)#5872'
09-20 23:07:34.630   715   715 E BufferQueueDebug: [Display Overlays#44 (Mirror)#5873](this:0xb400007deeee6638,id:-1,api:0,p:-1,c:-1) id info cannot be read from 'Display Overlays#44 (Mirror)#5873'
09-20 23:07:34.648 17039 17039 E WindowManager: android.view.WindowLeaked: Activity com.omnilypro.pos.MainActivityFinal has leaked window DecorView@512b38d[MainActivityFinal] that was originally added here
09-20 23:07:34.648 17039 17039 E WindowManager: 	at android.view.ViewRootImpl.<init>(ViewRootImpl.java:1045)
09-20 23:07:34.648 17039 17039 E WindowManager: 	at android.view.ViewRootImpl.<init>(ViewRootImpl.java:1033)
09-20 23:07:34.648 17039 17039 E WindowManager: 	at android.view.WindowManagerGlobal.addView(WindowManagerGlobal.java:397)
09-20 23:07:34.648 17039 17039 E WindowManager: 	at android.view.WindowManagerImpl.addView(WindowManagerImpl.java:150)
09-20 23:07:34.648 17039 17039 E WindowManager: 	at android.app.Dialog.show(Dialog.java:352)
09-20 23:07:34.648 17039 17039 E WindowManager: 	at android.app.AlertDialog$Builder.show(AlertDialog.java:1131)
09-20 23:07:34.648 17039 17039 E WindowManager: 	at android.webkit.JsDialogHelper.showDialog(JsDialogHelper.java:128)
09-20 23:07:34.648 17039 17039 E WindowManager: 	at WV.e43.k(chromium-TrichromeWebViewGoogle6432.aab-stable-733905133:28)
09-20 23:07:34.648 17039 17039 E WindowManager: 	at WV.ug.run(chromium-TrichromeWebViewGoogle6432.aab-stable-733905133:148)
09-20 23:07:34.648 17039 17039 E WindowManager: 	at android.os.Handler.handleCallback(Handler.java:958)
09-20 23:07:34.648 17039 17039 E WindowManager: 	at android.os.Handler.dispatchMessage(Handler.java:99)
09-20 23:07:34.648 17039 17039 E WindowManager: 	at android.os.Looper.loopOnce(Looper.java:205)
09-20 23:07:34.648 17039 17039 E WindowManager: 	at android.os.Looper.loop(Looper.java:294)
09-20 23:07:34.648 17039 17039 E WindowManager: 	at android.app.ActivityThread.main(ActivityThread.java:8225)
09-20 23:07:34.648 17039 17039 E WindowManager: 	at java.lang.reflect.Method.invoke(Native Method)
09-20 23:07:34.648 17039 17039 E WindowManager: 	at com.android.internal.os.RuntimeInit$MethodAndArgsCaller.run(RuntimeInit.java:573)
09-20 23:07:34.648 17039 17039 E WindowManager: 	at com.android.internal.os.ZygoteInit.main(ZygoteInit.java:1058)
09-20 23:07:34.668   715   823 E BufferQueueDebug: [Task=52#5874](this:0xb400007deee85918,id:-1,api:0,p:-1,c:-1) id info cannot be read from 'Task=52#5874'
09-20 23:07:34.748  1362  1422 E KernelCpuSpeedReader: Failed to read cpu-freq: /sys/devices/system/cpu/cpu0/cpufreq/stats/time_in_state: open failed: ENOENT (No such file or directory)
09-20 23:07:34.789   710   739 E mtkpower@impl: [setMode] unknown type
09-20 23:07:35.644  1582  1582 E WifiHAL : handleResponse: data=0xb4000075c6e306b0, len=392
09-20 23:07:35.644  1582  1582 E android.hardware.wifi@1.0-service-lazy: Invalid radio stats in link layer stats
09-20 23:07:35.644  1362  1518 E WifiStaIfaceHidlImpl: getLinkLayerStatsV1_5 failed with status: {.code = ERROR_UNKNOWN, .description = unknown}
09-20 23:07:36.111   710   795 E UxUtility: notifyAppState error = NULL
09-20 23:07:38.655  1582  1582 E WifiHAL : handleResponse: data=0xb4000075c6e306b0, len=392
09-20 23:07:38.655  1582  1582 E android.hardware.wifi@1.0-service-lazy: Invalid radio stats in link layer stats
09-20 23:07:38.656  1362  1518 E WifiStaIfaceHidlImpl: getLinkLayerStatsV1_5 failed with status: {.code = ERROR_UNKNOWN, .description = unknown}
09-20 23:07:41.667  1582  1582 E WifiHAL : handleResponse: data=0xb4000075c6e306b0, len=392
09-20 23:07:41.667  1582  1582 E android.hardware.wifi@1.0-service-lazy: Invalid radio stats in link layer stats
09-20 23:07:41.668  1362  1518 E WifiStaIfaceHidlImpl: getLinkLayerStatsV1_5 failed with status: {.code = ERROR_UNKNOWN, .description = unknown}
09-20 23:07:44.681  1582  1582 E WifiHAL : handleResponse: data=0xb4000075c6e306b0, len=392
09-20 23:07:44.681  1582  1582 E android.hardware.wifi@1.0-service-lazy: Invalid radio stats in link layer stats
09-20 23:07:44.682  1362  1518 E WifiStaIfaceHidlImpl: getLinkLayerStatsV1_5 failed with status: {.code = ERROR_UNKNOWN, .description = unknown}
09-20 23:07:47.698  1582  1582 E WifiHAL : handleResponse: data=0xb4000075c6e306b0, len=392
09-20 23:07:47.699  1582  1582 E android.hardware.wifi@1.0-service-lazy: Invalid radio stats in link layer stats
09-20 23:07:47.699  1362  1518 E WifiStaIfaceHidlImpl: getLinkLayerStatsV1_5 failed with status: {.code = ERROR_UNKNOWN, .description = unknown}
09-20 23:07:50.711  1582  1582 E WifiHAL : handleResponse: data=0xb4000075c6e306b0, len=392
09-20 23:07:50.711  1582  1582 E android.hardware.wifi@1.0-service-lazy: Invalid radio stats in link layer stats
09-20 23:07:50.712  1362  1518 E WifiStaIfaceHidlImpl: getLinkLayerStatsV1_5 failed with status: {.code = ERROR_UNKNOWN, .description = unknown}
09-20 23:07:53.726  1582  1582 E WifiHAL : handleResponse: data=0xb4000075c6e306b0, len=392
09-20 23:07:53.727  1582  1582 E android.hardware.wifi@1.0-service-lazy: Invalid radio stats in link layer stats
09-20 23:07:53.728  1362  1518 E WifiStaIfaceHidlImpl: getLinkLayerStatsV1_5 failed with status: {.code = ERROR_UNKNOWN, .description = unknown}
09-20 23:07:56.739  1582  1582 E WifiHAL : handleResponse: data=0xb4000075c6e306b0, len=392
09-20 23:07:56.739  1582  1582 E android.hardware.wifi@1.0-service-lazy: Invalid radio stats in link layer stats
09-20 23:07:56.740  1362  1518 E WifiStaIfaceHidlImpl: getLinkLayerStatsV1_5 failed with status: {.code = ERROR_UNKNOWN, .description = unknown}
09-20 23:07:59.751  1582  1582 E WifiHAL : handleResponse: data=0xb4000075c6e306b0, len=392
09-20 23:07:59.751  1582  1582 E android.hardware.wifi@1.0-service-lazy: Invalid radio stats in link layer stats
09-20 23:07:59.752  1362  1518 E WifiStaIfaceHidlImpl: getLinkLayerStatsV1_5 failed with status: {.code = ERROR_UNKNOWN, .description = unknown}
09-20 23:08:02.763  1582  1582 E WifiHAL : handleResponse: data=0xb4000075c6e306b0, len=392
09-20 23:08:02.763  1582  1582 E android.hardware.wifi@1.0-service-lazy: Invalid radio stats in link layer stats
09-20 23:08:02.764  1362  1518 E WifiStaIfaceHidlImpl: getLinkLayerStatsV1_5 failed with status: {.code = ERROR_UNKNOWN, .description = unknown}
09-20 23:08:05.775  1582  1582 E WifiHAL : handleResponse: data=0xb4000075c6e306b0, len=392
09-20 23:08:05.775  1582  1582 E android.hardware.wifi@1.0-service-lazy: Invalid radio stats in link layer stats
09-20 23:08:05.777  1362  1518 E WifiStaIfaceHidlImpl: getLinkLayerStatsV1_5 failed with status: {.code = ERROR_UNKNOWN, .description = unknown}
09-20 23:08:08.786  1582  1582 E WifiHAL : handleResponse: data=0xb4000075c6e306b0, len=392
09-20 23:08:08.786  1582  1582 E android.hardware.wifi@1.0-service-lazy: Invalid radio stats in link layer stats
09-20 23:08:08.787  1362  1518 E WifiStaIfaceHidlImpl: getLinkLayerStatsV1_5 failed with status: {.code = ERROR_UNKNOWN, .description = unknown}
09-20 23:08:11.799  1582  1582 E WifiHAL : handleResponse: data=0xb4000075c6e306b0, len=392
09-20 23:08:11.799  1582  1582 E android.hardware.wifi@1.0-service-lazy: Invalid radio stats in link layer stats
09-20 23:08:11.801  1362  1518 E WifiStaIfaceHidlImpl: getLinkLayerStatsV1_5 failed with status: {.code = ERROR_UNKNOWN, .description = unknown}
09-20 23:08:14.811  1582  1582 E WifiHAL : handleResponse: data=0xb4000075c6e306b0, len=392
09-20 23:08:14.811  1582  1582 E android.hardware.wifi@1.0-service-lazy: Invalid radio stats in link layer stats
09-20 23:08:14.812  1362  1518 E WifiStaIfaceHidlImpl: getLinkLayerStatsV1_5 failed with status: {.code = ERROR_UNKNOWN, .description = unknown}
09-20 23:08:17.822  1582  1582 E WifiHAL : handleResponse: data=0xb4000075c6e306b0, len=392
09-20 23:08:17.823  1582  1582 E android.hardware.wifi@1.0-service-lazy: Invalid radio stats in link layer stats
09-20 23:08:17.824  1362  1518 E WifiStaIfaceHidlImpl: getLinkLayerStatsV1_5 failed with status: {.code = ERROR_UNKNOWN, .description = unknown}
09-20 23:08:20.835  1582  1582 E WifiHAL : handleResponse: data=0xb4000075c6e306b0, len=392
09-20 23:08:20.835  1582  1582 E android.hardware.wifi@1.0-service-lazy: Invalid radio stats in link layer stats
09-20 23:08:20.836  1362  1518 E WifiStaIfaceHidlImpl: getLinkLayerStatsV1_5 failed with status: {.code = ERROR_UNKNOWN, .description = unknown}
09-20 23:08:23.846  1582  1582 E WifiHAL : handleResponse: data=0xb4000075c6e306b0, len=392
09-20 23:08:23.847  1582  1582 E android.hardware.wifi@1.0-service-lazy: Invalid radio stats in link layer stats
09-20 23:08:23.847  1362  1518 E WifiStaIfaceHidlImpl: getLinkLayerStatsV1_5 failed with status: {.code = ERROR_UNKNOWN, .description = unknown}
09-20 23:08:26.859  1582  1582 E WifiHAL : handleResponse: data=0xb4000075c6e306b0, len=392
09-20 23:08:26.859  1582  1582 E android.hardware.wifi@1.0-service-lazy: Invalid radio stats in link layer stats
09-20 23:08:26.861  1362  1518 E WifiStaIfaceHidlImpl: getLinkLayerStatsV1_5 failed with status: {.code = ERROR_UNKNOWN, .description = unknown}
09-20 23:08:29.872  1582  1582 E WifiHAL : handleResponse: data=0xb4000075c6e306b0, len=392
09-20 23:08:29.873  1582  1582 E android.hardware.wifi@1.0-service-lazy: Invalid radio stats in link layer stats
09-20 23:08:29.874  1362  1518 E WifiStaIfaceHidlImpl: getLinkLayerStatsV1_5 failed with status: {.code = ERROR_UNKNOWN, .description = unknown}
09-20 23:08:32.886  1582  1582 E WifiHAL : handleResponse: data=0xb4000075c6e306b0, len=392
09-20 23:08:32.886  1582  1582 E android.hardware.wifi@1.0-service-lazy: Invalid radio stats in link layer stats
09-20 23:08:32.887  1362  1518 E WifiStaIfaceHidlImpl: getLinkLayerStatsV1_5 failed with status: {.code = ERROR_UNKNOWN, .description = unknown}
09-20 23:08:35.273   715   823 E BufferQueueDebug: [ColorFade#5875](this:0xb400007deed8dd28,id:-1,api:0,p:-1,c:-1) id info cannot be read from 'ColorFade#5875'
09-20 23:08:35.279   715   823 E BufferQueueDebug: [ColorFade BLAST#5876](this:0xb400007deee49c48,id:-1,api:0,p:-1,c:-1) id info cannot be read from 'ColorFade BLAST#5876'
09-20 23:08:35.366   715   823 E BufferQueueDebug: [ColorFade#5877](this:0xb400007deeda7738,id:-1,api:0,p:-1,c:-1) id info cannot be read from 'ColorFade#5877'
09-20 23:08:35.369   715  1480 E BufferQueueDebug: [ColorFade BLAST#5878](this:0xb400007deeefa528,id:-1,api:0,p:-1,c:-1) id info cannot be read from 'ColorFade BLAST#5878'
09-20 23:08:35.533   838   877 E flp     : mnld_screen_monitor_thread: Screen off
09-20 23:08:35.549  1362  1362 E MBrainLocalService: notifyAppSwitch failed
09-20 23:08:35.581  1362  1422 E KernelCpuSpeedReader: Failed to read cpu-freq: /sys/devices/system/cpu/cpu0/cpufreq/stats/time_in_state: open failed: ENOENT (No such file or directory)
09-20 23:08:35.625  1789  1804 E bt_stack: [ERROR:com_android_bluetooth_btservice_ActivityAttribution.cpp(172)] Failed to get ActivityAttribution Interface
09-20 23:08:35.636  1789  1804 E bt_stack: [ERROR:com_android_bluetooth_btservice_ActivityAttribution.cpp(172)] Failed to get ActivityAttribution Interface
09-20 23:08:35.861   710   739 E mtkpower@impl: [setMode] unknown type
09-20 23:08:35.876   699   900 E hwcomposer: [DEV] Failed to open fb1 device: No such file or directory  
09-20 23:08:35.877   710   739 E mtkpower@impl: [setMode] unknown type
09-20 23:08:35.898  1582  1582 E WifiHAL : handleResponse: data=0xb4000075c6e306b0, len=392
09-20 23:08:35.898  1582  1582 E android.hardware.wifi@1.0-service-lazy: Invalid radio stats in link layer stats
09-20 23:08:35.899  1362  1518 E WifiStaIfaceHidlImpl: getLinkLayerStatsV1_5 failed with status: {.code = ERROR_UNKNOWN, .description = unknown}
09-20 23:08:35.944  1362  1362 E ScreenIntentReceiver: notifyChange failed
09-20 23:08:36.029  1582  1582 E WifiHAL : handleResponse: data=0xb4000075c6e306b0, len=392
09-20 23:08:36.029  1582  1582 E android.hardware.wifi@1.0-service-lazy: Invalid radio stats in link layer stats
09-20 23:08:36.030  1362  1518 E WifiStaIfaceHidlImpl: getLinkLayerStatsV1_5 failed with status: {.code = ERROR_UNKNOWN, .description = unknown}
09-20 23:08:36.051  1362  1459 E JobScheduler.JobStatus: App com.google.android.inputmethod.latin became active but still in NEVER bucket
09-20 23:08:36.051  1362  1459 E JobScheduler.JobStatus: App com.google.android.inputmethod.latin became active but still in NEVER bucket
09-20 23:08:36.052  1362  1459 E JobScheduler.JobStatus: App com.google.android.inputmethod.latin became active but still in NEVER bucket
09-20 23:08:36.052  1362  1459 E JobScheduler.JobStatus: App com.google.android.inputmethod.latin became active but still in NEVER bucket
09-20 23:08:36.053  1362  1459 E JobScheduler.JobStatus: App com.google.android.inputmethod.latin became active but still in NEVER bucket
09-20 23:08:36.053  1362  1459 E JobScheduler.JobStatus: App com.google.android.inputmethod.latin became active but still in NEVER bucket
09-20 23:08:36.055  1362  1459 E JobScheduler.JobStatus: App com.google.android.inputmethod.latin became active but still in NEVER bucket
09-20 23:08:36.055  1362  1459 E JobScheduler.JobStatus: App com.google.android.inputmethod.latin became active but still in NEVER bucket
09-20 23:08:36.056  1362  1459 E JobScheduler.JobStatus: App com.google.android.inputmethod.latin became active but still in NEVER bucket
09-20 23:08:36.057  1362  1459 E JobScheduler.JobStatus: App com.google.android.inputmethod.latin became active but still in NEVER bucket
09-20 23:08:36.058  1362  1459 E JobScheduler.JobStatus: App com.google.android.inputmethod.latin became active but still in NEVER bucket
09-20 23:08:40.374   715  1480 E BufferQueueDebug: [WindowToken{316d866 type=2009 android.os.BinderProxy@28c8c9a}#5879](this:0xb400007deee747b8,id:-1,api:0,p:-1,c:-1) id info cannot be read from 'WindowToken{316d866 type=2009 android.os.BinderProxy@28c8c9a}#5879'
09-20 23:08:40.376   715  1480 E BufferQueueDebug: [98a65a8 com.android.systemui#5880](this:0xb400007deee5db38,id:-1,api:0,p:-1,c:-1) id info cannot be read from '98a65a8 com.android.systemui#5880'
09-20 23:08:40.409   715  1480 E BufferQueueDebug: [NotificationShade#5881](this:0xb400007deee2a718,id:-1,api:0,p:-1,c:-1) id info cannot be read from 'NotificationShade#5881'
09-20 23:08:40.415   715  1480 E BufferQueueDebug: [Surface(name=2bcb1b9 NavigationBar0)/@0xd91b1cc - animation-leash of insets_animation#5882](this:0xb400007deedd7dc8,id:-1,api:0,p:-1,c:-1) id info cannot be read from 'Surface(name=2bcb1b9 NavigationBar0)/@0xd91b1cc - animation-leash of insets_animation#5882'
09-20 23:08:40.417   715  1480 E BufferQueueDebug: [Surface(name=7421fc9 StatusBar)/@0xafd0c15 - animation-leash of insets_animation#5883](this:0xb400007deeddd8e8,id:-1,api:0,p:-1,c:-1) id info cannot be read from 'Surface(name=7421fc9 StatusBar)/@0xafd0c15 - animation-leash of insets_animation#5883'
09-20 23:08:40.445  1618  1690 E OpenGLRenderer: Unable to match the desired swap behavior.
09-20 23:08:40.565   715  1507 E BufferQueueDebug: [#5884](this:0xb400007deed8af98,id:-1,api:0,p:-1,c:-1) id info cannot be read from '#5884'
09-20 23:08:40.572  1618  1690 E OpenGLRenderer: Unable to match the desired swap behavior.
09-20 23:08:40.698  1618  1686 E QuickAccessWalletKeyguardQuickAffordanceConfig: Wallet card retrieval error, message: "Impossibile caricare i dati di pagamento"
09-20 23:08:40.698  1618  1686 E QuickAccessWalletKeyguardQuickAffordanceConfig: Wallet card retrieval error, message: "Impossibile caricare i dati di pagamento"
09-20 23:08:40.698  1618  1686 E QuickAccessWalletKeyguardQuickAffordanceConfig: Wallet card retrieval error, message: "Impossibile caricare i dati di pagamento"
09-20 23:09:37.727  4360  4672 E Safetyhub.hal: Error syncing emergency info.
09-20 23:09:37.727  4360  4672 E Safetyhub.hal: pff: UNIMPLEMENTED: bindService(Intent { act=grpc.io.action.BIND cmp=com.google.android.apps.wear.companion/.wearappbridge.server.service.ExportedEndpointService }) returned false
09-20 23:09:37.727  4360  4672 E Safetyhub.hal: 	at pqf.a(PG:2)
09-20 23:09:37.727  4360  4672 E Safetyhub.hal: 	at nru.run(PG:16)
09-20 23:09:37.727  4360  4672 E Safetyhub.hal: 	at mfh.run(PG:3)
09-20 23:09:37.727  4360  4672 E Safetyhub.hal: 	at nse.P(PG:2)
09-20 23:09:37.727  4360  4672 E Safetyhub.hal: 	at nse.a(PG:1)
09-20 23:09:37.727  4360  4672 E Safetyhub.hal: 	at piw.a(PG:3)
09-20 23:09:37.727  4360  4672 E Safetyhub.hal: 	at pjp.run(PG:2)
09-20 23:09:37.727  4360  4672 E Safetyhub.hal: 	at pou.run(PG:2)
09-20 23:09:37.727  4360  4672 E Safetyhub.hal: 	at ibp.run(PG:1)
09-20 23:09:37.727  4360  4672 E Safetyhub.hal: 	at java.util.concurrent.ThreadPoolExecutor.runWorker(ThreadPoolExecutor.java:1145)
09-20 23:09:37.727  4360  4672 E Safetyhub.hal: 	at java.util.concurrent.ThreadPoolExecutor$Worker.run(ThreadPoolExecutor.java:644)
09-20 23:09:37.727  4360  4672 E Safetyhub.hal: 	at ibh.run(PG:86)
09-20 23:09:37.727  4360  4672 E Safetyhub.hal: 	at java.lang.Thread.run(Thread.java:1012)
09-20 23:09:37.727  4360  4672 E Safetyhub.hal: 	at ibz.run(PG:5)
09-20 23:10:59.954  2448 17284 E DCU_ContactsLogService: Failed to mark incremental upload successful [CONTEXT service_id=135 ]
09-20 23:10:59.954  2448 17284 E DCU_ContactsLogService: java.util.concurrent.ExecutionException: flnc: sync policy is not enabled
09-20 23:10:59.954  2448 17284 E DCU_ContactsLogService: 	at gmwx.j(:com.google.android.gms@253534029@25.35.34 (190400-804595880):21)
09-20 23:10:59.954  2448 17284 E DCU_ContactsLogService: 	at gmxg.u(:com.google.android.gms@253534029@25.35.34 (190400-804595880):71)
09-20 23:10:59.954  2448 17284 E DCU_ContactsLogService: 	at com.google.android.gms.romanesco.service.ContactsLoggerUploadService.a(:com.google.android.gms@253534029@25.35.34 (190400-804595880):244)
09-20 23:10:59.954  2448 17284 E DCU_ContactsLogService: 	at clpq.call(:com.google.android.gms@253534029@25.35.34 (190400-804595880):30)
09-20 23:10:59.954  2448 17284 E DCU_ContactsLogService: 	at java.util.concurrent.FutureTask.run(FutureTask.java:264)
09-20 23:10:59.954  2448 17284 E DCU_ContactsLogService: 	at bbnt.c(:com.google.android.gms@253534029@25.35.34 (190400-804595880):50)
09-20 23:10:59.954  2448 17284 E DCU_ContactsLogService: 	at bbnt.run(:com.google.android.gms@253534029@25.35.34 (190400-804595880):70)
09-20 23:10:59.954  2448 17284 E DCU_ContactsLogService: 	at java.util.concurrent.ThreadPoolExecutor.runWorker(ThreadPoolExecutor.java:1145)
09-20 23:10:59.954  2448 17284 E DCU_ContactsLogService: 	at java.util.concurrent.ThreadPoolExecutor$Worker.run(ThreadPoolExecutor.java:644)
09-20 23:10:59.954  2448 17284 E DCU_ContactsLogService: 	at bbtm.run(:com.google.android.gms@253534029@25.35.34 (190400-804595880):8)
09-20 23:10:59.954  2448 17284 E DCU_ContactsLogService: 	at java.lang.Thread.run(Thread.java:1012)
09-20 23:10:59.954  2448 17284 E DCU_ContactsLogService: Caused by: flnc: sync policy is not enabled
09-20 23:10:59.954  2448 17284 E DCU_ContactsLogService: 	at flkk.a(:com.google.android.gms@253534029@25.35.34 (190400-804595880):167)
09-20 23:10:59.954  2448 17284 E DCU_ContactsLogService: 	at geok.a(:com.google.android.gms@253534029@25.35.34 (190400-804595880):13)
09-20 23:10:59.954  2448 17284 E DCU_ContactsLogService: 	at gmxi.d(:com.google.android.gms@253534029@25.35.34 (190400-804595880):3)
09-20 23:10:59.954  2448 17284 E DCU_ContactsLogService: 	at gmxk.run(:com.google.android.gms@253534029@25.35.34 (190400-804595880):38)
09-20 23:10:59.954  2448 17284 E DCU_ContactsLogService: 	at gmyw.execute(:com.google.android.gms@253534029@25.35.34 (190400-804595880):1)
09-20 23:10:59.954  2448 17284 E DCU_ContactsLogService: 	at gmwx.f(:com.google.android.gms@253534029@25.35.34 (190400-804595880):1)
09-20 23:10:59.954  2448 17284 E DCU_ContactsLogService: 	at gmwx.m(:com.google.android.gms@253534029@25.35.34 (190400-804595880):99)
09-20 23:10:59.954  2448 17284 E DCU_ContactsLogService: 	at gmwx.q(:com.google.android.gms@253534029@25.35.34 (190400-804595880):13)
09-20 23:10:59.954  2448 17284 E DCU_ContactsLogService: 	at gmxj.e(:com.google.android.gms@253534029@25.35.34 (190400-804595880):1)
09-20 23:10:59.954  2448 17284 E DCU_ContactsLogService: 	at gmxk.run(:com.google.android.gms@253534029@25.35.34 (190400-804595880):44)
09-20 23:10:59.954  2448 17284 E DCU_ContactsLogService: 	at gmyw.execute(:com.google.android.gms@253534029@25.35.34 (190400-804595880):1)
09-20 23:10:59.954  2448 17284 E DCU_ContactsLogService: 	at gmwx.f(:com.google.android.gms@253534029@25.35.34 (190400-804595880):1)
09-20 23:10:59.954  2448 17284 E DCU_ContactsLogService: 	at gmwx.m(:com.google.android.gms@253534029@25.35.34 (190400-804595880):99)
09-20 23:10:59.954  2448 17284 E DCU_ContactsLogService: 	at gmwx.q(:com.google.android.gms@253534029@25.35.34 (190400-804595880):13)
09-20 23:10:59.954  2448 17284 E DCU_ContactsLogService: 	at gmwp.run(:com.google.android.gms@253534029@25.35.34 (190400-804595880):120)
09-20 23:10:59.954  2448 17284 E DCU_ContactsLogService: 	at gmyw.execute(:com.google.android.gms@253534029@25.35.34 (190400-804595880):1)
09-20 23:10:59.954  2448 17284 E DCU_ContactsLogService: 	at gmwx.f(:com.google.android.gms@253534029@25.35.34 (190400-804595880):1)
09-20 23:10:59.954  2448 17284 E DCU_ContactsLogService: 	at gmwx.m(:com.google.android.gms@253534029@25.35.34 (190400-804595880):99)
09-20 23:10:59.954  2448 17284 E DCU_ContactsLogService: 	at gmwx.q(:com.google.android.gms@253534029@25.35.34 (190400-804595880):13)
09-20 23:10:59.954  2448 17284 E DCU_ContactsLogService: 	at gmxj.e(:com.google.android.gms@253534029@25.35.34 (190400-804595880):1)
09-20 23:10:59.954  2448 17284 E DCU_ContactsLogService: 	at gmxk.run(:com.google.android.gms@253534029@25.35.34 (190400-804595880):44)
09-20 23:10:59.954  2448 17284 E DCU_ContactsLogService: 	at gmyw.execute(:com.google.android.gms@253534029@25.35.34 (190400-804595880):1)
09-20 23:10:59.954  2448 17284 E DCU_ContactsLogService: 	at gmwx.f(:com.google.android.gms@253534029@25.35.34 (190400-804595880):1)
09-20 23:10:59.954  2448 17284 E DCU_ContactsLogService: 	at gmwx.m(:com.google.android.gms@253534029@25.35.34 (190400-804595880):99)
09-20 23:10:59.954  2448 17284 E DCU_ContactsLogService: 	at gmwx.q(:com.google.android.gms@253534029@25.35.34 (190400-804595880):13)
09-20 23:10:59.954  2448 17284 E DCU_ContactsLogService: 	at gmxj.e(:com.google.android.gms@253534029@25.35.34 (190400-804595880):1)
09-20 23:10:59.954  2448 17284 E DCU_ContactsLogService: 	at gmxk.run(:com.google.android.gms@253534029@25.35.34 (190400-804595880):44)
09-20 23:10:59.954  2448 17284 E DCU_ContactsLogService: 	at gmyw.execute(:com.google.android.gms@253534029@25.35.34 (190400-804595880):1)
09-20 23:10:59.954  2448 17284 E DCU_ContactsLogService: 	at gmwx.f(:com.google.android.gms@253534029@25.35.34 (190400-804595880):1)
09-20 23:10:59.954  2448 17284 E DCU_ContactsLogService: 	at gmwx.m(:com.google.android.gms@253534029@25.35.34 (190400-804595880):99)
09-20 23:10:59.954  2448 17284 E DCU_ContactsLogService: 	at gmwx.t(:com.google.android.gms@253534029@25.35.34 (190400-804595880):26)
09-20 23:10:59.954  2448 17284 E DCU_ContactsLogService: 	at gmzt.run(:com.google.android.gms@253534029@25.35.34 (190400-804595880):5)
09-20 23:10:59.954  2448 17284 E DCU_ContactsLogService: 	at gmyw.execute(:com.google.android.gms@253534029@25.35.34 (190400-804595880):1)
09-20 23:10:59.954  2448 17284 E DCU_ContactsLogService: 	at gmwx.f(:com.google.android.gms@253534029@25.35.34 (190400-804595880):1)
09-20 23:10:59.954  2448 17284 E DCU_ContactsLogService: 	at gmwx.m(:com.google.android.gms@253534029@25.35.34 (190400-804595880):99)
09-20 23:10:59.954  2448 17284 E DCU_ContactsLogService: 	at gmwx.t(:com.google.android.gms@253534029@25.35.34 (190400-804595880):26)
09-20 23:10:59.954  2448 17284 E DCU_ContactsLogService: 	at gmzt.run(:com.google.android.gms@253534029@25.35.34 (190400-804595880):5)
09-20 23:10:59.954  2448 17284 E DCU_ContactsLogService: 	at gmyw.execute(:com.google.android.gms@253534029@25.35.34 (190400-804595880):1)
09-20 23:10:59.954  2448 17284 E DCU_ContactsLogService: 	at gmwx.f(:com.google.android.gms@253534029@25.35.34 (190400-804595880):1)
09-20 23:10:59.954  2448 17284 E DCU_ContactsLogService: 	at gmwx.m(:com.google.android.gms@253534029@25.35.34 (190400-804595880):99)
09-20 23:10:59.954  2448 17284 E DCU_ContactsLogService: 	at gmwx.t(:com.google.android.gms@253534029@25.35.34 (190400-804595880):26)
09-20 23:10:59.954  2448 17284 E DCU_ContactsLogService: 	at gnbh.e(:com.google.android.gms@253534029@25.35.34 (190400-804595880):5)
09-20 23:10:59.954  2448 17284 E DCU_ContactsLogService: 	at gnai.run(:com.google.android.gms@253534029@25.35.34 (190400-804595880):73)
09-20 23:10:59.954  2448 17284 E DCU_ContactsLogService: 	at gnbj.run(:com.google.android.gms@253534029@25.35.34 (190400-804595880):5)
09-20 23:10:59.954  2448 17284 E DCU_ContactsLogService: 	at gmzf.run(:com.google.android.gms@253534029@25.35.34 (190400-804595880):20)
09-20 23:10:59.954  2448 17284 E DCU_ContactsLogService: 	... 6 more
09-20 23:11:25.829  1362  1362 E ActivityManager: Cancel pending or running compactions as system is awake
09-20 23:11:25.848   710   739 E mtkpower@impl: [setMode] unknown type
09-20 23:11:25.886  1362  1422 E KernelCpuSpeedReader: Failed to read cpu-freq: /sys/devices/system/cpu/cpu0/cpufreq/stats/time_in_state: open failed: ENOENT (No such file or directory)
09-20 23:11:25.896  1362  1362 E ScreenIntentReceiver: notifyChange failed
09-20 23:11:25.958  1789  1804 E bt_stack: [ERROR:com_android_bluetooth_btservice_ActivityAttribution.cpp(172)] Failed to get ActivityAttribution Interface
09-20 23:11:25.977  1582  1582 E WifiHAL : handleResponse: data=0xb4000075c6e306b0, len=392
09-20 23:11:25.977  1582  1582 E android.hardware.wifi@1.0-service-lazy: Invalid radio stats in link layer stats
09-20 23:11:25.978  1362  1518 E WifiStaIfaceHidlImpl: getLinkLayerStatsV1_5 failed with status: {.code = ERROR_UNKNOWN, .description = unknown}
09-20 23:11:25.986  1582  1582 E WifiHAL : handleResponse: data=0xb4000075c6e306b0, len=392
09-20 23:11:25.986  1582  1582 E android.hardware.wifi@1.0-service-lazy: Invalid radio stats in link layer stats
09-20 23:11:25.986  1362  1518 E WifiStaIfaceHidlImpl: getLinkLayerStatsV1_5 failed with status: {.code = ERROR_UNKNOWN, .description = unknown}
09-20 23:11:26.039  1875  2437 E PhoneInterfaceManager: getCarrierPrivilegeStatusForUid: Invalid subId
09-20 23:11:26.087   710   739 E mtkpower@impl: [setMode] unknown type
09-20 23:11:26.089   838   877 E flp     : mnld_screen_monitor_thread: Screen on
09-20 23:11:26.089   838   877 E flp     : mnld_screen_monitor_thread: Wake Monitor Restart
09-20 23:11:26.108   699   900 E hwcomposer: [DEV] Failed to open fb1 device: No such file or directory  
09-20 23:11:27.074  1362  1396 E MBrainLocalService: MBrainJava launch failed: SecurityException
09-20 23:11:27.093   715   823 E BufferQueueDebug: [com.android.launcher3/com.android.searchlauncher.SearchLauncher#5885](this:0xb400007deeda7738,id:-1,api:0,p:-1,c:-1) id info cannot be read from 'com.android.launcher3/com.android.searchlauncher.SearchLauncher#5885'
09-20 23:11:27.100   715   823 E BufferQueueDebug: [com.android.launcher3/com.android.searchlauncher.SearchLauncher#5886](this:0xb400007deeefa528,id:-1,api:0,p:-1,c:-1) id info cannot be read from 'com.android.launcher3/com.android.searchlauncher.SearchLauncher#5886'
09-20 23:11:27.104 13128 15984 E OpenGLRenderer: Unable to match the desired swap behavior.
09-20 23:11:27.117  1893  2643 E OpenGLRenderer: Unable to match the desired swap behavior.
09-20 23:11:27.174   715   823 E BufferQueueDebug: [Transition Root: DefaultTaskDisplayArea#5887](this:0xb400007deed8dd28,id:-1,api:0,p:-1,c:-1) id info cannot be read from 'Transition Root: DefaultTaskDisplayArea#5887'
09-20 23:11:27.179   715   823 E BufferQueueDebug: [Surface(name=Task=1)/@0x344ff79_transition-leash#5888](this:0xb400007deee49c48,id:-1,api:0,p:-1,c:-1) id info cannot be read from 'Surface(name=Task=1)/@0x344ff79_transition-leash#5888'
09-20 23:11:27.179   715   822 E BufferQueueDebug: [439f412 ActivityRecordInputSink com.android.launcher3/com.android.searchlauncher.SearchLauncher#5889](this:0xb400007deedcf518,id:-1,api:0,p:-1,c:-1) id info cannot be read from '439f412 ActivityRecordInputSink com.android.launcher3/com.android.searchlauncher.SearchLauncher#5889'
09-20 23:11:27.533  1362  1362 E ScreenIntentReceiver: notifyChange failed
09-20 23:11:27.537  1618  1618 E KeyguardClockSwitch: No clock being shown
09-20 23:11:27.554   715   822 E BufferQueueDebug: [MirrorRoot#5891](this:0xb400007deedad258,id:-1,api:0,p:-1,c:-1) id info cannot be read from 'MirrorRoot#5891'
09-20 23:11:27.555   715   822 E BufferQueueDebug: [Display 0 name="Schermo incorporato"#3 (Mirror)#5892](this:0xb400007deee6bf08,id:-1,api:0,p:-1,c:-1) id info cannot be read from 'Display 0 name="Schermo incorporato"#3 (Mirror)#5892'
09-20 23:11:27.562   715   715 E BufferQueueDebug: [WindowedMagnification:0:31#4 (Mirror)#5893](this:0xb400007deee524f8,id:-1,api:0,p:-1,c:-1) id info cannot be read from 'WindowedMagnification:0:31#4 (Mirror)#5893'
09-20 23:11:27.563   715   715 E BufferQueueDebug: [HideDisplayCutout:0:14#5 (Mirror)#5894](this:0xb400007deed99368,id:-1,api:0,p:-1,c:-1) id info cannot be read from 'HideDisplayCutout:0:14#5 (Mirror)#5894'
09-20 23:11:27.563   715   715 E BufferQueueDebug: [OneHanded:0:14#6 (Mirror)#5895](this:0xb400007deeddab58,id:-1,api:0,p:-1,c:-1) id info cannot be read from 'OneHanded:0:14#6 (Mirror)#5895'
09-20 23:11:27.563   715   715 E BufferQueueDebug: [FullscreenMagnification:0:12#7 (Mirror)#5896](this:0xb400007deedc3ed8,id:-1,api:0,p:-1,c:-1) id info cannot be read from 'FullscreenMagnification:0:12#7 (Mirror)#5896'
09-20 23:11:27.563   715   715 E BufferQueueDebug: [Leaf:0:1#8 (Mirror)#5897](this:0xb400007deede6198,id:-1,api:0,p:-1,c:-1) id info cannot be read from 'Leaf:0:1#8 (Mirror)#5897'
09-20 23:11:27.563   715   715 E BufferQueueDebug: [WallpaperWindowToken{92a6e7f token=android.os.Binder@96ad39e}#207 (Mirror)#5898](this:0xb400007deedbb628,id:-1,api:0,p:-1,c:-1) id info cannot be read from 'WallpaperWindowToken{92a6e7f token=android.os.Binder@96ad39e}#207 (Mirror)#5898'
09-20 23:11:27.563   715   715 E BufferQueueDebug: [4ae8f03 com.android.systemui.wallpapers.ImageWallpaper#208 (Mirror)#5899](this:0xb400007deedc6c68,id:-1,api:0,p:-1,c:-1) id info cannot be read from '4ae8f03 com.android.systemui.wallpapers.ImageWallpaper#208 (Mirror)#5899'
09-20 23:11:27.563   715   715 E BufferQueueDebug: [com.android.systemui.wallpapers.ImageWallpaper#209 (Mirror)#5900](this:0xb400007deed9c0f8,id:-1,api:0,p:-1,c:-1) id info cannot be read from 'com.android.systemui.wallpapers.ImageWallpaper#209 (Mirror)#5900'
09-20 23:11:27.563   715   715 E BufferQueueDebug: [Wallpaper BBQ wrapper#210 (Mirror)#5901](this:0xb400007deee5ada8,id:-1,api:0,p:-1,c:-1) id info cannot be read from 'Wallpaper BBQ wrapper#210 (Mirror)#5901'
09-20 23:11:27.564   715   715 E BufferQueueDebug: [Transition Root: DefaultTaskDisplayArea#5887 (Mirror)#5902](this:0xb400007deee55288,id:-1,api:0,p:-1,c:-1) id info cannot be read from 'Transition Root: DefaultTaskDisplayArea#5887 (Mirror)#5902'
09-20 23:11:27.564   715   715 E BufferQueueDebug: [DefaultTaskDisplayArea#9 (Mirror)#5903](this:0xb400007deedfa088,id:-1,api:0,p:-1,c:-1) id info cannot be read from 'DefaultTaskDisplayArea#9 (Mirror)#5903'
09-20 23:11:27.564   715   715 E BufferQueueDebug: [Task=2#183 (Mirror)#5904](this:0xb400007deeda49a8,id:-1,api:0,p:-1,c:-1) id info cannot be read from 'Task=2#183 (Mirror)#5904'
09-20 23:11:27.564   715   715 E BufferQueueDebug: [Task=3#184 (Mirror)#5905](this:0xb400007deedd22a8,id:-1,api:0,p:-1,c:-1) id info cannot be read from 'Task=3#184 (Mirror)#5905'
09-20 23:11:27.564   715   715 E BufferQueueDebug: [Dim layer#193 (Mirror)#5906](this:0xb400007deedbe3b8,id:-1,api:0,p:-1,c:-1) id info cannot be read from 'Dim layer#193 (Mirror)#5906'
09-20 23:11:27.564   715   715 E BufferQueueDebug: [Task=4#185 (Mirror)#5907](this:0xb400007deee46eb8,id:-1,api:0,p:-1,c:-1) id info cannot be read from 'Task=4#185 (Mirror)#5907'
09-20 23:11:27.564   715   715 E BufferQueueDebug: [Dim layer#195 (Mirror)#5908](this:0xb400007deee13a98,id:-1,api:0,p:-1,c:-1) id info cannot be read from 'Dim layer#195 (Mirror)#5908'
09-20 23:11:27.565   715   715 E BufferQueueDebug: [Surface(name=Task=1)/@0x344ff79_transition-leash#5888 (Mirror)#5909](this:0xb400007deedf72f8,id:-1,api:0,p:-1,c:-1) id info cannot be read from 'Surface(name=Task=1)/@0x344ff79_transition-leash#5888 (Mirror)#5909'
09-20 23:11:27.565   715   715 E BufferQueueDebug: [Task=1#46 (Mirror)#5910](this:0xb400007deed9ee88,id:-1,api:0,p:-1,c:-1) id info cannot be read from 'Task=1#46 (Mirror)#5910'
09-20 23:11:27.565   715   715 E BufferQueueDebug: [Task=27#413 (Mirror)#5911](this:0xb400007deee41398,id:-1,api:0,p:-1,c:-1) id info cannot be read from 'Task=27#413 (Mirror)#5911'
09-20 23:11:27.565   715   715 E BufferQueueDebug: [ActivityRecord{4f099 u0 com.android.launcher3/com.android.searchlauncher.SearchLauncher#414 (Mirror)#5912](this:0xb400007deedebcb8,id:-1,api:0,p:-1,c:-1) id info cannot be read from 'ActivityRecord{4f099 u0 com.android.launcher3/com.android.searchlauncher.SearchLauncher#414 (Mirror)#5912'
09-20 23:11:27.565   715   715 E BufferQueueDebug: [439f412 ActivityRecordInputSink com.android.launcher3/com.android.searchlauncher.SearchLauncher#5889 (Mirror)#5913](this:0xb400007deeee6638,id:-1,api:0,p:-1,c:-1) id info cannot be read from '439f412 ActivityRecordInputSink com.android.launcher3/com.android.searchlauncher.SearchLauncher#5889 (Mirror)#5913'
09-20 23:11:27.565   715   715 E BufferQueueDebug: [5bfbff0 com.android.launcher3/com.android.searchlauncher.SearchLauncher#415 (Mirror)#5914](this:0xb400007deef63af8,id:-1,api:0,p:-1,c:-1) id info cannot be read from '5bfbff0 com.android.launcher3/com.android.searchlauncher.SearchLauncher#415 (Mirror)#5914'
09-20 23:11:27.565   715   715 E BufferQueueDebug: [com.android.launcher3/com.android.searchlauncher.SearchLauncher#5886 (Mirror)#5915](this:0xb400007deef4a0e8,id:-1,api:0,p:-1,c:-1) id info cannot be read from 'com.android.launcher3/com.android.searchlauncher.SearchLauncher#5886 (Mirror)#5915'
09-20 23:11:27.566   715   715 E BufferQueueDebug: [ImeContainer#12 (Mirror)#5916](this:0xb400007deef60d68,id:-1,api:0,p:-1,c:-1) id info cannot be read from 'ImeContainer#12 (Mirror)#5916'
09-20 23:11:27.566   715   715 E BufferQueueDebug: [WindowToken{2d3794c type=2011 android.os.Binder@a2b457f}#512 (Mirror)#5917](this:0xb400007deee7d068,id:-1,api:0,p:-1,c:-1) id info cannot be read from 'WindowToken{2d3794c type=2011 android.os.Binder@a2b457f}#512 (Mirror)#5917'
09-20 23:11:27.566   715   715 E BufferQueueDebug: [Surface(name=1dd6874 InputMethod)/@0x9e9b612 - animation-leash of insets_animation#5784 (Mirror)#5918](this:0xb400007deee8e1c8,id:-1,api:0,p:-1,c:-1) id info cannot be read from 'Surface(name=1dd6874 InputMethod)/@0x9e9b612 - animation-leash of insets_animation#5784 (Mirror)#5918'
09-20 23:11:27.566   715   715 E BufferQueueDebug: [1dd6874 InputMethod#514 (Mirror)#5919](this:0xb400007deeeddd88,id:-1,api:0,p:-1,c:-1) id info cannot be read from '1dd6874 InputMethod#514 (Mirror)#5919'
09-20 23:11:27.566   715   715 E BufferQueueDebug: [44a5ca2 com.android.launcher3/com.android.searchlauncher.SearchLauncher#4569 (Mirror)#5920](this:0xb400007deee8b438,id:-1,api:0,p:-1,c:-1) id info cannot be read from '44a5ca2 com.android.launcher3/com.android.searchlauncher.SearchLauncher#4569 (Mirror)#5920'
09-20 23:11:27.566   715   715 E BufferQueueDebug: [com.android.launcher3/com.android.searchlauncher.SearchLauncher#5885 (Mirror)#5921](this:0xb400007deeeaa968,id:-1,api:0,p:-1,c:-1) id info cannot be read from 'com.android.launcher3/com.android.searchlauncher.SearchLauncher#5885 (Mirror)#5921'
09-20 23:11:27.566   715   715 E BufferQueueDebug: [Leaf:3:12#10 (Mirror)#5922](this:0xb400007deeec15e8,id:-1,api:0,p:-1,c:-1) id info cannot be read from 'Leaf:3:12#10 (Mirror)#5922'
09-20 23:11:27.566   715   715 E BufferQueueDebug: [WindowToken{427de6b type=2038 android.os.BinderProxy@eab2b68}#189 (Mirror)#5923](this:0xb400007deeed8268,id:-1,api:0,p:-1,c:-1) id info cannot be read from 'WindowToken{427de6b type=2038 android.os.BinderProxy@eab2b68}#189 (Mirror)#5923'
09-20 23:11:27.567   715   715 E BufferQueueDebug: [5a40957 ShellDropTarget#190 (Mirror)#5924](this:0xb400007deef7a778,id:-1,api:0,p:-1,c:-1) id info cannot be read from '5a40957 ShellDropTarget#190 (Mirror)#5924'
09-20 23:11:27.567   715   715 E BufferQueueDebug: [ImePlaceholder:13:14#11 (Mirror)#5925](this:0xb400007deef33468,id:-1,api:0,p:-1,c:-1) id info cannot be read from 'ImePlaceholder:13:14#11 (Mirror)#5925'
09-20 23:11:27.567   715   715 E BufferQueueDebug: [OneHanded:15:15#13 (Mirror)#5926](this:0xb400007deef41838,id:-1,api:0,p:-1,c:-1) id info cannot be read from 'OneHanded:15:15#13 (Mirror)#5926'
09-20 23:11:27.567   715   715 E BufferQueueDebug: [FullscreenMagnification:15:15#14 (Mirror)#5927](this:0xb400007deef66888,id:-1,api:0,p:-1,c:-1) id info cannot be read from 'FullscreenMagnification:15:15#14 (Mirror)#5927'
09-20 23:11:27.567   715   715 E BufferQueueDebug: [Leaf:15:15#15 (Mirror)#5928](this:0xb400007deef52998,id:-1,api:0,p:-1,c:-1) id info cannot be read from 'Leaf:15:15#15 (Mirror)#5928'
09-20 23:11:27.567   715   715 E BufferQueueDebug: [WindowToken{4ce1482 type=2000 android.os.BinderProxy@fa8a564}#394 (Mirror)#5929](this:0xb400007deee90f58,id:-1,api:0,p:-1,c:-1) id info cannot be read from 'WindowToken{4ce1482 type=2000 android.os.BinderProxy@fa8a564}#394 (Mirror)#5929'
09-20 23:11:27.567   715   715 E BufferQueueDebug: [Surface(name=7421fc9 StatusBar)/@0xafd0c15 - animation-leash of insets_animation#5883 (Mirror)#5930](this:0xb400007deee93ce8,id:-1,api:0,p:-1,c:-1) id info cannot be read from 'Surface(name=7421fc9 StatusBar)/@0xafd0c15 - animation-leash of insets_animation#5883 (Mirror)#5930'
09-20 23:11:27.567   715   715 E BufferQueueDebug: [7421fc9 StatusBar#395 (Mirror)#5931](this:0xb400007deeef4a08,id:-1,api:0,p:-1,c:-1) id info cannot be read from '7421fc9 StatusBar#395 (Mirror)#5931'
09-20 23:11:27.568   715   715 E BufferQueueDebug: [StatusBar#408 (Mirror)#5932](this:0xb400007deeed54d8,id:-1,api:0,p:-1,c:-1) id info cannot be read from 'StatusBar#408 (Mirror)#5932'
09-20 23:11:27.568   715   715 E BufferQueueDebug: [HideDisplayCutout:16:16#16 (Mirror)#5933](this:0xb400007deee82b88,id:-1,api:0,p:-1,c:-1) id info cannot be read from 'HideDisplayCutout:16:16#16 (Mirror)#5933'
09-20 23:11:27.568   715   715 E BufferQueueDebug: [OneHanded:16:16#17 (Mirror)#5934](this:0xb400007deee99808,id:-1,api:0,p:-1,c:-1) id info cannot be read from 'OneHanded:16:16#17 (Mirror)#5934'
