09-21 21:37:30.442   715   715 I BufferQueueDebug: [OneHanded:26:31#29 (Mirror)#18201](this:0xb400007deef2d948,id:-1,api:0,p:-1,c:-1) BufferQueue core=(715:/system/bin/surfaceflinger)
09-21 21:37:30.442   715   715 E BufferQueueDebug: [FullscreenMagnification:26:27#30 (Mirror)#18202](this:0xb400007deef66888,id:-1,api:0,p:-1,c:-1) id info cannot be read from 'FullscreenMagnification:26:27#30 (Mirror)#18202'
09-21 21:37:30.442   715   715 I BufferQueueDebug: [FullscreenMagnification:26:27#30 (Mirror)#18202](this:0xb400007deef66888,id:-1,api:0,p:-1,c:-1) BufferQueue core=(715:/system/bin/surfaceflinger)
09-21 21:37:30.442   715   715 E BufferQueueDebug: [Leaf:26:27#31 (Mirror)#18203](this:0xb400007deeebbac8,id:-1,api:0,p:-1,c:-1) id info cannot be read from 'Leaf:26:27#31 (Mirror)#18203'
09-21 21:37:30.442   715   715 I BufferQueueDebug: [Leaf:26:27#31 (Mirror)#18203](this:0xb400007deeebbac8,id:-1,api:0,p:-1,c:-1) BufferQueue core=(715:/system/bin/surfaceflinger)
09-21 21:37:30.443   715   715 E BufferQueueDebug: [Leaf:28:28#32 (Mirror)#18204](this:0xb400007deeeec158,id:-1,api:0,p:-1,c:-1) id info cannot be read from 'Leaf:28:28#32 (Mirror)#18204'
09-21 21:37:30.443   715   715 I BufferQueueDebug: [Leaf:28:28#32 (Mirror)#18204](this:0xb400007deeeec158,id:-1,api:0,p:-1,c:-1) BufferQueue core=(715:/system/bin/surfaceflinger)
09-21 21:37:30.443   715   715 E BufferQueueDebug: [FullscreenMagnification:29:31#33 (Mirror)#18205](this:0xb400007deeeb8d38,id:-1,api:0,p:-1,c:-1) id info cannot be read from 'FullscreenMagnification:29:31#33 (Mirror)#18205'
09-21 21:37:30.443   715   715 I BufferQueueDebug: [FullscreenMagnification:29:31#33 (Mirror)#18205](this:0xb400007deeeb8d38,id:-1,api:0,p:-1,c:-1) BufferQueue core=(715:/system/bin/surfaceflinger)
09-21 21:37:30.443   715   715 E BufferQueueDebug: [Leaf:29:31#34 (Mirror)#18206](this:0xb400007deef3bd18,id:-1,api:0,p:-1,c:-1) id info cannot be read from 'Leaf:29:31#34 (Mirror)#18206'
09-21 21:37:30.443   715   715 I BufferQueueDebug: [Leaf:29:31#34 (Mirror)#18206](this:0xb400007deef3bd18,id:-1,api:0,p:-1,c:-1) BufferQueue core=(715:/system/bin/surfaceflinger)
09-21 21:37:30.443   715   715 E BufferQueueDebug: [HideDisplayCutout:32:35#35 (Mirror)#18207](this:0xb400007deeebe858,id:-1,api:0,p:-1,c:-1) id info cannot be read from 'HideDisplayCutout:32:35#35 (Mirror)#18207'
09-21 21:37:30.443   715   715 I BufferQueueDebug: [HideDisplayCutout:32:35#35 (Mirror)#18207](this:0xb400007deeebe858,id:-1,api:0,p:-1,c:-1) BufferQueue core=(715:/system/bin/surfaceflinger)
09-21 21:37:30.443   715   715 E BufferQueueDebug: [OneHanded:32:32#36 (Mirror)#18208](this:0xb400007deeea7bd8,id:-1,api:0,p:-1,c:-1) id info cannot be read from 'OneHanded:32:32#36 (Mirror)#18208'
09-21 21:37:30.443   715   715 I BufferQueueDebug: [OneHanded:32:32#36 (Mirror)#18208](this:0xb400007deeea7bd8,id:-1,api:0,p:-1,c:-1) BufferQueue core=(715:/system/bin/surfaceflinger)
09-21 21:37:30.444   715   715 E BufferQueueDebug: [Leaf:32:32#37 (Mirror)#18209](this:0xb400007deef00048,id:-1,api:0,p:-1,c:-1) id info cannot be read from 'Leaf:32:32#37 (Mirror)#18209'
09-21 21:37:30.444   715   715 I BufferQueueDebug: [Leaf:32:32#37 (Mirror)#18209](this:0xb400007deef00048,id:-1,api:0,p:-1,c:-1) BufferQueue core=(715:/system/bin/surfaceflinger)
09-21 21:37:30.444   715   715 E BufferQueueDebug: [FullscreenMagnification:33:33#38 (Mirror)#18210](this:0xb400007deef3eaa8,id:-1,api:0,p:-1,c:-1) id info cannot be read from 'FullscreenMagnification:33:33#38 (Mirror)#18210'
09-21 21:37:30.444   715   715 I BufferQueueDebug: [FullscreenMagnification:33:33#38 (Mirror)#18210](this:0xb400007deef3eaa8,id:-1,api:0,p:-1,c:-1) BufferQueue core=(715:/system/bin/surfaceflinger)
09-21 21:37:30.444   715   715 E BufferQueueDebug: [Leaf:33:33#39 (Mirror)#18211](this:0xb400007deeefd2b8,id:-1,api:0,p:-1,c:-1) id info cannot be read from 'Leaf:33:33#39 (Mirror)#18211'
09-21 21:37:30.444   715   715 I BufferQueueDebug: [Leaf:33:33#39 (Mirror)#18211](this:0xb400007deeefd2b8,id:-1,api:0,p:-1,c:-1) BufferQueue core=(715:/system/bin/surfaceflinger)
09-21 21:37:30.444   715   715 E BufferQueueDebug: [OneHanded:34:35#40 (Mirror)#18212](this:0xb400007deeefa528,id:-1,api:0,p:-1,c:-1) id info cannot be read from 'OneHanded:34:35#40 (Mirror)#18212'
09-21 21:37:30.444   715   715 I BufferQueueDebug: [OneHanded:34:35#40 (Mirror)#18212](this:0xb400007deeefa528,id:-1,api:0,p:-1,c:-1) BufferQueue core=(715:/system/bin/surfaceflinger)
09-21 21:37:30.444   715   715 E BufferQueueDebug: [FullscreenMagnification:34:35#41 (Mirror)#18213](this:0xb400007deef41838,id:-1,api:0,p:-1,c:-1) id info cannot be read from 'FullscreenMagnification:34:35#41 (Mirror)#18213'
09-21 21:37:30.444   715   715 I BufferQueueDebug: [FullscreenMagnification:34:35#41 (Mirror)#18213](this:0xb400007deef41838,id:-1,api:0,p:-1,c:-1) BufferQueue core=(715:/system/bin/surfaceflinger)
09-21 21:37:30.445   715   715 E BufferQueueDebug: [Leaf:34:35#42 (Mirror)#18214](this:0xb400007deeee6638,id:-1,api:0,p:-1,c:-1) id info cannot be read from 'Leaf:34:35#42 (Mirror)#18214'
09-21 21:37:30.445   715   715 I BufferQueueDebug: [Leaf:34:35#42 (Mirror)#18214](this:0xb400007deeee6638,id:-1,api:0,p:-1,c:-1) BufferQueue core=(715:/system/bin/surfaceflinger)
09-21 21:37:30.445   715   715 E BufferQueueDebug: [Leaf:36:36#43 (Mirror)#18215](this:0xb400007deee9c598,id:-1,api:0,p:-1,c:-1) id info cannot be read from 'Leaf:36:36#43 (Mirror)#18215'
09-21 21:37:30.445   715   715 I BufferQueueDebug: [Leaf:36:36#43 (Mirror)#18215](this:0xb400007deee9c598,id:-1,api:0,p:-1,c:-1) BufferQueue core=(715:/system/bin/surfaceflinger)
09-21 21:37:30.445   715   715 E BufferQueueDebug: [Accessibility Overlays#45 (Mirror)#18216](this:0xb400007deee8b438,id:-1,api:0,p:-1,c:-1) id info cannot be read from 'Accessibility Overlays#45 (Mirror)#18216'
09-21 21:37:30.445   715   715 I BufferQueueDebug: [Accessibility Overlays#45 (Mirror)#18216](this:0xb400007deee8b438,id:-1,api:0,p:-1,c:-1) BufferQueue core=(715:/system/bin/surfaceflinger)
09-21 21:37:30.445   715   715 E BufferQueueDebug: [Display Overlays#44 (Mirror)#18217](this:0xb400007deef445c8,id:-1,api:0,p:-1,c:-1) id info cannot be read from 'Display Overlays#44 (Mirror)#18217'
09-21 21:37:30.445   715   715 I BufferQueueDebug: [Display Overlays#44 (Mirror)#18217](this:0xb400007deef445c8,id:-1,api:0,p:-1,c:-1) BufferQueue core=(715:/system/bin/surfaceflinger)
09-21 21:37:30.456  1362  1451 W WindowManager: Changing focus from Window{255ee59 u0 NotificationShade} to Window{5bfbff0 u0 com.android.launcher3/com.android.searchlauncher.SearchLauncher} displayId=0 Callers=com.android.server.wm.RootWindowContainer.updateFocusedWindowLocked:455 com.android.server.wm.WindowManagerService.updateFocusedWindowLocked:6219 com.android.server.wm.WindowManagerService.relayoutWindow:2520 com.android.server.wm.Session.relayout:259 
09-21 21:37:30.457   715   823 E BufferQueueDebug: [Surface(name=2bcb1b9 NavigationBar0)/@0xd91b1cc - animation-leash of insets_animation#18218](this:0xb400007deee7fdf8,id:-1,api:0,p:-1,c:-1) id info cannot be read from 'Surface(name=2bcb1b9 NavigationBar0)/@0xd91b1cc - animation-leash of insets_animation#18218'
09-21 21:37:30.457   715   823 I BufferQueueDebug: [Surface(name=2bcb1b9 NavigationBar0)/@0xd91b1cc - animation-leash of insets_animation#18218](this:0xb400007deee7fdf8,id:-1,api:0,p:-1,c:-1) BufferQueue core=(715:/system/bin/surfaceflinger)
09-21 21:37:30.459   715   823 E BufferQueueDebug: [Surface(name=7421fc9 StatusBar)/@0xafd0c15 - animation-leash of insets_animation#18219](this:0xb400007deeee38a8,id:-1,api:0,p:-1,c:-1) id info cannot be read from 'Surface(name=7421fc9 StatusBar)/@0xafd0c15 - animation-leash of insets_animation#18219'
09-21 21:37:30.459   715   823 I BufferQueueDebug: [Surface(name=7421fc9 StatusBar)/@0xafd0c15 - animation-leash of insets_animation#18219](this:0xb400007deeee38a8,id:-1,api:0,p:-1,c:-1) BufferQueue core=(715:/system/bin/surfaceflinger)
09-21 21:37:30.463   703 11367 D StNfcHal: (#022EE) Rx 6f 02 11 (hidden)
09-21 21:37:30.463   715   715 I BufferQueueDebug: [#18131](this:0xb400007deeddab58,id:-1,api:0,p:-1,c:715) onDestructor()
09-21 21:37:30.463   715   715 I BufferQueueDebug: [Transition Root: DefaultTaskDisplayArea#18134](this:0xb400007deedf17d8,id:-1,api:0,p:-1,c:715) onDestructor()
09-21 21:37:30.463   715   715 I BufferQueueDebug: [2ad84e6 com.android.systemui#18127](this:0xb400007deef0e418,id:-1,api:0,p:-1,c:715) onDestructor()
09-21 21:37:30.463   715   715 I BufferQueueDebug: [WindowToken{485f4d4 type=2009 android.os.BinderProxy@8a91e28}#18126](this:0xb400007deefa2558,id:-1,api:0,p:-1,c:715) onDestructor()
09-21 21:37:30.465  2627 11364 I libnfc_nci: [INFO:nfc_ncif.cc(628)] nfc_ncif_process_event; NFC received ntf gid:15
09-21 21:37:30.465   715   715 E BufferQueueDebug: [Surface(name=7421fc9 StatusBar)/@0xafd0c15 - animation-leash of insets_animation#18219 (Mirror)#18220](this:0xb400007deefa2558,id:-1,api:0,p:-1,c:-1) id info cannot be read from 'Surface(name=7421fc9 StatusBar)/@0xafd0c15 - animation-leash of insets_animation#18219 (Mirror)#18220'
09-21 21:37:30.465  2627 11364 I libnfc_nci: [INFO:StFwNtfManager.cpp(1446)] StFwNtfManager::handleVsLogData; data_len: 0x0014 
09-21 21:37:30.465   715   715 I BufferQueueDebug: [Surface(name=7421fc9 StatusBar)/@0xafd0c15 - animation-leash of insets_animation#18219 (Mirror)#18220](this:0xb400007deefa2558,id:-1,api:0,p:-1,c:-1) BufferQueue core=(715:/system/bin/surfaceflinger)
09-21 21:37:30.465   715   715 E BufferQueueDebug: [Surface(name=2bcb1b9 NavigationBar0)/@0xd91b1cc - animation-leash of insets_animation#18218 (Mirror)#18221](this:0xb400007deef0e418,id:-1,api:0,p:-1,c:-1) id info cannot be read from 'Surface(name=2bcb1b9 NavigationBar0)/@0xd91b1cc - animation-leash of insets_animation#18218 (Mirror)#18221'
09-21 21:37:30.465   715   715 I BufferQueueDebug: [Surface(name=2bcb1b9 NavigationBar0)/@0xd91b1cc - animation-leash of insets_animation#18218 (Mirror)#18221](this:0xb400007deef0e418,id:-1,api:0,p:-1,c:-1) BufferQueue core=(715:/system/bin/surfaceflinger)
09-21 21:37:30.470  1618  2289 E OpenGLRenderer: Device claims wide gamut support, cannot find matching config, error = EGL_SUCCESS
09-21 21:37:30.470  1618  2289 W OpenGLRenderer: Failed to initialize 101010-2 format, error = EGL_SUCCESS
09-21 21:37:30.473  1362  1399 D SurfaceComposerClient: Transaction::apply InputWindowCommands.focusRequests timestamp=99038211932056, windowName=5bfbff0 com.android.launcher3/com.android.searchlauncher.SearchLauncher
09-21 21:37:30.477   703 11367 D StNfcHal: (#022EF) Rx 6f 02 0a (hidden)
09-21 21:37:30.478  2627 11364 I libnfc_nci: [INFO:nfc_ncif.cc(628)] nfc_ncif_process_event; NFC received ntf gid:15
09-21 21:37:30.478  2627 11364 I libnfc_nci: [INFO:StFwNtfManager.cpp(1446)] StFwNtfManager::handleVsLogData; data_len: 0x000D 
09-21 21:37:30.480   715   715 D SurfaceFlinger: Focus addInputWindowCommands timestamp=99038211932056, windowName=5bfbff0 com.android.launcher3/com.android.searchlauncher.SearchLauncher
09-21 21:37:30.483   715   715 I BufferQueueDebug: [Surface(name=7421fc9 StatusBar)/@0xafd0c15 - animation-leash of insets_animation#18130 (Mirror)#18178](this:0xb400007deef088f8,id:-1,api:0,p:-1,c:715) onDestructor()
09-21 21:37:30.483   715   715 I BufferQueueDebug: [Surface(name=2bcb1b9 NavigationBar0)/@0xd91b1cc - animation-leash of insets_animation#18129 (Mirror)#18197](this:0xb400007deef19a58,id:-1,api:0,p:-1,c:715) onDestructor()
09-21 21:37:30.486   715  1103 D SurfaceFlinger: updateWinowInfo=1, setFocusedWindow timestamp=99038211932056, windowName=5bfbff0 com.android.launcher3/com.android.searchlauncher.SearchLauncher
09-21 21:37:30.487   703 11367 D StNfcHal: (#022F0) Rx 6f 02 09 (hidden)
09-21 21:37:30.487  2627 11364 I libnfc_nci: [INFO:nfc_ncif.cc(628)] nfc_ncif_process_event; NFC received ntf gid:15
09-21 21:37:30.487  2627 11364 I libnfc_nci: [INFO:StFwNtfManager.cpp(1446)] StFwNtfManager::handleVsLogData; data_len: 0x000C 
09-21 21:37:30.497  1618  1618 D CarrierTextController: send message to updateCarrierText
09-21 21:37:30.497  1618  1618 D CarrierTextController: send message to updateCarrierText
09-21 21:37:30.497  1618  1618 D CarrierTextController: send message to updateCarrierText
09-21 21:37:30.497  1618  1618 D CarrierTextController: send message to updateCarrierText
09-21 21:37:30.502   715   715 I BufferQueueProducer: [NavigationBar0#400](this:0xb400007deeeb5fa8,id:-1,api:0,p:-1,c:715) queueBuffer: fps=3.52 dur=1421.54 max=1363.59 min=9.97
09-21 21:37:30.503  1618  1618 D KeyguardSecurityModel: isPinPukOrMeRequiredOfSubId() - phoneId = 0, simState = 1
09-21 21:37:30.503  1618  1618 D KeyguardSecurityModel: isPinPukOrMeRequiredOfSubId() - phoneId = 1, simState = 1
09-21 21:37:30.503  1618  1618 D AntiTheftManager: getCurrentAntiTheftMode() is called.
09-21 21:37:30.503  1618  1618 D KeyguardViewMediator: handleSetOccluded(false)
09-21 21:37:30.527  1362  1451 I ImeTracker: com.android.launcher3:4434ae6a: onRequestHide at ORIGIN_SERVER_HIDE_INPUT reason HIDE_SAME_WINDOW_FOCUSED_WITHOUT_EDITOR
09-21 21:37:30.527  1362  1451 I ImeTracker: com.android.launcher3:4434ae6a: onCancelled at PHASE_SERVER_SHOULD_HIDE
09-21 21:37:30.529  4836  4836 I GoogleInputMethodService: GoogleInputMethodService.onStartInput():1318 onStartInput(EditorInfo{EditorInfo{packageName=com.android.launcher3, inputType=0, inputTypeString=NULL, enableLearning=false, autoCorrection=false, autoComplete=false, imeOptions=0, privateImeOptions=null, actionName=UNSPECIFIED, actionLabel=null, initialSelStart=-1, initialSelEnd=-1, initialCapsMode=0, label=null, fieldId=0, fieldName=null, extras=null, hintText=null, hintLocales=[]}}, false)
09-21 21:37:30.530  4836  4836 I Module  : DeviceLockedStatusModuleProvider$Module.updateDeviceLockedStatus():100 repeatCheckTimes = 1, locked = false
09-21 21:37:30.531  1362  3278 W PackageConfigPersister: App-specific configuration not found for packageName: com.android.launcher3 and userId: 0
09-21 21:37:30.539   715   715 I BufferQueueDebug: [Surface(name=7421fc9 StatusBar)/@0xafd0c15 - animation-leash of insets_animation#18130](this:0xb400007deed99368,id:-1,api:0,p:-1,c:715) onDestructor()
09-21 21:37:30.573   715   715 I BufferQueueDebug: [Surface(name=2bcb1b9 NavigationBar0)/@0xd91b1cc - animation-leash of insets_animation#18129](this:0xb400007deee55288,id:-1,api:0,p:-1,c:715) onDestructor()
09-21 21:37:30.597  1618  1618 D CarrierTextController: handleMessage start updateCarrierText
09-21 21:37:30.602  1618  1618 D CarrierTextController: updateCarrierText() - after combination, displayText = No Service, allSimsMissing = true
09-21 21:37:30.620   712  1158 D MtkAudioResamplerDyn: MtkAudioResamplerDyn InBuffer::reset!!
09-21 21:37:30.629  1618 13841 D AudioTrack: stop(25): 0xb40000783d15b290, prior state:STATE_ACTIVE
09-21 21:37:30.630  1618 13841 D AudioTrack: stop(25): 0xb40000783d15b290 stop done
09-21 21:37:30.631   710   776 I libPerfCtl: xgfGetFPS pid:1618 fps:59
09-21 21:37:30.631   710   776 I libPerfCtl: xgfGetFPS pid:1893 fps:55
09-21 21:37:30.631   710   776 I libPowerHal: [updateFPS] pid(1893) : -1 => 60
09-21 21:37:30.631   715   715 I BufferQueueDebug: [NotificationShade#18128 (Mirror)#18190](this:0xb400007deef02dd8,id:-1,api:0,p:-1,c:715) onDestructor()
09-21 21:37:30.631   710   795 I libPowerHal: [perfNotifyAppState] pack:com.android.launcher3, act:com.android.searchlauncher.SearchLauncher, state:5, pid:1893, uid:10121, fps:60
09-21 21:37:30.631   710   795 E UxUtility: notifyAppState error = NULL
09-21 21:37:30.631   710   795 I TouchUtility: notifyAppState error = NULL
09-21 21:37:30.631   710   776 I libPerfCtl: xgfGetFPS pid:10784 fps:-1
09-21 21:37:30.637   692   847 D AudioALSAStreamOut: +setParameters(): flag 4, MixerThreadSleep=
09-21 21:37:30.637   692   847 W AudioALSAStreamOut: setParameters(), still have param.size() = 1, remain param = "MixerThreadSleep="
09-21 21:37:30.647  1618  7506 D BLASTBufferQueue: [VRI[NotificationShade]#552](f:0,a:1) destructor()
09-21 21:37:30.647  1618  7506 D BufferQueueConsumer: [VRI[NotificationShade]#552(BLAST Consumer)552](id:65200000228,api:0,p:-1,c:1618) disconnect
09-21 21:37:30.648  1618  1686 D ControlsListingControllerImpl: Unsubscribing callback
09-21 21:37:30.652  1618  1686 D ControlsListingControllerImpl: Unsubscribing callback
09-21 21:37:30.654   692   847 D AudioALSAStreamOut: +setParameters(): flag 4, MixerThreadSleep=
09-21 21:37:30.654   692   847 W AudioALSAStreamOut: setParameters(), still have param.size() = 1, remain param = "MixerThreadSleep="
09-21 21:37:30.656  1618  1686 D ControlsListingControllerImpl: Unsubscribing callback
09-21 21:37:30.660   715   715 I BufferQueueDebug: [NotificationShade#18128](this:0xb400007deecff708,id:-1,api:0,p:-1,c:715) onDestructor()
09-21 21:37:30.671   692   847 D AudioALSAStreamOut: +setParameters(): flag 4, MixerThreadSleep=
09-21 21:37:30.671   692   847 W AudioALSAStreamOut: setParameters(), still have param.size() = 1, remain param = "MixerThreadSleep="
09-21 21:37:30.684   712  1158 D audioserver: FGS Logger Transaction failed
09-21 21:37:30.684   712  1158 D audioserver: -129
09-21 21:37:30.685   692   847 I AudioALSAStreamOut: updateSourceMetadata(), do nothing source_metadata = 0xe805aab8
09-21 21:37:30.685   712   938 W AudioPolicyManagerCustomImpl: [MTK_APM_Route]setOutputDevices() mIoHandle 29 mId 7 device (0x2)(0x1, 0x2, 0x4, 0x8, 0x10, 0x20, 0x40, 0x4000, 0x4000000) delayMs 84 force 0 size 4
09-21 21:37:30.687   692   847 D AudioALSAStreamOut: +setParameters(): flag 4, NoAudioTrack=1
09-21 21:37:30.687   692   847 W AudioALSAStreamOut: setParameters(), still have param.size() = 1, remain param = "NoAudioTrack=1"
09-21 21:37:30.690   684   690 W statsd  : StateTracker not found for state atom 27
09-21 21:37:30.751   946   946 I thermal_repeater: [recvMdThermalInfo] ret=33, strLen=127,  2, 32767, -127, 111, 32767, 4046
09-21 21:37:30.884  2610  2610 I GsaVoiceInteractionSrv: (REDACTED) O received %s
09-21 21:37:30.888   703 11367 D StNfcHal: (#022F1) Rx 6f 02 09 (hidden)
09-21 21:37:30.889  2627 11364 I libnfc_nci: [INFO:nfc_ncif.cc(628)] nfc_ncif_process_event; NFC received ntf gid:15
09-21 21:37:30.889  2627 11364 I libnfc_nci: [INFO:StFwNtfManager.cpp(1446)] StFwNtfManager::handleVsLogData; data_len: 0x000C 
09-21 21:37:30.899  2131  3037 I NearbyDiscovery: (REDACTED) FastPairHandler: Received action %s
09-21 21:37:30.899  2131  3037 I NearbyDiscovery: FastPairController: onSystemStateChanged: skip due to flag disabled [CONTEXT service_id=265 ]
09-21 21:37:30.901  2131 13811 I NearbySharing: Screen is unlocked
09-21 21:37:30.901  2131 13811 I NearbySharing: Uwb feature is off.
09-21 21:37:30.901  2131 13811 I NearbySharing: Uwb feature is off.
09-21 21:37:30.902   703 11367 D StNfcHal: (#022F2) Rx 6f 02 0d (hidden)
09-21 21:37:30.902  2627 11364 I libnfc_nci: [INFO:nfc_ncif.cc(628)] nfc_ncif_process_event; NFC received ntf gid:15
09-21 21:37:30.902  2627 11364 I libnfc_nci: [INFO:StFwNtfManager.cpp(1446)] StFwNtfManager::handleVsLogData; data_len: 0x0010 
09-21 21:37:30.910  2131 13811 I NearbySharing: [NS_PROVIDER_API]: startDiscovery called with SendManagerOptions(mode=BACKGROUND, flowId=3934168005441256156, uwbSenderInfo=null, deviceType=1, dataUsage=2, vendorId=0).
09-21 21:37:30.911   703 11367 D StNfcHal: (#022F3) Rx 6f 02 0f (hidden)
09-21 21:37:30.912  2131 13811 I NearbySharing: [NS_DEBUG] Report cached receiver 22 ReceiverInfo(endpointId=TZOP, metadata=DeviceMetadata(version=1, deviceType=1, deviceName=smartphone di Lino, displayName=Lino Lucci, modelName=CPH2565, imageUri=content://com.google.android.gms.fileprovider/nearby_share_images/-56039813.jpg, isSelfShare=true, isKnown=true, bluetoothMacAddress=[-28, 64, -105, -49, -84, 108], vendorId=0, matchesLocalQrCode=false), sharedCredential=SharedCredential(id=284366297, publicKey=[48, 89, 48, 19, 6, 7, 42, -122, 72, -50, 61, 2, 1, 6, 8, 42, -122, 72, -50, 61, 3, 1, 7, 3, 66, 0, 4, 4, 10, 42, -25, -87, -94, 99, 41, 42, 123, -25, -74, 95, 4, 109, 49, 120, -77, -106, -57, -111, 89, -52, 14, -92, -108, 106, -80, -40, -11, -7, 20, -53, 4, 39, 25, 14, 64, 83, -20, -97, -100, 120, -53, 110, 43, -113, 78, -42, 99, 4, -54, -37, 78, -8, -24, -45, -69, 76, 14, 36, -127, 37, -109], authenticityKey=[95, 96, -39, -115, -87, 82, -78, 34, -48, -115, -108, -76, -113, 111, -114, -49, -75, 111, -51, 58, 90, -47, 79, 20, 63, 102, 54, -120, 108, -51, -29, -83], certificateMetadata=CertificateMetadata(deviceName=smartphone di Lino, fullName=Lino Lucci, iconUrl=content://com.google.android.gms.fileprovider/nearby_share_images/-56039813.jpg, bluetoothMacAddress=[-28, 64, -105, -49, -84, 108], accountName=pako.lucci@gmail.com, modelName=CPH2565, vendorId=0), hasSharedAccount=true), state=Cache(delayedStateChangeJob=idew{Active}@36edcbe))
09-21 21:37:30.912  2627 11364 I libnfc_nci: [INFO:nfc_ncif.cc(628)] nfc_ncif_process_event; NFC received ntf gid:15
09-21 21:37:30.912  2627 11364 I libnfc_nci: [INFO:StFwNtfManager.cpp(1446)] StFwNtfManager::handleVsLogData; data_len: 0x0012 
09-21 21:37:30.917  2131 13660 I NearbySharing: [NS_CONTROL] DiscoveryStateManager emitted ReportDiscovered(id=22, metadata=DeviceMetadata(version=1, deviceType=1, deviceName=smartphone di Lino, displayName=Lino Lucci, modelName=CPH2565, imageUri=content://com.google.android.gms.fileprovider/nearby_share_images/-56039813.jpg, isSelfShare=true, isKnown=true, bluetoothMacAddress=[-28, 64, -105, -49, -84, 108], vendorId=0, matchesLocalQrCode=false)).
09-21 21:37:30.918  2131 13660 I NearbySharing: NearbySharing Internal event ReceiverDiscovered(receiverId=22, deviceName=smartphone di Lino, isKnown=true, isSelfShare=true, deviceType=1, hasMatchingQrCode=false, isExternal=false)
09-21 21:37:30.922  2131 13811 I NearbySharing: NearbySharing Internal event SendManagerStart(mode=BACKGROUND, useCase=0, sendSurfaceState=0, sendSurfaceStartTimeMillis=-1, useQrCode=false, success=true)
09-21 21:37:30.922  2131 13844 I NearbySharing: SendManager event Discovered(receiverId=22, receiverMetadata=DeviceMetadata(version=1, deviceType=1, deviceName=smartphone di Lino, displayName=Lino Lucci, modelName=CPH2565, imageUri=content://com.google.android.gms.fileprovider/nearby_share_images/-56039813.jpg, isSelfShare=true, isKnown=true, bluetoothMacAddress=[-28, 64, -105, -49, -84, 108], vendorId=0, matchesLocalQrCode=false))
09-21 21:37:30.923  2131 13811 I NearbySharing: Scanning has started in the BACKGROUND
09-21 21:37:30.923  2131 13811 I NearbySharing: Uwb feature is off.
09-21 21:37:30.927  2131 13811 I NearbySharing: Stopping Fast Init advertisement because we're not scanning in the foreground.
09-21 21:37:30.929  2131  2272 I NearbyConnections: Client 50336379 requested setting downloads directory to null.
09-21 21:37:30.930  2131  2272 I NearbyConnections: Client 50336379 with package name 0p:com.google.android.gms.nearby.sharing and sdk version 253534000 has connected, downloads dir is set to null.
09-21 21:37:30.930  2131 13811 I NearbySharing: Stopping Fast Init advertisement because we're not scanning in the foreground.
09-21 21:37:30.933  2131  2272 I NearbyConnections: Client 50336379 requested discovery to start.
09-21 21:37:30.933  2131 13660 I NearbyConnections: 50336379 0p:com.google.android.gms.nearby.sharing startDiscovery in nc mode.
09-21 21:37:30.936  2131 13844 I Nearby  : (REDACTED) Note nearby client %s for operation %s
09-21 21:37:30.936   949   949 V thermal_src: TA_DAEMON_CMD_SET_TTJ cmd=0x4, len=4 Tj=74140
09-21 21:37:30.940  2131 13811 I NearbySharing: Stopping advertising because no high power receive surface is registered and device is visible to HIDDEN.
09-21 21:37:30.944   703 11367 D StNfcHal: (#022F4) Rx 6f 02 11 (hidden)
09-21 21:37:30.947  2627 11364 I libnfc_nci: [INFO:nfc_ncif.cc(628)] nfc_ncif_process_event; NFC received ntf gid:15
09-21 21:37:30.947  2627 11364 I libnfc_nci: [INFO:StFwNtfManager.cpp(1446)] StFwNtfManager::handleVsLogData; data_len: 0x0014 
09-21 21:37:30.952  2131 13811 I NearbySharing: Stopping FastInitiation scanning because visibility is hidden.
09-21 21:37:30.956  2131 13811 I NearbySharing: Fast Initiation Scanning has stopped
09-21 21:37:30.957  2131 13811 I NearbySharing: Dismissing HUN as there's no device nearby.
09-21 21:37:30.958  2131 13844 I NearbyConnections: Instant Connection Security key rotated.
09-21 21:37:30.959   703 11367 D StNfcHal: (#022F5) Rx 6f 02 0a (hidden)
09-21 21:37:30.959  2627 11364 I libnfc_nci: [INFO:nfc_ncif.cc(628)] nfc_ncif_process_event; NFC received ntf gid:15
09-21 21:37:30.959  2131 13844 I NearbyConnections: Scheduled invalidation of the HPKE key alarm (delayMillis:8000) for client 50336379
09-21 21:37:30.959  2627 11364 I libnfc_nci: [INFO:StFwNtfManager.cpp(1446)] StFwNtfManager::handleVsLogData; data_len: 0x000D 
09-21 21:37:30.961  2448 13850 I PersonalSafety: ConnectivityProtectionLockingIntentOperation: cancelled task [CONTEXT service_id=310 ]
09-21 21:37:30.961  2131 13844 I NearbyConnections: Get local endpoint id from random generation 6QSE (last:null) for client 50336379
09-21 21:37:30.969   703 11367 D StNfcHal: (#022F6) Rx 6f 02 09 (hidden)
09-21 21:37:30.970  2627 11364 I libnfc_nci: [INFO:nfc_ncif.cc(628)] nfc_ncif_process_event; NFC received ntf gid:15
09-21 21:37:30.970  2627 11364 I libnfc_nci: [INFO:StFwNtfManager.cpp(1446)] StFwNtfManager::handleVsLogData; data_len: 0x000C 
09-21 21:37:30.971  2131 13844 I NearbyMediums: NFC discovery successfully started.
09-21 21:37:30.972  2131 13854 I NearbyMediums: ModuleInitializer handles incoming intent android.intent.action.USER_PRESENT
09-21 21:37:30.973  2131 13844 I NearbyMediums: In ScanningCancellationFlag, service-id=NearbySharing has become the first scanner. The flag has been reset.
09-21 21:37:30.974  2131 13793 I Nearby  : (REDACTED) Beginning attempt #%d out of %d for %s...
09-21 21:37:30.974  2131 13811 D BluetoothAdapter: isLeEnabled(): ON
09-21 21:37:30.978  1789  2630 I bt_stack: [INFO:le_scanning_manager.cc(157)] RegisterScanner in shim layer
09-21 21:37:30.979  2131  2144 D BluetoothLeScanner: onScannerRegistered() - status=0 scannerId=2 mScannerId=0
09-21 21:37:30.979  2131  2131 I NearbySharing: ShortcutInfoManager added shortcut smartphone di Lino
09-21 21:37:30.983  2131 13793 I NearbyMediums: BluetoothAdapter's name was not set by Nearby Connections, ignoring call to restore default scan mode.
09-21 21:37:30.988  1789  2630 I AppScanStats: BLE_SCAN_STATE_CHANGED[2]reportBleScanStarted=false
09-21 21:37:30.988  1789  2630 I bt_btif : get_profile_interface: get_profile_interface: id = activity_attribution
09-21 21:37:30.989  1789  2630 E bt_stack: [ERROR:com_android_bluetooth_btservice_ActivityAttribution.cpp(172)] Failed to get ActivityAttribution Interface
09-21 21:37:30.990  1789  2253 I bt_stack: [INFO:le_scanning_manager.cc(270)] ScanFilterEnable in shim layer
09-21 21:37:30.990  2131 13844 I NearbyMediums: Started BLE scanning, service-id=NearbySharing, is-extended-advert=false, power-level=2, scan-mode=3
09-21 21:37:30.993  1789  2253 I bt_stack: [INFO:le_scanning_manager.cc(245)] ScanFilterAdd in shim layer
09-21 21:37:30.995  1789  2253 I bt_stack: [INFO:le_scanning_manager.cc(206)] ScanFilterParamSetup in shim layer
09-21 21:37:30.996  1789  2253 I bt_stack: [INFO:le_scanning_manager.cc(245)] ScanFilterAdd in shim layer
09-21 21:37:30.998  1789  2253 I bt_stack: [INFO:le_scanning_manager.cc(206)] ScanFilterParamSetup in shim layer
09-21 21:37:30.999  2131 13844 I NearbyConnections: Listening to visibility changes for client 50336379
09-21 21:37:31.000  2131 13793 I NearbyMediums: BluetoothAdapter's name was not set by Nearby Connections, ignoring call to restore device name
09-21 21:37:31.016  1618  1618 D MMI     : KeyguardViewMediator handleMessage MSG_HDMI_SUB_BRIGHTNESS
09-21 21:37:31.016  1618  1618 D MMI     : KeyguardViewMediator setHDMIState path = /sys/devices/platform/shengyou_spec/hdmi_bl_sta, str = 1
09-21 21:37:31.018  1618  1618 D MMI     : KeyguardViewMediator setScreenBrightness 11 currentBrightness = 103
09-21 21:37:31.019  1362  2754 V SettingsProvider: name : screen_brightness appId : 10123
09-21 21:37:31.022  1362  1362 I BrightnessSynchronizer: [779] New Update 106(i) set brightness values: 0.41338584(f) 
09-21 21:37:31.025  1362  1436 V DisplayPowerController2[0]: Brightness [0.41338584] manual adjustment.
09-21 21:37:31.025  1362  1436 I DisplayPowerController2[0]: BrightnessEvent: disp=0, physDisp=local:0, brt=0.41338584(user_set), initBrt=0.4015748, rcmdBrt=NaN, preBrt=NaN, lux=0.0, preLux=0.0, hbmMax=1.0, hbmMode=off, rbcStrength=50, thrmMax=1.0, powerFactor=1.0, wasShortTermModelActive=false, flags=user_set , reason=manual, autoBrightness=false, strategy=InvalidBrightnessStrategy
09-21 21:37:31.026  1362  1398 D DisplayManagerService: Ignore redundant display event 0/4 to 10042/4108
09-21 21:37:31.027  1362  1398 D DisplayManagerService: Ignore redundant display event 0/4 to 10087/4698
09-21 21:37:31.027  1362  1398 D DisplayManagerService: Ignore redundant display event 0/4 to 10095/5805
09-21 21:37:31.027  1362  1398 D DisplayManagerService: Ignore redundant display event 0/4 to 10099/7352
09-21 21:37:31.027  1362  1398 D DisplayManagerService: Ignore redundant display event 0/4 to 10114/11831
09-21 21:37:31.027  1362  1398 D DisplayManagerService: Ignore redundant display event 0/4 to 10198/13083
09-21 21:37:31.027  1362  1362 I BrightnessSynchronizer: Swallowing update of 0.41338584(f) by update: {[779] 106(i), mUpdatedTypes=2, mConfirmedTypes=2, mTimeUpdated=99038770}
09-21 21:37:31.027  1362  1362 I BrightnessSynchronizer: Completed Update: {[779] 106(i), mUpdatedTypes=2, mConfirmedTypes=2, mTimeUpdated=99038770}
09-21 21:37:31.035   709   709 D android.hardware.lights-service.mediatek: Lights setting state for id=0, color=ff696969
09-21 21:37:31.036   709   709 D android.hardware.lights-service.mediatek: read 1 from /sys/devices/platform/shengyou_spec/hdmi_ctrl_sta
09-21 21:37:31.036   709   709 D android.hardware.lights-service.mediatek: read_int, val=1, ret=2, path=/sys/devices/platform/shengyou_spec/hdmi_ctrl_sta
09-21 21:37:31.036   709   709 D android.hardware.lights-service.mediatek: read 1 from /sys/devices/platform/shengyou_spec/hdmi_bl_sta
09-21 21:37:31.036   709   709 D android.hardware.lights-service.mediatek: read_int, val=1, ret=2, path=/sys/devices/platform/shengyou_spec/hdmi_bl_sta
09-21 21:37:31.036   709   709 D android.hardware.lights-service.mediatek: set_light_backlight, hdmi_state=1, hdmi_backlight=1, level=105, onMS=0, offMS=0
09-21 21:37:31.036   709   709 D android.hardware.lights-service.mediatek: write 105 to /sys/class/leds/lcd-backlight/brightness
09-21 21:37:31.036   709   709 D android.hardware.lights-service.mediatek: write 105 to /sys/class/leds/lcd-backlight/brightness, result: 0
09-21 21:37:31.036   709   709 D android.hardware.lights-service.mediatek: write 105 to /sys/class/leds/sublcd-backlight/brightness
09-21 21:37:31.036   709   709 D android.hardware.lights-service.mediatek: write 105 to /sys/class/leds/sublcd-backlight/brightness, result: 0
09-21 21:37:31.040   954  1085 D AAL     : onBacklightChanged: 413/1023 -> 421/1023(phy:1685/4095)
09-21 21:37:31.052   709   709 D android.hardware.lights-service.mediatek: Lights setting state for id=0, color=ff6a6a6a
09-21 21:37:31.053   709   709 D android.hardware.lights-service.mediatek: read 1 from /sys/devices/platform/shengyou_spec/hdmi_ctrl_sta
09-21 21:37:31.053   709   709 D android.hardware.lights-service.mediatek: read_int, val=1, ret=2, path=/sys/devices/platform/shengyou_spec/hdmi_ctrl_sta
09-21 21:37:31.053   709   709 D android.hardware.lights-service.mediatek: read 1 from /sys/devices/platform/shengyou_spec/hdmi_bl_sta
09-21 21:37:31.053   709   709 D android.hardware.lights-service.mediatek: read_int, val=1, ret=2, path=/sys/devices/platform/shengyou_spec/hdmi_bl_sta
09-21 21:37:31.053   709   709 D android.hardware.lights-service.mediatek: set_light_backlight, hdmi_state=1, hdmi_backlight=1, level=106, onMS=0, offMS=0
09-21 21:37:31.053   709   709 D android.hardware.lights-service.mediatek: write 106 to /sys/class/leds/lcd-backlight/brightness
09-21 21:37:31.053   709   709 D android.hardware.lights-service.mediatek: write 106 to /sys/class/leds/lcd-backlight/brightness, result: 0
09-21 21:37:31.053   709   709 D android.hardware.lights-service.mediatek: write 106 to /sys/class/leds/sublcd-backlight/brightness
09-21 21:37:31.053   709   709 D android.hardware.lights-service.mediatek: write 106 to /sys/class/leds/sublcd-backlight/brightness, result: 0
09-21 21:37:31.059   954  1085 D AAL     : onBacklightChanged: 421/1023 -> 425/1023(phy:1701/4095)
09-21 21:37:31.092  2131 13839 I AOSP-MdnsDiscoveryManag: (REDACTED) %s
09-21 21:37:31.093  2131 13839 I AOSP-MdnsDiscoveryManag: (REDACTED) %s
09-21 21:37:31.093  2131 13833 I AOSP-MdnsDiscoveryManag: (REDACTED) %s
09-21 21:37:31.094  2131  3870 I AOSP-MdnsDiscoveryManag: (REDACTED) %s
09-21 21:37:31.094  2131 13833 I AOSP-MdnsDiscoveryManag: (REDACTED) %s
09-21 21:37:31.095  2131 13834 W AOSP-MdnsDiscoveryManag: Error while decoding multicast packet (12384): 1 [CONTEXT service_id=168 ]
09-21 21:37:31.096  2131 13834 W AOSP-MdnsDiscoveryManag: Error while decoding multicast packet (12385): 1 [CONTEXT service_id=168 ]
09-21 21:37:31.118   954  1085 D AAL     : 09-21 09:37:31.040 BL= 322,ESS= 256, 09-21 09:37:31.059 BL= 324,ESS= 256, 09-21 09:37:31.079 BL= 327,ESS= 256, 09-21 09:37:31.098 BL= 330,ESS= 256, 09-21 09:37:31.118 BL= 331,ESS= 256, 
09-21 21:37:31.247  1789  2234 I bt_shim_scanner: handle_remote_properties: handle_remote_properties Update device_type=0x2 addr_type=0x1
09-21 21:37:31.247  1789  2234 I bt_shim_scanner: handle_remote_properties: handle_remote_properties  device_type= 2
09-21 21:37:31.250  2131 13811 I NearbyMediums: This GATT advertisement BleAdvertisement { version=2, socketVersion=2, isFast=true, serviceIdHash=null, data=[ 0x23 0x43 0x31 0x58 0x37 0x11 0x32 0xc8 0xdd 0xf6 0x31 0x1b 0xbe 0x6e 0x32 0x96 0xed 0x54 0xb4 0x68 0x88 0x2d 0x8f ], deviceToken=[ 0xa6 0x22 ], rxAdvertisement=null } is a Fast Advertisement and matched UUID 0000fef3-0000-1000-8000-00805f9b34fb in fastAdvertisementServiceUuids map with serviceID NearbySharing
09-21 21:37:31.251  2131 13844 I NearbyConnections: Found BleAdvertisement [ 0x23 0x43 0x31 0x58 0x37 0x11 0x32 0xc8 0xdd 0xf6 0x31 0x1b 0xbe 0x6e 0x32 0x96 0xed 0x54 0xb4 0x68 0x88 0x2d 0x8f ] (with EndpointId C1X7 and EndpointInfo [ 0x32 0xc8 0xdd 0xf6 0x31 0x1b 0xbe 0x6e 0x32 0x96 0xed 0x54 0xb4 0x68 0x88 0x2d 0x8f ])
09-21 21:37:31.252  2131 13844 I NearbyConnections: ClientProxy(50336379) reporting onEndpointFound(C1X7)
09-21 21:37:31.253  2131 13844 I NearbyConnections: ClientProxy(50336379) reporting onEndpointDistanceChanged(C1X7, UNKNOWN)
09-21 21:37:31.254  2131 13793 I NearbySharing: NearbySharing Internal event EndpointDiscovered(endpointId=C1X7)
09-21 21:37:31.315  1362  1883 D BatteryService: Processing new values: info=android.hardware.health.HealthInfo@2c1d106, mBatteryLevelCritical=false, mPlugType=1
09-21 21:37:31.315  1362  1883 D hcz     : mHealthInfo.batteryTemperatureTenthsCelsius==302
09-21 21:37:31.369   703 11367 D StNfcHal: (#022F7) Rx 6f 02 09 (hidden)
09-21 21:37:31.370  2627 11364 I libnfc_nci: [INFO:nfc_ncif.cc(628)] nfc_ncif_process_event; NFC received ntf gid:15
09-21 21:37:31.370  2627 11364 I libnfc_nci: [INFO:StFwNtfManager.cpp(1446)] StFwNtfManager::handleVsLogData; data_len: 0x000C 
09-21 21:37:31.383   703 11367 D StNfcHal: (#022F8) Rx 6f 02 0d (hidden)
09-21 21:37:31.384  2627 11364 I libnfc_nci: [INFO:nfc_ncif.cc(628)] nfc_ncif_process_event; NFC received ntf gid:15
09-21 21:37:31.384  2627 11364 I libnfc_nci: [INFO:StFwNtfManager.cpp(1446)] StFwNtfManager::handleVsLogData; data_len: 0x0010 
09-21 21:37:31.388   710   795 I libPowerHal: [perfLockAcq] idx:0 hdl:3016 hint:25 pid:710 duration:10000 lock_user:mtkpower@1.0-se => ret_hdl:3016
09-21 21:37:31.389   710   795 I libPowerHal: [PE] MTKPOWER_HINT_APP_TOUCH update cmd:3408600 param:1
09-21 21:37:31.392   703 11367 D StNfcHal: (#022F9) Rx 6f 02 0f (hidden)
09-21 21:37:31.393  2627 11364 I libnfc_nci: [INFO:nfc_ncif.cc(628)] nfc_ncif_process_event; NFC received ntf gid:15
09-21 21:37:31.393  2627 11364 I libnfc_nci: [INFO:StFwNtfManager.cpp(1446)] StFwNtfManager::handleVsLogData; data_len: 0x0012 
09-21 21:37:31.425   703 11367 D StNfcHal: (#022FA) Rx 6f 02 11 (hidden)
09-21 21:37:31.426  2627 11364 I libnfc_nci: [INFO:nfc_ncif.cc(628)] nfc_ncif_process_event; NFC received ntf gid:15
09-21 21:37:31.426  2627 11364 I libnfc_nci: [INFO:StFwNtfManager.cpp(1446)] StFwNtfManager::handleVsLogData; data_len: 0x0014 
09-21 21:37:31.439   703 11367 D StNfcHal: (#022FB) Rx 6f 02 0a (hidden)
09-21 21:37:31.440  2627 11364 I libnfc_nci: [INFO:nfc_ncif.cc(628)] nfc_ncif_process_event; NFC received ntf gid:15
09-21 21:37:31.440  2627 11364 I libnfc_nci: [INFO:StFwNtfManager.cpp(1446)] StFwNtfManager::handleVsLogData; data_len: 0x000D 
09-21 21:37:31.449   703 11367 D StNfcHal: (#022FC) Rx 6f 02 09 (hidden)
09-21 21:37:31.450  2627 11364 I libnfc_nci: [INFO:nfc_ncif.cc(628)] nfc_ncif_process_event; NFC received ntf gid:15
09-21 21:37:31.450  2627 11364 I libnfc_nci: [INFO:StFwNtfManager.cpp(1446)] StFwNtfManager::handleVsLogData; data_len: 0x000C 
09-21 21:37:31.472   715   715 I BufferQueueProducer: [com.android.launcher3/com.android.searchlauncher.SearchLauncher#18133](this:0xb400007deedf4568,id:-1,api:0,p:-1,c:715) queueBuffer: fps=28.28 dur=1449.83 max=481.25 min=13.57
09-21 21:37:31.478   715   715 I BufferQueueProducer: [FramebufferSurface](this:0xb400007d2ec7e540,id:-1,api:1,p:715,c:715) queueBuffer: fps=35.41 dur=1383.89 max=474.03 min=14.10
09-21 21:37:31.479   699   699 I hwcomposer: [HWCDisplay] [Display_0 (type:1)] fps:35.405491,dur:1383.97,max:474.18,min:14.10  
09-21 21:37:31.484   715   715 I BufferQueueProducer: [FramebufferSurface](this:0xb400007d2ec8ccb0,id:-1,api:1,p:715,c:715) queueBuffer: fps=34.66 dur=1356.11 max=475.59 min=13.61
09-21 21:37:31.485   699   699 I hwcomposer: [HWCDisplay] [Display_1 (type:1)] fps:34.645977,dur:1356.58,max:476.08,min:13.61  
09-21 21:37:31.521  1618  1618 D MMI     : KeyguardViewMediator handleMessage MSG_HDMI_SET_BACK_BRIGHTNESS
09-21 21:37:31.521  1618  1618 D MMI     : KeyguardViewMediator setBackScreenBrightness currentBrightness = 103
09-21 21:37:31.522  1362  1451 V SettingsProvider: name : screen_brightness appId : 10123
09-21 21:37:31.528  1362  1362 I BrightnessSynchronizer: [781] New Update 103(i) set brightness values: 0.4015748(f) 
09-21 21:37:31.532  1362  1436 V DisplayPowerController2[0]: Brightness [0.4015748] manual adjustment.
09-21 21:37:31.533  1362  1436 I DisplayPowerController2[0]: BrightnessEvent: disp=0, physDisp=local:0, brt=0.4015748(user_set), initBrt=0.41338584, rcmdBrt=NaN, preBrt=NaN, lux=0.0, preLux=0.0, hbmMax=1.0, hbmMode=off, rbcStrength=50, thrmMax=1.0, powerFactor=1.0, wasShortTermModelActive=false, flags=user_set , reason=manual, autoBrightness=false, strategy=InvalidBrightnessStrategy
09-21 21:37:31.533  1362  1398 D DisplayManagerService: Ignore redundant display event 0/4 to 10042/4108
09-21 21:37:31.534  1362  1398 D DisplayManagerService: Ignore redundant display event 0/4 to 10087/4698
09-21 21:37:31.534  1362  1398 D DisplayManagerService: Ignore redundant display event 0/4 to 10095/5805
09-21 21:37:31.534  1362  1398 D DisplayManagerService: Ignore redundant display event 0/4 to 10099/7352
09-21 21:37:31.534  1362  1398 D DisplayManagerService: Ignore redundant display event 0/4 to 10114/11831
09-21 21:37:31.534  1362  1398 D DisplayManagerService: Ignore redundant display event 0/4 to 10198/13083
09-21 21:37:31.534  1362  1398 D DisplayManagerService: Ignore redundant display event 0/4 to 10042/4108
09-21 21:37:31.534  1362  1398 D DisplayManagerService: Ignore redundant display event 0/4 to 10087/4698
09-21 21:37:31.534  1362  1398 D DisplayManagerService: Ignore redundant display event 0/4 to 10095/5805
09-21 21:37:31.534  1362  1398 D DisplayManagerService: Ignore redundant display event 0/4 to 10099/7352
09-21 21:37:31.534  1362  1398 D DisplayManagerService: Ignore redundant display event 0/4 to 10114/11831
09-21 21:37:31.534  1362  1398 D DisplayManagerService: Ignore redundant display event 0/4 to 10198/13083
09-21 21:37:31.534  1362  1362 I BrightnessSynchronizer: Swallowing update of 0.4015748(f) by update: {[781] 103(i), mUpdatedTypes=2, mConfirmedTypes=2, mTimeUpdated=99039277}
09-21 21:37:31.534  1362  1362 I BrightnessSynchronizer: Completed Update: {[781] 103(i), mUpdatedTypes=2, mConfirmedTypes=2, mTimeUpdated=99039277}
09-21 21:37:31.541   709   709 D android.hardware.lights-service.mediatek: Lights setting state for id=0, color=ff696969
09-21 21:37:31.541   709   709 D android.hardware.lights-service.mediatek: read 1 from /sys/devices/platform/shengyou_spec/hdmi_ctrl_sta
09-21 21:37:31.541   709   709 D android.hardware.lights-service.mediatek: read_int, val=1, ret=2, path=/sys/devices/platform/shengyou_spec/hdmi_ctrl_sta
09-21 21:37:31.541   709   709 D android.hardware.lights-service.mediatek: read 1 from /sys/devices/platform/shengyou_spec/hdmi_bl_sta
09-21 21:37:31.541   709   709 D android.hardware.lights-service.mediatek: read_int, val=1, ret=2, path=/sys/devices/platform/shengyou_spec/hdmi_bl_sta
09-21 21:37:31.541   709   709 D android.hardware.lights-service.mediatek: set_light_backlight, hdmi_state=1, hdmi_backlight=1, level=105, onMS=0, offMS=0
09-21 21:37:31.541   709   709 D android.hardware.lights-service.mediatek: write 105 to /sys/class/leds/lcd-backlight/brightness
09-21 21:37:31.542   709   709 D android.hardware.lights-service.mediatek: write 105 to /sys/class/leds/lcd-backlight/brightness, result: 0
09-21 21:37:31.542   709   709 D android.hardware.lights-service.mediatek: write 105 to /sys/class/leds/sublcd-backlight/brightness
09-21 21:37:31.542   709   709 D android.hardware.lights-service.mediatek: write 105 to /sys/class/leds/sublcd-backlight/brightness, result: 0
09-21 21:37:31.546   954  1085 D AAL     : onBacklightChanged: 425/1023 -> 421/1023(phy:1685/4095)
09-21 21:37:31.552   710   795 I libPowerHal: [perfLockRel] hdl:3016, idx:0
09-21 21:37:31.553   710   795 I libPowerHal: [PD] MTKPOWER_HINT_APP_TOUCH update cmd:3408600 param:0
09-21 21:37:31.553   709   709 D android.hardware.lights-service.mediatek: Lights setting state for id=0, color=ff676767
09-21 21:37:31.553   709   709 D android.hardware.lights-service.mediatek: read 1 from /sys/devices/platform/shengyou_spec/hdmi_ctrl_sta
09-21 21:37:31.553   709   709 D android.hardware.lights-service.mediatek: read_int, val=1, ret=2, path=/sys/devices/platform/shengyou_spec/hdmi_ctrl_sta
09-21 21:37:31.553   709   709 D android.hardware.lights-service.mediatek: read 1 from /sys/devices/platform/shengyou_spec/hdmi_bl_sta
09-21 21:37:31.553   709   709 D android.hardware.lights-service.mediatek: read_int, val=1, ret=2, path=/sys/devices/platform/shengyou_spec/hdmi_bl_sta
09-21 21:37:31.553   709   709 D android.hardware.lights-service.mediatek: set_light_backlight, hdmi_state=1, hdmi_backlight=1, level=103, onMS=0, offMS=0
09-21 21:37:31.554   709   709 D android.hardware.lights-service.mediatek: write 103 to /sys/class/leds/lcd-backlight/brightness
09-21 21:37:31.554   709   709 D android.hardware.lights-service.mediatek: write 103 to /sys/class/leds/lcd-backlight/brightness, result: 0
09-21 21:37:31.554   709   709 D android.hardware.lights-service.mediatek: write 103 to /sys/class/leds/sublcd-backlight/brightness
09-21 21:37:31.554   709   709 D android.hardware.lights-service.mediatek: write 103 to /sys/class/leds/sublcd-backlight/brightness, result: 0
09-21 21:37:31.562   715   715 I BufferQueueProducer: [NavigationBar0#400](this:0xb400007deeeb5fa8,id:-1,api:0,p:-1,c:715) queueBuffer: fps=9.44 dur=1059.58 max=880.93 min=15.40
09-21 21:37:31.562   715   715 I BufferQueueProducer: [StatusBar#408](this:0xb400007deeeccc28,id:-1,api:0,p:-1,c:715) queueBuffer: fps=20.59 dur=1457.07 max=760.87 min=13.54
09-21 21:37:31.565   954  1085 D AAL     : onBacklightChanged: 421/1023 -> 413/1023(phy:1653/4095)
09-21 21:37:31.631   710   776 I libPerfCtl: xgfGetFPS pid:1618 fps:60
09-21 21:37:31.632   710   776 I libPerfCtl: xgfGetFPS pid:1893 fps:55
09-21 21:37:31.632   710   776 I libPerfCtl: xgfGetFPS pid:10784 fps:-1
09-21 21:37:31.779   954  1085 D AAL     : 09-21 09:37:31.565 BL= 325,ESS= 256, 09-21 09:37:31.584 BL= 322,ESS= 256, 09-21 09:37:31.701 BL= 321,ESS= 256, 09-21 09:37:31.759 BL= 320,ESS= 256, 
09-21 21:37:31.850   703 11367 D StNfcHal: (#022FD) Rx 6f 02 09 (hidden)
09-21 21:37:31.851  2627 11364 I libnfc_nci: [INFO:nfc_ncif.cc(628)] nfc_ncif_process_event; NFC received ntf gid:15
09-21 21:37:31.851  2627 11364 I libnfc_nci: [INFO:StFwNtfManager.cpp(1446)] StFwNtfManager::handleVsLogData; data_len: 0x000C 
09-21 21:37:31.864   703 11367 D StNfcHal: (#022FE) Rx 6f 02 0d (hidden)
09-21 21:37:31.865  2627 11364 I libnfc_nci: [INFO:nfc_ncif.cc(628)] nfc_ncif_process_event; NFC received ntf gid:15
09-21 21:37:31.865  2627 11364 I libnfc_nci: [INFO:StFwNtfManager.cpp(1446)] StFwNtfManager::handleVsLogData; data_len: 0x0010 
09-21 21:37:31.874   703 11367 D StNfcHal: (#022FF) Rx 6f 02 0f (hidden)
09-21 21:37:31.876  2627 11364 I libnfc_nci: [INFO:nfc_ncif.cc(628)] nfc_ncif_process_event; NFC received ntf gid:15
09-21 21:37:31.876  2627 11364 I libnfc_nci: [INFO:StFwNtfManager.cpp(1446)] StFwNtfManager::handleVsLogData; data_len: 0x0012 
09-21 21:37:31.906   703 11367 D StNfcHal: (#02300) Rx 6f 02 11 (hidden)
09-21 21:37:31.910  2627 11364 I libnfc_nci: [INFO:nfc_ncif.cc(628)] nfc_ncif_process_event; NFC received ntf gid:15
09-21 21:37:31.910  2627 11364 I libnfc_nci: [INFO:StFwNtfManager.cpp(1446)] StFwNtfManager::handleVsLogData; data_len: 0x0014 
09-21 21:37:31.921   703 11367 D StNfcHal: (#02301) Rx 6f 02 0a (hidden)
09-21 21:37:31.923  2627 11364 I libnfc_nci: [INFO:nfc_ncif.cc(628)] nfc_ncif_process_event; NFC received ntf gid:15
09-21 21:37:31.923  2627 11364 I libnfc_nci: [INFO:StFwNtfManager.cpp(1446)] StFwNtfManager::handleVsLogData; data_len: 0x000D 
09-21 21:37:31.930   703 11367 D StNfcHal: (#02302) Rx 6f 02 09 (hidden)
09-21 21:37:31.931  2627 11364 I libnfc_nci: [INFO:nfc_ncif.cc(628)] nfc_ncif_process_event; NFC received ntf gid:15
09-21 21:37:31.931  2627 11364 I libnfc_nci: [INFO:StFwNtfManager.cpp(1446)] StFwNtfManager::handleVsLogData; data_len: 0x000C 
09-21 21:37:31.965   949   949 V thermal_src: TA_DAEMON_CMD_SET_TTJ cmd=0x4, len=4 Tj=69152
09-21 21:37:31.995  1582  1582 I WifiHAL : Get link layer stats
09-21 21:37:31.995  1582  1582 I WifiHAL : GetLinkStatsCommand::create
09-21 21:37:31.995  1582  1582 D android.hardware.wifi@1.0-service-lazy: WifiRequest::create vendor command to iface 31, vendor_id=0x1a11, subcmd=0x1200, res=0
09-21 21:37:31.996  1582  1582 I WifiHAL : GetLinkStatsCommand::handleResponse
09-21 21:37:31.996  1582  1582 E WifiHAL : handleResponse: data=0xb4000075c6e306b0, len=392
09-21 21:37:31.996  1582  1582 I WifiHAL : check_data_sanity: confirmed_size=380, len=392
09-21 21:37:31.996  1582  1582 I WifiHAL : handleResponse: iface_stat_ptr=0xb4000075c6e306b0, num_radios=0, radio_stats_ptr=0xb4000075c6e3082c
09-21 21:37:31.996  1582  1582 E android.hardware.wifi@1.0-service-lazy: Invalid radio stats in link layer stats
09-21 21:37:31.996  1582  1582 I android.hardware.wifi@1.0-service-lazy: WifiCommand::requestResponse err=-1
09-21 21:37:31.996  1582  1582 I WifiHAL : wifi_get_link_stats: result=-1
09-21 21:37:31.998  1362  1518 E WifiStaIfaceHidlImpl: getLinkLayerStatsV1_5 failed with status: {.code = ERROR_UNKNOWN, .description = unknown}
09-21 21:37:32.011  1789  2234 I bt_shim_scanner: handle_remote_properties: handle_remote_properties Update device_type=0x2 addr_type=0x1
09-21 21:37:32.011  1789  2234 I bt_shim_scanner: handle_remote_properties: handle_remote_properties  device_type= 2
09-21 21:37:32.014  2131 13793 I NearbyMediums: This GATT advertisement BleAdvertisement { version=2, socketVersion=2, isFast=true, serviceIdHash=null, data=[ 0x23 0x54 0x5a 0x4f 0x50 0x11 0x32 0x95 0x62 0x9a 0x04 0x6d 0x3b 0x00 0xcb 0x63 0x82 0xac 0x9c 0x62 0x31 0x2e 0x97 ], deviceToken=[ 0xc8 0xf2 ], rxAdvertisement=null } is a Fast Advertisement and matched UUID 0000fef3-0000-1000-8000-00805f9b34fb in fastAdvertisementServiceUuids map with serviceID NearbySharing
09-21 21:37:32.015  2131 13844 I NearbyConnections: Found BleAdvertisement [ 0x23 0x54 0x5a 0x4f 0x50 0x11 0x32 0x95 0x62 0x9a 0x04 0x6d 0x3b 0x00 0xcb 0x63 0x82 0xac 0x9c 0x62 0x31 0x2e 0x97 ] (with EndpointId TZOP and EndpointInfo [ 0x32 0x95 0x62 0x9a 0x04 0x6d 0x3b 0x00 0xcb 0x63 0x82 0xac 0x9c 0x62 0x31 0x2e 0x97 ])
09-21 21:37:32.017  2131 13844 I NearbyConnections: ClientProxy(50336379) reporting onEndpointFound(TZOP)
09-21 21:37:32.017  2131 13660 I NearbySharing: NearbySharing Internal event EndpointDiscovered(endpointId=TZOP)
09-21 21:37:32.018  2131 13844 I NearbyConnections: ClientProxy(50336379) reporting onEndpointDistanceChanged(TZOP, UNKNOWN)
