09-21 21:37:32.031  2131 13844 I NearbySharing: [NS_DISCOVERY] DiscoveryController reported Discovered(endpointId=TZOP, metadata=DeviceMetadata(version=1, deviceType=1, deviceName=smartphone di Lino, displayName=Lino Lucci, modelName=CPH2565, imageUri=content://com.google.android.gms.fileprovider/nearby_share_images/-56039813.jpg, isSelfShare=true, isKnown=true, bluetoothMacAddress=[-28, 64, -105, -49, -84, 108], vendorId=0, matchesLocalQrCode=false), sharedCredential=SharedCredential(id=284366297, publicKey=[48, 89, 48, 19, 6, 7, 42, -122, 72, -50, 61, 2, 1, 6, 8, 42, -122, 72, -50, 61, 3, 1, 7, 3, 66, 0, 4, 4, 10, 42, -25, -87, -94, 99, 41, 42, 123, -25, -74, 95, 4, 109, 49, 120, -77, -106, -57, -111, 89, -52, 14, -92, -108, 106, -80, -40, -11, -7, 20, -53, 4, 39, 25, 14, 64, 83, -20, -97, -100, 120, -53, 110, 43, -113, 78, -42, 99, 4, -54, -37, 78, -8, -24, -45, -69, 76, 14, 36, -127, 37, -109], authenticityKey=[95, 96, -39, -115, -87, 82, -78, 34, -48, -115, -108, -76, -113, 111, -114, -49, -75, 111, -51, 58, 90, -47, 79, 20, 63, 102, 54, -120, 108, -51, -29, -83], certificateMetadata=CertificateMetadata(deviceName=smartphone di Lino, fullName=Lino Lucci, iconUrl=content://com.google.android.gms.fileprovider/nearby_share_images/-56039813.jpg, bluetoothMacAddress=[-28, 64, -105, -49, -84, 108], accountName=pako.lucci@gmail.com, modelName=CPH2565, vendorId=0), hasSharedAccount=true))
09-21 21:37:32.031  2131 13844 I NearbySharing: [NS_DEBUG] Dedupped: same endpoint ID TZOP
09-21 21:37:32.032  2131 13844 I NearbySharing: {NS_DEBUG] previous receiver info ReceiverInfo(endpointId=TZOP, metadata=DeviceMetadata(version=1, deviceType=1, deviceName=smartphone di Lino, displayName=Lino Lucci, modelName=CPH2565, imageUri=content://com.google.android.gms.fileprovider/nearby_share_images/-56039813.jpg, isSelfShare=true, isKnown=true, bluetoothMacAddress=[-28, 64, -105, -49, -84, 108], vendorId=0, matchesLocalQrCode=false), sharedCredential=SharedCredential(id=284366297, publicKey=[48, 89, 48, 19, 6, 7, 42, -122, 72, -50, 61, 2, 1, 6, 8, 42, -122, 72, -50, 61, 3, 1, 7, 3, 66, 0, 4, 4, 10, 42, -25, -87, -94, 99, 41, 42, 123, -25, -74, 95, 4, 109, 49, 120, -77, -106, -57, -111, 89, -52, 14, -92, -108, 106, -80, -40, -11, -7, 20, -53, 4, 39, 25, 14, 64, 83, -20, -97, -100, 120, -53, 110, 43, -113, 78, -42, 99, 4, -54, -37, 78, -8, -24, -45, -69, 76, 14, 36, -127, 37, -109], authenticityKey=[95, 96, -39, -115, -87, 82, -78, 34, -48, -115, -108, -76, -113, 111, -114, -49, -75, 111, -51, 58, 90, -47, 79, 20, 63, 102, 54, -120, 108, -51, -29, -83], certificateMetadata=CertificateMetadata(deviceName=smartphone di Lino, fullName=Lino Lucci, iconUrl=content://com.google.android.gms.fileprovider/nearby_share_images/-56039813.jpg, bluetoothMacAddress=[-28, 64, -105, -49, -84, 108], accountName=pako.lucci@gmail.com, modelName=CPH2565, vendorId=0), hasSharedAccount=true), state=Lost(delayedStateChangeJob=idew{Active}@d25f15c, sendContext=null))
09-21 21:37:32.033  2131 13844 I NearbySharing: NearbySharing Internal event ReceiverEndpointMapping(endpointId=TZOP, receiverId=22)
09-21 21:37:32.035  2131 13844 I NearbySharing: SendManager event DistanceChanged(receiverId=22, distance=1, rangingData=null)
09-21 21:37:32.329  2131  2131 I RCNService: updateRcnState to isNetworkAvailable: true, isRcnSettingsEnabled: true, isScreenOn: true
09-21 21:37:32.330   703 11367 D StNfcHal: (#02303) Rx 6f 02 09 (hidden)
09-21 21:37:32.331  2627 11364 I libnfc_nci: [INFO:nfc_ncif.cc(628)] nfc_ncif_process_event; NFC received ntf gid:15
09-21 21:37:32.331  2627 11364 I libnfc_nci: [INFO:StFwNtfManager.cpp(1446)] StFwNtfManager::handleVsLogData; data_len: 0x000C 
09-21 21:37:32.345   703 11367 D StNfcHal: (#02304) Rx 6f 02 0d (hidden)
09-21 21:37:32.346  2627 11364 I libnfc_nci: [INFO:nfc_ncif.cc(628)] nfc_ncif_process_event; NFC received ntf gid:15
09-21 21:37:32.346  2627 11364 I libnfc_nci: [INFO:StFwNtfManager.cpp(1446)] StFwNtfManager::handleVsLogData; data_len: 0x0010 
09-21 21:37:32.355   703 11367 D StNfcHal: (#02305) Rx 6f 02 0f (hidden)
09-21 21:37:32.356  2627 11364 I libnfc_nci: [INFO:nfc_ncif.cc(628)] nfc_ncif_process_event; NFC received ntf gid:15
09-21 21:37:32.356  2627 11364 I libnfc_nci: [INFO:StFwNtfManager.cpp(1446)] StFwNtfManager::handleVsLogData; data_len: 0x0012 
09-21 21:37:32.387   703 11367 D StNfcHal: (#02306) Rx 6f 02 11 (hidden)
09-21 21:37:32.388  2627 11364 I libnfc_nci: [INFO:nfc_ncif.cc(628)] nfc_ncif_process_event; NFC received ntf gid:15
09-21 21:37:32.388  2627 11364 I libnfc_nci: [INFO:StFwNtfManager.cpp(1446)] StFwNtfManager::handleVsLogData; data_len: 0x0014 
09-21 21:37:32.401   703 11367 D StNfcHal: (#02307) Rx 6f 02 0a (hidden)
09-21 21:37:32.403  2627 11364 I libnfc_nci: [INFO:nfc_ncif.cc(628)] nfc_ncif_process_event; NFC received ntf gid:15
09-21 21:37:32.403  2627 11364 I libnfc_nci: [INFO:StFwNtfManager.cpp(1446)] StFwNtfManager::handleVsLogData; data_len: 0x000D 
09-21 21:37:32.411   703 11367 D StNfcHal: (#02308) Rx 6f 02 09 (hidden)
09-21 21:37:32.412  2627 11364 I libnfc_nci: [INFO:nfc_ncif.cc(628)] nfc_ncif_process_event; NFC received ntf gid:15
09-21 21:37:32.412  2627 11364 I libnfc_nci: [INFO:StFwNtfManager.cpp(1446)] StFwNtfManager::handleVsLogData; data_len: 0x000C 
09-21 21:37:32.428  2131  2139 I .gms.persistent: Background young concurrent copying GC freed 96860(4709KB) AllocSpace objects, 4(144KB) LOS objects, 14% free, 27MB/31MB, paused 522us,180us total 105.091ms
09-21 21:37:32.632   710   776 I libPerfCtl: xgfGetFPS pid:1618 fps:-1
09-21 21:37:32.632   710   776 I libPerfCtl: xgfGetFPS pid:1893 fps:48
09-21 21:37:32.632   710   776 I libPerfCtl: xgfGetFPS pid:10784 fps:-1
09-21 21:37:32.809   703 11367 D StNfcHal: (#02309) Rx 6f 02 0a (hidden)
09-21 21:37:32.810  2627 11364 I libnfc_nci: [INFO:nfc_ncif.cc(628)] nfc_ncif_process_event; NFC received ntf gid:15
09-21 21:37:32.810  2627 11364 I libnfc_nci: [INFO:StFwNtfManager.cpp(1446)] StFwNtfManager::handleVsLogData; data_len: 0x000D 
09-21 21:37:32.985   949   949 V thermal_src: TA_DAEMON_CMD_SET_TTJ cmd=0x4, len=4 Tj=68664
09-21 21:37:33.097   703 11367 D StNfcHal: (#0230A) Rx 6f 02 2e (hidden)
09-21 21:37:33.098  2627 11364 I libnfc_nci: [INFO:nfc_ncif.cc(628)] nfc_ncif_process_event; NFC received ntf gid:15
09-21 21:37:33.098  2627 11364 I libnfc_nci: [INFO:StFwNtfManager.cpp(1446)] StFwNtfManager::handleVsLogData; data_len: 0x0031 
09-21 21:37:33.632   710   776 I libPerfCtl: xgfGetFPS pid:1618 fps:-1
09-21 21:37:33.632   710   776 I libPerfCtl: xgfGetFPS pid:1893 fps:-1
09-21 21:37:33.632   710   776 I libPowerHal: [updateFPS] pid(1893) : 60 => -1
09-21 21:37:33.633   710   795 I libPowerHal: [perfNotifyAppState] pack:com.android.launcher3, act:com.android.searchlauncher.SearchLauncher, state:5, pid:1893, uid:10121, fps:-1
09-21 21:37:33.635   692   847 D AudioALSAStreamOut: standby(), flag 4
09-21 21:37:33.635   692   847 D AudioALSAStreamOut: standbyStreamOut(), halRequest 0, mDestroy 0, flag 4
09-21 21:37:33.635   692   847 D AudioALSAStreamOut: close(), flags 4
09-21 21:37:33.635   692   847 D AudioALSAPlaybackHandlerFast: +close()
09-21 21:37:33.635   692   847 D AudioALSAHardwareResourceManager: +stopOutputDevice(), mOutputDevices = 0x2, mStartOutputDevicesCount = 1
09-21 21:37:33.635   692   847 D AudioALSADeviceConfigManager: ApplyDeviceTurnoffSequenceByName(), DeviceName = ext_speaker_output descriptor->DeviceStatusCounter = 1, Ctlsize=2
09-21 21:37:33.635   710   795 E UxUtility: notifyAppState error = NULL
09-21 21:37:33.635   710   795 I TouchUtility: notifyAppState error = NULL
09-21 21:37:33.636   692   847 D AudioALSADeviceConfigManager: ApplyDeviceTurnoffSequenceByName(), DeviceName = speaker_output descriptor->DeviceStatusCounter = 1, Ctlsize=2
09-21 21:37:33.636   710   776 I libPerfCtl: xgfGetFPS pid:10784 fps:-1
09-21 21:37:33.640   692   847 D AudioALSAHardwareResourceManager: notifyOutputDeviceStatusChange(), device = 2, status = 1, sampleRate = 0, mOpenSpeakerPathCount = 0
09-21 21:37:33.641   692   847 D AudioALSAStreamManager: speakerStatusChangeCb(), status = 1, sampleRate = 0
09-21 21:37:33.643   692   847 D AudioALSAPlaybackHandlerBase: -closePcmDriver(), mPcm = 0x0
09-21 21:37:33.643   692   847 D AudioALSAPlaybackHandlerFast: SetLowJitterMode(), bypass low jitter mode, bEnable = 0, SampleRate = 48000
09-21 21:37:33.643   692   847 D AudioALSAPlaybackHandlerBase: DestroyAurisysLibManager()
09-21 21:37:33.643   692   847 D aurisys_lib_handler: aurisys_arsi_destroy_handler(), lib_name mtk_bessound, 0xe7e02890, arsi_destroy_handler, arsi_handler = 0xe95a5450, retval = 0
09-21 21:37:33.643   692   847 D aurisys_lib_manager: delete_aurisys_lib_manager(), manager 0xe7ec0b10
09-21 21:37:33.643   692   847 D AudioALSAPlaybackHandlerBase: closeWavDump()
09-21 21:37:33.643   692   847 D AudioALSAPlaybackHandlerFast: -close()
09-21 21:37:33.646   684   690 W statsd  : StateTracker not found for state atom 27
09-21 21:37:33.711   703 11367 D StNfcHal: (#0230B) Rx 6f 02 0f (hidden)
09-21 21:37:33.712  2627 11364 I libnfc_nci: [INFO:nfc_ncif.cc(628)] nfc_ncif_process_event; NFC received ntf gid:15
09-21 21:37:33.712  2627 11364 I libnfc_nci: [INFO:StFwNtfManager.cpp(1446)] StFwNtfManager::handleVsLogData; data_len: 0x0012 
09-21 21:37:33.877   710   795 I libPowerHal: [perfLockAcq] idx:0 hdl:3017 hint:25 pid:710 duration:10000 lock_user:mtkpower@1.0-se => ret_hdl:3017
09-21 21:37:33.879   710   795 I libPowerHal: [PE] MTKPOWER_HINT_APP_TOUCH update cmd:3408600 param:1
09-21 21:37:33.968   703 11367 D StNfcHal: (#0230C) Rx 6f 02 16 (hidden)
09-21 21:37:33.968  2627 11364 I libnfc_nci: [INFO:nfc_ncif.cc(628)] nfc_ncif_process_event; NFC received ntf gid:15
09-21 21:37:33.968  2627 11364 I libnfc_nci: [INFO:StFwNtfManager.cpp(1446)] StFwNtfManager::handleVsLogData; data_len: 0x0019 
09-21 21:37:33.977   703 11367 D StNfcHal: (#0230D) Rx 6f 02 09 (hidden)
09-21 21:37:33.978   710   795 I libPowerHal: [perfLockRel] hdl:3017, idx:0
09-21 21:37:33.978  2627 11364 I libnfc_nci: [INFO:nfc_ncif.cc(628)] nfc_ncif_process_event; NFC received ntf gid:15
09-21 21:37:33.978  2627 11364 I libnfc_nci: [INFO:StFwNtfManager.cpp(1446)] StFwNtfManager::handleVsLogData; data_len: 0x000C 
09-21 21:37:33.979   710   795 I libPowerHal: [PD] MTKPOWER_HINT_APP_TOUCH update cmd:3408600 param:0
09-21 21:37:33.987   703 11367 D StNfcHal: (#0230E) Rx 6f 02 0d (hidden)
09-21 21:37:33.989  2627 11364 I libnfc_nci: [INFO:nfc_ncif.cc(628)] nfc_ncif_process_event; NFC received ntf gid:15
09-21 21:37:33.989  2627 11364 I libnfc_nci: [INFO:StFwNtfManager.cpp(1446)] StFwNtfManager::handleVsLogData; data_len: 0x0010 
09-21 21:37:33.997  1362  1542 D AudioTrack: setVolume(29): 0xb40000783cf9c280, left = 0.501187, right = 0.501187
09-21 21:37:33.997  1362  1542 D AudioTrack: start(29): 0xb40000783cf9c280, prior state:STATE_STOPPED
09-21 21:37:33.998   712 16841 D APM_AudioPolicyManager: startOutput() output 29, stream 1, session 145
09-21 21:37:34.003   703 11367 D StNfcHal: (#0230F) Rx 6f 02 0f (hidden)
09-21 21:37:34.004  2627 11364 I libnfc_nci: [INFO:nfc_ncif.cc(628)] nfc_ncif_process_event; NFC received ntf gid:15
09-21 21:37:34.004  2627 11364 I libnfc_nci: [INFO:StFwNtfManager.cpp(1446)] StFwNtfManager::handleVsLogData; data_len: 0x0012 
09-21 21:37:34.006  1362  2760 D CompatibilityChangeReporter: Compat change id reported: 161252188; UID 10198; state: DISABLED
09-21 21:37:34.008   712 16841 D audioserver: FGS Logger Transaction failed
09-21 21:37:34.008   712 16841 D audioserver: -129
09-21 21:37:34.009   949   949 V thermal_src: TA_DAEMON_CMD_SET_TTJ cmd=0x4, len=4 Tj=68175
09-21 21:37:34.010   692   847 D AudioALSAStreamOut: +setParameters(): flag 4, NoAudioTrack=0
09-21 21:37:34.010   692   847 W AudioALSAStreamOut: setParameters(), still have param.size() = 1, remain param = "NoAudioTrack=0"
09-21 21:37:34.011   692   847 I AudioALSAStreamOut: updateSourceMetadata(), do nothing source_metadata = 0xe805aab8
09-21 21:37:34.012   692  5283 D AudioALSAStreamOut: write(), flag 0x4, usePolicyDevice: 1, output_devices: 0x2 -> latest policyDevice 0x2 (ori policyDevice 0x2)
09-21 21:37:34.012   692  5283 D AudioALSAStreamManager: +syncSharedOutDevice(), originDevice/routingSharedOutDevice: 0x2/0x2, mAudioMode: 0
09-21 21:37:34.012   692  5283 D AudioMTKGainController: setNormalVolume(), mSceneIndex = 0, stream 1, devices 0x2, index 8, mode 0x0, gainDevice 0x2
09-21 21:37:34.012   692  5283 D AudioMTKGainController: setSpeakerGain(), gain = 10, spkAnaType = 3
09-21 21:37:34.012   692  5283 D AudioALSAStreamOut: open(), flags 4
09-21 21:37:34.012   692  5283 D AudioALSAStreamManager: +createPlaybackHandler(), mAudioMode = 0, output_devices = 0x2, isMixerOut = 0, isBypassAurisys = 0, flag = 4, isIEMsSource = 0, isIEMsOn = 0
09-21 21:37:34.012   692  5283 D AudioALSAStreamManager: needEnableVoip(), output_devices = 0x2, flags: 0x4, mAvailableOutputFlags: 0x1000e, enable: 0
09-21 21:37:34.012   692  5283 D AudioALSAPlaybackHandlerFast: AudioALSAPlaybackHandlerFast()
09-21 21:37:34.012   692  5283 D AudioALSAPlaybackHandlerFast: +open(), mDevice = 0x2
09-21 21:37:34.012   692  5283 D AudioALSADeviceParser: compare pcm success = 23, stringpair = MultiMedia2_PLayback
09-21 21:37:34.016   684   690 W statsd  : StateTracker not found for state atom 27
09-21 21:37:34.020   684   690 W statsd  : StateTracker not found for state atom 27
09-21 21:37:34.023   692  5283 D AudioUtility: chooseTargetSampleRate() hiFiState 0 isDeviceSupportHiFi 0 sampleRate 48000 targetSampleRate 48000
09-21 21:37:34.023   692  5283 D AudioALSAPlaybackHandlerBase: transferAudioFormatToPcmFormat(), audio_format(0x4) => pcm_format(0x1)
09-21 21:37:34.023   692  5283 D AudioALSAPlaybackHandlerFast: open(), mConfig: channels = 2, rate = 48000, period_size = 256, period_count = 2, format = 1, buffer size 4096 2048
09-21 21:37:34.023   692  5283 D AudioALSAPlaybackHandlerBase: CreateAurisysLibManager, ph type: 7, voip: 0, mAurisysScenario: 1
09-21 21:37:34.023   692  5283 D aurisys_utility: input dev: 0x80000004, fmt = 0x3, fs: 48000, max fs: 48000, ch: 2, max ch: 1, ch maks: 0x3, hw_info_mask: 0x0; output dev: 0x2, fmt = 0x3, fs: 48000, max fs: 48000, ch: 2, max ch: 2, ch maks: 0x3, hw_info_mask: 0x0; task_scene: 2, audio_mode: 0, stream_type: 1, output_flags: 0x4, input_source: 0, input_flags: 0x0; network_info: 0, enhancement_feature_mask: 0x0
09-21 21:37:34.023   692  5283 D AudioUtility: setupCustomInfoStr(), custom_info = "SetAudioCustomScene=;", (scene = , vol_level = -1, bt_codec = -1)
09-21 21:37:34.023   692  5283 D aurisys_utility: lib, working fs: 48000, fmt: 0x3, frame = 0, b_interleave = 1, num_ul_ref_buf_array = 0, num_dl_ref_buf_array = 0
09-21 21:37:34.023   692  5283 D aurisys_utility: dl in[type:2], ch: 2, ch_mask: 0x3, buf fs: 48000, buf content fs: 48000, fmt: 0x3; dl out[type:3], ch: 2, ch_mask: 0x3, buf fs: 48000, buf content fs: 48000, fmt: 0x3
09-21 21:37:34.023   692  5283 D android.hardware.audio.service.mediatek: get_custom_info_value(), cusom_info = SetAudioCustomScene=;, key= SetAudioCustomScene, ret = 0, ptr = 0xe5315e88, value_str = , max_value_str_leng = 20
09-21 21:37:34.023   692  5283 D AudioCompFltCustParam: audioHierarchicalParamEnable [1]
09-21 21:37:34.023   692  5283 D AudioCompFltCustParam: getPlaybackPostProcessParameterFromXML Type/Name [5]/[PlaybackDRC]
09-21 21:37:34.023   692  5283 D AudioCompFltCustParam: Load from scene Scene,Default,Volume type,Music
09-21 21:37:34.023   692  5283 D AudioCompFltCustParam: audioHierarchicalParamEnable [1]
09-21 21:37:34.023   692  5283 D AudioCompFltCustParam: getPlaybackPostProcessParameterFromXML Type/Name [0]/[PlaybackACF]
09-21 21:37:34.023   692  5283 D AudioCompFltCustParam: Load from scene Scene,Default,Volume type,Music,Profile,Speaker
09-21 21:37:34.023   692  5283 D AudioCompFltCustParam: audioHierarchicalParamEnable [1]
09-21 21:37:34.023   692  5283 D AudioCompFltCustParam: getPlaybackPostProcessParameterFromXML Type/Name [6]/[PlaybackDRC]
09-21 21:37:34.023   692  5283 D AudioCompFltCustParam: Load from scene Scene,Default,Volume type,Ring
09-21 21:37:34.023   692  5283 D AudioCompFltCustParam: audioHierarchicalParamEnable [1]
09-21 21:37:34.023   692  5283 D AudioCompFltCustParam: getPlaybackPostProcessParameterFromXML Type/Name [8]/[PlaybackACF]
09-21 21:37:34.023   692  5283 D AudioCompFltCustParam: Load from scene Scene,Default,Volume type,Music,Profile,Speaker
09-21 21:37:34.024   692  5283 D aurisys_lib_handler: aurisys_arsi_parsing_param_file(), gProductInfo "platform=MT6771,device=T4SMODELX,model=T4SMODELX", file_path "/vendor/etc/audio_param", enhancement_mode 0, param_buf_size 2528, data_size 2528, custom_info SetAudioCustomScene=;
09-21 21:37:34.024   692  5283 D aurisys_lib_handler: aurisys_arsi_create_handler(), lib_name mtk_bessound, 0xe7e02ad0, memory_size 72624, arsi_handler 0xe95a5450, retval 0x0
09-21 21:37:34.024   692  5283 D aurisys_lib_handler: aurisys_arsi_create_handler(), arsi_query_process_unit_bytes, ul 0, dl 2048, retval 0
09-21 21:37:34.024   692  5283 D aurisys_lib_manager: DL Lib, lib_name mtk_bessound, 0xe7e02ad0, sample_rate: 48000 => 48000, num_channels: 2 => 2, audio_format: 0x3 => 0x3, interleave: 1 => 1, frame: 0 => 0
09-21 21:37:34.024   692  5283 D aurisys_lib_manager: DL out, sample_rate: 48000 => 48000, num_channels: 2 => 2, audio_format: 0x3 => 0x4, interleave: 1 => 1, frame: 0 => 0
09-21 21:37:34.024   692  5283 D AudioALSAPlaybackHandlerFast: SetLowJitterMode(), bypass low jitter mode, bEnable = 1, SampleRate = 48000
09-21 21:37:34.025   703 11367 D StNfcHal: (#02310) Rx 6f 02 11 (hidden)
09-21 21:37:34.026  2627 11364 I libnfc_nci: [INFO:nfc_ncif.cc(628)] nfc_ncif_process_event; NFC received ntf gid:15
09-21 21:37:34.026  2627 11364 I libnfc_nci: [INFO:StFwNtfManager.cpp(1446)] StFwNtfManager::handleVsLogData; data_len: 0x0014 
09-21 21:37:34.030   692  5283 D AudioALSAPlaybackHandlerBase: openPcmDriverWithFlag(), pcm device = 23 flag = 0x8 mPcm = 0xe88c2cb0
09-21 21:37:34.030   692  5283 D AudioALSAHardwareResourceManager: +startOutputDevice(), new_devices = 0x2, mOutputDevices = 0x0, mStartOutputDevicesCount = 0 SampleRate = 48000
09-21 21:37:34.030   692  5283 D AudioALSADeviceConfigManager: ApplyDeviceTurnonSequenceByName() DeviceName = speaker_output descriptor->DeviceStatusCounte = 0, Ctlsize=2
09-21 21:37:34.030   710   739 I mtkpower@impl: [setMode] type:5, enabled:1
09-21 21:37:34.031   710   795 I libPowerHal: [perfLockAcq] idx:0 hdl:3018 hint:11 pid:710 duration:30000 lock_user:mtkpower@1.0-se => ret_hdl:3018
09-21 21:37:34.032   710   795 I libPowerHal: LAUNCH: cpu_ctrl set cpu freq: 1989000 -1 1989000 -1
09-21 21:37:34.032   710   795 I libPowerHal: [PE] LAUNCH update cmd:1000000, param:0
09-21 21:37:34.033   710   795 I libPowerHal: [PE] LAUNCH update cmd:1408300, param:100
09-21 21:37:34.033   710   795 I libPowerHal: [PE] LAUNCH update cmd:1000000 param:0
09-21 21:37:34.035  1362  2760 W WindowManager: Changing focus from Window{5bfbff0 u0 com.android.launcher3/com.android.searchlauncher.SearchLauncher} to null displayId=0 Callers=com.android.server.wm.RootWindowContainer.updateFocusedWindowLocked:455 com.android.server.wm.WindowManagerService.updateFocusedWindowLocked:6219 com.android.server.wm.ActivityTaskManagerService.setLastResumedActivityUncheckLocked:4862 com.android.server.wm.ActivityRecord.moveFocusableActivityToTop:3399 
09-21 21:37:34.035   692  5283 D AudioALSADeviceConfigManager: ApplyDeviceTurnonSequenceByName() DeviceName = ext_speaker_output descriptor->DeviceStatusCounte = 0, Ctlsize=2
09-21 21:37:34.037  1362  2760 I AppsFilter: interaction: PackageSetting{73f813c com.omnilypro.pos/10198} -> PackageSetting{260c204 com.android.launcher3/10121} BLOCKED
09-21 21:37:34.039   703 11367 D StNfcHal: (#02311) Rx 6f 02 0a (hidden)
09-21 21:37:34.040  1362  2760 I PowerHalWrapper: amsBoostNotify pid:1893,activity:com.android.searchlauncher.SearchLauncher, package:com.android.launcher3, mProcessCreatePackcom.android.settings 
09-21 21:37:34.040  1362  2760 I PowerHalWrapper: state: 0 
09-21 21:37:34.040  1362  2760 I mtkpower_client: [Legacy][PowerHal_Wrap_notifyAppState] com.android.launcher3/com.android.searchlauncher.SearchLauncher pid=1893 state:0
09-21 21:37:34.041   710   795 I libPowerHal: [perfNotifyAppState] pack:com.android.launcher3, act:com.android.searchlauncher.SearchLauncher, state:0, pid:1893, uid:10121, fps:-1
09-21 21:37:34.041  2627 11364 I libnfc_nci: [INFO:nfc_ncif.cc(628)] nfc_ncif_process_event; NFC received ntf gid:15
09-21 21:37:34.041  2627 11364 I libnfc_nci: [INFO:StFwNtfManager.cpp(1446)] StFwNtfManager::handleVsLogData; data_len: 0x000D 
09-21 21:37:34.042  1362  2760 I PowerHalWrapper: amsBoostNotify AMS_BOOST_PROCESS_CREATE_BOOST:false 
09-21 21:37:34.043   715   715 I BufferQueueProducer: [com.android.launcher3/com.android.searchlauncher.SearchLauncher#18133](this:0xb400007deedf4568,id:-1,api:0,p:-1,c:715) queueBuffer: fps=10.50 dur=2571.10 max=2052.78 min=14.72
09-21 21:37:34.044  1362  2760 I PowerHalWrapper: <amsBoostResume> last:com.android.launcher3, next:com.omnilypro.pos 
09-21 21:37:34.049   710   795 I libPowerHal: [perfLockAcq] idx:1 hdl:3019 hint:22 pid:710 duration:10000 lock_user:mtkpower@1.0-se => ret_hdl:3019
09-21 21:37:34.049   703 11367 D StNfcHal: (#02312) Rx 6f 02 09 (hidden)
09-21 21:37:34.049  1618  1666 V WindowManagerShell: Transition requested: android.os.BinderProxy@9b0c7e4 TransitionRequestInfo { type = OPEN, triggerTask = TaskInfo{userId=0 taskId=110 displayId=0 isRunning=true baseIntent=Intent { act=android.intent.action.MAIN cat=[android.intent.category.LAUNCHER] flg=0x10100000 cmp=com.omnilypro.pos/.MainActivityFinal } baseActivity=ComponentInfo{com.omnilypro.pos/com.omnilypro.pos.MainActivityFinal} topActivity=ComponentInfo{com.omnilypro.pos/com.omnilypro.pos.MainActivityFinal} origActivity=null realActivity=ComponentInfo{com.omnilypro.pos/com.omnilypro.pos.MainActivityFinal} numActivities=1 lastActiveTime=98966698 supportsMultiWindow=true resizeMode=1 isResizeable=true minWidth=-1 minHeight=-1 defaultMinSize=220 token=WCT{android.window.IWindowContainerToken$Stub$Proxy@b84c44d} topActivityType=1 pictureInPictureParams=null shouldDockBigOverlays=false launchIntoPipHostTaskId=-1 lastParentTaskIdBeforePip=-1 displayCutoutSafeInsets=null topActivityInfo=ActivityInfo{be53b02 com.omnilypro.pos.MainActivityFinal} launchCookies=[android.os.BinderProxy@e20ec13] positionInParent=Point(0, 0) parentTaskId=-1 isFocused=true isVisible=false isVisibleRequested=false isSleeping=false topActivityInSizeCompat=false topActivityEligibleForLetterboxEducation= false topActivityLetterboxed= false isFromDoubleTap= false topActivityLetterboxVerticalPosition= -1 topActivityLetterboxHorizontalPosition= -1 topActivityLetterboxWidth=-1 topActivityLetterboxHeight=-1 locusId=null displayAreaFeatureId=1 cameraCompatControlState=hidden}, remoteTransition = RemoteTransition { remoteTransition = android.window.IRemoteTransition$Stub$Proxy@5a47e50, appThread = android.app.IApplicationThread$Stub$Proxy@7665849, debugName = QuickstepLaunch }, displayChange = null }
09-21 21:37:34.049  1618  1666 V WindowManagerShell: RemoteTransition directly requested for android.os.BinderProxy@9b0c7e4: RemoteTransition { remoteTransition = android.window.IRemoteTransition$Stub$Proxy@5a47e50, appThread = android.app.IApplicationThread$Stub$Proxy@7665849, debugName = QuickstepLaunch }
09-21 21:37:34.050  2627 11364 I libnfc_nci: [INFO:nfc_ncif.cc(628)] nfc_ncif_process_event; NFC received ntf gid:15
09-21 21:37:34.050  2627 11364 I libnfc_nci: [INFO:StFwNtfManager.cpp(1446)] StFwNtfManager::handleVsLogData; data_len: 0x000C 
09-21 21:37:34.050   715   715 I BufferQueueProducer: [FramebufferSurface](this:0xb400007d2ec7e540,id:-1,api:1,p:715,c:715) queueBuffer: fps=10.50 dur=2571.96 max=2050.07 min=15.35
09-21 21:37:34.051   699   699 I hwcomposer: [HWCDisplay] [Display_0 (type:1)] fps:10.498533,dur:2571.79,max:2049.91,min:15.37  
09-21 21:37:34.051  1362  2760 I ActivityTaskManager: START u0 {act=android.intent.action.MAIN cat=[android.intent.category.LAUNCHER] flg=0x10200000 cmp=com.omnilypro.pos/.MainActivityFinal bnds=[400,838][594,1018]} with LAUNCH_SINGLE_TOP from uid 10121 (BAL_ALLOW_ALLOWLISTED_COMPONENT) result code=2
09-21 21:37:34.054   715   823 E BufferQueueDebug: [b796a19 SnapshotStartingWindow for taskId=110#18222](this:0xb400007deee55288,id:-1,api:0,p:-1,c:-1) id info cannot be read from 'b796a19 SnapshotStartingWindow for taskId=110#18222'
09-21 21:37:34.054   715   823 I BufferQueueDebug: [b796a19 SnapshotStartingWindow for taskId=110#18222](this:0xb400007deee55288,id:-1,api:0,p:-1,c:-1) BufferQueue core=(715:/system/bin/surfaceflinger)
09-21 21:37:34.056  1893  1987 D QuickstepModelDelegate: notifyAppTargetEvent action=1 launchLocation=all-apps
09-21 21:37:34.057  1618  1666 D WindowManagerShell: onActivityRestartAttempt: ComponentInfo{com.omnilypro.pos/com.omnilypro.pos.MainActivityFinal}
09-21 21:37:34.057  1362  1399 D SurfaceComposerClient: Transaction::apply InputWindowCommands.focusRequests timestamp=99041800048594, windowName=<null>
09-21 21:37:34.057   715   715 I BufferQueueProducer: [FramebufferSurface](this:0xb400007d2ec8ccb0,id:-1,api:1,p:715,c:715) queueBuffer: fps=10.49 dur=2573.56 max=2048.77 min=14.06
09-21 21:37:34.058   699   699 I hwcomposer: [HWCDisplay] [Display_1 (type:1)] fps:10.492776,dur:2573.20,max:2048.54,min:14.02  
09-21 21:37:34.061   715  1956 E BufferQueueDebug: [SnapshotStartingWindow for taskId=110#18223](this:0xb400007deecff708,id:-1,api:0,p:-1,c:-1) id info cannot be read from 'SnapshotStartingWindow for taskId=110#18223'
09-21 21:37:34.061   715  1956 I BufferQueueDebug: [SnapshotStartingWindow for taskId=110#18223](this:0xb400007deecff708,id:-1,api:0,p:-1,c:-1) BufferQueue core=(715:/system/bin/surfaceflinger)
09-21 21:37:34.065   715   715 D SurfaceFlinger: Focus addInputWindowCommands timestamp=99041800048594, windowName=<null>
09-21 21:37:34.065   715   715 E BufferQueueDebug: [b796a19 SnapshotStartingWindow for taskId=110#18222 (Mirror)#18224](this:0xb400007deedf17d8,id:-1,api:0,p:-1,c:-1) id info cannot be read from 'b796a19 SnapshotStartingWindow for taskId=110#18222 (Mirror)#18224'
09-21 21:37:34.066   715   715 I BufferQueueDebug: [b796a19 SnapshotStartingWindow for taskId=110#18222 (Mirror)#18224](this:0xb400007deedf17d8,id:-1,api:0,p:-1,c:-1) BufferQueue core=(715:/system/bin/surfaceflinger)
09-21 21:37:34.066   715   715 E BufferQueueDebug: [SnapshotStartingWindow for taskId=110#18223 (Mirror)#18225](this:0xb400007deed99368,id:-1,api:0,p:-1,c:-1) id info cannot be read from 'SnapshotStartingWindow for taskId=110#18223 (Mirror)#18225'
09-21 21:37:34.066   715   715 I BufferQueueDebug: [SnapshotStartingWindow for taskId=110#18223 (Mirror)#18225](this:0xb400007deed99368,id:-1,api:0,p:-1,c:-1) BufferQueue core=(715:/system/bin/surfaceflinger)
09-21 21:37:34.066  1362  2754 I WindowManager: Relayout Window{b796a19 u0 SnapshotStartingWindow for taskId=110}: oldVis=8 newVis=0 focusMayChange = true requestedWidth = -1 requestedHeight = -1 outFrames = ClientWindowFrames{frame=[0,0][800,1280] display=[0,0][800,1280] parentFrame=[0,0][0,0]} outSurfaceControl = Surface(name=SnapshotStartingWindow for taskId=110)/@0x95bfade
09-21 21:37:34.067   715   715 I BpBinder: onLastStrongRef automatically unlinking death recipients: 
09-21 21:37:34.067  1618  1673 V SnapshotDrawerUtils: Drawing snapshot surface sizeMismatch=false
09-21 21:37:34.068  1362  2760 E Transition: Trying to add a ready-group twice: Display{#0 state=ON size=800x1280 ROTATION_0}
09-21 21:37:34.068   715  1103 D SurfaceFlinger: updateWinowInfo=1, setFocusedWindow timestamp=99041800048594, windowName=<null>
09-21 21:37:34.069  1362  2760 I PowerHalWrapper: amsBoostNotify pid:13083,activity:com.omnilypro.pos.MainActivityFinal, package:com.omnilypro.pos, mProcessCreatePackcom.android.settings 
09-21 21:37:34.069  1362  2760 I PowerHalWrapper: state: 1 
09-21 21:37:34.069  1362  2760 I mtkpower_client: [Legacy][PowerHal_Wrap_notifyAppState] com.omnilypro.pos/com.omnilypro.pos.MainActivityFinal pid=13083 state:1
09-21 21:37:34.069  1362  2760 I PowerHalWrapper: amsBoostNotify AMS_BOOST_PROCESS_CREATE_BOOST:false 
09-21 21:37:34.080  1362  1388 W WindowManager: finishDrawingWindow: Window{b796a19 u0 SnapshotStartingWindow for taskId=110} mDrawState=DRAW_PENDING
09-21 21:37:34.081  1362  1362 D MBrainLocalService: isVendorFreezeConditionPass is false
09-21 21:37:34.081  1362  1362 E MBrainLocalService: notifyAppSwitch failed
09-21 21:37:34.082  1362  1396 E MBrainLocalService: MBrainJava launch failed: SecurityException
09-21 21:37:34.084  1362  1399 W WindowManager: real show surface:Surface(name=SnapshotStartingWindow for taskId=110)/@0x84da4bf
09-21 21:37:34.084   715   822 E BufferQueueDebug: [Transition Root: Task=110#18226](this:0xb400007deef02dd8,id:-1,api:0,p:-1,c:-1) id info cannot be read from 'Transition Root: Task=110#18226'
09-21 21:37:34.085   715   822 I BufferQueueDebug: [Transition Root: Task=110#18226](this:0xb400007deef02dd8,id:-1,api:0,p:-1,c:-1) BufferQueue core=(715:/system/bin/surfaceflinger)
09-21 21:37:34.085   710   795 I libPowerHal: [perfNotifyAppState] pack:com.omnilypro.pos, act:com.omnilypro.pos.MainActivityFinal, state:1, pid:13083, uid:10198, fps:-1
09-21 21:37:34.086   710   795 I libPowerHal: [perfNotifyAppState] foreground:com.omnilypro.pos, pid:13083, uid:10198
09-21 21:37:34.086   710   795 E UxUtility: notifyAppState error = NULL
09-21 21:37:34.086   710   795 I TouchUtility: notifyAppState error = NULL
09-21 21:37:34.086   710   738 I mtkpower@impl: [notifyAppState] pc:0, com.android.launcher3 => com.omnilypro.pos
09-21 21:37:34.088   692  5283 D AudioALSAHardwareResourceManager: notifyOutputDeviceStatusChange(), device = 2, status = 0, sampleRate = 48000, mOpenSpeakerPathCount = 1
09-21 21:37:34.088   692  5283 D AudioALSAStreamManager: speakerStatusChangeCb(), status = 0, sampleRate = 48000
09-21 21:37:34.088   692  5283 D AudioALSAPlaybackHandlerFast: -open()
09-21 21:37:34.088  1362  1395 V WindowManager: Sent Transition #620 createdAt=09-21 21:37:34.025 via request=TransitionRequestInfo { type = OPEN, triggerTask = TaskInfo{userId=0 taskId=110 displayId=0 isRunning=true baseIntent=Intent { act=android.intent.action.MAIN cat=[android.intent.category.LAUNCHER] flg=0x10100000 cmp=com.omnilypro.pos/.MainActivityFinal } baseActivity=ComponentInfo{com.omnilypro.pos/com.omnilypro.pos.MainActivityFinal} topActivity=ComponentInfo{com.omnilypro.pos/com.omnilypro.pos.MainActivityFinal} origActivity=null realActivity=ComponentInfo{com.omnilypro.pos/com.omnilypro.pos.MainActivityFinal} numActivities=1 lastActiveTime=98966698 supportsMultiWindow=true resizeMode=1 isResizeable=true minWidth=-1 minHeight=-1 defaultMinSize=220 token=WCT{RemoteToken{18f3da6 Task{3a0afb3 #110 type=standard A=10198:com.omnilypro.pos}}} topActivityType=1 pictureInPictureParams=null shouldDockBigOverlays=false launchIntoPipHostTaskId=-1 lastParentTaskIdBeforePip=-1 displayCutoutSafeInsets=null topActivityInfo=ActivityInfo{36001f7 com.omnilypro.pos.MainActivityFinal} launchCookies=[android.os.BinderProxy@c28e6ea] positionInParent=Point(0, 0) parentTaskId=-1 isFocused=true isVisible=false isVisibleRequested=false isSleeping=false topActivityInSizeCompat=false topActivityEligibleForLetterboxEducation= false topActivityLetterboxed= false isFromDoubleTap= false topActivityLetterboxVerticalPosition= -1 topActivityLetterboxHorizontalPosition= -1 topActivityLetterboxWidth=-1 topActivityLetterboxHeight=-1 locusId=null displayAreaFeatureId=1 cameraCompatControlState=hidden}, remoteTransition = RemoteTransition { remoteTransition = android.window.IRemoteTransition$Stub$Proxy@6c1cddb, appThread = android.app.IApplicationThread$Stub$Proxy@f9f9078, debugName = QuickstepLaunch }, displayChange = null }
09-21 21:37:34.088  1362  1395 V WindowManager:     startWCT=WindowContainerTransaction { changes = {} hops = [] errorCallbackToken=null taskFragmentOrganizer=null }
09-21 21:37:34.088  1362  1395 V WindowManager:     info={id=620 t=OPEN f=0x0 trk=0 r=[0@Point(0, 0)] c=[{WCT{RemoteToken{18f3da6 Task{3a0afb3 #110 type=standard A=10198:com.omnilypro.pos}}} m=TO_FRONT f=MOVE_TO_TOP leash=Surface(name=Task=110)/@0x1ec0691 sb=Rect(0, 0 - 800, 1280) eb=Rect(0, 0 - 800, 1280) d=0},{WCT{RemoteToken{95f04c4 Task{ab3ecc8 #1 type=home}}} m=TO_BACK f=SHOW_WALLPAPER leash=Surface(name=Task=1)/@0x7f3096d sb=Rect(0, 0 - 800, 1280) eb=Rect(0, 0 - 800, 1280) d=0}]}
09-21 21:37:34.089   715  1507 E BufferQueueDebug: [Surface(name=2bcb1b9 NavigationBar0)/@0xd91b1cc - animation-leash of insets_animation#18227](this:0xb400007deef4ce78,id:-1,api:0,p:-1,c:-1) id info cannot be read from 'Surface(name=2bcb1b9 NavigationBar0)/@0xd91b1cc - animation-leash of insets_animation#18227'
09-21 21:37:34.090   715  1507 I BufferQueueDebug: [Surface(name=2bcb1b9 NavigationBar0)/@0xd91b1cc - animation-leash of insets_animation#18227](this:0xb400007deef4ce78,id:-1,api:0,p:-1,c:-1) BufferQueue core=(715:/system/bin/surfaceflinger)
09-21 21:37:34.091   715   822 E BufferQueueDebug: [Surface(name=7421fc9 StatusBar)/@0xafd0c15 - animation-leash of insets_animation#18228](this:0xb400007deeed8268,id:-1,api:0,p:-1,c:-1) id info cannot be read from 'Surface(name=7421fc9 StatusBar)/@0xafd0c15 - animation-leash of insets_animation#18228'
09-21 21:37:34.091   715   822 I BufferQueueDebug: [Surface(name=7421fc9 StatusBar)/@0xafd0c15 - animation-leash of insets_animation#18228](this:0xb400007deeed8268,id:-1,api:0,p:-1,c:-1) BufferQueue core=(715:/system/bin/surfaceflinger)
09-21 21:37:34.097   715  1956 E BufferQueueDebug: [1566dd2 ActivityRecordInputSink com.omnilypro.pos/.MainActivityFinal#18229](this:0xb400007deeddab58,id:-1,api:0,p:-1,c:-1) id info cannot be read from '1566dd2 ActivityRecordInputSink com.omnilypro.pos/.MainActivityFinal#18229'
09-21 21:37:34.097   715  1956 I BufferQueueDebug: [1566dd2 ActivityRecordInputSink com.omnilypro.pos/.MainActivityFinal#18229](this:0xb400007deeddab58,id:-1,api:0,p:-1,c:-1) BufferQueue core=(715:/system/bin/surfaceflinger)
09-21 21:37:34.097   715   715 E BufferQueueDebug: [Transition Root: Task=110#18226 (Mirror)#18230](this:0xb400007deef19a58,id:-1,api:0,p:-1,c:-1) id info cannot be read from 'Transition Root: Task=110#18226 (Mirror)#18230'
09-21 21:37:34.098   715   715 I BufferQueueDebug: [Transition Root: Task=110#18226 (Mirror)#18230](this:0xb400007deef19a58,id:-1,api:0,p:-1,c:-1) BufferQueue core=(715:/system/bin/surfaceflinger)
09-21 21:37:34.098   715   715 E BufferQueueDebug: [Surface(name=7421fc9 StatusBar)/@0xafd0c15 - animation-leash of insets_animation#18228 (Mirror)#18231](this:0xb400007deef088f8,id:-1,api:0,p:-1,c:-1) id info cannot be read from 'Surface(name=7421fc9 StatusBar)/@0xafd0c15 - animation-leash of insets_animation#18228 (Mirror)#18231'
09-21 21:37:34.098   715   715 I BufferQueueDebug: [Surface(name=7421fc9 StatusBar)/@0xafd0c15 - animation-leash of insets_animation#18228 (Mirror)#18231](this:0xb400007deef088f8,id:-1,api:0,p:-1,c:-1) BufferQueue core=(715:/system/bin/surfaceflinger)
09-21 21:37:34.098   715   715 E BufferQueueDebug: [Surface(name=2bcb1b9 NavigationBar0)/@0xd91b1cc - animation-leash of insets_animation#18227 (Mirror)#18232](this:0xb400007deeec9e98,id:-1,api:0,p:-1,c:-1) id info cannot be read from 'Surface(name=2bcb1b9 NavigationBar0)/@0xd91b1cc - animation-leash of insets_animation#18227 (Mirror)#18232'
09-21 21:37:34.098   715   715 I BufferQueueDebug: [Surface(name=2bcb1b9 NavigationBar0)/@0xd91b1cc - animation-leash of insets_animation#18227 (Mirror)#18232](this:0xb400007deeec9e98,id:-1,api:0,p:-1,c:-1) BufferQueue core=(715:/system/bin/surfaceflinger)
09-21 21:37:34.099  1362  1396 E MBrainLocalService: MBrainJava launch failed: SecurityException
09-21 21:37:34.101  1618  1666 V WindowManagerShell: onTransitionReady android.os.BinderProxy@9b0c7e4: {id=620 t=OPEN f=0x0 trk=0 r=[0@Point(0, 0)] c=[{WCT{android.window.IWindowContainerToken$Stub$Proxy@2cb285a} m=TO_FRONT f=MOVE_TO_TOP leash=Surface(name=Task=110)/@0xe24366f sb=Rect(0, 0 - 800, 1280) eb=Rect(0, 0 - 800, 1280) d=0},{WCT{android.window.IWindowContainerToken$Stub$Proxy@667ca8b} m=TO_BACK f=SHOW_WALLPAPER leash=Surface(name=Task=1)/@0x6db2f7c sb=Rect(0, 0 - 800, 1280) eb=Rect(0, 0 - 800, 1280) d=0}]}
09-21 21:37:34.101  1618  1666 V WindowManagerShell: Playing animation for (#620)android.os.BinderProxy@9b0c7e4@0
09-21 21:37:34.101  1618  1666 V WindowManagerShell:  try firstHandler com.android.wm.shell.transition.DefaultMixedHandler@f7fe8ed
09-21 21:37:34.101  1618  1666 V WindowManagerShell:  Delegate animation for #620 to RemoteTransition { remoteTransition = android.window.IRemoteTransition$Stub$Proxy@5a47e50, appThread = android.app.IApplicationThread$Stub$Proxy@7665849, debugName = QuickstepLaunch }
09-21 21:37:34.102   715  1956 E BufferQueueDebug: [com.omnilypro.pos/com.omnilypro.pos.MainActivityFinal#18233](this:0xb400007deef27e28,id:-1,api:0,p:-1,c:-1) id info cannot be read from 'com.omnilypro.pos/com.omnilypro.pos.MainActivityFinal#18233'
09-21 21:37:34.102   715  1956 I BufferQueueDebug: [com.omnilypro.pos/com.omnilypro.pos.MainActivityFinal#18233](this:0xb400007deef27e28,id:-1,api:0,p:-1,c:-1) BufferQueue core=(715:/system/bin/surfaceflinger)
09-21 21:37:34.103  1618  1666 V WindowManagerShell:  animated by firstHandler
09-21 21:37:34.104  1362  1396 E MBrainLocalService: MBrainJava launch failed: SecurityException
09-21 21:37:34.106   715   822 E BufferQueueDebug: [Surface(name=Task=110)/@0x3fa00a0_transition-leash#18234](this:0xb400007deeee93c8,id:-1,api:0,p:-1,c:-1) id info cannot be read from 'Surface(name=Task=110)/@0x3fa00a0_transition-leash#18234'
09-21 21:37:34.106   715   822 I BufferQueueDebug: [Surface(name=Task=110)/@0x3fa00a0_transition-leash#18234](this:0xb400007deeee93c8,id:-1,api:0,p:-1,c:-1) BufferQueue core=(715:/system/bin/surfaceflinger)
09-21 21:37:34.107  1362  3278 W WindowManager: Changing focus from null to Window{f8e3ffc u0 com.omnilypro.pos/com.omnilypro.pos.MainActivityFinal} displayId=0 Callers=com.android.server.wm.RootWindowContainer.updateFocusedWindowLocked:455 com.android.server.wm.WindowManagerService.updateFocusedWindowLocked:6219 com.android.server.wm.WindowManagerService.relayoutWindow:2520 com.android.server.wm.Session.relayout:259 
09-21 21:37:34.108   715   822 E BufferQueueDebug: [Surface(name=Task=1)/@0xf06981e_transition-leash#18235](this:0xb400007deef63af8,id:-1,api:0,p:-1,c:-1) id info cannot be read from 'Surface(name=Task=1)/@0xf06981e_transition-leash#18235'
09-21 21:37:34.108   715   822 I BufferQueueDebug: [Surface(name=Task=1)/@0xf06981e_transition-leash#18235](this:0xb400007deef63af8,id:-1,api:0,p:-1,c:-1) BufferQueue core=(715:/system/bin/surfaceflinger)
09-21 21:37:34.109   715   823 E LayerState: Stripped attempt to set eInputInfoChanged in sanitize
09-21 21:37:34.109  1362  3278 I WindowManager: Relayout Window{f8e3ffc u0 com.omnilypro.pos/com.omnilypro.pos.MainActivityFinal}: oldVis=8 newVis=0 focusMayChange = true requestedWidth = 800 requestedHeight = 1280 outFrames = ClientWindowFrames{frame=[0,0][800,1280] display=[0,0][800,1280] parentFrame=[0,0][0,0]} outSurfaceControl = Surface(name=com.omnilypro.pos/com.omnilypro.pos.MainActivityFinal)/@0xd8b6942
09-21 21:37:34.116 13083 13083 D BufferQueueConsumer: [](id:331b00000002,api:0,p:-1,c:13083) connect: controlledByApp=false
09-21 21:37:34.118  1362  1399 D SurfaceComposerClient: Transaction::apply InputWindowCommands.focusRequests timestamp=99041862094517, windowName=f8e3ffc com.omnilypro.pos/com.omnilypro.pos.MainActivityFinal
09-21 21:37:34.118 13083 13140 E OpenGLRenderer: Unable to match the desired swap behavior.
09-21 21:37:34.120   715   715 E BufferQueueDebug: [Surface(name=Task=1)/@0xf06981e_transition-leash#18235 (Mirror)#18236](this:0xb400007deef4fc08,id:-1,api:0,p:-1,c:-1) id info cannot be read from 'Surface(name=Task=1)/@0xf06981e_transition-leash#18235 (Mirror)#18236'
09-21 21:37:34.120   715   715 I BufferQueueDebug: [Surface(name=Task=1)/@0xf06981e_transition-leash#18235 (Mirror)#18236](this:0xb400007deef4fc08,id:-1,api:0,p:-1,c:-1) BufferQueue core=(715:/system/bin/surfaceflinger)
09-21 21:37:34.120   715   715 E BufferQueueDebug: [Surface(name=Task=110)/@0x3fa00a0_transition-leash#18234 (Mirror)#18237](this:0xb400007deeef7798,id:-1,api:0,p:-1,c:-1) id info cannot be read from 'Surface(name=Task=110)/@0x3fa00a0_transition-leash#18234 (Mirror)#18237'
09-21 21:37:34.120   715   715 I BufferQueueDebug: [Surface(name=Task=110)/@0x3fa00a0_transition-leash#18234 (Mirror)#18237](this:0xb400007deeef7798,id:-1,api:0,p:-1,c:-1) BufferQueue core=(715:/system/bin/surfaceflinger)
09-21 21:37:34.121   715   715 E BufferQueueDebug: [com.omnilypro.pos/com.omnilypro.pos.MainActivityFinal#18233 (Mirror)#18238](this:0xb400007deeed54d8,id:-1,api:0,p:-1,c:-1) id info cannot be read from 'com.omnilypro.pos/com.omnilypro.pos.MainActivityFinal#18233 (Mirror)#18238'
09-21 21:37:34.121   715   715 I BufferQueueDebug: [com.omnilypro.pos/com.omnilypro.pos.MainActivityFinal#18233 (Mirror)#18238](this:0xb400007deeed54d8,id:-1,api:0,p:-1,c:-1) BufferQueue core=(715:/system/bin/surfaceflinger)
09-21 21:37:34.121   715   715 E BufferQueueDebug: [1566dd2 ActivityRecordInputSink com.omnilypro.pos/.MainActivityFinal#18229 (Mirror)#18239](this:0xb400007deeec15e8,id:-1,api:0,p:-1,c:-1) id info cannot be read from '1566dd2 ActivityRecordInputSink com.omnilypro.pos/.MainActivityFinal#18229 (Mirror)#18239'
09-21 21:37:34.121   715   715 I BufferQueueDebug: [1566dd2 ActivityRecordInputSink com.omnilypro.pos/.MainActivityFinal#18229 (Mirror)#18239](this:0xb400007deeec15e8,id:-1,api:0,p:-1,c:-1) BufferQueue core=(715:/system/bin/surfaceflinger)
09-21 21:37:34.121   715   715 I BufferQueueDebug: [Surface(name=2bcb1b9 NavigationBar0)/@0xd91b1cc - animation-leash of insets_animation#18218 (Mirror)#18221](this:0xb400007deef0e418,id:-1,api:0,p:-1,c:715) onDestructor()
09-21 21:37:34.121   715   715 I BufferQueueDebug: [Surface(name=7421fc9 StatusBar)/@0xafd0c15 - animation-leash of insets_animation#18219 (Mirror)#18220](this:0xb400007deefa2558,id:-1,api:0,p:-1,c:715) onDestructor()
09-21 21:37:34.137   715   715 D SurfaceFlinger: Focus addInputWindowCommands timestamp=99041862094517, windowName=f8e3ffc com.omnilypro.pos/com.omnilypro.pos.MainActivityFinal
09-21 21:37:34.138   715   715 I BufferQueueDebug: [Surface(name=2bcb1b9 NavigationBar0)/@0xd91b1cc - animation-leash of insets_animation#18218](this:0xb400007deee7fdf8,id:-1,api:0,p:-1,c:715) onDestructor()
09-21 21:37:34.138   715   715 I BufferQueueDebug: [Surface(name=7421fc9 StatusBar)/@0xafd0c15 - animation-leash of insets_animation#18219](this:0xb400007deeee38a8,id:-1,api:0,p:-1,c:715) onDestructor()
09-21 21:37:34.141   715   715 D SurfaceFlinger: Find Focus windowName=f8e3ffc com.omnilypro.pos/com.omnilypro.pos.MainActivityFinal, notVisible=1
09-21 21:37:34.141   715   715 D Layer   : Focus: com.omnilypro.pos/com.omnilypro.pos.MainActivityFinal#18233 (Mirror)#18238 isHiddenByPolicy s.flags&layer_state_t::eLayerHidden=1
09-21 21:37:34.141   715   715 D SurfaceFlinger: Focus inVisible Reason:isVisibleForInput(){hasInputInfo()?canReceiveInput():isVisible()}=0 has=1 can{!isHiddenByPolicy()&&(mBuffer==nullptr||getAlpha()>0.0f)}=0 Hidden=1 Buf=1 getA=0
09-21 21:37:34.141   715   715 D SurfaceFlinger: Find Focus windowName=f8e3ffc com.omnilypro.pos/com.omnilypro.pos.MainActivityFinal, notVisible=1
09-21 21:37:34.141   715   715 D Layer   : Focus: com.omnilypro.pos/com.omnilypro.pos.MainActivityFinal#18233 isHiddenByPolicy s.flags&layer_state_t::eLayerHidden=1
09-21 21:37:34.141   715   715 D SurfaceFlinger: Focus inVisible Reason:isVisibleForInput(){hasInputInfo()?canReceiveInput():isVisible()}=0 has=1 can{!isHiddenByPolicy()&&(mBuffer==nullptr||getAlpha()>0.0f)}=0 Hidden=1 Buf=1 getA=0
09-21 21:37:34.142   715  1103 D SurfaceFlinger: updateWinowInfo=1, setFocusedWindow timestamp=99041862094517, windowName=f8e3ffc com.omnilypro.pos/com.omnilypro.pos.MainActivityFinal
09-21 21:37:34.145 13083 13140 D BLASTBufferQueue: [VRI[MainActivityFinal]#2](f:0,a:1) acquireNextBufferLocked size=800x1280 mFrameNumber=1 applyTransaction=true mTimestamp=99041891749902(auto) mPendingTransactions.size=0 graphicBufferId=56191057133578 transform=0
09-21 21:37:34.147  1362  3278 W WindowManager: finishDrawingWindow: Window{f8e3ffc u0 com.omnilypro.pos/com.omnilypro.pos.MainActivityFinal} mDrawState=DRAW_PENDING
09-21 21:37:34.152  1362  1399 W WindowManager: real show surface:Surface(name=com.omnilypro.pos/com.omnilypro.pos.MainActivityFinal)/@0x97a1d53
09-21 21:37:34.153  1362  1395 W ziparchive: Unable to open '/data/app/~~sxza0qHEU1NW_vZkoz3KQw==/com.omnilypro.pos-3rqyiciPoBsjoNal-XSGhA==/base.dm': No such file or directory
09-21 21:37:34.161 10784 10784 I dmuc    : onPause
09-21 21:37:34.171  2610  2610 I gohv    : (REDACTED) received broadcast: %s
09-21 21:37:34.174  2610  2954 I gohy    : (REDACTED) received broadcast: %s
09-21 21:37:34.174  2610  2954 I gocw    : (REDACTED) #onConfigUpdate. requester: %s
09-21 21:37:34.175  2610  2954 I gocw    : #onConfigUpdate inside sequencer
09-21 21:37:34.175  2610  2954 I gnzq    : (REDACTED) Voice Match (Speaker-id) supported : %b 
09-21 21:37:34.175  2610  2954 I gnzq    : (REDACTED) hotword enrollment state is enrolled:  %b, speakerId model exist: %b. Voice Match supported : %b 
09-21 21:37:34.175  2610  2954 I gnzq    : (REDACTED) isHotwordAvailable():  %b, isHotwordEnabled() %b 
09-21 21:37:34.175  2610  2954 I gnzq    : (REDACTED) isHotwordAvailable():  %b, isHotwordEnabled() %b 
09-21 21:37:34.175  2610  2954 I gnzq    : (REDACTED) Hotword enrollment state : %s.
09-21 21:37:34.175  2610  2954 I gnzq    : (REDACTED) Voice Match (Speaker-id) supported : %b 
09-21 21:37:34.175  2610  2954 I gnzq    : (REDACTED) Voice Match (Speaker-id) supported : %b 
09-21 21:37:34.175  2610  2954 I gnzq    : (REDACTED) hotword enrollment state is enrolled:  %b, speakerId model exist: %b, voice match supported : %b
09-21 21:37:34.176  2610  2954 I gnzq    : (REDACTED) Hotword isNonVoiceMatchHotwordEnabled: %b, isHotwordAvailable: %b, isHotwordEnabled: %b, isVoiceMatchSupported: %b, isHotwordEnrolled: %b,
09-21 21:37:34.176  2610  2954 I gocw    : (REDACTED) Ignore the legacy hotword request. voice match enabled %b, isHotwordSupported %b, isIncompleteEnrollmentState %b, nonVoiceMatchHotwordEnabled %b
09-21 21:37:34.177   710   739 I mtkpower@impl: [setMode] type:5, enabled:0
09-21 21:37:34.178   710   795 I libPowerHal: [perfLockRel] hdl:3018, idx:0
09-21 21:37:34.179   710   739 I mtkpower@impl: [setMode] type:6, enabled:1
09-21 21:37:34.179   710   739 E mtkpower@impl: [setMode] unknown type
09-21 21:37:34.180  1362  1451 I PowerHalWrapper: amsBoostStop AMS_BOOST_PACK_SWITCH:true, AMS_BOOST_ACT_SWITCH:false, AMS_BOOST_PROCESS_CREATE:false 
09-21 21:37:34.181   710   795 I libPowerHal: [perfLockRel] hdl:3019, idx:1
09-21 21:37:34.182   710   795 I libPowerHal: MTKPOWER_HINT_PACK_SWITCH: cpu_ctrl set cpu freq: -1 -1 -1 -1
09-21 21:37:34.182   710   795 I libPowerHal: [PD] MTKPOWER_HINT_PACK_SWITCH update cmd:1000000, param:-1
09-21 21:37:34.182   710   795 I libPowerHal: [PD] MTKPOWER_HINT_PACK_SWITCH update cmd:1408300 param:0
09-21 21:37:34.182   710   795 I libPowerHal: [PD] MTKPOWER_HINT_PACK_SWITCH update cmd:1000000 param:-1
09-21 21:37:34.183 13083 13140 E GPUAUX  : [AUX]GuiExtAuxCheckAuxPath:670: Null anb
09-21 21:37:34.184 13083 13140 E GPUAUX  : [AUX]GuiExtAuxCheckAuxPath:670: Null anb
09-21 21:37:34.192  1362  3333 I ImeTracker: com.omnilypro.pos:76929177: onRequestHide at ORIGIN_SERVER_HIDE_INPUT reason HIDE_UNSPECIFIED_WINDOW
09-21 21:37:34.193  1362  3333 I ImeTracker: com.omnilypro.pos:76929177: onCancelled at PHASE_SERVER_SHOULD_HIDE
09-21 21:37:34.195  4836  4836 I GoogleInputMethodService: GoogleInputMethodService.onFinishInput():2057 
09-21 21:37:34.196  4836  4836 I Module  : DeviceLockedStatusModuleProvider$Module.updateDeviceLockedStatus():100 repeatCheckTimes = 0, locked = false
09-21 21:37:34.197  4836  4836 I GoogleInputMethodService: GoogleInputMethodService.onStartInput():1318 onStartInput(EditorInfo{EditorInfo{packageName=com.omnilypro.pos, inputType=0, inputTypeString=NULL, enableLearning=false, autoCorrection=false, autoComplete=false, imeOptions=0, privateImeOptions=null, actionName=UNSPECIFIED, actionLabel=null, initialSelStart=-1, initialSelEnd=-1, initialCapsMode=0, label=null, fieldId=0, fieldName=null, extras=null, hintText=null, hintLocales=[]}}, false)
09-21 21:37:34.198   715   822 E BufferQueueDebug: [Surface(name=1dd6874 InputMethod)/@0x9e9b612 - animation-leash of insets_animation#18240](this:0xb400007deeee0b18,id:-1,api:0,p:-1,c:-1) id info cannot be read from 'Surface(name=1dd6874 InputMethod)/@0x9e9b612 - animation-leash of insets_animation#18240'
09-21 21:37:34.198   715   822 I BufferQueueDebug: [Surface(name=1dd6874 InputMethod)/@0x9e9b612 - animation-leash of insets_animation#18240](this:0xb400007deeee0b18,id:-1,api:0,p:-1,c:-1) BufferQueue core=(715:/system/bin/surfaceflinger)
09-21 21:37:34.198  4836  4836 I Module  : DeviceLockedStatusModuleProvider$Module.updateDeviceLockedStatus():100 repeatCheckTimes = 1, locked = false
09-21 21:37:34.201  1362  2760 W PackageConfigPersister: App-specific configuration not found for packageName: com.omnilypro.pos and userId: 0
09-21 21:37:34.206  1362 13857 D AudioTrack: stop(29): 0xb40000783cf9c280, prior state:STATE_ACTIVE
09-21 21:37:34.207  1362 13857 D AudioTrack: stop(29): 0xb40000783cf9c280 stop done
