09-21 21:37:12.313   709   709 D android.hardware.lights-service.mediatek: write 34 to /sys/class/leds/lcd-backlight/brightness, result: 0
09-21 21:37:12.314   709   709 D android.hardware.lights-service.mediatek: write 34 to /sys/class/leds/sublcd-backlight/brightness
09-21 21:37:12.314   709   709 D android.hardware.lights-service.mediatek: write 34 to /sys/class/leds/sublcd-backlight/brightness, result: 0
09-21 21:37:12.318   954  1085 D AAL     : onBacklightChanged: 148/1023 -> 136/1023(phy:544/4095)
09-21 21:37:12.318   954  1085 D AAL     : 09-21 09:37:12.240 BL= 156,ESS= 256, 09-21 09:37:12.260 BL= 148,ESS= 256, 09-21 09:37:12.279 BL= 140,ESS= 256, 09-21 09:37:12.299 BL= 123,ESS= 256, 09-21 09:37:12.318 BL= 106,ESS= 256, 
09-21 21:37:12.326   709   709 D android.hardware.lights-service.mediatek: Lights setting state for id=0, color=ff1f1f1f
09-21 21:37:12.327   709   709 D android.hardware.lights-service.mediatek: read 1 from /sys/devices/platform/shengyou_spec/hdmi_ctrl_sta
09-21 21:37:12.328   709   709 D android.hardware.lights-service.mediatek: read_int, val=1, ret=2, path=/sys/devices/platform/shengyou_spec/hdmi_ctrl_sta
09-21 21:37:12.328   709   709 D android.hardware.lights-service.mediatek: read 1 from /sys/devices/platform/shengyou_spec/hdmi_bl_sta
09-21 21:37:12.329   709   709 D android.hardware.lights-service.mediatek: read_int, val=1, ret=2, path=/sys/devices/platform/shengyou_spec/hdmi_bl_sta
09-21 21:37:12.330   709   709 D android.hardware.lights-service.mediatek: set_light_backlight, hdmi_state=1, hdmi_backlight=1, level=31, onMS=0, offMS=0
09-21 21:37:12.331   709   709 D android.hardware.lights-service.mediatek: write 31 to /sys/class/leds/lcd-backlight/brightness
09-21 21:37:12.332   709   709 D android.hardware.lights-service.mediatek: write 31 to /sys/class/leds/lcd-backlight/brightness, result: 0
09-21 21:37:12.332   709   709 D android.hardware.lights-service.mediatek: write 31 to /sys/class/leds/sublcd-backlight/brightness
09-21 21:37:12.333   709   709 D android.hardware.lights-service.mediatek: write 31 to /sys/class/leds/sublcd-backlight/brightness, result: 0
09-21 21:37:12.337   954  1085 D AAL     : onBacklightChanged: 136/1023 -> 124/1023(phy:496/4095)
09-21 21:37:12.343   709   709 D android.hardware.lights-service.mediatek: Lights setting state for id=0, color=ff1c1c1c
09-21 21:37:12.343   709   709 D android.hardware.lights-service.mediatek: read 1 from /sys/devices/platform/shengyou_spec/hdmi_ctrl_sta
09-21 21:37:12.343   709   709 D android.hardware.lights-service.mediatek: read_int, val=1, ret=2, path=/sys/devices/platform/shengyou_spec/hdmi_ctrl_sta
09-21 21:37:12.343   709   709 D android.hardware.lights-service.mediatek: read 1 from /sys/devices/platform/shengyou_spec/hdmi_bl_sta
09-21 21:37:12.343   709   709 D android.hardware.lights-service.mediatek: read_int, val=1, ret=2, path=/sys/devices/platform/shengyou_spec/hdmi_bl_sta
09-21 21:37:12.343   709   709 D android.hardware.lights-service.mediatek: set_light_backlight, hdmi_state=1, hdmi_backlight=1, level=28, onMS=0, offMS=0
09-21 21:37:12.343   709   709 D android.hardware.lights-service.mediatek: write 28 to /sys/class/leds/lcd-backlight/brightness
09-21 21:37:12.344   709   709 D android.hardware.lights-service.mediatek: write 28 to /sys/class/leds/lcd-backlight/brightness, result: 0
09-21 21:37:12.344   709   709 D android.hardware.lights-service.mediatek: write 28 to /sys/class/leds/sublcd-backlight/brightness
09-21 21:37:12.344   709   709 D android.hardware.lights-service.mediatek: write 28 to /sys/class/leds/sublcd-backlight/brightness, result: 0
09-21 21:37:12.356   954  1085 D AAL     : onBacklightChanged: 124/1023 -> 112/1023(phy:448/4095)
09-21 21:37:12.360   709   709 D android.hardware.lights-service.mediatek: Lights setting state for id=0, color=ff191919
09-21 21:37:12.360   709   709 D android.hardware.lights-service.mediatek: read 1 from /sys/devices/platform/shengyou_spec/hdmi_ctrl_sta
09-21 21:37:12.360   709   709 D android.hardware.lights-service.mediatek: read_int, val=1, ret=2, path=/sys/devices/platform/shengyou_spec/hdmi_ctrl_sta
09-21 21:37:12.360   709   709 D android.hardware.lights-service.mediatek: read 1 from /sys/devices/platform/shengyou_spec/hdmi_bl_sta
09-21 21:37:12.360   709   709 D android.hardware.lights-service.mediatek: read_int, val=1, ret=2, path=/sys/devices/platform/shengyou_spec/hdmi_bl_sta
09-21 21:37:12.360   709   709 D android.hardware.lights-service.mediatek: set_light_backlight, hdmi_state=1, hdmi_backlight=1, level=25, onMS=0, offMS=0
09-21 21:37:12.360   709   709 D android.hardware.lights-service.mediatek: write 25 to /sys/class/leds/lcd-backlight/brightness
09-21 21:37:12.360   709   709 D android.hardware.lights-service.mediatek: write 25 to /sys/class/leds/lcd-backlight/brightness, result: 0
09-21 21:37:12.360   709   709 D android.hardware.lights-service.mediatek: write 25 to /sys/class/leds/sublcd-backlight/brightness
09-21 21:37:12.361   709   709 D android.hardware.lights-service.mediatek: write 25 to /sys/class/leds/sublcd-backlight/brightness, result: 0
09-21 21:37:12.373  2131 13703 W AOSP-MdnsDiscoveryManag: Error while decoding multicast packet (12377): 1 [CONTEXT service_id=168 ]
09-21 21:37:12.374  2131 13703 W AOSP-MdnsDiscoveryManag: Error while decoding multicast packet (12378): 1 [CONTEXT service_id=168 ]
09-21 21:37:12.376   954  1085 D AAL     : onBacklightChanged: 112/1023 -> 100/1023(phy:400/4095)
09-21 21:37:12.377   709   709 D android.hardware.lights-service.mediatek: Lights setting state for id=0, color=ff161616
09-21 21:37:12.377   709   709 D android.hardware.lights-service.mediatek: read 1 from /sys/devices/platform/shengyou_spec/hdmi_ctrl_sta
09-21 21:37:12.377   709   709 D android.hardware.lights-service.mediatek: read_int, val=1, ret=2, path=/sys/devices/platform/shengyou_spec/hdmi_ctrl_sta
09-21 21:37:12.378   709   709 D android.hardware.lights-service.mediatek: read 1 from /sys/devices/platform/shengyou_spec/hdmi_bl_sta
09-21 21:37:12.378   709   709 D android.hardware.lights-service.mediatek: read_int, val=1, ret=2, path=/sys/devices/platform/shengyou_spec/hdmi_bl_sta
09-21 21:37:12.378   709   709 D android.hardware.lights-service.mediatek: set_light_backlight, hdmi_state=1, hdmi_backlight=1, level=22, onMS=0, offMS=0
09-21 21:37:12.378   709   709 D android.hardware.lights-service.mediatek: write 22 to /sys/class/leds/lcd-backlight/brightness
09-21 21:37:12.378   709   709 D android.hardware.lights-service.mediatek: write 22 to /sys/class/leds/lcd-backlight/brightness, result: 0
09-21 21:37:12.378   709   709 D android.hardware.lights-service.mediatek: write 22 to /sys/class/leds/sublcd-backlight/brightness
09-21 21:37:12.378   709   709 D android.hardware.lights-service.mediatek: write 22 to /sys/class/leds/sublcd-backlight/brightness, result: 0
09-21 21:37:12.380   710   776 I libPerfCtl: xgfGetFPS pid:1618 fps:-1
09-21 21:37:12.393   709   709 D android.hardware.lights-service.mediatek: Lights setting state for id=0, color=ff131313
09-21 21:37:12.393   709   709 D android.hardware.lights-service.mediatek: read 1 from /sys/devices/platform/shengyou_spec/hdmi_ctrl_sta
09-21 21:37:12.393   709   709 D android.hardware.lights-service.mediatek: read_int, val=1, ret=2, path=/sys/devices/platform/shengyou_spec/hdmi_ctrl_sta
09-21 21:37:12.393   709   709 D android.hardware.lights-service.mediatek: read 1 from /sys/devices/platform/shengyou_spec/hdmi_bl_sta
09-21 21:37:12.393   709   709 D android.hardware.lights-service.mediatek: read_int, val=1, ret=2, path=/sys/devices/platform/shengyou_spec/hdmi_bl_sta
09-21 21:37:12.394   709   709 D android.hardware.lights-service.mediatek: set_light_backlight, hdmi_state=1, hdmi_backlight=1, level=19, onMS=0, offMS=0
09-21 21:37:12.394   709   709 D android.hardware.lights-service.mediatek: write 19 to /sys/class/leds/lcd-backlight/brightness
09-21 21:37:12.394   709   709 D android.hardware.lights-service.mediatek: write 19 to /sys/class/leds/lcd-backlight/brightness, result: 0
09-21 21:37:12.394   709   709 D android.hardware.lights-service.mediatek: write 19 to /sys/class/leds/sublcd-backlight/brightness
09-21 21:37:12.394   709   709 D android.hardware.lights-service.mediatek: write 19 to /sys/class/leds/sublcd-backlight/brightness, result: 0
09-21 21:37:12.395   954  1085 D AAL     : onBacklightChanged: 100/1023 -> 76/1023(phy:304/4095)
09-21 21:37:12.409   709   709 D android.hardware.lights-service.mediatek: Lights setting state for id=0, color=ff101010
09-21 21:37:12.410   709   709 D android.hardware.lights-service.mediatek: read 1 from /sys/devices/platform/shengyou_spec/hdmi_ctrl_sta
09-21 21:37:12.410   709   709 D android.hardware.lights-service.mediatek: read_int, val=1, ret=2, path=/sys/devices/platform/shengyou_spec/hdmi_ctrl_sta
09-21 21:37:12.410   709   709 D android.hardware.lights-service.mediatek: read 1 from /sys/devices/platform/shengyou_spec/hdmi_bl_sta
09-21 21:37:12.410   709   709 D android.hardware.lights-service.mediatek: read_int, val=1, ret=2, path=/sys/devices/platform/shengyou_spec/hdmi_bl_sta
09-21 21:37:12.410   709   709 D android.hardware.lights-service.mediatek: set_light_backlight, hdmi_state=1, hdmi_backlight=1, level=16, onMS=0, offMS=0
09-21 21:37:12.410   709   709 D android.hardware.lights-service.mediatek: write 16 to /sys/class/leds/lcd-backlight/brightness
09-21 21:37:12.410   709   709 D android.hardware.lights-service.mediatek: write 16 to /sys/class/leds/lcd-backlight/brightness, result: 0
09-21 21:37:12.410   709   709 D android.hardware.lights-service.mediatek: write 16 to /sys/class/leds/sublcd-backlight/brightness
09-21 21:37:12.410   709   709 D android.hardware.lights-service.mediatek: write 16 to /sys/class/leds/sublcd-backlight/brightness, result: 0
09-21 21:37:12.415   954  1085 D AAL     : onBacklightChanged: 76/1023 -> 64/1023(phy:256/4095)
09-21 21:37:12.415   954  1085 D AAL     : 09-21 09:37:12.338 BL=  96,ESS= 256, 09-21 09:37:12.357 BL=  88,ESS= 256, 09-21 09:37:12.377 BL=  80,ESS= 256, 09-21 09:37:12.396 BL=  64,ESS= 256, 09-21 09:37:12.415 BL=  49,ESS= 256, 
09-21 21:37:12.426   709   709 D android.hardware.lights-service.mediatek: Lights setting state for id=0, color=ff0e0e0e
09-21 21:37:12.427   709   709 D android.hardware.lights-service.mediatek: read 1 from /sys/devices/platform/shengyou_spec/hdmi_ctrl_sta
09-21 21:37:12.427   709   709 D android.hardware.lights-service.mediatek: read_int, val=1, ret=2, path=/sys/devices/platform/shengyou_spec/hdmi_ctrl_sta
09-21 21:37:12.427   709   709 D android.hardware.lights-service.mediatek: read 1 from /sys/devices/platform/shengyou_spec/hdmi_bl_sta
09-21 21:37:12.427   709   709 D android.hardware.lights-service.mediatek: read_int, val=1, ret=2, path=/sys/devices/platform/shengyou_spec/hdmi_bl_sta
09-21 21:37:12.427   709   709 D android.hardware.lights-service.mediatek: set_light_backlight, hdmi_state=1, hdmi_backlight=1, level=14, onMS=0, offMS=0
09-21 21:37:12.427   709   709 D android.hardware.lights-service.mediatek: write 14 to /sys/class/leds/lcd-backlight/brightness
09-21 21:37:12.427   709   709 D android.hardware.lights-service.mediatek: write 14 to /sys/class/leds/lcd-backlight/brightness, result: 0
09-21 21:37:12.427   709   709 D android.hardware.lights-service.mediatek: write 14 to /sys/class/leds/sublcd-backlight/brightness
09-21 21:37:12.427   709   709 D android.hardware.lights-service.mediatek: write 14 to /sys/class/leds/sublcd-backlight/brightness, result: 0
09-21 21:37:12.434   954  1085 D AAL     : onBacklightChanged: 64/1023 -> 56/1023(phy:224/4095)
09-21 21:37:12.473   954  1085 D AAL     : 09-21 09:37:12.435 BL=  44,ESS= 256, 09-21 09:37:12.454 BL=  43,ESS= 256, 
09-21 21:37:12.505   949   949 V thermal_src: TA_DAEMON_CMD_SET_TTJ cmd=0x4, len=4 Tj=74140
09-21 21:37:12.598   703 11367 D StNfcHal: (#022D1) Rx 6f 02 2e (hidden)
09-21 21:37:12.599  2627 11364 I libnfc_nci: [INFO:nfc_ncif.cc(628)] nfc_ncif_process_event; NFC received ntf gid:15
09-21 21:37:12.599  2627 11364 I libnfc_nci: [INFO:StFwNtfManager.cpp(1446)] StFwNtfManager::handleVsLogData; data_len: 0x0031 
09-21 21:37:12.924  2131 13660 I NearbyMediums: Found Fast Ble Advertisements :
09-21 21:37:12.924  2131 13660 I NearbyMediums: BleAdvertisement { version=2, socketVersion=2, isFast=true, serviceIdHash=null, data=[ 0x23 0x54 0x5a 0x4f 0x50 0x11 0x32 0x95 0x62 0x9a 0x04 0x6d 0x3b 0x00 0xcb 0x63 0x82 0xac 0x9c 0x62 0x31 0x2e 0x97 ], deviceToken=[ 0xc8 0xf2 ], rxAdvertisement=null } : 3 times.
09-21 21:37:12.924  2131 13660 I NearbyMediums: Total 3 fast advertisements from 1 unique advertisers.
09-21 21:37:12.927  2131 13660 I NearbyMediums: Current Tracked Scanning Clients are : {NearbyConnections.EnvironmentMonitor, NearbySharing}
09-21 21:37:13.212   703 11367 D StNfcHal: (#022D2) Rx 6f 02 0f (hidden)
09-21 21:37:13.213  2627 11364 I libnfc_nci: [INFO:nfc_ncif.cc(628)] nfc_ncif_process_event; NFC received ntf gid:15
09-21 21:37:13.213  2627 11364 I libnfc_nci: [INFO:StFwNtfManager.cpp(1446)] StFwNtfManager::handleVsLogData; data_len: 0x0012 
09-21 21:37:13.361  1789  2234 I bt_shim_scanner: handle_remote_properties: handle_remote_properties Update device_type=0x2 addr_type=0x1
09-21 21:37:13.361  1789  2234 I bt_shim_scanner: handle_remote_properties: handle_remote_properties  device_type= 2
09-21 21:37:13.379   710   776 I libPerfCtl: xgfGetFPS pid:1618 fps:-1
09-21 21:37:13.467   703 11367 D StNfcHal: (#022D3) Rx 6f 02 27 (hidden)
09-21 21:37:13.468  2627 11364 I libnfc_nci: [INFO:nfc_ncif.cc(628)] nfc_ncif_process_event; NFC received ntf gid:15
09-21 21:37:13.468  2627 11364 I libnfc_nci: [INFO:StFwNtfManager.cpp(1446)] StFwNtfManager::handleVsLogData; data_len: 0x002A 
09-21 21:37:13.511   704   704 I Accelerometer: batch: handle:0, flag:0,samplingPeriodNs:8000000 maxBatchReportLatencyNs:0
09-21 21:37:13.514   704   704 I Accelerometer: flush, flushCnt:2
09-21 21:37:13.532   949   949 V thermal_src: TA_DAEMON_CMD_SET_TTJ cmd=0x4, len=4 Tj=74140
09-21 21:37:13.722  1582  1582 I WifiHAL : Get link layer stats
09-21 21:37:13.722  1582  1582 I WifiHAL : GetLinkStatsCommand::create
09-21 21:37:13.723  1582  1582 D android.hardware.wifi@1.0-service-lazy: WifiRequest::create vendor command to iface 31, vendor_id=0x1a11, subcmd=0x1200, res=0
09-21 21:37:13.723  1582  1582 I WifiHAL : GetLinkStatsCommand::handleResponse
09-21 21:37:13.723  1582  1582 E WifiHAL : handleResponse: data=0xb4000075c6e306b0, len=392
09-21 21:37:13.723  1582  1582 I WifiHAL : check_data_sanity: confirmed_size=380, len=392
09-21 21:37:13.723  1582  1582 I WifiHAL : handleResponse: iface_stat_ptr=0xb4000075c6e306b0, num_radios=0, radio_stats_ptr=0xb4000075c6e3082c
09-21 21:37:13.723  1582  1582 E android.hardware.wifi@1.0-service-lazy: Invalid radio stats in link layer stats
09-21 21:37:13.723  1582  1582 I android.hardware.wifi@1.0-service-lazy: WifiCommand::requestResponse err=-1
09-21 21:37:13.723  1582  1582 I WifiHAL : wifi_get_link_stats: result=-1
09-21 21:37:13.726  1362  1518 E WifiStaIfaceHidlImpl: getLinkLayerStatsV1_5 failed with status: {.code = ERROR_UNKNOWN, .description = unknown}
09-21 21:37:14.379   710   776 I libPerfCtl: xgfGetFPS pid:1618 fps:-1
09-21 21:37:14.389   703 11367 D StNfcHal: (#022D4) Rx 6f 02 0f (hidden)
09-21 21:37:14.389  2627 11364 I libnfc_nci: [INFO:nfc_ncif.cc(628)] nfc_ncif_process_event; NFC received ntf gid:15
09-21 21:37:14.390  2627 11364 I libnfc_nci: [INFO:StFwNtfManager.cpp(1446)] StFwNtfManager::handleVsLogData; data_len: 0x0012 
09-21 21:37:14.396  1789  2234 I bt_shim_scanner: handle_remote_properties: handle_remote_properties Update device_type=0x2 addr_type=0x1
09-21 21:37:14.397  1789  2234 I bt_shim_scanner: handle_remote_properties: handle_remote_properties  device_type= 2
09-21 21:37:14.552   949   949 V thermal_src: TA_DAEMON_CMD_SET_TTJ cmd=0x4, len=4 Tj=74140
09-21 21:37:14.645   703 11367 D StNfcHal: (#022D5) Rx 6f 02 27 (hidden)
09-21 21:37:14.646  2627 11364 I libnfc_nci: [INFO:nfc_ncif.cc(628)] nfc_ncif_process_event; NFC received ntf gid:15
09-21 21:37:14.646  2627 11364 I libnfc_nci: [INFO:StFwNtfManager.cpp(1446)] StFwNtfManager::handleVsLogData; data_len: 0x002A 
09-21 21:37:14.952   703 11367 D StNfcHal: (#022D6) Rx 6f 02 0f (hidden)
09-21 21:37:14.953  2627 11364 I libnfc_nci: [INFO:nfc_ncif.cc(628)] nfc_ncif_process_event; NFC received ntf gid:15
09-21 21:37:14.954  2627 11364 I libnfc_nci: [INFO:StFwNtfManager.cpp(1446)] StFwNtfManager::handleVsLogData; data_len: 0x0012 
09-21 21:37:15.018   704   704 I Accelerometer: batch: handle:0, flag:0,samplingPeriodNs:8000000 maxBatchReportLatencyNs:100000000
09-21 21:37:15.027  2131  2869 I ActivityScheduler: nextTriggerTime: 99258074, in 235300ms, detectorType: 39, FULL_TYPE alarmWindowMillis: 30000
09-21 21:37:15.208   703 11367 D StNfcHal: (#022D7) Rx 6f 02 27 (hidden)
09-21 21:37:15.209  2627 11364 I libnfc_nci: [INFO:nfc_ncif.cc(628)] nfc_ncif_process_event; NFC received ntf gid:15
09-21 21:37:15.209  2627 11364 I libnfc_nci: [INFO:StFwNtfManager.cpp(1446)] StFwNtfManager::handleVsLogData; data_len: 0x002A 
09-21 21:37:15.576   949   949 V thermal_src: TA_DAEMON_CMD_SET_TTJ cmd=0x4, len=4 Tj=74140
09-21 21:37:15.586  1362  1883 D BatteryService: Processing new values: info=android.hardware.health.HealthInfo@fd4ae, mBatteryLevelCritical=false, mPlugType=1
09-21 21:37:15.586  1362  1883 D hcz     : mHealthInfo.batteryTemperatureTenthsCelsius==301
09-21 21:37:15.587  1362  1883 D BatteryService: Sending ACTION_BATTERY_CHANGED. scale:100, info:android.hardware.health.HealthInfo@fd4ae
09-21 21:37:15.595  1618  3447 D PowerUI : can't show warning due to - plugged: true status unknown: false
09-21 21:37:15.626   715   715 I BufferQueueProducer: [StatusBar#408](this:0xb400007deeeccc28,id:-1,api:0,p:-1,c:715) queueBuffer: fps=0.10 dur=10244.64 max=10244.64 min=10244.64
09-21 21:37:15.639   715   715 I BufferQueueProducer: [FramebufferSurface](this:0xb400007d2ec7e540,id:-1,api:1,p:715,c:715) queueBuffer: fps=0.10 dur=10243.99 max=10243.99 min=10243.99
09-21 21:37:15.640   699   699 I hwcomposer: [HWCDisplay] [Display_0 (type:1)] fps:0.097618,dur:10243.96,max:10243.96,min:10243.96  
09-21 21:37:15.648   715   715 I BufferQueueProducer: [FramebufferSurface](this:0xb400007d2ec8ccb0,id:-1,api:1,p:715,c:715) queueBuffer: fps=0.10 dur=10245.10 max=10245.10 min=10245.10
09-21 21:37:15.649   699   699 I hwcomposer: [HWCDisplay] [Display_1 (type:1)] fps:0.097606,dur:10245.24,max:10245.24,min:10245.24  
09-21 21:37:16.130   703 11367 D StNfcHal: (#022D8) Rx 6f 02 0f (hidden)
09-21 21:37:16.131  2627 11364 I libnfc_nci: [INFO:nfc_ncif.cc(628)] nfc_ncif_process_event; NFC received ntf gid:15
09-21 21:37:16.131  2627 11364 I libnfc_nci: [INFO:StFwNtfManager.cpp(1446)] StFwNtfManager::handleVsLogData; data_len: 0x0012 
09-21 21:37:16.386   703 11367 D StNfcHal: (#022D9) Rx 6f 02 27 (hidden)
09-21 21:37:16.387  2627 11364 I libnfc_nci: [INFO:nfc_ncif.cc(628)] nfc_ncif_process_event; NFC received ntf gid:15
09-21 21:37:16.387  2627 11364 I libnfc_nci: [INFO:StFwNtfManager.cpp(1446)] StFwNtfManager::handleVsLogData; data_len: 0x002A 
09-21 21:37:16.466  1789  2234 I bt_shim_scanner: handle_remote_properties: handle_remote_properties Update device_type=0x2 addr_type=0x1
09-21 21:37:16.466  1789  2234 I bt_shim_scanner: handle_remote_properties: handle_remote_properties  device_type= 2
09-21 21:37:16.601   949   949 V thermal_src: TA_DAEMON_CMD_SET_TTJ cmd=0x4, len=4 Tj=74140
09-21 21:37:16.623   710   776 I libPerfCtl: xgfGetFPS pid:1618 fps:-1
09-21 21:37:16.674  2131 13703 W AOSP-MdnsDiscoveryManag: Error while decoding multicast packet (12379): 1 [CONTEXT service_id=168 ]
09-21 21:37:16.675  2131 13703 W AOSP-MdnsDiscoveryManag: Error while decoding multicast packet (12380): 1 [CONTEXT service_id=168 ]
09-21 21:37:16.693   703 11367 D StNfcHal: (#022DA) Rx 6f 02 0f (hidden)
09-21 21:37:16.694  2627 11364 I libnfc_nci: [INFO:nfc_ncif.cc(628)] nfc_ncif_process_event; NFC received ntf gid:15
09-21 21:37:16.694  2627 11364 I libnfc_nci: [INFO:StFwNtfManager.cpp(1446)] StFwNtfManager::handleVsLogData; data_len: 0x0012 
09-21 21:37:16.738  1582  1582 I WifiHAL : Get link layer stats
09-21 21:37:16.738  1582  1582 I WifiHAL : GetLinkStatsCommand::create
09-21 21:37:16.739  1582  1582 D android.hardware.wifi@1.0-service-lazy: WifiRequest::create vendor command to iface 31, vendor_id=0x1a11, subcmd=0x1200, res=0
09-21 21:37:16.739  1582  1582 I WifiHAL : GetLinkStatsCommand::handleResponse
09-21 21:37:16.739  1582  1582 E WifiHAL : handleResponse: data=0xb4000075c6e306b0, len=392
09-21 21:37:16.739  1582  1582 I WifiHAL : check_data_sanity: confirmed_size=380, len=392
09-21 21:37:16.739  1582  1582 I WifiHAL : handleResponse: iface_stat_ptr=0xb4000075c6e306b0, num_radios=0, radio_stats_ptr=0xb4000075c6e3082c
09-21 21:37:16.739  1582  1582 E android.hardware.wifi@1.0-service-lazy: Invalid radio stats in link layer stats
09-21 21:37:16.739  1582  1582 I android.hardware.wifi@1.0-service-lazy: WifiCommand::requestResponse err=-1
09-21 21:37:16.739  1582  1582 I WifiHAL : wifi_get_link_stats: result=-1
09-21 21:37:16.741  1362  1518 E WifiStaIfaceHidlImpl: getLinkLayerStatsV1_5 failed with status: {.code = ERROR_UNKNOWN, .description = unknown}
09-21 21:37:16.948   703 11367 D StNfcHal: (#022DB) Rx 6f 02 27 (hidden)
09-21 21:37:16.949  2627 11364 I libnfc_nci: [INFO:nfc_ncif.cc(628)] nfc_ncif_process_event; NFC received ntf gid:15
09-21 21:37:16.950  2627 11364 I libnfc_nci: [INFO:StFwNtfManager.cpp(1446)] StFwNtfManager::handleVsLogData; data_len: 0x002A 
09-21 21:37:17.503  1789  2234 I bt_shim_scanner: handle_remote_properties: handle_remote_properties Update device_type=0x2 addr_type=0x1
09-21 21:37:17.504  1789  2234 I bt_shim_scanner: handle_remote_properties: handle_remote_properties  device_type= 2
09-21 21:37:17.624   710   776 I libPerfCtl: xgfGetFPS pid:1618 fps:-1
09-21 21:37:17.625   949   949 V thermal_src: TA_DAEMON_CMD_SET_TTJ cmd=0x4, len=4 Tj=74140
09-21 21:37:18.487   703 11367 D StNfcHal: (#022DC) Rx 6f 02 0f (hidden)
09-21 21:37:18.488  2627 11364 I libnfc_nci: [INFO:nfc_ncif.cc(628)] nfc_ncif_process_event; NFC received ntf gid:15
09-21 21:37:18.489  2627 11364 I libnfc_nci: [INFO:StFwNtfManager.cpp(1446)] StFwNtfManager::handleVsLogData; data_len: 0x0012 
09-21 21:37:18.624   710   776 I libPerfCtl: xgfGetFPS pid:1618 fps:-1
09-21 21:37:18.649   949   949 V thermal_src: TA_DAEMON_CMD_SET_TTJ cmd=0x4, len=4 Tj=74140
09-21 21:37:18.743   703 11367 D StNfcHal: (#022DD) Rx 6f 02 27 (hidden)
09-21 21:37:18.744  2627 11364 I libnfc_nci: [INFO:nfc_ncif.cc(628)] nfc_ncif_process_event; NFC received ntf gid:15
09-21 21:37:18.744  2627 11364 I libnfc_nci: [INFO:StFwNtfManager.cpp(1446)] StFwNtfManager::handleVsLogData; data_len: 0x002A 
09-21 21:37:18.917  1362  1436 I PowerGroup: Powering off display group due to timeout (groupId= 0, uid= 1000, millisSinceLastUserActivity=60002, lastUserActivityEvent=button)...
09-21 21:37:18.917  1362  1436 I PowerManagerService: Going to sleep due to timeout (uid 1000, screenOffTimeout=60000, activityTimeoutWM=-1, maxDimRatio=0.20000005, maxDimDur=7000)...
09-21 21:37:18.926  1362  1362 W ProcessStats: Tracking association SourceState{6b9e731 com.google.android.gms/10100 BTop #45717} whose proc state 2 is better than process ProcessState{ce6aedc com.google.android.adservices.api/10151 pkg=com.google.android.adservices.api} proc state 8 (7 skipped)
09-21 21:37:18.932  4836  4836 I GoogleInputMethodService: GoogleInputMethodService.onFinishInput():2057 
09-21 21:37:18.937  4836  4836 I Module  : DeviceLockedStatusModuleProvider$Module.updateDeviceLockedStatus():100 repeatCheckTimes = 0, locked = false
09-21 21:37:18.945   715   823 E BufferQueueDebug: [ColorFade#18122](this:0xb400007deef69618,id:-1,api:0,p:-1,c:-1) id info cannot be read from 'ColorFade#18122'
09-21 21:37:18.945   715   823 I BufferQueueDebug: [ColorFade#18122](this:0xb400007deef69618,id:-1,api:0,p:-1,c:-1) BufferQueue core=(715:/system/bin/surfaceflinger)
09-21 21:37:18.949   715   822 E BufferQueueDebug: [ColorFade BLAST#18123](this:0xb400007deee49c48,id:-1,api:0,p:-1,c:-1) id info cannot be read from 'ColorFade BLAST#18123'
09-21 21:37:18.949   715   822 I BufferQueueDebug: [ColorFade BLAST#18123](this:0xb400007deee49c48,id:-1,api:0,p:-1,c:-1) BufferQueue core=(715:/system/bin/surfaceflinger)
09-21 21:37:18.950  1362  1436 D BufferQueueConsumer: [](id:552000000cb,api:0,p:-1,c:1362) connect: controlledByApp=false
09-21 21:37:18.952  1362  1436 D BufferQueueConsumer: [](id:552000000cc,api:0,p:-1,c:1362) connect: controlledByApp=true
09-21 21:37:18.954  1362  1436 D BufferQueueConsumer: [SurfaceTexture-1-1362-98](id:552000000cc,api:0,p:-1,c:1362) disconnect
09-21 21:37:18.967  1362  1436 D BLASTBufferQueue: [ColorFade#105](f:0,a:1) acquireNextBufferLocked size=800x1280 mFrameNumber=1 applyTransaction=true mTimestamp=99026712755132(auto) mPendingTransactions.size=0 graphicBufferId=5849745457905 transform=0
09-21 21:37:18.971   715   715 I BufferQueueProducer: [FramebufferSurface](this:0xb400007d2ec7e540,id:-1,api:1,p:715,c:715) queueBuffer: fps=0.30 dur=3331.36 max=3331.36 min=3331.36
09-21 21:37:18.971   699   699 I hwcomposer: [HWCDisplay] [Display_0 (type:1)] fps:0.300185,dur:3331.28,max:3331.28,min:3331.28  
09-21 21:37:18.978   715   715 I BufferQueueProducer: [FramebufferSurface](this:0xb400007d2ec8ccb0,id:-1,api:1,p:715,c:715) queueBuffer: fps=0.30 dur=3330.04 max=3330.04 min=3330.04
09-21 21:37:18.979   699   699 I hwcomposer: [HWCDisplay] [Display_1 (type:1)] fps:0.300300,dur:3330.00,max:3330.00,min:3330.00  
09-21 21:37:18.980   715   715 I BufferQueueProducer: [NavigationBar0#400](this:0xb400007deeeb5fa8,id:-1,api:0,p:-1,c:715) queueBuffer: fps=0.61 dur=60176.71 max=59523.25 min=13.04
09-21 21:37:18.984  1618  1618 I vol.VolumeDialogImpl: mDialog.dismiss() reason: volume_controller from: com.android.systemui.volume.VolumeDialogImpl$7.onDismissRequested:3
09-21 21:37:18.994  1362  1436 V DisplayPowerController2[0]: Brightness [0.4015748] reason changing to: 'manual', previous reason: 'manual [ dim ]'.
09-21 21:37:18.995  1362  1436 I DisplayPowerController2[0]: BrightnessEvent: disp=0, physDisp=local:0, brt=0.4015748, initBrt=0.05, rcmdBrt=NaN, preBrt=NaN, lux=0.0, preLux=0.0, hbmMax=1.0, hbmMode=off, rbcStrength=50, thrmMax=1.0, powerFactor=1.0, wasShortTermModelActive=false, flags=, reason=manual, autoBrightness=false, strategy=InvalidBrightnessStrategy
09-21 21:37:19.022   715   715 I BufferQueueProducer: [StatusBar#408](this:0xb400007deeeccc28,id:-1,api:0,p:-1,c:715) queueBuffer: fps=0.29 dur=3396.03 max=3396.03 min=3396.03
09-21 21:37:19.075   715   822 E BufferQueueDebug: [ColorFade#18124](this:0xb400007deef6f138,id:-1,api:0,p:-1,c:-1) id info cannot be read from 'ColorFade#18124'
09-21 21:37:19.077   715   822 I BufferQueueDebug: [ColorFade#18124](this:0xb400007deef6f138,id:-1,api:0,p:-1,c:-1) BufferQueue core=(715:/system/bin/surfaceflinger)
09-21 21:37:19.082   715   822 E BufferQueueDebug: [ColorFade BLAST#18125](this:0xb400007deef38f88,id:-1,api:0,p:-1,c:-1) id info cannot be read from 'ColorFade BLAST#18125'
09-21 21:37:19.082   715   822 I BufferQueueDebug: [ColorFade BLAST#18125](this:0xb400007deef38f88,id:-1,api:0,p:-1,c:-1) BufferQueue core=(715:/system/bin/surfaceflinger)
09-21 21:37:19.083  1362  1436 D BufferQueueConsumer: [](id:552000000cd,api:0,p:-1,c:1362) connect: controlledByApp=false
09-21 21:37:19.085  1362  1436 D BufferQueueConsumer: [](id:552000000ce,api:0,p:-1,c:1362) connect: controlledByApp=true
09-21 21:37:19.088  1362  1436 D BufferQueueConsumer: [SurfaceTexture-1-1362-99](id:552000000ce,api:0,p:-1,c:1362) disconnect
09-21 21:37:19.107  1362  1436 D BLASTBufferQueue: [ColorFade#106](f:0,a:1) acquireNextBufferLocked size=480x480 mFrameNumber=1 applyTransaction=true mTimestamp=99026854152670(auto) mPendingTransactions.size=0 graphicBufferId=5849745457909 transform=0
09-21 21:37:19.127  1362  1436 V DisplayPowerController2[5]: Brightness [0.5] reason changing to: 'manual', previous reason: 'manual [ dim ]'.
09-21 21:37:19.127  1362  1436 I DisplayPowerController2[5]: BrightnessEvent: disp=5, physDisp=local:1, brt=0.5, initBrt=0.05, rcmdBrt=NaN, preBrt=NaN, lux=0.0, preLux=0.0, hbmMax=1.0, hbmMode=off, rbcStrength=-1, thrmMax=1.0, powerFactor=1.0, wasShortTermModelActive=false, flags=, reason=manual, autoBrightness=false, strategy=InvalidBrightnessStrategy
09-21 21:37:19.266  1362  1436 I DisplayPowerController2[0]: Blocking screen off
09-21 21:37:19.266  1362  1436 D MMI     : PhoneWindowManager screenTurningOff displayId = 0
09-21 21:37:19.266   709   709 D android.hardware.lights-service.mediatek: Lights setting state for id=0, color=ff000000
09-21 21:37:19.266  1362  1436 D MMI     : PhoneWindowManager screenTurningOff isHdmiKeepPowerOn() = true
09-21 21:37:19.266  1362  1436 D MMI     : PhoneWindowManager writeStringToFile filepath = /sys/devices/platform/shengyou_spec/hdmi_bl_sta, string = 0
09-21 21:37:19.266   709   709 D android.hardware.lights-service.mediatek: read 1 from /sys/devices/platform/shengyou_spec/hdmi_ctrl_sta
09-21 21:37:19.266   709   709 D android.hardware.lights-service.mediatek: read_int, val=1, ret=2, path=/sys/devices/platform/shengyou_spec/hdmi_ctrl_sta
09-21 21:37:19.266   709   709 D android.hardware.lights-service.mediatek: read 1 from /sys/devices/platform/shengyou_spec/hdmi_bl_sta
09-21 21:37:19.266   709   709 D android.hardware.lights-service.mediatek: read_int, val=1, ret=2, path=/sys/devices/platform/shengyou_spec/hdmi_bl_sta
09-21 21:37:19.267   709   709 D android.hardware.lights-service.mediatek: set_light_backlight, hdmi_state=1, hdmi_backlight=1, level=0, onMS=0, offMS=0
09-21 21:37:19.267   709   709 D android.hardware.lights-service.mediatek: write 0 to /sys/class/leds/lcd-backlight/brightness
09-21 21:37:19.267  1362  1436 D MMI     : PhoneWindowManager setScreenBrightness 11 currentBrightness = 103
09-21 21:37:19.267   709   709 D android.hardware.lights-service.mediatek: write 0 to /sys/class/leds/lcd-backlight/brightness, result: 0
09-21 21:37:19.267   709   709 D android.hardware.lights-service.mediatek: write 0 to /sys/class/leds/sublcd-backlight/brightness
09-21 21:37:19.267   954  1086 D TRS     : ccorr table index=0
09-21 21:37:19.267   709   709 D android.hardware.lights-service.mediatek: write 0 to /sys/class/leds/sublcd-backlight/brightness, result: 0
09-21 21:37:19.267  1362  1436 V SettingsProvider: name : screen_brightness appId : 1000
09-21 21:37:19.267   954  1086 D TRS     : [PQ_SERVICE] setPQParamWithFilter configFlag: 1
09-21 21:37:19.269  1362  1436 I DisplayPowerController2[0]: Unblocked screen off after 3 ms
09-21 21:37:19.270  1362  1436 D ActivityTaskManager: Top Process State changed to PROCESS_STATE_TOP_SLEEPING
09-21 21:37:19.272  1362  1362 I BrightnessSynchronizer: [772] New Update 106(i) set brightness values: 0.41338584(f) 
09-21 21:37:19.274  1362  1395 V WindowManager: Sent Transition #618 createdAt=09-21 21:37:19.272 via request=TransitionRequestInfo { type = SLEEP, triggerTask = null, remoteTransition = null, displayChange = null }
09-21 21:37:19.274  1362  1395 V WindowManager:     startWCT=null
09-21 21:37:19.274  1362  1395 V WindowManager:     info={id=618 t=SLEEP f=0x0 trk=0 r=[] c=[]}
09-21 21:37:19.275  1362  1436 I PowerHalWrapper: amsBoostNotify pid:1893,activity:com.android.searchlauncher.SearchLauncher, package:com.android.launcher3, mProcessCreatePackcom.android.settings 
09-21 21:37:19.275  1362  1436 I PowerHalWrapper: state: 0 
09-21 21:37:19.276  1362  1436 I mtkpower_client: [Legacy][PowerHal_Wrap_notifyAppState] com.android.launcher3/com.android.searchlauncher.SearchLauncher pid=1893 state:0
09-21 21:37:19.276   838   877 E flp     : mnld_screen_monitor_thread: Screen off
09-21 21:37:19.276   838   875 D MNLD    : main_event_hdlr: SCREEN2MAIN_EVENT_SCREEN = 0
09-21 21:37:19.276   710   795 I libPowerHal: [perfNotifyAppState] pack:com.android.launcher3, act:com.android.searchlauncher.SearchLauncher, state:0, pid:1893, uid:10121, fps:-1
09-21 21:37:19.276  1362  1436 I PowerHalWrapper: amsBoostNotify AMS_BOOST_PROCESS_CREATE_BOOST:false 
09-21 21:37:19.277   954  1085 D AAL     : onBacklightChanged: 56/1023 -> 0/1023(phy:0/4095)
09-21 21:37:19.277   954  1085 D AAL     : onBacklightChanged: change screen state 3(On) -> 0(Off)
09-21 21:37:19.277   954  1085 D AALLightSensor: AALLightSensor setEnabled 0-->0
09-21 21:37:19.282  1362  1436 D MMI     : PhoneWindowManager screenTurnedOff displayId = 0
09-21 21:37:19.285   715   715 I BpBinder: onLastStrongRef automatically unlinking death recipients: 
09-21 21:37:19.285  1362  2757 W WindowManager: Changing focus from Window{5bfbff0 u0 com.android.launcher3/com.android.searchlauncher.SearchLauncher} to null displayId=0 Callers=com.android.server.wm.RootWindowContainer.updateFocusedWindowLocked:455 com.android.server.wm.WindowManagerService.updateFocusedWindowLocked:6219 com.android.server.wm.ActivityRecord.commitVisibility:5617 com.android.server.wm.ActivityRecord.commitVisibility:5628 
09-21 21:37:19.286  1618  1666 V WindowManagerShell: Transition requested: android.os.BinderProxy@e06b1fe TransitionRequestInfo { type = SLEEP, triggerTask = null, remoteTransition = null, displayChange = null }
09-21 21:37:19.289  1362  1362 D MBrainLocalService: isVendorFreezeConditionPass is false
09-21 21:37:19.289  1362  1362 E MBrainLocalService: notifyAppSwitch failed
09-21 21:37:19.291   704   704 I Accelerometer: batch: handle:0, flag:0,samplingPeriodNs:8000000 maxBatchReportLatencyNs:2000000000
09-21 21:37:19.291  1618  1618 D CentralSurfaces: updateQsExpansionEnabled - QS Expand enabled: true
09-21 21:37:19.296  1362  1398 I PowerHalWrapper: amsBoostNotify pid:1893,activity:com.android.searchlauncher.SearchLauncher, package:com.android.launcher3, mProcessCreatePackcom.android.settings 
09-21 21:37:19.296  1362  1398 I PowerHalWrapper: state: 0 
09-21 21:37:19.296  1362  1398 I mtkpower_client: [Legacy][PowerHal_Wrap_notifyAppState] com.android.launcher3/com.android.searchlauncher.SearchLauncher pid=1893 state:0
09-21 21:37:19.296   710   795 I libPowerHal: [perfNotifyAppState] pack:com.android.launcher3, act:com.android.searchlauncher.SearchLauncher, state:0, pid:1893, uid:10121, fps:-1
09-21 21:37:19.297  1362  1398 I PowerHalWrapper: amsBoostNotify AMS_BOOST_PROCESS_CREATE_BOOST:false 
09-21 21:37:19.300  1362  1436 I DisplayBrightnessStrategySelector: Changing the DisplayBrightnessStrategy from InvalidBrightnessStrategy toScreenOffBrightnessStrategy for display 0
09-21 21:37:19.301  1362  1399 D SurfaceComposerClient: Transaction::apply InputWindowCommands.focusRequests timestamp=99027047426209, windowName=<null>
09-21 21:37:19.303  1362  2760 W Transition: Transition already started id=618 state=2
09-21 21:37:19.307 10784 10948 I GED     : ged_boost_gpu_freq, level 100, eOrigin 2, final_idx 15, oppidx_max 15, oppidx_min 0
09-21 21:37:19.307   715   715 D SurfaceFlinger: Focus addInputWindowCommands timestamp=99027047426209, windowName=<null>
09-21 21:37:19.308  1362  1436 V DisplayPowerController2[0]: Brightness [0.0] reason changing to: 'screen_off', previous reason: 'manual'.
09-21 21:37:19.308  1362  1436 I DisplayPowerController2[0]: BrightnessEvent: disp=0, physDisp=local:0, brt=0.0, initBrt=0.4015748, rcmdBrt=NaN, preBrt=NaN, lux=0.0, preLux=0.0, hbmMax=1.0, hbmMode=off, rbcStrength=50, thrmMax=1.0, powerFactor=1.0, wasShortTermModelActive=false, flags=, reason=screen_off, autoBrightness=false, strategy=ScreenOffBrightnessStrategy
09-21 21:37:19.309  1618  1666 V WindowManagerShell: onTransitionReady android.os.BinderProxy@e06b1fe: {id=618 t=SLEEP f=0x0 trk=0 r=[] c=[]}
09-21 21:37:19.309  1618  1666 V WindowManagerShell: No transition roots in (#618)android.os.BinderProxy@e06b1fe@0 so abort
09-21 21:37:19.309  1362  1436 I DisplayPowerController2[5]: Blocking screen off
09-21 21:37:19.309  1362  1436 I DisplayPowerController2[5]: Unblocked screen off after 0 ms
09-21 21:37:19.309   715   715 I BufferQueueDebug: [439f412 ActivityRecordInputSink com.android.launcher3/com.android.searchlauncher.SearchLauncher#18112 (Mirror)#18113](this:0xb400007deeee93c8,id:-1,api:0,p:-1,c:715) onDestructor()
09-21 21:37:19.310  1618  1666 V WindowManagerShell: Transition animation finished (aborted=true), notifying core (#618)android.os.BinderProxy@e06b1fe@0
09-21 21:37:19.310  1362  1436 D MMI     : PhoneWindowManager screenTurnedOff displayId = 5
09-21 21:37:19.310  1893  2643 I GED     : ged_boost_gpu_freq, level 100, eOrigin 2, final_idx 15, oppidx_max 15, oppidx_min 0
09-21 21:37:19.312   715   715 D SurfaceFlinger: Find Focus windowName=<null>, notVisible=1
09-21 21:37:19.312   715   715 D Layer   : Focus: Task=1#46 (Mirror)#17943 isHiddenByPolicy s.flags&layer_state_t::eLayerHidden=1
09-21 21:37:19.312   715   715 D Layer   : Focus: isHiddenByPolicy parent Task=1#46 (Mirror)#17943 is hidden cause not visible
09-21 21:37:19.312   715   715 D SurfaceFlinger: Focus inVisible Reason:isVisibleForInput(){hasInputInfo()?canReceiveInput():isVisible()}=0 has=1 can{!isHiddenByPolicy()&&(mBuffer==nullptr||getAlpha()>0.0f)}=0 Hidden=1 Buf=0 getA=0
09-21 21:37:19.312   715   715 D SurfaceFlinger: Find Focus windowName=<null>, notVisible=1
09-21 21:37:19.312   715   715 D Layer   : Focus: Task=1#46 (Mirror)#17943 isHiddenByPolicy s.flags&layer_state_t::eLayerHidden=1
09-21 21:37:19.312   715   715 D Layer   : Focus: isHiddenByPolicy parent Task=1#46 (Mirror)#17943 is hidden cause not visible
09-21 21:37:19.312   715   715 D SurfaceFlinger: Focus inVisible Reason:isVisibleForInput(){hasInputInfo()?canReceiveInput():isVisible()}=0 has=1 can{!isHiddenByPolicy()&&(mBuffer==nullptr||getAlpha()>0.0f)}=0 Hidden=1 Buf=0 getA=1
09-21 21:37:19.312   715   715 D SurfaceFlinger: Find Focus windowName=<null>, notVisible=1
09-21 21:37:19.313   715   715 D Layer   : Focus: Task=1#46 isHiddenByPolicy s.flags&layer_state_t::eLayerHidden=1
09-21 21:37:19.313  1362  1436 I DisplayBrightnessStrategySelector: Changing the DisplayBrightnessStrategy from InvalidBrightnessStrategy toScreenOffBrightnessStrategy for display 5
09-21 21:37:19.313   715   715 D Layer   : Focus: isHiddenByPolicy parent Task=1#46 is hidden cause not visible
09-21 21:37:19.313   715   715 D SurfaceFlinger: Focus inVisible Reason:isVisibleForInput(){hasInputInfo()?canReceiveInput():isVisible()}=0 has=1 can{!isHiddenByPolicy()&&(mBuffer==nullptr||getAlpha()>0.0f)}=0 Hidden=1 Buf=0 getA=0
09-21 21:37:19.313   715   715 D SurfaceFlinger: Find Focus windowName=<null>, notVisible=1
09-21 21:37:19.313   715   715 D Layer   : Focus: Task=1#46 isHiddenByPolicy s.flags&layer_state_t::eLayerHidden=1
09-21 21:37:19.313   715   715 D Layer   : Focus: isHiddenByPolicy parent Task=1#46 is hidden cause not visible
09-21 21:37:19.313   715   715 D SurfaceFlinger: Focus inVisible Reason:isVisibleForInput(){hasInputInfo()?canReceiveInput():isVisible()}=0 has=1 can{!isHiddenByPolicy()&&(mBuffer==nullptr||getAlpha()>0.0f)}=0 Hidden=1 Buf=0 getA=1
09-21 21:37:19.313   715  1103 D SurfaceFlinger: updateWinowInfo=1, setFocusedWindow timestamp=99027047426209, windowName=<null>
09-21 21:37:19.313  1362  1436 V DisplayPowerController2[5]: Brightness [0.0] reason changing to: 'screen_off', previous reason: 'manual'.
09-21 21:37:19.314  1362  1436 I DisplayPowerController2[5]: BrightnessEvent: disp=5, physDisp=local:1, brt=0.0, initBrt=0.5, rcmdBrt=NaN, preBrt=NaN, lux=0.0, preLux=0.0, hbmMax=1.0, hbmMode=off, rbcStrength=-1, thrmMax=1.0, powerFactor=1.0, wasShortTermModelActive=false, flags=, reason=screen_off, autoBrightness=false, strategy=ScreenOffBrightnessStrategy
09-21 21:37:19.324  1362  1422 E KernelCpuSpeedReader: Failed to read cpu-freq: /sys/devices/system/cpu/cpu0/cpufreq/stats/time_in_state: open failed: ENOENT (No such file or directory)
09-21 21:37:19.324 10784 10784 D BLASTBufferQueue: [VRI[SearchLauncher]#16](f:0,a:1) destructor()
09-21 21:37:19.325 10784 10784 D BufferQueueConsumer: [VRI[SearchLauncher]#16(BLAST Consumer)16](id:2a2000000010,api:0,p:-1,c:10784) disconnect
09-21 21:37:19.329  1618  1666 V WindowManagerShell: Track 0 became idle
09-21 21:37:19.329  1362  1395 V WindowManager: Finish Transition #618: created at 09-21 21:37:19.272 collect-started=0.074ms request-sent=0.199ms started=0.468ms ready=0.457ms sent=1.014ms finished=55.078ms
09-21 21:37:19.330  1618  1666 V WindowManagerShell: All active transition animations finished
09-21 21:37:19.332  1362  1362 I BrightnessSynchronizer: Swallowing update of 0.41338584(f) by update: {[772] 106(i), mUpdatedTypes=2, mConfirmedTypes=2, mTimeUpdated=99027020}
09-21 21:37:19.332   715   715 D SurfaceFlinger: Setting power mode 0 on display 1
09-21 21:37:19.332  1362  1362 I BrightnessSynchronizer: Completed Update: {[772] 106(i), mUpdatedTypes=2, mConfirmedTypes=2, mTimeUpdated=99027020}
09-21 21:37:19.333   699   699 I hwcomposer: [HWCDisplay] Display(1) SetPowerMode(0) current mode(2)  
09-21 21:37:19.334  1893  1893 D BLASTBufferQueue: [VRI[SearchLauncher]#104](f:0,a:1) destructor()
09-21 21:37:19.334  1893  1893 D BufferQueueConsumer: [VRI[SearchLauncher]#104(BLAST Consumer)104](id:7650000007f,api:0,p:-1,c:1893) disconnect
09-21 21:37:19.334  1362  1398 I DisplayDeviceRepository: Display device changed state: "Schermo HDMI", OFF
09-21 21:37:19.336  1893  2643 I GED     : ged_boost_gpu_freq, level 100, eOrigin 2, final_idx 15, oppidx_max 15, oppidx_min 0
09-21 21:37:19.337   699   699 E hwcomposer: [DEV] Failed to open fb1 device: No such file or directory  
09-21 21:37:19.337   715   715 D SurfaceFlinger: Finished setting power mode 0 on display 1
09-21 21:37:19.338   715   715 I BufferQueueDebug: [439f412 ActivityRecordInputSink com.android.launcher3/com.android.searchlauncher.SearchLauncher#18112](this:0xb400007deed965d8,id:-1,api:0,p:-1,c:715) onDestructor()
09-21 21:37:19.339   710   739 I mtkpower@impl: [setMode] type:9, enabled:0
09-21 21:37:19.339   710   739 E mtkpower@impl: [setMode] unknown type
09-21 21:37:19.340  1362  1399 W SurfaceControl: Invalid layer stack -1
09-21 21:37:19.340  1362  1399 I DisplayDevice: [0] Layerstack set to -1 for local:0
09-21 21:37:19.342  1362  1399 W SurfaceControl: Invalid layer stack -1
09-21 21:37:19.342  1362  1399 I DisplayDevice: [5] Layerstack set to -1 for local:1
09-21 21:37:19.345  1362  1398 I InputManager-JNI: Viewport [0] to add: local:0, isActive: false
09-21 21:37:19.345  1362  1398 I InputManager-JNI: Viewport [1] to add: local:1, isActive: false
09-21 21:37:19.347  1362  1490 I InputReader: Reconfiguring input devices, changes=DISPLAY_INFO
09-21 21:37:19.347  1362  1490 I InputReader: Disabling mtk-tpd (device 4) because the associated viewport is not active
09-21 21:37:19.347  1362  1490 I InputReader: Device reconfigured: id=4, name='mtk-tpd', size 801x1281, orientation 0, mode 0, display id 0
09-21 21:37:19.347  1362  1490 I InputReader: Disabling chsc_cap_touch (device 3) because the associated viewport is not active
09-21 21:37:19.347  1362  1490 I InputReader: Device reconfigured: id=3, name='chsc_cap_touch', size 801x1281, orientation 0, mode 0, display id 0
09-21 21:37:19.350   715   715 D SurfaceFlinger: Setting power mode 0 on display 0
09-21 21:37:19.350 10784 10784 I dmuc    : onPause
09-21 21:37:19.353  2610  2610 I gohv    : (REDACTED) received broadcast: %s
09-21 21:37:19.354  2610  3229 I gohy    : (REDACTED) received broadcast: %s
09-21 21:37:19.355  2610  3229 I gocw    : (REDACTED) #onConfigUpdate. requester: %s
09-21 21:37:19.355  2610  3229 I gocw    : #onConfigUpdate inside sequencer
09-21 21:37:19.356  2610  3229 I gnzq    : (REDACTED) Voice Match (Speaker-id) supported : %b 
09-21 21:37:19.356  1893  1986 I ImeTracker: com.android.launcher3:a5ea8a2b: onRequestHide at ORIGIN_CLIENT_HIDE_SOFT_INPUT reason HIDE_SOFT_INPUT
09-21 21:37:19.356  2610  3229 I gnzq    : (REDACTED) hotword enrollment state is enrolled:  %b, speakerId model exist: %b. Voice Match supported : %b 
09-21 21:37:19.356  2610  3229 I gnzq    : (REDACTED) isHotwordAvailable():  %b, isHotwordEnabled() %b 
09-21 21:37:19.356  2610  3229 I gnzq    : (REDACTED) isHotwordAvailable():  %b, isHotwordEnabled() %b 
09-21 21:37:19.356  1893  1986 I ImeTracker: com.android.launcher3:a5ea8a2b: onFailed at PHASE_CLIENT_VIEW_SERVED
09-21 21:37:19.357  2610  3229 I gnzq    : (REDACTED) Hotword enrollment state : %s.
09-21 21:37:19.357   699   699 I hwcomposer: [HWCDisplay] Display(0) SetPowerMode(0) current mode(2)  
09-21 21:37:19.357 10784 10784 I dmuc    : onStop
09-21 21:37:19.360  2610  3229 I gnzq    : (REDACTED) Voice Match (Speaker-id) supported : %b 
09-21 21:37:19.360  1362  1396 V WindowManager: Content Recording: Display 5 state is now (1), so update recording?
09-21 21:37:19.360  2610  3229 I gnzq    : (REDACTED) Voice Match (Speaker-id) supported : %b 
09-21 21:37:19.360  1362  1396 V WindowManager: Content Recording: Display 5 has content (false) so pause recording
09-21 21:37:19.360  2610  3229 I gnzq    : (REDACTED) hotword enrollment state is enrolled:  %b, speakerId model exist: %b, voice match supported : %b
09-21 21:37:19.360  2610  3229 I gnzq    : (REDACTED) Hotword isNonVoiceMatchHotwordEnabled: %b, isHotwordAvailable: %b, isHotwordEnabled: %b, isVoiceMatchSupported: %b, isHotwordEnrolled: %b,
09-21 21:37:19.361  2610  3229 I gocw    : (REDACTED) Ignore the legacy hotword request. voice match enabled %b, isHotwordSupported %b, isIncompleteEnrollmentState %b, nonVoiceMatchHotwordEnabled %b
09-21 21:37:19.362  1362  1398 I DisplayDeviceRepository: Display device changed state: "Schermo HDMI", OFF
09-21 21:37:19.366  1362  1398 I DisplayDeviceRepository: Display device changed state: "Schermo incorporato", OFF
09-21 21:37:19.369  1362  1398 D DisplayManagerService: Ignore redundant display event 5/2 to 10042/4108
09-21 21:37:19.369  1362  1398 D DisplayManagerService: Ignore redundant display event 5/2 to 10087/4698
09-21 21:37:19.369  1362  1398 D DisplayManagerService: Ignore redundant display event 5/2 to 10095/5805
09-21 21:37:19.370  1362  1398 D DisplayManagerService: Ignore redundant display event 5/2 to 10099/7352
09-21 21:37:19.370  1362  1398 D DisplayManagerService: Ignore redundant display event 5/2 to 10114/11831
09-21 21:37:19.370  1362  1398 D DisplayManagerService: Ignore redundant display event 5/2 to 10198/13083
09-21 21:37:19.373  4836  4836 I PkDeviceHelper: PkDeviceHelper.refreshDevices():93 refreshing devices
09-21 21:37:19.375  1789  2253 I bt_stack: [INFO:le_scanning_manager.cc(170)] Scan in shim layer stopped
09-21 21:37:19.375  1789  2194 I bluetooth: unregister_client: Client unregistered
09-21 21:37:19.375  1789  2253 I bt_stack: [INFO:le_scanning_manager.cc(348)] SetScanParameters in shim layer
09-21 21:37:19.375  1789  2194 I bluetooth: unregister_client: Cancelled address rotation alarm
09-21 21:37:19.376  1789  2253 I bt_stack: [INFO:le_scanning_manager.cc(170)] Scan in shim layer started
09-21 21:37:19.376  1789  2194 I bluetooth: stop_scan: Scanning already stopped, return!
09-21 21:37:19.376  1789  2194 I bluetooth: register_client: Scheduled address rotation for first client registered
09-21 21:37:19.376  1789  2194 I bluetooth: register_client: Client registered
09-21 21:37:19.377  2131  2131 I NearbyDiscovery: (REDACTED) FastPairDisplayObserver: %s -> %s
09-21 21:37:19.380   693   693 D mtk.hal.bt@1.1-impl: BtHostDebugInfo
09-21 21:37:19.380   693   693 D [BT]    : mtk_bt_op: BT_VND_OP_SET_BTHOST
09-21 21:37:19.380  2131  3037 I NearbyDiscovery: (REDACTED) OffloadFastPairScanner: eventType=%s, isInternalReq=%s, isOffloadScanning=%s, isOffloadScanningAllowed=%s
09-21 21:37:19.381  4836  4836 I PkDeviceHelper: PkDeviceHelper.refreshDevices():93 refreshing devices
09-21 21:37:19.382   693   693 D mtk.hal.bt@1.1-impl: BtHostDebugInfo
09-21 21:37:19.382   693   693 D [BT]    : mtk_bt_op: BT_VND_OP_SET_BTHOST
09-21 21:37:19.384  2131  3037 I NearbyDiscovery: (REDACTED) FastPairScanner: isScreenOn=%s, isLocationEnabled=%s, disableLocationRequirement=%s, isDiscoveryScanningEnabled=%s, during24GhzWifiWarmingUpPeriod=%s
09-21 21:37:19.384  2131  3037 D BluetoothAdapter: isLeEnabled(): ON
09-21 21:37:19.385  2131  3037 I NearbyDiscovery: (REDACTED) FastPairScanner: eventType=%s, intReq=%s, scanning=%s, scanAllowed=%s, bleEnabled=%s, lockScanRate=%s, startScanningByLowPowerMode=%s
09-21 21:37:19.385  2131  3037 I NearbyDiscovery: (REDACTED) FastPairScanner: Stopping scan, %s
09-21 21:37:19.385  2131  3037 D BluetoothAdapter: isLeEnabled(): ON
09-21 21:37:19.388  2131 13660 I NearbySharing: Screen is locked
09-21 21:37:19.389  2131 13660 I NearbySharing: Stopping scanning because the screen is locked.
09-21 21:37:19.389  2131 13660 I NearbySharing: [NS_PROVIDER_API]: stopDiscovery called.
09-21 21:37:19.391  1362  1396 V WindowManager: Content Recording: Display 5 state is now (1), so update recording?
09-21 21:37:19.392  2131 13810 I NearbySharing: [NS_CONTROL] DiscoveryStateManager emitted ReportLost(id=22).
09-21 21:37:19.392  2131 13660 I NearbySharing: [NS_STATE] stop: move [22] to cache.
09-21 21:37:19.392  2131 13660 I NearbySharing: NearbySharing Internal event SendManagerEnd
09-21 21:37:19.392  2131 13810 I NearbySharing: NearbySharing Internal event ReceiverLost(receiverId=22)
09-21 21:37:19.393  2131 13812 I NearbySharing: SendManager event Lost(receiverId=22)
09-21 21:37:19.393  2131 13660 I NearbySharing: Scanning has stopped.
09-21 21:37:19.397  2131 13809 I NearbySharing: [NS_DEBUG] DiscoveryController stopped.
09-21 21:37:19.399  2131  2272 I NearbyConnections: Client 50336379 requested discovery to stop.
09-21 21:37:19.401  2131 12975 I NearbyMediums: In ScanningCancellationFlag, service-id=NearbySharing is the last scanner to stop scanning. The flag has been cancelled.
