09-21 21:37:19.403  2131  2131 I NearbySharing: ShortcutInfoManager removed shortcut smartphone di Lino
09-21 21:37:19.403  1362  1414 W NotificationHistory: Attempted to remove conversation for locked/gone/disabled user 0
09-21 21:37:19.404  2131 13793 D BluetoothAdapter: isLeEnabled(): ON
09-21 21:37:19.406  2131 13660 I NearbySharing: Stopping Fast Init advertisement because we're not scanning in the foreground.
09-21 21:37:19.407  1789  6021 I AppScanStats: BLE_SCAN_RESULT_RECEIVED[1]reportBleScanResults=0
09-21 21:37:19.409  1789  6021 I AppScanStats: BLE_SCAN_STATE_CHANGED[1]reportBleScanStopped=false
09-21 21:37:19.411  1789  2253 I bt_stack: [INFO:le_scanning_manager.cc(206)] ScanFilterParamSetup in shim layer
09-21 21:37:19.411  1789  6021 I bt_btif : get_profile_interface: get_profile_interface: id = activity_attribution
09-21 21:37:19.411  1789  2253 I bt_stack: [INFO:le_scanning_manager.cc(206)] ScanFilterParamSetup in shim layer
09-21 21:37:19.411  1789  6021 E bt_stack: [ERROR:com_android_bluetooth_btservice_ActivityAttribution.cpp(172)] Failed to get ActivityAttribution Interface
09-21 21:37:19.411  1789  2253 I bt_stack: [INFO:le_scanning_manager.cc(206)] ScanFilterParamSetup in shim layer
09-21 21:37:19.416  1789  6021 I AppScanStats: BLE_SCAN_RESULT_RECEIVED[2]reportBleScanResults=25
09-21 21:37:19.417  1789  6021 I AppScanStats: BLE_SCAN_STATE_CHANGED[2]reportBleScanStopped=false
09-21 21:37:19.418  1789  2253 I bt_stack: [INFO:le_scanning_manager.cc(170)] Scan in shim layer stopped
09-21 21:37:19.418  1789  2253 I bt_stack: [INFO:le_scanning_manager.cc(206)] ScanFilterParamSetup in shim layer
09-21 21:37:19.418  1789  2194 I bluetooth: unregister_client: Client unregistered
09-21 21:37:19.418  1789  2194 I bluetooth: unregister_client: Cancelled address rotation alarm
09-21 21:37:19.419  1789  6021 I bt_btif : get_profile_interface: get_profile_interface: id = activity_attribution
09-21 21:37:19.419  1789  6021 E bt_stack: [ERROR:com_android_bluetooth_btservice_ActivityAttribution.cpp(172)] Failed to get ActivityAttribution Interface
09-21 21:37:19.419  1789  2253 I bt_stack: [INFO:le_scanning_manager.cc(206)] ScanFilterParamSetup in shim layer
09-21 21:37:19.420   693   693 D mtk.hal.bt@1.1-impl: BtHostDebugInfo
09-21 21:37:19.420   693   693 D [BT]    : mtk_bt_op: BT_VND_OP_SET_BTHOST
09-21 21:37:19.422  1789  2630 I bt_stack: [INFO:le_scanning_manager.cc(164)] Unregister in shim layer, scanner_id:1
09-21 21:37:19.423  2131 13660 I NearbySharing: Stopping advertising because no high power receive surface is registered and device is visible to HIDDEN.
09-21 21:37:19.423  2131 13660 I NearbySharing: Stopping FastInitiation scanning because the screen is locked.
09-21 21:37:19.427  2131 13660 I NearbySharing: Fast Initiation Scanning has stopped
09-21 21:37:19.429  1789  2630 I bt_stack: [INFO:le_scanning_manager.cc(164)] Unregister in shim layer, scanner_id:2
09-21 21:37:19.430  2131 12975 I NearbyMediums: Stopped BLE scanning, service-id=NearbySharing
09-21 21:37:19.431  2131 12975 I NearbyMediums: Can't stop WiFi Aware subscribing because it was never started.
09-21 21:37:19.432  2131 12975 I NearbyMediums: NFC discovery successfully stopped.
09-21 21:37:19.433  2131 13660 I NearbySharing: Dismissing HUN as there's no device nearby.
09-21 21:37:19.435  2131 12975 I NearbyConnections: No longer listening to visibility changes for client 50336379
09-21 21:37:19.459  2131 12975 I Nearby  : (REDACTED) Successfully shutdown executor %s.
09-21 21:37:19.606   715   715 D SurfaceFlinger: Finished setting power mode 0 on display 0
09-21 21:37:19.607   710   739 I mtkpower@impl: [setMode] type:9, enabled:1
09-21 21:37:19.607   710   739 E mtkpower@impl: [setMode] unknown type
09-21 21:37:19.607  1362  1398 I DisplayDeviceRepository: Display device changed state: "Schermo incorporato", OFF
09-21 21:37:19.612  1362  1398 D DisplayManagerService: Ignore redundant display event 0/2 to 10042/4108
09-21 21:37:19.612  1362  1398 D DisplayManagerService: Ignore redundant display event 0/2 to 10087/4698
09-21 21:37:19.612  1362  1398 D DisplayManagerService: Ignore redundant display event 0/2 to 10095/5805
09-21 21:37:19.612  1362  1398 D DisplayManagerService: Ignore redundant display event 0/2 to 10099/7352
09-21 21:37:19.613  1362  1398 D DisplayManagerService: Ignore redundant display event 0/2 to 10114/11831
09-21 21:37:19.613  1362  1398 D DisplayManagerService: Ignore redundant display event 0/2 to 10198/13083
09-21 21:37:19.613  1362  1436 W DreamManagerService: Dream ComponentInfo{com.android.dreams.alwaysondisplay/com.android.dreams.alwaysondisplay.AlwaysOnDisplay} does not exist
09-21 21:37:19.613  1362  1436 I PowerGroup: Sleeping power group (groupId=0, uid=1000, reason=timeout)...
09-21 21:37:19.613  1362  1436 I PowerManagerService: Sleeping (uid 1000)...
09-21 21:37:19.619   710   739 I mtkpower@impl: [setMode] type:7, enabled:0
09-21 21:37:19.620   710   795 I libPowerHal: [perfUserScnDisableAll] 
09-21 21:37:19.621   704   704 I Situation: batch: handle:22, flag:0,samplingPeriodNs:1000000 maxBatchReportLatencyNs:0
09-21 21:37:19.624   715   715 I BufferQueueDebug: [MirrorRoot#17930](this:0xb400007deee55288,id:-1,api:0,p:-1,c:715) onDestructor()
09-21 21:37:19.624   715   715 I BufferQueueDebug: [Display 0 name="Schermo incorporato"#3 (Mirror)#17931](this:0xb400007deed99368,id:-1,api:0,p:-1,c:715) onDestructor()
09-21 21:37:19.624   715   715 I BufferQueueDebug: [WindowedMagnification:0:31#4 (Mirror)#17932](this:0xb400007deee46eb8,id:-1,api:0,p:-1,c:715) onDestructor()
09-21 21:37:19.624   715   715 I BufferQueueDebug: [HideDisplayCutout:0:14#5 (Mirror)#17933](this:0xb400007deede3408,id:-1,api:0,p:-1,c:715) onDestructor()
09-21 21:37:19.624   715   715 I BufferQueueDebug: [OneHanded:0:14#6 (Mirror)#17934](this:0xb400007deed8af98,id:-1,api:0,p:-1,c:715) onDestructor()
09-21 21:37:19.624   710   776 I libPerfCtl: xgfGetFPS pid:1362 fps:51
09-21 21:37:19.624   715   715 I BufferQueueDebug: [FullscreenMagnification:0:12#7 (Mirror)#17935](this:0xb400007deee2a718,id:-1,api:0,p:-1,c:715) onDestructor()
09-21 21:37:19.625   715   715 I BufferQueueDebug: [Leaf:0:1#8 (Mirror)#17936](this:0xb400007deedebcb8,id:-1,api:0,p:-1,c:715) onDestructor()
09-21 21:37:19.625   715   715 I BufferQueueDebug: [WallpaperWindowToken{92a6e7f token=android.os.Binder@96ad39e}#207 (Mirror)#17937](this:0xb400007deee41398,id:-1,api:0,p:-1,c:715) onDestructor()
09-21 21:37:19.625   710   776 I libPerfCtl: xgfGetFPS pid:1618 fps:47
09-21 21:37:19.625   715   715 I BufferQueueDebug: [4ae8f03 com.android.systemui.wallpapers.ImageWallpaper#208 (Mirror)#17938](this:0xb400007deedcc788,id:-1,api:0,p:-1,c:715) onDestructor()
09-21 21:37:19.625   715   715 I BufferQueueDebug: [com.android.systemui.wallpapers.ImageWallpaper#209 (Mirror)#17939](this:0xb400007deedbb628,id:-1,api:0,p:-1,c:715) onDestructor()
09-21 21:37:19.625   715   715 I BufferQueueDebug: [Wallpaper BBQ wrapper#210 (Mirror)#17940](this:0xb400007deefbecf8,id:-1,api:0,p:-1,c:715) onDestructor()
09-21 21:37:19.625   710   739 I mtkpower@impl: [setMode] Disable All
09-21 21:37:19.625   715   715 I BufferQueueDebug: [DefaultTaskDisplayArea#9 (Mirror)#17942](this:0xb400007deedfa088,id:-1,api:0,p:-1,c:715) onDestructor()
09-21 21:37:19.625   715   715 I BufferQueueDebug: [Task=1#46 (Mirror)#17943](this:0xb400007deee13a98,id:-1,api:0,p:-1,c:715) onDestructor()
09-21 21:37:19.625   715   715 I BufferQueueDebug: [Task=27#413 (Mirror)#17944](this:0xb400007deedd5038,id:-1,api:0,p:-1,c:715) onDestructor()
09-21 21:37:19.625   715   715 I BufferQueueDebug: [ActivityRecord{4f099 u0 com.android.launcher3/com.android.searchlauncher.SearchLauncher#414 (Mirror)#17945](this:0xb400007deedc6c68,id:-1,api:0,p:-1,c:715) onDestructor()
09-21 21:37:19.625   715   715 I BufferQueueDebug: [5bfbff0 com.android.launcher3/com.android.searchlauncher.SearchLauncher#415 (Mirror)#17946](this:0xb400007deed90ab8,id:-1,api:0,p:-1,c:715) onDestructor()
09-21 21:37:19.625   715   715 I BufferQueueDebug: [com.android.launcher3/com.android.searchlauncher.SearchLauncher#18103 (Mirror)#18104](this:0xb400007deedeea48,id:-1,api:0,p:-1,c:715) onDestructor()
09-21 21:37:19.625   715   715 I BufferQueueDebug: [cce6ca0 com.android.launcher3/com.android.searchlauncher.SearchLauncher#16109 (Mirror)#17947](this:0xb400007deedc1148,id:-1,api:0,p:-1,c:715) onDestructor()
09-21 21:37:19.625   715   715 I BufferQueueDebug: [com.android.launcher3/com.android.searchlauncher.SearchLauncher#18101 (Mirror)#18102](this:0xb400007deef4ce78,id:-1,api:0,p:-1,c:715) onDestructor()
09-21 21:37:19.625   715   715 I BufferQueueDebug: [ImeContainer#12 (Mirror)#17967](this:0xb400007deee7fdf8,id:-1,api:0,p:-1,c:715) onDestructor()
09-21 21:37:19.626   715   715 I BufferQueueDebug: [WindowToken{2d3794c type=2011 android.os.Binder@a2b457f}#512 (Mirror)#17968](this:0xb400007deeee38a8,id:-1,api:0,p:-1,c:715) onDestructor()
09-21 21:37:19.626   715   715 I BufferQueueDebug: [Surface(name=1dd6874 InputMethod)/@0x9e9b612 - animation-leash of insets_animation#18120 (Mirror)#18121](this:0xb400007deeed8268,id:-1,api:0,p:-1,c:715) onDestructor()
09-21 21:37:19.626   715   715 I BufferQueueDebug: [1dd6874 InputMethod#514 (Mirror)#17970](this:0xb400007deeec9e98,id:-1,api:0,p:-1,c:715) onDestructor()
09-21 21:37:19.626   715   715 I BufferQueueDebug: [Task=110#18067 (Mirror)#18069](this:0xb400007deecff708,id:-1,api:0,p:-1,c:715) onDestructor()
09-21 21:37:19.626   715   715 I BufferQueueDebug: [ActivityRecord{9aeeea3 u0 com.omnilypro.pos/.MainActivityFinal#18068 (Mirror)#18070](this:0xb400007deedc3ed8,id:-1,api:0,p:-1,c:715) onDestructor()
09-21 21:37:19.626   715   715 I BufferQueueDebug: [f8e3ffc com.omnilypro.pos/com.omnilypro.pos.MainActivityFinal#18083 (Mirror)#18084](this:0xb400007deef445c8,id:-1,api:0,p:-1,c:715) onDestructor()
09-21 21:37:19.626   715   715 I BufferQueueDebug: [Task=2#183 (Mirror)#17948](this:0xb400007deee5ada8,id:-1,api:0,p:-1,c:715) onDestructor()
09-21 21:37:19.626   715   715 I BufferQueueDebug: [Task=3#184 (Mirror)#17949](this:0xb400007deeddd8e8,id:-1,api:0,p:-1,c:715) onDestructor()
09-21 21:37:19.626   715   715 I BufferQueueDebug: [Dim layer#193 (Mirror)#17950](this:0xb400007deed9c0f8,id:-1,api:0,p:-1,c:715) onDestructor()
09-21 21:37:19.626   715   715 I BufferQueueDebug: [Task=4#185 (Mirror)#17951](this:0xb400007deedad258,id:-1,api:0,p:-1,c:715) onDestructor()
09-21 21:37:19.626   715   715 I BufferQueueDebug: [Dim layer#195 (Mirror)#17952](this:0xb400007deee30238,id:-1,api:0,p:-1,c:715) onDestructor()
09-21 21:37:19.626   715   715 I BufferQueueDebug: [Leaf:3:12#10 (Mirror)#17971](this:0xb400007deeee6638,id:-1,api:0,p:-1,c:715) onDestructor()
09-21 21:37:19.626   715   715 I BufferQueueDebug: [WindowToken{427de6b type=2038 android.os.BinderProxy@eab2b68}#189 (Mirror)#17972](this:0xb400007deee9c598,id:-1,api:0,p:-1,c:715) onDestructor()
09-21 21:37:19.627   715   715 I BufferQueueDebug: [5a40957 ShellDropTarget#190 (Mirror)#17973](this:0xb400007deee8b438,id:-1,api:0,p:-1,c:715) onDestructor()
09-21 21:37:19.627   715   715 I BufferQueueDebug: [ImePlaceholder:13:14#11 (Mirror)#17974](this:0xb400007deef41838,id:-1,api:0,p:-1,c:715) onDestructor()
09-21 21:37:19.627   715   715 I BufferQueueDebug: [OneHanded:15:15#13 (Mirror)#17975](this:0xb400007deeebe858,id:-1,api:0,p:-1,c:715) onDestructor()
09-21 21:37:19.627   715   715 I BufferQueueDebug: [FullscreenMagnification:15:15#14 (Mirror)#17976](this:0xb400007deeea7bd8,id:-1,api:0,p:-1,c:715) onDestructor()
09-21 21:37:19.627   715   715 I BufferQueueDebug: [Leaf:15:15#15 (Mirror)#17977](this:0xb400007deef00048,id:-1,api:0,p:-1,c:715) onDestructor()
09-21 21:37:19.627   715   715 I BufferQueueDebug: [WindowToken{4ce1482 type=2000 android.os.BinderProxy@fa8a564}#394 (Mirror)#17978](this:0xb400007deef3eaa8,id:-1,api:0,p:-1,c:715) onDestructor()
09-21 21:37:19.627   715   715 I BufferQueueDebug: [Surface(name=7421fc9 StatusBar)/@0xafd0c15 - animation-leash of insets_animation#18106 (Mirror)#18107](this:0xb400007deede6198,id:-1,api:0,p:-1,c:715) onDestructor()
09-21 21:37:19.627   715   715 I BufferQueueDebug: [7421fc9 StatusBar#395 (Mirror)#17980](this:0xb400007deeefd2b8,id:-1,api:0,p:-1,c:715) onDestructor()
09-21 21:37:19.628   715   715 I BufferQueueDebug: [StatusBar#408 (Mirror)#17981](this:0xb400007deeefa528,id:-1,api:0,p:-1,c:715) onDestructor()
09-21 21:37:19.628   715   715 I BufferQueueDebug: [HideDisplayCutout:16:16#16 (Mirror)#17982](this:0xb400007deeebbac8,id:-1,api:0,p:-1,c:715) onDestructor()
09-21 21:37:19.628   715   715 I BufferQueueDebug: [OneHanded:16:16#17 (Mirror)#17983](this:0xb400007deeeec158,id:-1,api:0,p:-1,c:715) onDestructor()
09-21 21:37:19.628   715   715 I BufferQueueDebug: [FullscreenMagnification:16:16#18 (Mirror)#17984](this:0xb400007deeeb8d38,id:-1,api:0,p:-1,c:715) onDestructor()
09-21 21:37:19.628   715   715 I BufferQueueDebug: [Leaf:16:16#19 (Mirror)#17985](this:0xb400007deef3bd18,id:-1,api:0,p:-1,c:715) onDestructor()
09-21 21:37:19.628   715   715 I BufferQueueDebug: [OneHanded:17:17#20 (Mirror)#17986](this:0xb400007deef1c7e8,id:-1,api:0,p:-1,c:715) onDestructor()
09-21 21:37:19.628   715   715 I BufferQueueDebug: [FullscreenMagnification:17:17#21 (Mirror)#17987](this:0xb400007deef0b688,id:-1,api:0,p:-1,c:715) onDestructor()
09-21 21:37:19.629   715   715 I BufferQueueDebug: [Leaf:17:17#22 (Mirror)#17988](this:0xb400007deee85918,id:-1,api:0,p:-1,c:715) onDestructor()
09-21 21:37:19.629   715   715 I BufferQueueDebug: [WindowToken{67b62a0 type=2040 android.os.BinderProxy@6af52d2}#390 (Mirror)#17989](this:0xb400007deef2d948,id:-1,api:0,p:-1,c:715) onDestructor()
09-21 21:37:19.629   715   715 I BufferQueueDebug: [255ee59 NotificationShade#391 (Mirror)#17990](this:0xb400007deef66888,id:-1,api:0,p:-1,c:715) onDestructor()
09-21 21:37:19.629   715   715 I BufferQueueDebug: [HideDisplayCutout:18:23#23 (Mirror)#17992](this:0xb400007deeef1c78,id:-1,api:0,p:-1,c:715) onDestructor()
09-21 21:37:19.629   715   715 I BufferQueueDebug: [OneHanded:18:23#24 (Mirror)#17993](this:0xb400007deef5dfd8,id:-1,api:0,p:-1,c:715) onDestructor()
09-21 21:37:19.629   715   715 I BufferQueueDebug: [FullscreenMagnification:18:23#25 (Mirror)#17994](this:0xb400007deeef4a08,id:-1,api:0,p:-1,c:715) onDestructor()
09-21 21:37:19.629   715   715 I BufferQueueDebug: [Leaf:18:23#26 (Mirror)#17995](this:0xb400007deef19a58,id:-1,api:0,p:-1,c:715) onDestructor()
09-21 21:37:19.629   715   715 I BufferQueueDebug: [Leaf:24:25#27 (Mirror)#17996](this:0xb400007deef02dd8,id:-1,api:0,p:-1,c:715) onDestructor()
09-21 21:37:19.629   715   715 I BufferQueueDebug: [WindowToken{4bf9780 type=2019 android.os.BinderProxy@fc684b2}#384 (Mirror)#17997](this:0xb400007deef779e8,id:-1,api:0,p:-1,c:715) onDestructor()
09-21 21:37:19.629   715   715 I BufferQueueDebug: [Surface(name=2bcb1b9 NavigationBar0)/@0xd91b1cc - animation-leash of insets_animation#18105 (Mirror)#18108](this:0xb400007deee5db38,id:-1,api:0,p:-1,c:715) onDestructor()
09-21 21:37:19.629   715   715 I BufferQueueDebug: [2bcb1b9 NavigationBar0#385 (Mirror)#17999](this:0xb400007deee82b88,id:-1,api:0,p:-1,c:715) onDestructor()
09-21 21:37:19.629   715   715 I BufferQueueDebug: [NavigationBar0#400 (Mirror)#18000](this:0xb400007deef13f38,id:-1,api:0,p:-1,c:715) onDestructor()
09-21 21:37:19.629   715   715 I BufferQueueDebug: [HideDisplayCutout:26:31#28 (Mirror)#18001](this:0xb400007deeec4378,id:-1,api:0,p:-1,c:715) onDestructor()
09-21 21:37:19.629   715   715 I BufferQueueDebug: [OneHanded:26:31#29 (Mirror)#18002](this:0xb400007deef60d68,id:-1,api:0,p:-1,c:715) onDestructor()
09-21 21:37:19.630   715   715 I BufferQueueDebug: [FullscreenMagnification:26:27#30 (Mirror)#18003](this:0xb400007deee8e1c8,id:-1,api:0,p:-1,c:715) onDestructor()
09-21 21:37:19.630   715   715 I BufferQueueDebug: [Leaf:26:27#31 (Mirror)#18004](this:0xb400007deeeaa968,id:-1,api:0,p:-1,c:715) onDestructor()
09-21 21:37:19.630   715   715 I BufferQueueDebug: [Leaf:28:28#32 (Mirror)#18005](this:0xb400007deef71ec8,id:-1,api:0,p:-1,c:715) onDestructor()
09-21 21:37:19.630   715   715 I BufferQueueDebug: [FullscreenMagnification:29:31#33 (Mirror)#18006](this:0xb400007deeed2748,id:-1,api:0,p:-1,c:715) onDestructor()
09-21 21:37:19.630   715   715 I BufferQueueDebug: [Leaf:29:31#34 (Mirror)#18007](this:0xb400007deef111a8,id:-1,api:0,p:-1,c:715) onDestructor()
09-21 21:37:19.630   715   715 I BufferQueueDebug: [HideDisplayCutout:32:35#35 (Mirror)#18008](this:0xb400007deef05b68,id:-1,api:0,p:-1,c:715) onDestructor()
09-21 21:37:19.630   715   715 I BufferQueueDebug: [OneHanded:32:32#36 (Mirror)#18009](this:0xb400007deef5b248,id:-1,api:0,p:-1,c:715) onDestructor()
09-21 21:37:19.630   715   715 I BufferQueueDebug: [Leaf:32:32#37 (Mirror)#18010](this:0xb400007deeedaff8,id:-1,api:0,p:-1,c:715) onDestructor()
09-21 21:37:19.630   715   715 I BufferQueueDebug: [FullscreenMagnification:33:33#38 (Mirror)#18011](this:0xb400007deef16cc8,id:-1,api:0,p:-1,c:715) onDestructor()
09-21 21:37:19.630   715   715 I BufferQueueDebug: [Leaf:33:33#39 (Mirror)#18012](this:0xb400007deef584b8,id:-1,api:0,p:-1,c:715) onDestructor()
09-21 21:37:19.630   715   715 I BufferQueueDebug: [OneHanded:34:35#40 (Mirror)#18013](this:0xb400007deef306d8,id:-1,api:0,p:-1,c:715) onDestructor()
09-21 21:37:19.630   715   715 I BufferQueueDebug: [FullscreenMagnification:34:35#41 (Mirror)#18014](this:0xb400007deeec7108,id:-1,api:0,p:-1,c:715) onDestructor()
09-21 21:37:19.630   715   715 I BufferQueueDebug: [Leaf:34:35#42 (Mirror)#18015](this:0xb400007deef088f8,id:-1,api:0,p:-1,c:715) onDestructor()
09-21 21:37:19.630   715   715 I BufferQueueDebug: [Leaf:36:36#43 (Mirror)#18016](this:0xb400007deee99808,id:-1,api:0,p:-1,c:715) onDestructor()
09-21 21:37:19.631   715   715 I BufferQueueDebug: [Accessibility Overlays#45 (Mirror)#18017](this:0xb400007deee96a78,id:-1,api:0,p:-1,c:715) onDestructor()
09-21 21:37:19.631   715   715 I BufferQueueDebug: [Display Overlays#44 (Mirror)#18018](this:0xb400007deef7a778,id:-1,api:0,p:-1,c:715) onDestructor()
09-21 21:37:19.631   715   715 I BufferQueueDebug: [com.android.launcher3/com.android.searchlauncher.SearchLauncher#18101](this:0xb400007deef0e418,id:-1,api:0,p:-1,c:715) onDestructor()
09-21 21:37:19.631   715   715 I BufferQueueDebug: [com.android.launcher3/com.android.searchlauncher.SearchLauncher#18103](this:0xb400007deefa2558,id:-1,api:0,p:-1,c:715) onDestructor()
09-21 21:37:19.643   704   704 I Situation: enable: handle:22, en:1 
09-21 21:37:19.650  1618  1618 D StatusBarKeyguardViewManager: prevented unregistering back callback twice
09-21 21:37:19.665  2627  2627 D NfcService: BroadcastReceiver - SCREEN_STATE_OFF_UNLOCKED
09-21 21:37:19.669  1362  1362 D AudioSystem: +setParameters(): screen_state=off 
09-21 21:37:19.669  2627  2627 I libnfc_nci: [INFO:StNativeNfcManager.cpp(3183)] stNfcManager_doSetScreenState; state = 1 prevScreenState= 8, discovry_param = 1
09-21 21:37:19.669  2627  2627 I libnfc_nci: [INFO:nfa_dm_api.cc(245)] NFA_SetConfig; param_id:0x2
09-21 21:37:19.669  2627 11364 I libnfc_nci: [INFO:nfa_sys_main.cc(76)] nfa_sys_event; NFA got event 0x0102
09-21 21:37:19.669  2627 11364 I libnfc_nci: [INFO:nfa_dm_main.cc(124)] nfa_dm_evt_hdlr; event: NFA_DM_API_SET_CONFIG_EVT (0x02)
09-21 21:37:19.669  2627 11364 I libnfc_nci: [INFO:nfa_dm_act.cc(617)] nfa_dm_set_config; p_data->setconfig.param_id: 0x02
09-21 21:37:19.669  2627 11364 I libnfc_nci: [INFO:nfa_dm_main.cc(253)] nfa_dm_check_set_config; type:0x2
09-21 21:37:19.669  2627 11364 I libnfc_nci: [INFO:NfcAdaptation.cc(962)] NfcAdaptation::HalWrite
09-21 21:37:19.670   703   703 D StNfcHal: HAL st21nfc: StNfc_hal_write
09-21 21:37:19.670   703 11366 D StNfcHal: (#022DE) Tx 20 02 04 01 02 01 00 
09-21 21:37:19.670   692   847 D AudioALSAHardware: +setParameters(): screen_state=off
09-21 21:37:19.670   692   847 D AudioALSAStreamOut: +setScreenState(), flag 2, mode 0
09-21 21:37:19.670   692   847 D AudioALSAStreamOut: +setScreenState(), flag 8, mode 0
09-21 21:37:19.670   692   847 D AudioALSAStreamOut: +setScreenState(), flag 4, mode 0
09-21 21:37:19.670   692   847 D AudioALSAStreamOut: +setScreenState(), flag 65536, mode 0
09-21 21:37:19.670   692   847 D AudioALSAHardware: -setParameters(): screen_state=off
09-21 21:37:19.671  1618  1618 D CentralSurfaces: updateQsExpansionEnabled - QS Expand enabled: true
09-21 21:37:19.673   949   949 V thermal_src: TA_DAEMON_CMD_SET_TTJ cmd=0x4, len=4 Tj=74140
09-21 21:37:19.676   703 11367 D StNfcHal: (#022DF) Rx 40 02 02 00 00 
09-21 21:37:19.677  2627 11364 I libnfc_nci: [INFO:nfc_ncif.cc(582)] nfc_ncif_process_event; NFC received rsp gid:0
09-21 21:37:19.677  2627 11364 I libnfc_nci: [INFO:nci_hrcv.cc(68)] nci_proc_core_rsp; opcode:0x2
09-21 21:37:19.677  2627 11364 I libnfc_nci: [INFO:nfa_dm_act.cc(296)] nfa_dm_nfc_response_cback; NFC_SET_CONFIG_REVT(0x5002)
09-21 21:37:19.677  2627 11364 I libnfc_nci: [INFO:StNativeNfcManager.cpp(1495)] nfaDeviceManagementCallback; NFA_DM_SET_CONFIG_EVT
09-21 21:37:19.677  2627 11364 I libnfc_nci: [INFO:NfcStExtensions.cpp(2332)] NfcStExtensions::notifyNciConfigCompletion; isGet = 0, length = 0x00
09-21 21:37:19.677  2627  2627 I libnfc_nci: [INFO:nfa_dm_api.cc(187)] NFA_SetPowerSubStateForScreenState: state:0x1
09-21 21:37:19.677  2627 11364 I libnfc_nci: [INFO:nfa_sys_main.cc(76)] nfa_sys_event; NFA got event 0x011A
09-21 21:37:19.677  2627 11364 I libnfc_nci: [INFO:nfa_dm_main.cc(124)] nfa_dm_evt_hdlr; event: NFA_DM_API_SET_POWER_SUB_STATE_EVT (0x1a)
09-21 21:37:19.677  2627 11364 I libnfc_nci: [INFO:nfa_dm_act.cc(696)] nfa_dm_set_power_sub_state
09-21 21:37:19.677   703 11367 D StNfcHal: (#022E0) Rx 6f 02 0a (hidden)
09-21 21:37:19.677  2627 11364 I libnfc_nci: [INFO:NfcAdaptation.cc(962)] NfcAdaptation::HalWrite
09-21 21:37:19.678   703   703 D StNfcHal: HAL st21nfc: StNfc_hal_write
09-21 21:37:19.678   703 11366 D StNfcHal: (#022E1) Tx 20 09 01 01 
09-21 21:37:19.678  2627 11364 I libnfc_nci: [INFO:nfc_ncif.cc(628)] nfc_ncif_process_event; NFC received ntf gid:15
09-21 21:37:19.678  2627 11364 I libnfc_nci: [INFO:StFwNtfManager.cpp(1446)] StFwNtfManager::handleVsLogData; data_len: 0x000D 
09-21 21:37:19.678  1362  1362 D MBrainLocalService: isVendorFreezeConditionPass is false
09-21 21:37:19.678  1362  1362 E ScreenIntentReceiver: notifyChange failed
09-21 21:37:19.681   703 11367 D StNfcHal: (#022E2) Rx 40 09 01 00 
09-21 21:37:19.683  2627 11364 I libnfc_nci: [INFO:nfc_ncif.cc(582)] nfc_ncif_process_event; NFC received rsp gid:0
09-21 21:37:19.683  2627 11364 I libnfc_nci: [INFO:nci_hrcv.cc(68)] nci_proc_core_rsp; opcode:0x9
09-21 21:37:19.683  2627 11364 I libnfc_nci: [INFO:nfa_dm_act.cc(296)] nfa_dm_nfc_response_cback; unknown revt(0x5013)
09-21 21:37:19.683  2627 11364 I libnfc_nci: [INFO:StNativeNfcManager.cpp(1639)] nfaDeviceManagementCallback; NFA_DM_SET_POWER_SUB_STATE_EVT; status=0x0
09-21 21:37:19.683  2627  2627 I libnfc_nci: [INFO:StNativeNfcTag.cpp(1301)] nativeNfcTag_doDisconnect; enter
09-21 21:37:19.683  2627  2627 I libnfc_nci: [INFO:StNfcTag.cpp(1314)] NfcTag::resetTechnologies
09-21 21:37:19.683  2627  2627 W libnfc_nci: [WARNING:StNativeNfcTag.cpp(1319)] nativeNfcTag_doDisconnect; tag already deactivated
09-21 21:37:19.683  2627  2627 I libnfc_nci: [INFO:StNativeNfcTag.cpp(193)] nativeNfcTag_abortWaits
09-21 21:37:19.683  2627  2627 I libnfc_nci: [INFO:StNativeNfcTag.cpp(1345)] nativeNfcTag_doDisconnect; exit
09-21 21:37:19.686   704   704 I Accelerometer: enable: handle:0, en:0
09-21 21:37:19.689   704   759 I Accelerometer: flush complete, flushCnt:1
09-21 21:37:19.689   704   759 I Accelerometer: flush complete, flushCnt:0
09-21 21:37:19.690  1362  1362 I PowerManagerService: onFlip(): Face up.
09-21 21:37:19.697  1618  1618 I vol.VolumeDialogImpl: mDialog.dismiss() reason: screen_off from: com.android.systemui.volume.VolumeDialogImpl$7.onScreenOff:4
09-21 21:37:19.712  2610  3233 I aevi    : (REDACTED) stopListening(%s, %s)
09-21 21:37:19.717  2610  3223 I zic     : Disconnecting from SysUi, flag disabled [IVR-C]
09-21 21:37:19.718  2610  3223 I zic     : Disconnecting from SysUi, eligibilityNotifier absent [IVR-C]
09-21 21:37:19.719  2610  3223 I zic     : Disconnecting from SysUi, VM not enabled [IVR-C]
09-21 21:37:19.721  2610  3223 I zic     : Disconnecting from SysUi, LSPR/AOL not enabled and screen is locked [IVR-C]
09-21 21:37:19.722  2610  3223 I zhz     : No binding to unbind [IVR-C]
09-21 21:37:19.724  2610  3223 I zhz     : Disconnected from SysUi [IVR-C]
09-21 21:37:19.728  4836 13814 I DeviceStatusMonitor: DeviceStatusMonitor.handleBroadcast():123 onReceive() : Action = android.intent.action.SCREEN_OFF
09-21 21:37:19.729  4836 13814 I DeviceStatusMonitor: DeviceStatusMonitor.updateCountryInfo():139 updateCountryInfo(), notifyAnyway = false
09-21 21:37:19.729  4836  4836 I InputBundle: InputBundle.consumeEvent():1007 Skip consuming an event as imeStatus is INACTIVE
09-21 21:37:19.730  4836  4836 I Module  : DeviceLockedStatusModuleProvider$Module.updateDeviceLockedStatus():100 repeatCheckTimes = 0, locked = false
09-21 21:37:19.736  2131  2869 I ActivityScheduler: nextTriggerTime: 99258074, in 230591ms, detectorType: 39, FULL_TYPE alarmWindowMillis: 30000
09-21 21:37:19.736  2610  2954 I aigw    : Ignoring as prefetch was recently called
09-21 21:37:19.744  2131  3037 I NearbyDiscovery: (REDACTED) FastPairHandler: Received action %s
09-21 21:37:19.746  2131  3037 I NearbyDiscovery: (REDACTED) OffloadFastPairScanner: eventType=%s, isInternalReq=%s, isOffloadScanning=%s, isOffloadScanningAllowed=%s
09-21 21:37:19.751  2610  3223 I aevi    : (REDACTED) stopListening(%s, %s)
09-21 21:37:19.753  2131 13703 W AOSP-MdnsDiscoveryManag: Error while decoding multicast packet (12381): 1 [CONTEXT service_id=168 ]
09-21 21:37:19.753  2610  3233 I aigw    : Ignoring as prefetch was recently called
09-21 21:37:19.754  2131  3037 I NearbyDiscovery: (REDACTED) FastPairScanner: isScreenOn=%s, isLocationEnabled=%s, disableLocationRequirement=%s, isDiscoveryScanningEnabled=%s, during24GhzWifiWarmingUpPeriod=%s
09-21 21:37:19.759  2131  3037 D BluetoothAdapter: isLeEnabled(): ON
09-21 21:37:19.760  2131  3037 I NearbyDiscovery: (REDACTED) FastPairScanner: eventType=%s, intReq=%s, scanning=%s, scanAllowed=%s, bleEnabled=%s, lockScanRate=%s, startScanningByLowPowerMode=%s
09-21 21:37:19.762  1582  1582 I WifiHAL : Get link layer stats
09-21 21:37:19.762  1582  1582 I WifiHAL : GetLinkStatsCommand::create
09-21 21:37:19.762  1582  1582 D android.hardware.wifi@1.0-service-lazy: WifiRequest::create vendor command to iface 31, vendor_id=0x1a11, subcmd=0x1200, res=0
09-21 21:37:19.762  1582  1582 I WifiHAL : GetLinkStatsCommand::handleResponse
09-21 21:37:19.762  1582  1582 E WifiHAL : handleResponse: data=0xb4000075c6e306b0, len=392
09-21 21:37:19.762  1582  1582 I WifiHAL : check_data_sanity: confirmed_size=380, len=392
09-21 21:37:19.762  1582  1582 I WifiHAL : handleResponse: iface_stat_ptr=0xb4000075c6e306b0, num_radios=0, radio_stats_ptr=0xb4000075c6e3082c
09-21 21:37:19.762  1582  1582 E android.hardware.wifi@1.0-service-lazy: Invalid radio stats in link layer stats
09-21 21:37:19.762  1582  1582 I android.hardware.wifi@1.0-service-lazy: WifiCommand::requestResponse err=-1
09-21 21:37:19.762  1582  1582 I WifiHAL : wifi_get_link_stats: result=-1
09-21 21:37:19.766  1362  1518 E WifiStaIfaceHidlImpl: getLinkLayerStatsV1_5 failed with status: {.code = ERROR_UNKNOWN, .description = unknown}
09-21 21:37:19.767  1362  1396 D MMI     : PhoneWindowManager handleMessage MSG_HDMI_SET_BACK_BRIGHTNESS
09-21 21:37:19.767  1362  1396 D MMI     : PhoneWindowManager setBackScreenBrightness currentBrightness = 103
09-21 21:37:19.768  2131  3037 I NearbyDiscovery: FastPairController: onSystemStateChanged: skip due to flag disabled [CONTEXT service_id=265 ]
09-21 21:37:19.768  1362  1396 V SettingsProvider: name : screen_brightness appId : 1000
09-21 21:37:19.770 12258 13817 I DeviceStatusMonitor: DeviceStatusMonitor.handleBroadcast():123 onReceive() : Action = android.intent.action.SCREEN_OFF
09-21 21:37:19.770 12258 13817 I DeviceStatusMonitor: DeviceStatusMonitor.updateCountryInfo():139 updateCountryInfo(), notifyAnyway = false
09-21 21:37:19.779  1362  1362 I BrightnessSynchronizer: [775] New Update 103(i) set brightness values: 0.4015748(f) 
09-21 21:37:19.786  1362  1362 I BrightnessSynchronizer: Swallowing update of 0.4015748(f) by update: {[775] 103(i), mUpdatedTypes=2, mConfirmedTypes=2, mTimeUpdated=99027527}
09-21 21:37:19.786  1362  1398 D DisplayManagerService: Ignore redundant display event 0/4 to 10042/4108
09-21 21:37:19.786  1362  1421 E system_server: updateValue is called with a value {0, 0, 0, 0, 0, 0, 0, 0, 0, 0, 0, 0, 0, 0, 0, 0, 0, 0, 0, 0, 0, 0, 0, 0, 0, 0, 0, 0, 0, 0, 0, 0}, which is lower than the previous value {0, 0, 0, 0, 0, 0, 0, 0, 0, 0, 0, 0, 0, 0, 0, 658, 0, 0, 0, 0, 0, 0, 0, 0, 0, 0, 0, 0, 0, 0, 0, 24}
09-21 21:37:19.786  1362  1398 D DisplayManagerService: Ignore redundant display event 0/4 to 10087/4698
09-21 21:37:19.786  1362  1398 D DisplayManagerService: Ignore redundant display event 0/4 to 10095/5805
09-21 21:37:19.786  1362  1398 D DisplayManagerService: Ignore redundant display event 0/4 to 10198/13083
09-21 21:37:19.786  1362  1362 I BrightnessSynchronizer: Completed Update: {[775] 103(i), mUpdatedTypes=2, mConfirmedTypes=2, mTimeUpdated=99027527}
09-21 21:37:19.793  1582  1582 I WifiHAL : Get link layer stats
09-21 21:37:19.793  1582  1582 I WifiHAL : GetLinkStatsCommand::create
09-21 21:37:19.793  1582  1582 D android.hardware.wifi@1.0-service-lazy: WifiRequest::create vendor command to iface 31, vendor_id=0x1a11, subcmd=0x1200, res=0
09-21 21:37:19.793  1582  1582 I WifiHAL : GetLinkStatsCommand::handleResponse
09-21 21:37:19.793  1582  1582 E WifiHAL : handleResponse: data=0xb4000075c6e306b0, len=392
09-21 21:37:19.796  1582  1582 I WifiHAL : check_data_sanity: confirmed_size=380, len=392
09-21 21:37:19.796  1582  1582 I WifiHAL : handleResponse: iface_stat_ptr=0xb4000075c6e306b0, num_radios=0, radio_stats_ptr=0xb4000075c6e3082c
09-21 21:37:19.796  1582  1582 E android.hardware.wifi@1.0-service-lazy: Invalid radio stats in link layer stats
09-21 21:37:19.799  1582  1582 I android.hardware.wifi@1.0-service-lazy: WifiCommand::requestResponse err=-1
09-21 21:37:19.799  1582  1582 I WifiHAL : wifi_get_link_stats: result=-1
09-21 21:37:19.800  1362  1518 E WifiStaIfaceHidlImpl: getLinkLayerStatsV1_5 failed with status: {.code = ERROR_UNKNOWN, .description = unknown}
09-21 21:37:19.807  1601  1601 I wpa_supplicant: wpa_driver_nl80211_driver_cmd: wlan0 recv cmd SETSUSPENDMODE 1
09-21 21:37:19.812  1601  1601 I wpa_supplicant: wpa_driver_nl80211_driver_cmd: ret = 0 used = 2 total = 512 buf = 
09-21 21:37:19.838  2131  2131 I BatchScanningManager: (REDACTED) Starting batch scanner in %d seconds.
09-21 21:37:19.839  2131 13799 I AOSP-MdnsDiscoveryManag: (REDACTED) %s
09-21 21:37:19.844  2131  2131 I RCNService: updateRcnState to isNetworkAvailable: true, isRcnSettingsEnabled: true, isScreenOn: false
09-21 21:37:19.846  2131  3870 I AOSP-MdnsDiscoveryManag: (REDACTED) %s
09-21 21:37:19.846  2131  3870 I AOSP-MdnsDiscoveryManag: (REDACTED) %s
09-21 21:37:19.846  2131  3870 I AOSP-MdnsDiscoveryManag: (REDACTED) %s
09-21 21:37:19.847  1362  2760 I WifiService: releaseMulticastLock uid=10100
09-21 21:37:19.848  2131  3870 I AOSP-MdnsDiscoveryManag: (REDACTED) %s
09-21 21:37:19.848  1746  2034 D IpClient.wlan0: set max DTIM multiplier to 9
09-21 21:37:19.849  2131  3870 I AOSP-MdnsDiscoveryManag: (REDACTED) %s
09-21 21:37:19.850  2131 13702 I AOSP-MdnsDiscoveryManag: (REDACTED) %s
09-21 21:37:19.851  2131 13703 I AOSP-MdnsDiscoveryManag: (REDACTED) %s
09-21 21:37:19.854  2131  2131 W ChimeraUtils: Module com.google.android.gms.cast missing resource cast_module_display_name(0)
09-21 21:37:19.856  2131  2131 W DiscoveryManager: BroadcastReceiver is already registered
09-21 21:37:19.857  1601  1601 I wpa_supplicant: wpa_driver_nl80211_driver_cmd: wlan0 recv cmd RXFILTER-STOP
09-21 21:37:19.863  1601  1601 I wpa_supplicant: wpa_driver_nl80211_driver_cmd: wlan0 recv cmd RXFILTER-REMOVE 2
09-21 21:37:19.864  1601  1601 I wpa_supplicant: wpa_driver_nl80211_driver_cmd: wlan0 recv cmd RXFILTER-START
09-21 21:37:19.865  1362  1518 D WifiStaIfaceHidlImpl: setDtimMultiplier is not implemented by HIDL
09-21 21:37:19.866  2131 13799 I DiscoveryManager: Filter criteria(674A0243,8E6C866D) scannerFlags(0)
09-21 21:37:19.875  2131 13167 I NetworkScheduler: (REDACTED) Error inserting %s
09-21 21:37:19.894  2131 13660 I NearbySharing: Stopping scanning because the screen is locked.
09-21 21:37:19.900  2131 13660 I NearbySharing: Stopping Fast Init advertisement because we're not scanning in the foreground.
09-21 21:37:19.905  2131 13660 I NearbySharing: Stopping advertising because no high power receive surface is registered and device is visible to HIDDEN.
09-21 21:37:19.907  2131 13660 I NearbySharing: Stopping FastInitiation scanning because the screen is locked.
09-21 21:37:19.911  2131 13660 I NearbySharing: Fast Initiation Scanning has stopped
09-21 21:37:19.912  2131 13660 I NearbySharing: Dismissing HUN as there's no device nearby.
09-21 21:37:20.626   710   776 I libPerfCtl: xgfGetFPS pid:1362 fps:-1
09-21 21:37:20.626   710   776 I libPerfCtl: xgfGetFPS pid:1618 fps:-1
09-21 21:37:20.662   710   795 I libPowerHal: perfUserScnCheckAll
09-21 21:37:20.662   710   795 I libPowerHal: perfScnDumpAll cmd:0
09-21 21:37:20.662   710   795 I libPowerHal: ========================
09-21 21:37:20.662   710   795 I libPowerHal: ========================
09-21 21:37:20.696   949   949 V thermal_src: TA_DAEMON_CMD_SET_TTJ cmd=0x4, len=4 Tj=74140
09-21 21:37:20.734   946   946 I thermal_repeater: [recvMdThermalInfo] ret=33, strLen=127,  2, 32767, -127, 111, 32767, 4046
09-21 21:37:21.626   710   776 I libPerfCtl: xgfGetFPS pid:1362 fps:-1
09-21 21:37:21.626   710   776 I libPerfCtl: xgfGetFPS pid:1618 fps:-1
09-21 21:37:21.721   949   949 V thermal_src: TA_DAEMON_CMD_SET_TTJ cmd=0x4, len=4 Tj=74140
09-21 21:37:22.626   710   776 I libPerfCtl: xgfGetFPS pid:1362 fps:-1
09-21 21:37:22.626   710   776 I libPerfCtl: xgfGetFPS pid:1618 fps:-1
09-21 21:37:22.745   949   949 V thermal_src: TA_DAEMON_CMD_SET_TTJ cmd=0x4, len=4 Tj=74140
09-21 21:37:23.627   710   776 I libPerfCtl: xgfGetFPS pid:1362 fps:-1
09-21 21:37:23.627   710   776 I libPerfCtl: xgfGetFPS pid:1618 fps:-1
09-21 21:37:23.769   949   949 V thermal_src: TA_DAEMON_CMD_SET_TTJ cmd=0x4, len=4 Tj=74140
09-21 21:37:23.969  1618  1618 D KeyguardSecurityModel: isPinPukOrMeRequiredOfSubId() - phoneId = 0, simState = 1
09-21 21:37:23.969  1618  1618 D KeyguardSecurityModel: isPinPukOrMeRequiredOfSubId() - phoneId = 1, simState = 1
09-21 21:37:23.969  1618  1618 D AntiTheftManager: getCurrentAntiTheftMode() is called.
09-21 21:37:23.970  1618  1618 D SbStateController: setState: requested state KEYGUARD!= upcomingState: SHADE. This usually means the status bar state transition was interrupted before the upcoming state could be applied.
09-21 21:37:23.983  1618  1618 D CentralSurfaces: updateQsExpansionEnabled - QS Expand enabled: true
09-21 21:37:24.000  1618  1618 D CentralSurfaces: Received new disable state: enaihbcrso.qingr (unchanged)
09-21 21:37:24.003  1618  1618 D CentralSurfaces: Received new disable state: enaihbcrso.qingr (unchanged)
09-21 21:37:24.004  1618  1618 D StatusBarKeyguardViewManager: prevented unregistering back callback twice
09-21 21:37:24.006  1618  1618 D KeyguardSecurityModel: isPinPukOrMeRequiredOfSubId() - phoneId = 0, simState = 1
09-21 21:37:24.006  1618  1618 D KeyguardSecurityModel: isPinPukOrMeRequiredOfSubId() - phoneId = 1, simState = 1
09-21 21:37:24.007  1618  1618 D AntiTheftManager: getCurrentAntiTheftMode() is called.
09-21 21:37:24.027   715  1507 D SurfaceFlinger: [SF client] NEW(0xb400007c0ecb4260) for (1618:com.android.systemui)
09-21 21:37:24.030  1618  1618 D VRI[]   : hardware acceleration = true, forceHwAccelerated = false
09-21 21:37:24.033   715  1507 E BufferQueueDebug: [WindowToken{485f4d4 type=2009 android.os.BinderProxy@8a91e28}#18126](this:0xb400007deefa2558,id:-1,api:0,p:-1,c:-1) id info cannot be read from 'WindowToken{485f4d4 type=2009 android.os.BinderProxy@8a91e28}#18126'
09-21 21:37:24.034   715  1507 I BufferQueueDebug: [WindowToken{485f4d4 type=2009 android.os.BinderProxy@8a91e28}#18126](this:0xb400007deefa2558,id:-1,api:0,p:-1,c:-1) BufferQueue core=(715:/system/bin/surfaceflinger)
09-21 21:37:24.035   715  1507 E BufferQueueDebug: [2ad84e6 com.android.systemui#18127](this:0xb400007deef0e418,id:-1,api:0,p:-1,c:-1) id info cannot be read from '2ad84e6 com.android.systemui#18127'
09-21 21:37:24.035   715  1507 I BufferQueueDebug: [2ad84e6 com.android.systemui#18127](this:0xb400007deef0e418,id:-1,api:0,p:-1,c:-1) BufferQueue core=(715:/system/bin/surfaceflinger)
09-21 21:37:24.039  1618  1618 D InputTransport: Create ARC handle: 0xb40000780cff00a0
09-21 21:37:24.040  1618  1618 D InputEventReceiver: Input log is disabled in InputEventReceiver.
09-21 21:37:24.040  1618  1618 D InputTransport: Input log is disabled in InputChannel.
09-21 21:37:24.071   715  1507 E BufferQueueDebug: [NotificationShade#18128](this:0xb400007deecff708,id:-1,api:0,p:-1,c:-1) id info cannot be read from 'NotificationShade#18128'
09-21 21:37:24.071   715  1507 I BufferQueueDebug: [NotificationShade#18128](this:0xb400007deecff708,id:-1,api:0,p:-1,c:-1) BufferQueue core=(715:/system/bin/surfaceflinger)
09-21 21:37:24.078  1362  2760 W WindowManager: Changing focus from null to Window{255ee59 u0 NotificationShade} displayId=0 Callers=com.android.server.wm.RootWindowContainer.updateFocusedWindowLocked:455 com.android.server.wm.WindowManagerService.updateFocusedWindowLocked:6219 com.android.server.wm.WindowManagerService.relayoutWindow:2520 com.android.server.wm.Session.relayout:259 
09-21 21:37:24.079   715  1507 E BufferQueueDebug: [Surface(name=2bcb1b9 NavigationBar0)/@0xd91b1cc - animation-leash of insets_animation#18129](this:0xb400007deee55288,id:-1,api:0,p:-1,c:-1) id info cannot be read from 'Surface(name=2bcb1b9 NavigationBar0)/@0xd91b1cc - animation-leash of insets_animation#18129'
09-21 21:37:24.079   715  1507 I BufferQueueDebug: [Surface(name=2bcb1b9 NavigationBar0)/@0xd91b1cc - animation-leash of insets_animation#18129](this:0xb400007deee55288,id:-1,api:0,p:-1,c:-1) BufferQueue core=(715:/system/bin/surfaceflinger)
09-21 21:37:24.081   715  1507 E BufferQueueDebug: [Surface(name=7421fc9 StatusBar)/@0xafd0c15 - animation-leash of insets_animation#18130](this:0xb400007deed99368,id:-1,api:0,p:-1,c:-1) id info cannot be read from 'Surface(name=7421fc9 StatusBar)/@0xafd0c15 - animation-leash of insets_animation#18130'
09-21 21:37:24.081   715  1507 I BufferQueueDebug: [Surface(name=7421fc9 StatusBar)/@0xafd0c15 - animation-leash of insets_animation#18130](this:0xb400007deed99368,id:-1,api:0,p:-1,c:-1) BufferQueue core=(715:/system/bin/surfaceflinger)
09-21 21:37:24.083  1362  2760 I WindowManager: Relayout Window{255ee59 u0 NotificationShade}: oldVis=4 newVis=0 focusMayChange = true requestedWidth = 800 requestedHeight = 1280 outFrames = ClientWindowFrames{frame=[0,0][800,1280] display=[0,0][800,1280] parentFrame=[0,0][0,0]} outSurfaceControl = Surface(name=NotificationShade)/@0xce4abe
09-21 21:37:24.084  1618  1618 D BufferQueueConsumer: [](id:65200000228,api:0,p:-1,c:1618) connect: controlledByApp=false
09-21 21:37:24.091  1362  1399 D SurfaceComposerClient: Transaction::apply InputWindowCommands.focusRequests timestamp=99031831716978, windowName=255ee59 NotificationShade
09-21 21:37:24.106   715   715 D SurfaceFlinger: Focus addInputWindowCommands timestamp=99031831716978, windowName=255ee59 NotificationShade
09-21 21:37:24.107   715   715 D SurfaceFlinger: Find Focus windowName=255ee59 NotificationShade, notVisible=1
09-21 21:37:24.107   715   715 D Layer   : Focus: NotificationShade#18128 isHiddenByPolicy s.flags&layer_state_t::eLayerHidden=1
09-21 21:37:24.107   715   715 D SurfaceFlinger: Focus inVisible Reason:isVisibleForInput(){hasInputInfo()?canReceiveInput():isVisible()}=0 has=1 can{!isHiddenByPolicy()&&(mBuffer==nullptr||getAlpha()>0.0f)}=0 Hidden=1 Buf=1 getA=1
09-21 21:37:24.108   715  1103 D SurfaceFlinger: updateWinowInfo=1, setFocusedWindow timestamp=99031831716978, windowName=255ee59 NotificationShade
09-21 21:37:24.115  1618  1690 E OpenGLRenderer: Unable to match the desired swap behavior.
09-21 21:37:24.123   715   715 I BufferQueueDebug: [Surface(name=2bcb1b9 NavigationBar0)/@0xd91b1cc - animation-leash of insets_animation#18105](this:0xb400007deedf17d8,id:-1,api:0,p:-1,c:715) onDestructor()
09-21 21:37:24.123   715   715 I BufferQueueDebug: [Surface(name=7421fc9 StatusBar)/@0xafd0c15 - animation-leash of insets_animation#18106](this:0xb400007deedf4568,id:-1,api:0,p:-1,c:715) onDestructor()
09-21 21:37:24.134  1618  1618 D CentralSurfaces: Received new disable state: Old: enaihbcrso.qingr | New: enaiHbcRso.qingr (changed: HR.)
09-21 21:37:24.138  1618  1618 W View    : requestLayout() improperly called by com.android.systemui.util.AutoMarqueeTextView{573d421 VFED..C.. ..S...ID 149,0-251,72 #7f0a04eb app:id/no_carrier_text} during layout: running second layout pass
09-21 21:37:24.139  1618  1618 W View    : requestLayout() improperly called by com.android.keyguard.CarrierText{32c0f1d V.ED..... ......ID 24,0-609,60 #7f0a0370 app:id/keyguard_carrier_text} during layout: running second layout pass
09-21 21:37:24.140  1893  1893 I OverviewComponentObserver: updateOverviewTargets: mIsHomeDisabled=true, isDefaultHomeNull=false, mIsDefaultHome=true
09-21 21:37:24.188  1618  1690 D BLASTBufferQueue: [VRI[NotificationShade]#552](f:0,a:1) acquireNextBufferLocked size=800x1280 mFrameNumber=1 applyTransaction=true mTimestamp=99031934562517(auto) mPendingTransactions.size=0 graphicBufferId=6949257087755 transform=0
09-21 21:37:24.193  1362  2757 W WindowManager: finishDrawingWindow: Window{255ee59 u0 NotificationShade} mDrawState=DRAW_PENDING
09-21 21:37:24.196  1362  1399 W WindowManager: real show surface:Surface(name=com.android.systemui.wallpapers.ImageWallpaper)/@0x883f051
09-21 21:37:24.197  1362  1399 W WindowManager: real show surface:Surface(name=NotificationShade)/@0xfa054ca
09-21 21:37:24.201  1362  2757 D CoreBackPreview: Window{2ad84e6 u0 com.android.systemui}: Setting back callback OnBackInvokedCallbackInfo{mCallback=android.window.IOnBackInvokedCallback$Stub$Proxy@f55d63b, mPriority=0, mIsAnimationCallback=false}
09-21 21:37:24.216   715   823 E BufferQueueDebug: [#18131](this:0xb400007deeddab58,id:-1,api:0,p:-1,c:-1) id info cannot be read from '#18131'
09-21 21:37:24.216   715   823 I BufferQueueDebug: [#18131](this:0xb400007deeddab58,id:-1,api:0,p:-1,c:-1) BufferQueue core=(715:/system/bin/surfaceflinger)
09-21 21:37:24.221  1618  1618 D BufferQueueConsumer: [](id:65200000229,api:0,p:-1,c:1618) connect: controlledByApp=false
09-21 21:37:24.224  1618  1690 E OpenGLRenderer: Unable to match the desired swap behavior.
09-21 21:37:24.229  1618  1690 D BLASTBufferQueue: [VRI[]#553](f:0,a:1) acquireNextBufferLocked size=480x480 mFrameNumber=1 applyTransaction=true mTimestamp=99031976366209(auto) mPendingTransactions.size=0 graphicBufferId=6949257087756 transform=0
09-21 21:37:24.232  1362  2757 W WindowManager: finishDrawingWindow: Window{2ad84e6 u0 com.android.systemui} mDrawState=DRAW_PENDING
09-21 21:37:24.233  1362  1399 W WindowManager: real show surface:Surface(name=)/@0x2d6f396
09-21 21:37:24.234  1362  2757 D SystemServerTiming: getUserSwitchability-0
09-21 21:37:24.235  1362  2757 D SystemServerTiming: TM.isInCall
09-21 21:37:24.236  1362  2757 D SystemServerTiming: hasUserRestriction-DISALLOW_USER_SWITCH
09-21 21:37:24.236  1362  2757 D SystemServerTiming: getInt-ALLOW_USER_SWITCHING_WHEN_SYSTEM_USER_LOCKED
09-21 21:37:24.236  1362  2757 D SystemServerTiming: isUserUnlocked-USER_SYSTEM
09-21 21:37:24.262  1618  1618 D KeyguardSecurityModel: isPinPukOrMeRequiredOfSubId() - phoneId = 0, simState = 1
09-21 21:37:24.262  1618  1618 D KeyguardSecurityModel: isPinPukOrMeRequiredOfSubId() - phoneId = 1, simState = 1
09-21 21:37:24.262  1618  1618 D AntiTheftManager: getCurrentAntiTheftMode() is called.
09-21 21:37:24.281  1362  2757 W WindowManager: finishDrawingWindow: Window{255ee59 u0 NotificationShade} mDrawState=HAS_DRAWN
09-21 21:37:24.285  1362  2757 D SystemServerTiming: getUserSwitchability-0
09-21 21:37:24.285  1362  2757 D SystemServerTiming: TM.isInCall
09-21 21:37:24.286  1362  2757 D SystemServerTiming: hasUserRestriction-DISALLOW_USER_SWITCH
09-21 21:37:24.286  1362  2757 D SystemServerTiming: getInt-ALLOW_USER_SWITCHING_WHEN_SYSTEM_USER_LOCKED
09-21 21:37:24.286  1362  2757 D SystemServerTiming: isUserUnlocked-USER_SYSTEM
09-21 21:37:24.286  1362  2760 D SystemServerTiming: getUserSwitchability-0
09-21 21:37:24.286  1362  2760 D SystemServerTiming: TM.isInCall
09-21 21:37:24.287  1362  2760 D SystemServerTiming: hasUserRestriction-DISALLOW_USER_SWITCH
09-21 21:37:24.287  1362  2760 D SystemServerTiming: getInt-ALLOW_USER_SWITCHING_WHEN_SYSTEM_USER_LOCKED
09-21 21:37:24.287  1362  2760 D SystemServerTiming: isUserUnlocked-USER_SYSTEM
09-21 21:37:24.291  1618  1618 D BiometricsRepositoryImpl: currentUser authFlags changed, new value: AuthenticationFlags(userId=0, flag=0)
09-21 21:37:24.291  1618  1618 D BiometricsRepositoryImpl: currentUser authFlags changed, new value: AuthenticationFlags(userId=0, flag=0)
09-21 21:37:24.292  1618  1618 D BiometricsRepositoryImpl: currentUser authFlags changed, new value: AuthenticationFlags(userId=0, flag=0)
09-21 21:37:24.292  1618  1618 D BiometricsRepositoryImpl: currentUser authFlags changed, new value: AuthenticationFlags(userId=0, flag=0)
09-21 21:37:24.293  1618  1618 D BiometricsRepositoryImpl: currentUser authFlags changed, new value: AuthenticationFlags(userId=0, flag=0)
09-21 21:37:24.294  1618  1618 D BiometricsRepositoryImpl: currentUser authFlags changed, new value: AuthenticationFlags(userId=0, flag=0)
09-21 21:37:24.312  1618  1686 D ControlsListingControllerImpl: Subscribing callback, service count: 0
09-21 21:37:24.314  1618  1686 D ControlsListingControllerImpl: Subscribing callback, service count: 0
09-21 21:37:24.337  1618  1686 D ControlsListingControllerImpl: Subscribing callback, service count: 0
09-21 21:37:24.365  2131 13811 W QAWalletSvc: No wallet cards to return. [CONTEXT service_id=79 ]
09-21 21:37:24.366  2131 13660 W QAWalletSvc: No wallet cards to return. [CONTEXT service_id=79 ]
09-21 21:37:24.368  1618  1686 E QuickAccessWalletKeyguardQuickAffordanceConfig: Wallet card retrieval error, message: "Impossibile caricare i dati di pagamento"
09-21 21:37:24.369  1618  1686 E QuickAccessWalletKeyguardQuickAffordanceConfig: Wallet card retrieval error, message: "Impossibile caricare i dati di pagamento"
09-21 21:37:24.372  2131 13793 W QAWalletSvc: No wallet cards to return. [CONTEXT service_id=79 ]
09-21 21:37:24.373  1618  1686 E QuickAccessWalletKeyguardQuickAffordanceConfig: Wallet card retrieval error, message: "Impossibile caricare i dati di pagamento"
09-21 21:37:24.613   710   740 D power@timer: [mtkPowerTimer] visRead:0
09-21 21:37:24.627   710   776 I libPerfCtl: xgfGetFPS pid:1362 fps:-1
09-21 21:37:24.627   710   776 I libPerfCtl: xgfGetFPS pid:1618 fps:-1
09-21 21:37:24.792   949   949 V thermal_src: TA_DAEMON_CMD_SET_TTJ cmd=0x4, len=4 Tj=74140
09-21 21:37:25.628   710   776 I libPerfCtl: xgfGetFPS pid:1362 fps:-1
09-21 21:37:25.628   710   776 I libPerfCtl: xgfGetFPS pid:1618 fps:-1
09-21 21:37:25.776  2610  2989 I azna    : (REDACTED) getHotwordActive::active query: %s, watch: %s, devices connected: %s
09-21 21:37:25.816   949   949 V thermal_src: TA_DAEMON_CMD_SET_TTJ cmd=0x4, len=4 Tj=74140
09-21 21:37:25.827  1362  1883 D BatteryService: Processing new values: info=android.hardware.health.HealthInfo@706d60f, mBatteryLevelCritical=false, mPlugType=1
09-21 21:37:25.827  1362  1883 D hcz     : mHealthInfo.batteryTemperatureTenthsCelsius==302
09-21 21:37:25.827  1362  1883 D BatteryService: Sending ACTION_BATTERY_CHANGED. scale:100, info:android.hardware.health.HealthInfo@706d60f
09-21 21:37:25.835  1362  1362 D LPPeService: [13.2][lbs] lbsBatteryChanged() level=[19] scale=[100] percentage=[19]
09-21 21:37:25.842  1618  4735 D PowerUI : can't show warning due to - plugged: true status unknown: false
09-21 21:37:25.847 13759 13759 D BatteryUsageBroadcastReceiver: onReceive:android.intent.action.BATTERY_LEVEL_CHANGED
09-21 21:37:25.850 13759 13759 D BatteryUsageBroadcastReceiver: fetch data because of event: ACTION_BATTERY_LEVEL_CHANGED
09-21 21:37:26.629   710   776 I libPerfCtl: xgfGetFPS pid:1362 fps:-1
09-21 21:37:26.629   710   776 I libPerfCtl: xgfGetFPS pid:1618 fps:-1
09-21 21:37:26.841   949   949 V thermal_src: TA_DAEMON_CMD_SET_TTJ cmd=0x4, len=4 Tj=74140
09-21 21:37:27.630   710   776 I libPerfCtl: xgfGetFPS pid:1362 fps:-1
09-21 21:37:27.630   710   776 I libPerfCtl: xgfGetFPS pid:1618 fps:-1
09-21 21:37:27.865   949   949 V thermal_src: TA_DAEMON_CMD_SET_TTJ cmd=0x4, len=4 Tj=74140
09-21 21:37:28.630   710   776 I libPerfCtl: xgfGetFPS pid:1362 fps:-1
09-21 21:37:28.631   710   776 I libPerfCtl: xgfGetFPS pid:1618 fps:-1
09-21 21:37:28.798  1362  1490 D MMI     : PhoneWindowManager interceptKeyBeforeQueueing keyCode = 26, event = KeyEvent { action=ACTION_DOWN, keyCode=KEYCODE_POWER, scanCode=116, metaState=0, flags=0x8, repeatCount=0, eventTime=99036544251000, downTime=99036544251000, deviceId=2, source=0x101, displayId=-1 }
09-21 21:37:28.803  1362  1490 I PowerGroup: Waking up power group from Asleep (groupId=0, uid=1000, reason=WAKE_REASON_POWER_BUTTON, details=android.policy:POWER)...
09-21 21:37:28.803  1362  1396 D CompatibilityChangeReporter: Compat change id reported: 173031413; UID 1000; state: ENABLED
